#
# There is insufficient memory for the Java Runtime Environment to continue.
# Native memory allocation (mmap) failed to map 100663296 bytes. Error detail: G1 virtual space
# Possible reasons:
#   The system is out of physical RAM or swap space
#   This process is running with CompressedOops enabled, and the Java Heap may be blocking the growth of the native heap
# Possible solutions:
#   Reduce memory load on the system
#   Increase physical memory or swap space
#   Check if swap backing store is full
#   Decrease Java heap size (-Xmx/-Xms)
#   Decrease number of Java threads
#   Decrease Java thread stack sizes (-Xss)
#   Set larger code cache with -XX:ReservedCodeCacheSize=
#   JVM is running with Unscaled Compressed Oops mode in which the Java heap is
#     placed in the first 4GB address space. The Java Heap base address is the
#     maximum limit for the native heap growth. Please use -XX:HeapBaseMinAddress
#     to set the Java Heap base and to place the Java Heap above 4GB virtual address.
# This output file may be truncated or incomplete.
#
#  Out of Memory Error (os_windows.cpp:3713), pid=5928, tid=23512
#
# JRE version: OpenJDK Runtime Environment Temurin-21.0.9+10 (21.0.9+10) (build 21.0.9+10-LTS)
# Java VM: OpenJDK 64-Bit Server VM Temurin-21.0.9+10 (21.0.9+10-LTS, mixed mode, emulated-client, sharing, tiered, compressed oops, compressed class ptrs, g1 gc, windows-amd64)
# No core dump will be written. Minidumps are not enabled by default on client versions of Windows
#

---------------  S U M M A R Y ------------

Command Line: -Dstdout.encoding=UTF-8 -Dstderr.encoding=UTF-8 -XX:TieredStopAtLevel=1 com.mit.ticket_mgt_app.TicketMgtAppApplication

Host: 11th Gen Intel(R) Core(TM) i5-1135G7 @ 2.40GHz, 8 cores, 7G,  Windows 11 , 64 bit Build 26100 (10.0.26100.6725)
Time: Mon Feb 23 13:13:12 2026 Greenwich Standard Time elapsed time: 8088.270150 seconds (0d 2h 14m 48s)

---------------  T H R E A D  ---------------

Current thread (0x000001a1986db4e0):  VMThread "VM Thread"          [id=23512, stack(0x0000008a75400000,0x0000008a75500000) (1024K)]

Stack: [0x0000008a75400000,0x0000008a75500000]
Native frames: (J=compiled Java code, j=interpreted, Vv=VM code, C=native code)
V  [jvm.dll+0x6d6e29]
V  [jvm.dll+0x8b4b76]
V  [jvm.dll+0x8b712e]
V  [jvm.dll+0x8b7813]
V  [jvm.dll+0x283d86]
V  [jvm.dll+0x6d3745]
V  [jvm.dll+0x6c747a]
V  [jvm.dll+0x35e7e8]
V  [jvm.dll+0x366426]
V  [jvm.dll+0x3b73fe]
V  [jvm.dll+0x3b76a8]
V  [jvm.dll+0x3329ec]
V  [jvm.dll+0x332a77]
V  [jvm.dll+0x37684c]
V  [jvm.dll+0x374fee]
V  [jvm.dll+0x332131]
V  [jvm.dll+0x37465a]
V  [jvm.dll+0x8bd500]
V  [jvm.dll+0x8be8a4]
V  [jvm.dll+0x8bede0]
V  [jvm.dll+0x8bf083]
V  [jvm.dll+0x85e9ad]
V  [jvm.dll+0x6d565d]
C  [ucrtbase.dll+0x37b0]
C  [KERNEL32.DLL+0x2e8d7]
C  [ntdll.dll+0x8c53c]

VM_Operation (0x0000008a76efe450): G1CollectForAllocation, mode: safepoint, requested by thread 0x000001a1dffbf000


---------------  P R O C E S S  ---------------

Threads class SMR info:
_java_thread_list=0x000001a1dfe21100, length=28, elements={
0x000001a1986f8910, 0x000001a1986f9450, 0x000001a1987017c0, 0x000001a198702560,
0x000001a198706ed0, 0x000001a198708510, 0x000001a19870de50, 0x000001a1987098c0,
0x000001a198709f50, 0x000001a1df44b520, 0x000001a1df44f030, 0x000001a1dffbdc50,
0x000001a1dffbae60, 0x000001a1dffbcf30, 0x000001a1dffbd5c0, 0x000001a1dffbf000,
0x000001a1dffbe970, 0x000001a1dffbf690, 0x000001a1dffbc210, 0x000001a1dffbfd20,
0x000001a1dffc10d0, 0x000001a1dffc03b0, 0x000001a1dffc1760, 0x000001a1dffc0a40,
0x000001a1df448730, 0x000001a1df448dc0, 0x000001a1df449450, 0x000001a1df44a170
}

Java Threads: ( => current thread )
  0x000001a1986f8910 JavaThread "Reference Handler"          daemon [_thread_blocked, id=23956, stack(0x0000008a75500000,0x0000008a75600000) (1024K)]
  0x000001a1986f9450 JavaThread "Finalizer"                  daemon [_thread_blocked, id=20260, stack(0x0000008a75600000,0x0000008a75700000) (1024K)]
  0x000001a1987017c0 JavaThread "Signal Dispatcher"          daemon [_thread_blocked, id=28160, stack(0x0000008a75700000,0x0000008a75800000) (1024K)]
  0x000001a198702560 JavaThread "Attach Listener"            daemon [_thread_blocked, id=11920, stack(0x0000008a75800000,0x0000008a75900000) (1024K)]
  0x000001a198706ed0 JavaThread "Service Thread"             daemon [_thread_blocked, id=25724, stack(0x0000008a75900000,0x0000008a75a00000) (1024K)]
  0x000001a198708510 JavaThread "Monitor Deflation Thread"   daemon [_thread_blocked, id=29684, stack(0x0000008a75a00000,0x0000008a75b00000) (1024K)]
  0x000001a19870de50 JavaThread "C1 CompilerThread0"         daemon [_thread_blocked, id=15180, stack(0x0000008a75b00000,0x0000008a75c00000) (1024K)]
  0x000001a1987098c0 JavaThread "Notification Thread"        daemon [_thread_blocked, id=28500, stack(0x0000008a75f00000,0x0000008a76000000) (1024K)]
  0x000001a198709f50 JavaThread "Common-Cleaner"             daemon [_thread_blocked, id=30440, stack(0x0000008a76000000,0x0000008a76100000) (1024K)]
  0x000001a1df44b520 JavaThread "Live Reload Server"         daemon [_thread_in_native, id=29364, stack(0x0000008a77200000,0x0000008a77300000) (1024K)]
  0x000001a1df44f030 JavaThread "DestroyJavaVM"                     [_thread_blocked, id=31616, stack(0x0000008a74d00000,0x0000008a74e00000) (1024K)]
  0x000001a1dffbdc50 JavaThread "HikariPool-2 housekeeper"   daemon [_thread_blocked, id=26856, stack(0x0000008a76100000,0x0000008a76200000) (1024K)]
  0x000001a1dffbae60 JavaThread "Catalina-utility-1"                [_thread_blocked, id=13412, stack(0x0000008a76800000,0x0000008a76900000) (1024K)]
  0x000001a1dffbcf30 JavaThread "Catalina-utility-2"                [_thread_blocked, id=10792, stack(0x0000008a76b00000,0x0000008a76c00000) (1024K)]
  0x000001a1dffbd5c0 JavaThread "container-0"                       [_thread_blocked, id=31420, stack(0x0000008a76c00000,0x0000008a76d00000) (1024K)]
  0x000001a1dffbf000 JavaThread "File Watcher"               daemon [_thread_blocked, id=24344, stack(0x0000008a76e00000,0x0000008a76f00000) (1024K)]
  0x000001a1dffbe970 JavaThread "http-nio-7050-exec-1"       daemon [_thread_blocked, id=16276, stack(0x0000008a76f00000,0x0000008a77000000) (1024K)]
  0x000001a1dffbf690 JavaThread "http-nio-7050-exec-2"       daemon [_thread_blocked, id=17452, stack(0x0000008a77000000,0x0000008a77100000) (1024K)]
  0x000001a1dffbc210 JavaThread "http-nio-7050-exec-3"       daemon [_thread_blocked, id=31640, stack(0x0000008a77100000,0x0000008a77200000) (1024K)]
  0x000001a1dffbfd20 JavaThread "http-nio-7050-exec-4"       daemon [_thread_blocked, id=19428, stack(0x0000008a77300000,0x0000008a77400000) (1024K)]
  0x000001a1dffc10d0 JavaThread "http-nio-7050-exec-5"       daemon [_thread_blocked, id=21328, stack(0x0000008a77400000,0x0000008a77500000) (1024K)]
  0x000001a1dffc03b0 JavaThread "http-nio-7050-exec-6"       daemon [_thread_blocked, id=17852, stack(0x0000008a77500000,0x0000008a77600000) (1024K)]
  0x000001a1dffc1760 JavaThread "http-nio-7050-exec-7"       daemon [_thread_blocked, id=29980, stack(0x0000008a77600000,0x0000008a77700000) (1024K)]
  0x000001a1dffc0a40 JavaThread "http-nio-7050-exec-8"       daemon [_thread_blocked, id=15324, stack(0x0000008a77700000,0x0000008a77800000) (1024K)]
  0x000001a1df448730 JavaThread "http-nio-7050-exec-9"       daemon [_thread_blocked, id=24492, stack(0x0000008a77800000,0x0000008a77900000) (1024K)]
  0x000001a1df448dc0 JavaThread "http-nio-7050-exec-10"      daemon [_thread_blocked, id=29856, stack(0x0000008a77900000,0x0000008a77a00000) (1024K)]
  0x000001a1df449450 JavaThread "http-nio-7050-Poller"       daemon [_thread_blocked, id=25100, stack(0x0000008a77a00000,0x0000008a77b00000) (1024K)]
  0x000001a1df44a170 JavaThread "http-nio-7050-Acceptor"     daemon [_thread_in_native, id=27724, stack(0x0000008a77b00000,0x0000008a77c00000) (1024K)]
Total: 28

Other Threads:
=>0x000001a1986db4e0 VMThread "VM Thread"                           [id=23512, stack(0x0000008a75400000,0x0000008a75500000) (1024K)]
  0x000001a1986c9e30 WatcherThread "VM Periodic Task Thread"        [id=21256, stack(0x0000008a75300000,0x0000008a75400000) (1024K)]
  0x000001a1880230b0 WorkerThread "GC Thread#0"                     [id=23468, stack(0x0000008a74e00000,0x0000008a74f00000) (1024K)]
  0x000001a1de4e6020 WorkerThread "GC Thread#1"                     [id=31044, stack(0x0000008a76200000,0x0000008a76300000) (1024K)]
  0x000001a1de4f4400 WorkerThread "GC Thread#2"                     [id=27300, stack(0x0000008a76300000,0x0000008a76400000) (1024K)]
  0x000001a1de4f47a0 WorkerThread "GC Thread#3"                     [id=31240, stack(0x0000008a76400000,0x0000008a76500000) (1024K)]
  0x000001a1de4f8b50 WorkerThread "GC Thread#4"                     [id=23636, stack(0x0000008a76500000,0x0000008a76600000) (1024K)]
  0x000001a1de508f00 WorkerThread "GC Thread#5"                     [id=28220, stack(0x0000008a76600000,0x0000008a76700000) (1024K)]
  0x000001a1de93cbb0 WorkerThread "GC Thread#6"                     [id=26468, stack(0x0000008a76900000,0x0000008a76a00000) (1024K)]
  0x000001a1de93a840 WorkerThread "GC Thread#7"                     [id=26280, stack(0x0000008a76a00000,0x0000008a76b00000) (1024K)]
  0x000001a188033790 ConcurrentGCThread "G1 Main Marker"            [id=24548, stack(0x0000008a74f00000,0x0000008a75000000) (1024K)]
  0x000001a188034190 WorkerThread "G1 Conc#0"                       [id=2180, stack(0x0000008a75000000,0x0000008a75100000) (1024K)]
  0x000001a1dec996e0 WorkerThread "G1 Conc#1"                       [id=21372, stack(0x0000008a76700000,0x0000008a76800000) (1024K)]
  0x000001a18807e9e0 ConcurrentGCThread "G1 Refine#0"               [id=31688, stack(0x0000008a75100000,0x0000008a75200000) (1024K)]
  0x000001a19859dc60 ConcurrentGCThread "G1 Service"                [id=9728, stack(0x0000008a75200000,0x0000008a75300000) (1024K)]
Total: 15

Threads with active compile tasks:
Total: 0

VM state: at safepoint (normal execution)

VM Mutex/Monitor currently owned by a thread:  ([mutex/lock_event])
[0x00007ffcb201d570] Threads_lock - owner thread: 0x000001a1986db4e0
[0x00007ffcb201d670] Heap_lock - owner thread: 0x000001a1dffbf000

Heap address: 0x0000000084000000, size: 1984 MB, Compressed Oops mode: 32-bit

CDS archive(s) mapped at: [0x000001a199000000-0x000001a199c80000-0x000001a199c80000), size 13107200, SharedBaseAddress: 0x000001a199000000, ArchiveRelocationMode: 1.
Compressed class space mapped at: 0x000001a19a000000-0x000001a1da000000, reserved size: 1073741824
Narrow klass base: 0x000001a199000000, Narrow klass shift: 0, Narrow klass range: 0x100000000

GC Precious Log:
 CardTable entry size: 512
 Card Set container configuration: InlinePtr #cards 5 size 8 Array Of Cards #cards 12 size 40 Howl #buckets 4 coarsen threshold 1843 Howl Bitmap #cards 512 size 80 coarsen threshold 460 Card regions per heap region 1 cards per card region 2048
 CPUs: 8 total, 8 available
 Memory: 7934M
 Large Page Support: Disabled
 NUMA Support: Disabled
 Compressed Oops: Enabled (32-bit)
 Heap Region Size: 1M
 Heap Min Capacity: 8M
 Heap Initial Capacity: 124M
 Heap Max Capacity: 1984M
 Pre-touch: Disabled
 Parallel Workers: 8
 Concurrent Workers: 2
 Concurrent Refinement Workers: 8
 Periodic GC: Disabled

Heap:
 garbage-first heap   total 185344K, used 30476K [0x0000000084000000, 0x0000000100000000)
  region size 1024K, 2 young (2048K), 2 survivors (2048K)
 Metaspace       used 49898K, committed 50560K, reserved 1114112K
  class space    used 6311K, committed 6592K, reserved 1048576K

Heap Regions: E=young(eden), S=young(survivor), O=old, HS=humongous(starts), HC=humongous(continues), CS=collection set, F=free, TAMS=top-at-mark-start, PB=parsable bottom
|   0|0x0000000084000000, 0x00000000840ffff0, 0x0000000084100000| 99%| O|  |TAMS 0x0000000084000000| PB 0x0000000084000000| Untracked 
|   1|0x0000000084100000, 0x0000000084200000, 0x0000000084200000|100%| O|  |TAMS 0x0000000084100000| PB 0x0000000084100000| Untracked 
|   2|0x0000000084200000, 0x00000000842fffb0, 0x0000000084300000| 99%| O|  |TAMS 0x0000000084200000| PB 0x0000000084200000| Untracked 
|   3|0x0000000084300000, 0x0000000084400000, 0x0000000084400000|100%| O|  |TAMS 0x0000000084300000| PB 0x0000000084300000| Untracked 
|   4|0x0000000084400000, 0x0000000084500000, 0x0000000084500000|100%| O|  |TAMS 0x0000000084400000| PB 0x0000000084400000| Untracked 
|   5|0x0000000084500000, 0x00000000845fffe8, 0x0000000084600000| 99%| O|  |TAMS 0x0000000084500000| PB 0x0000000084500000| Untracked 
|   6|0x0000000084600000, 0x00000000846fffd8, 0x0000000084700000| 99%| O|  |TAMS 0x0000000084600000| PB 0x0000000084600000| Untracked 
|   7|0x0000000084700000, 0x0000000084800000, 0x0000000084800000|100%| O|  |TAMS 0x0000000084700000| PB 0x0000000084700000| Untracked 
|   8|0x0000000084800000, 0x0000000084900000, 0x0000000084900000|100%| O|  |TAMS 0x0000000084800000| PB 0x0000000084800000| Untracked 
|   9|0x0000000084900000, 0x00000000849ffff8, 0x0000000084a00000| 99%| O|  |TAMS 0x0000000084900000| PB 0x0000000084900000| Untracked 
|  10|0x0000000084a00000, 0x0000000084b00000, 0x0000000084b00000|100%| O|  |TAMS 0x0000000084a00000| PB 0x0000000084a00000| Untracked 
|  11|0x0000000084b00000, 0x0000000084bfff88, 0x0000000084c00000| 99%| O|  |TAMS 0x0000000084b00000| PB 0x0000000084b00000| Untracked 
|  12|0x0000000084c00000, 0x0000000084cffed8, 0x0000000084d00000| 99%| O|  |TAMS 0x0000000084c00000| PB 0x0000000084c00000| Untracked 
|  13|0x0000000084d00000, 0x0000000084df9bb8, 0x0000000084e00000| 97%| O|  |TAMS 0x0000000084d00000| PB 0x0000000084d00000| Untracked 
|  14|0x0000000084e00000, 0x0000000084f00000, 0x0000000084f00000|100%| O|  |TAMS 0x0000000084e00000| PB 0x0000000084e00000| Untracked 
|  15|0x0000000084f00000, 0x0000000084ffff98, 0x0000000085000000| 99%| O|  |TAMS 0x0000000084f00000| PB 0x0000000084f00000| Untracked 
|  16|0x0000000085000000, 0x00000000850ffff0, 0x0000000085100000| 99%| O|  |TAMS 0x0000000085000000| PB 0x0000000085000000| Untracked 
|  17|0x0000000085100000, 0x0000000085200000, 0x0000000085200000|100%| O|  |TAMS 0x0000000085100000| PB 0x0000000085100000| Untracked 
|  18|0x0000000085200000, 0x0000000085300000, 0x0000000085300000|100%| O|  |TAMS 0x0000000085200000| PB 0x0000000085200000| Untracked 
|  19|0x0000000085300000, 0x0000000085400000, 0x0000000085400000|100%| O|  |TAMS 0x0000000085300000| PB 0x0000000085300000| Untracked 
|  20|0x0000000085400000, 0x0000000085500000, 0x0000000085500000|100%| O|  |TAMS 0x0000000085400000| PB 0x0000000085400000| Untracked 
|  21|0x0000000085500000, 0x0000000085600000, 0x0000000085600000|100%| O|  |TAMS 0x0000000085500000| PB 0x0000000085500000| Untracked 
|  22|0x0000000085600000, 0x0000000085700000, 0x0000000085700000|100%| O|  |TAMS 0x0000000085600000| PB 0x0000000085600000| Untracked 
|  23|0x0000000085700000, 0x00000000857ffff8, 0x0000000085800000| 99%| O|  |TAMS 0x0000000085700000| PB 0x0000000085700000| Untracked 
|  24|0x0000000085800000, 0x0000000085900000, 0x0000000085900000|100%| O|  |TAMS 0x0000000085800000| PB 0x0000000085800000| Untracked 
|  25|0x0000000085900000, 0x0000000085a00000, 0x0000000085a00000|100%| O|  |TAMS 0x0000000085900000| PB 0x0000000085900000| Untracked 
|  26|0x0000000085a00000, 0x0000000085a190c0, 0x0000000085b00000|  9%| O|  |TAMS 0x0000000085a00000| PB 0x0000000085a00000| Untracked 
|  27|0x0000000085b00000, 0x0000000085c00000, 0x0000000085c00000|100%| O|  |TAMS 0x0000000085b00000| PB 0x0000000085b00000| Untracked 
|  28|0x0000000085c00000, 0x0000000085c00000, 0x0000000085d00000|  0%| F|  |TAMS 0x0000000085c00000| PB 0x0000000085c00000| Untracked 
|  29|0x0000000085d00000, 0x0000000085e00000, 0x0000000085e00000|100%| O|  |TAMS 0x0000000085d00000| PB 0x0000000085d00000| Untracked 
|  30|0x0000000085e00000, 0x0000000085e00000, 0x0000000085f00000|  0%| F|  |TAMS 0x0000000085e00000| PB 0x0000000085e00000| Untracked 
|  31|0x0000000085f00000, 0x0000000085f00000, 0x0000000086000000|  0%| F|  |TAMS 0x0000000085f00000| PB 0x0000000085f00000| Untracked 
|  32|0x0000000086000000, 0x0000000086000000, 0x0000000086100000|  0%| F|  |TAMS 0x0000000086000000| PB 0x0000000086000000| Untracked 
|  33|0x0000000086100000, 0x0000000086100000, 0x0000000086200000|  0%| F|  |TAMS 0x0000000086100000| PB 0x0000000086100000| Untracked 
|  34|0x0000000086200000, 0x0000000086200000, 0x0000000086300000|  0%| F|  |TAMS 0x0000000086200000| PB 0x0000000086200000| Untracked 
|  35|0x0000000086300000, 0x0000000086300000, 0x0000000086400000|  0%| F|  |TAMS 0x0000000086300000| PB 0x0000000086300000| Untracked 
|  36|0x0000000086400000, 0x0000000086400000, 0x0000000086500000|  0%| F|  |TAMS 0x0000000086400000| PB 0x0000000086400000| Untracked 
|  37|0x0000000086500000, 0x0000000086500000, 0x0000000086600000|  0%| F|  |TAMS 0x0000000086500000| PB 0x0000000086500000| Untracked 
|  38|0x0000000086600000, 0x0000000086600000, 0x0000000086700000|  0%| F|  |TAMS 0x0000000086600000| PB 0x0000000086600000| Untracked 
|  39|0x0000000086700000, 0x0000000086700000, 0x0000000086800000|  0%| F|  |TAMS 0x0000000086700000| PB 0x0000000086700000| Untracked 
|  40|0x0000000086800000, 0x0000000086800000, 0x0000000086900000|  0%| F|  |TAMS 0x0000000086800000| PB 0x0000000086800000| Untracked 
|  41|0x0000000086900000, 0x0000000086900000, 0x0000000086a00000|  0%| F|  |TAMS 0x0000000086900000| PB 0x0000000086900000| Untracked 
|  42|0x0000000086a00000, 0x0000000086a00000, 0x0000000086b00000|  0%| F|  |TAMS 0x0000000086a00000| PB 0x0000000086a00000| Untracked 
|  43|0x0000000086b00000, 0x0000000086b00000, 0x0000000086c00000|  0%| F|  |TAMS 0x0000000086b00000| PB 0x0000000086b00000| Untracked 
|  44|0x0000000086c00000, 0x0000000086c00000, 0x0000000086d00000|  0%| F|  |TAMS 0x0000000086c00000| PB 0x0000000086c00000| Untracked 
|  45|0x0000000086d00000, 0x0000000086d00000, 0x0000000086e00000|  0%| F|  |TAMS 0x0000000086d00000| PB 0x0000000086d00000| Untracked 
|  46|0x0000000086e00000, 0x0000000086e00000, 0x0000000086f00000|  0%| F|  |TAMS 0x0000000086e00000| PB 0x0000000086e00000| Untracked 
|  47|0x0000000086f00000, 0x0000000086f00000, 0x0000000087000000|  0%| F|  |TAMS 0x0000000086f00000| PB 0x0000000086f00000| Untracked 
|  48|0x0000000087000000, 0x0000000087000000, 0x0000000087100000|  0%| F|  |TAMS 0x0000000087000000| PB 0x0000000087000000| Untracked 
|  49|0x0000000087100000, 0x0000000087100000, 0x0000000087200000|  0%| F|  |TAMS 0x0000000087100000| PB 0x0000000087100000| Untracked 
|  50|0x0000000087200000, 0x0000000087200000, 0x0000000087300000|  0%| F|  |TAMS 0x0000000087200000| PB 0x0000000087200000| Untracked 
|  51|0x0000000087300000, 0x0000000087300000, 0x0000000087400000|  0%| F|  |TAMS 0x0000000087300000| PB 0x0000000087300000| Untracked 
|  52|0x0000000087400000, 0x0000000087400000, 0x0000000087500000|  0%| F|  |TAMS 0x0000000087400000| PB 0x0000000087400000| Untracked 
|  53|0x0000000087500000, 0x0000000087500000, 0x0000000087600000|  0%| F|  |TAMS 0x0000000087500000| PB 0x0000000087500000| Untracked 
|  54|0x0000000087600000, 0x0000000087600000, 0x0000000087700000|  0%| F|  |TAMS 0x0000000087600000| PB 0x0000000087600000| Untracked 
|  55|0x0000000087700000, 0x0000000087700000, 0x0000000087800000|  0%| F|  |TAMS 0x0000000087700000| PB 0x0000000087700000| Untracked 
|  56|0x0000000087800000, 0x0000000087800000, 0x0000000087900000|  0%| F|  |TAMS 0x0000000087800000| PB 0x0000000087800000| Untracked 
|  57|0x0000000087900000, 0x0000000087900000, 0x0000000087a00000|  0%| F|  |TAMS 0x0000000087900000| PB 0x0000000087900000| Untracked 
|  58|0x0000000087a00000, 0x0000000087a00000, 0x0000000087b00000|  0%| F|  |TAMS 0x0000000087a00000| PB 0x0000000087a00000| Untracked 
|  59|0x0000000087b00000, 0x0000000087b00000, 0x0000000087c00000|  0%| F|  |TAMS 0x0000000087b00000| PB 0x0000000087b00000| Untracked 
|  60|0x0000000087c00000, 0x0000000087c00000, 0x0000000087d00000|  0%| F|  |TAMS 0x0000000087c00000| PB 0x0000000087c00000| Untracked 
|  61|0x0000000087d00000, 0x0000000087d00000, 0x0000000087e00000|  0%| F|  |TAMS 0x0000000087d00000| PB 0x0000000087d00000| Untracked 
|  62|0x0000000087e00000, 0x0000000087e00000, 0x0000000087f00000|  0%| F|  |TAMS 0x0000000087e00000| PB 0x0000000087e00000| Untracked 
|  63|0x0000000087f00000, 0x0000000087f00000, 0x0000000088000000|  0%| F|  |TAMS 0x0000000087f00000| PB 0x0000000087f00000| Untracked 
|  64|0x0000000088000000, 0x0000000088000000, 0x0000000088100000|  0%| F|  |TAMS 0x0000000088000000| PB 0x0000000088000000| Untracked 
|  65|0x0000000088100000, 0x0000000088100000, 0x0000000088200000|  0%| F|  |TAMS 0x0000000088100000| PB 0x0000000088100000| Untracked 
|  66|0x0000000088200000, 0x0000000088200000, 0x0000000088300000|  0%| F|  |TAMS 0x0000000088200000| PB 0x0000000088200000| Untracked 
|  67|0x0000000088300000, 0x0000000088300000, 0x0000000088400000|  0%| F|  |TAMS 0x0000000088300000| PB 0x0000000088300000| Untracked 
|  68|0x0000000088400000, 0x0000000088400000, 0x0000000088500000|  0%| F|  |TAMS 0x0000000088400000| PB 0x0000000088400000| Untracked 
|  69|0x0000000088500000, 0x0000000088500000, 0x0000000088600000|  0%| F|  |TAMS 0x0000000088500000| PB 0x0000000088500000| Untracked 
|  70|0x0000000088600000, 0x0000000088600000, 0x0000000088700000|  0%| F|  |TAMS 0x0000000088600000| PB 0x0000000088600000| Untracked 
|  71|0x0000000088700000, 0x0000000088700000, 0x0000000088800000|  0%| F|  |TAMS 0x0000000088700000| PB 0x0000000088700000| Untracked 
|  72|0x0000000088800000, 0x0000000088800000, 0x0000000088900000|  0%| F|  |TAMS 0x0000000088800000| PB 0x0000000088800000| Untracked 
|  73|0x0000000088900000, 0x0000000088900000, 0x0000000088a00000|  0%| F|  |TAMS 0x0000000088900000| PB 0x0000000088900000| Untracked 
|  74|0x0000000088a00000, 0x0000000088a00000, 0x0000000088b00000|  0%| F|  |TAMS 0x0000000088a00000| PB 0x0000000088a00000| Untracked 
|  75|0x0000000088b00000, 0x0000000088b00000, 0x0000000088c00000|  0%| F|  |TAMS 0x0000000088b00000| PB 0x0000000088b00000| Untracked 
|  76|0x0000000088c00000, 0x0000000088c00000, 0x0000000088d00000|  0%| F|  |TAMS 0x0000000088c00000| PB 0x0000000088c00000| Untracked 
|  77|0x0000000088d00000, 0x0000000088d00000, 0x0000000088e00000|  0%| F|  |TAMS 0x0000000088d00000| PB 0x0000000088d00000| Untracked 
|  78|0x0000000088e00000, 0x0000000088e00000, 0x0000000088f00000|  0%| F|  |TAMS 0x0000000088e00000| PB 0x0000000088e00000| Untracked 
|  79|0x0000000088f00000, 0x0000000088f00000, 0x0000000089000000|  0%| F|  |TAMS 0x0000000088f00000| PB 0x0000000088f00000| Untracked 
|  80|0x0000000089000000, 0x0000000089000000, 0x0000000089100000|  0%| F|  |TAMS 0x0000000089000000| PB 0x0000000089000000| Untracked 
|  81|0x0000000089100000, 0x0000000089100000, 0x0000000089200000|  0%| F|  |TAMS 0x0000000089100000| PB 0x0000000089100000| Untracked 
|  82|0x0000000089200000, 0x0000000089200000, 0x0000000089300000|  0%| F|  |TAMS 0x0000000089200000| PB 0x0000000089200000| Untracked 
|  83|0x0000000089300000, 0x0000000089300000, 0x0000000089400000|  0%| F|  |TAMS 0x0000000089300000| PB 0x0000000089300000| Untracked 
|  84|0x0000000089400000, 0x0000000089400000, 0x0000000089500000|  0%| F|  |TAMS 0x0000000089400000| PB 0x0000000089400000| Untracked 
|  85|0x0000000089500000, 0x0000000089500000, 0x0000000089600000|  0%| F|  |TAMS 0x0000000089500000| PB 0x0000000089500000| Untracked 
|  86|0x0000000089600000, 0x0000000089600000, 0x0000000089700000|  0%| F|  |TAMS 0x0000000089600000| PB 0x0000000089600000| Untracked 
|  87|0x0000000089700000, 0x0000000089700000, 0x0000000089800000|  0%| F|  |TAMS 0x0000000089700000| PB 0x0000000089700000| Untracked 
|  88|0x0000000089800000, 0x0000000089800000, 0x0000000089900000|  0%| F|  |TAMS 0x0000000089800000| PB 0x0000000089800000| Untracked 
|  89|0x0000000089900000, 0x0000000089900000, 0x0000000089a00000|  0%| F|  |TAMS 0x0000000089900000| PB 0x0000000089900000| Untracked 
|  90|0x0000000089a00000, 0x0000000089a00000, 0x0000000089b00000|  0%| F|  |TAMS 0x0000000089a00000| PB 0x0000000089a00000| Untracked 
|  91|0x0000000089b00000, 0x0000000089b00000, 0x0000000089c00000|  0%| F|  |TAMS 0x0000000089b00000| PB 0x0000000089b00000| Untracked 
|  92|0x0000000089c00000, 0x0000000089c00000, 0x0000000089d00000|  0%| F|  |TAMS 0x0000000089c00000| PB 0x0000000089c00000| Untracked 
|  93|0x0000000089d00000, 0x0000000089d00000, 0x0000000089e00000|  0%| F|  |TAMS 0x0000000089d00000| PB 0x0000000089d00000| Untracked 
|  94|0x0000000089e00000, 0x0000000089e00000, 0x0000000089f00000|  0%| F|  |TAMS 0x0000000089e00000| PB 0x0000000089e00000| Untracked 
|  95|0x0000000089f00000, 0x0000000089f00000, 0x000000008a000000|  0%| F|  |TAMS 0x0000000089f00000| PB 0x0000000089f00000| Untracked 
|  96|0x000000008a000000, 0x000000008a000000, 0x000000008a100000|  0%| F|  |TAMS 0x000000008a000000| PB 0x000000008a000000| Untracked 
|  97|0x000000008a100000, 0x000000008a100000, 0x000000008a200000|  0%| F|  |TAMS 0x000000008a100000| PB 0x000000008a100000| Untracked 
|  98|0x000000008a200000, 0x000000008a200000, 0x000000008a300000|  0%| F|  |TAMS 0x000000008a200000| PB 0x000000008a200000| Untracked 
|  99|0x000000008a300000, 0x000000008a300000, 0x000000008a400000|  0%| F|  |TAMS 0x000000008a300000| PB 0x000000008a300000| Untracked 
| 100|0x000000008a400000, 0x000000008a400000, 0x000000008a500000|  0%| F|  |TAMS 0x000000008a400000| PB 0x000000008a400000| Untracked 
| 101|0x000000008a500000, 0x000000008a500000, 0x000000008a600000|  0%| F|  |TAMS 0x000000008a500000| PB 0x000000008a500000| Untracked 
| 102|0x000000008a600000, 0x000000008a600000, 0x000000008a700000|  0%| F|  |TAMS 0x000000008a600000| PB 0x000000008a600000| Untracked 
| 103|0x000000008a700000, 0x000000008a700000, 0x000000008a800000|  0%| F|  |TAMS 0x000000008a700000| PB 0x000000008a700000| Untracked 
| 104|0x000000008a800000, 0x000000008a800000, 0x000000008a900000|  0%| F|  |TAMS 0x000000008a800000| PB 0x000000008a800000| Untracked 
| 105|0x000000008a900000, 0x000000008a900000, 0x000000008aa00000|  0%| F|  |TAMS 0x000000008a900000| PB 0x000000008a900000| Untracked 
| 106|0x000000008aa00000, 0x000000008aa00000, 0x000000008ab00000|  0%| F|  |TAMS 0x000000008aa00000| PB 0x000000008aa00000| Untracked 
| 107|0x000000008ab00000, 0x000000008ab00000, 0x000000008ac00000|  0%| F|  |TAMS 0x000000008ab00000| PB 0x000000008ab00000| Untracked 
| 108|0x000000008ac00000, 0x000000008ac00000, 0x000000008ad00000|  0%| F|  |TAMS 0x000000008ac00000| PB 0x000000008ac00000| Untracked 
| 109|0x000000008ad00000, 0x000000008ad00000, 0x000000008ae00000|  0%| F|  |TAMS 0x000000008ad00000| PB 0x000000008ad00000| Untracked 
| 110|0x000000008ae00000, 0x000000008ae00000, 0x000000008af00000|  0%| F|  |TAMS 0x000000008ae00000| PB 0x000000008ae00000| Untracked 
| 111|0x000000008af00000, 0x000000008af00000, 0x000000008b000000|  0%| F|  |TAMS 0x000000008af00000| PB 0x000000008af00000| Untracked 
| 112|0x000000008b000000, 0x000000008b000000, 0x000000008b100000|  0%| F|  |TAMS 0x000000008b000000| PB 0x000000008b000000| Untracked 
| 113|0x000000008b100000, 0x000000008b100000, 0x000000008b200000|  0%| F|  |TAMS 0x000000008b100000| PB 0x000000008b100000| Untracked 
| 114|0x000000008b200000, 0x000000008b200000, 0x000000008b300000|  0%| F|  |TAMS 0x000000008b200000| PB 0x000000008b200000| Untracked 
| 115|0x000000008b300000, 0x000000008b300000, 0x000000008b400000|  0%| F|  |TAMS 0x000000008b300000| PB 0x000000008b300000| Untracked 
| 116|0x000000008b400000, 0x000000008b400000, 0x000000008b500000|  0%| F|  |TAMS 0x000000008b400000| PB 0x000000008b400000| Untracked 
| 117|0x000000008b500000, 0x000000008b500000, 0x000000008b600000|  0%| F|  |TAMS 0x000000008b500000| PB 0x000000008b500000| Untracked 
| 118|0x000000008b600000, 0x000000008b600000, 0x000000008b700000|  0%| F|  |TAMS 0x000000008b600000| PB 0x000000008b600000| Untracked 
| 119|0x000000008b700000, 0x000000008b700000, 0x000000008b800000|  0%| F|  |TAMS 0x000000008b700000| PB 0x000000008b700000| Untracked 
| 120|0x000000008b800000, 0x000000008b800000, 0x000000008b900000|  0%| F|  |TAMS 0x000000008b800000| PB 0x000000008b800000| Untracked 
| 121|0x000000008b900000, 0x000000008b900000, 0x000000008ba00000|  0%| F|  |TAMS 0x000000008b900000| PB 0x000000008b900000| Untracked 
| 122|0x000000008ba00000, 0x000000008ba00000, 0x000000008bb00000|  0%| F|  |TAMS 0x000000008ba00000| PB 0x000000008ba00000| Untracked 
| 123|0x000000008bb00000, 0x000000008bb00000, 0x000000008bc00000|  0%| F|  |TAMS 0x000000008bb00000| PB 0x000000008bb00000| Untracked 
| 124|0x000000008bc00000, 0x000000008bc00000, 0x000000008bd00000|  0%| F|  |TAMS 0x000000008bc00000| PB 0x000000008bc00000| Untracked 
| 125|0x000000008bd00000, 0x000000008bd00000, 0x000000008be00000|  0%| F|  |TAMS 0x000000008bd00000| PB 0x000000008bd00000| Untracked 
| 126|0x000000008be00000, 0x000000008be00000, 0x000000008bf00000|  0%| F|  |TAMS 0x000000008be00000| PB 0x000000008be00000| Untracked 
| 127|0x000000008bf00000, 0x000000008bf00000, 0x000000008c000000|  0%| F|  |TAMS 0x000000008bf00000| PB 0x000000008bf00000| Untracked 
| 128|0x000000008c000000, 0x000000008c000000, 0x000000008c100000|  0%| F|  |TAMS 0x000000008c000000| PB 0x000000008c000000| Untracked 
| 129|0x000000008c100000, 0x000000008c100000, 0x000000008c200000|  0%| F|  |TAMS 0x000000008c100000| PB 0x000000008c100000| Untracked 
| 130|0x000000008c200000, 0x000000008c200000, 0x000000008c300000|  0%| F|  |TAMS 0x000000008c200000| PB 0x000000008c200000| Untracked 
| 131|0x000000008c300000, 0x000000008c300000, 0x000000008c400000|  0%| F|  |TAMS 0x000000008c300000| PB 0x000000008c300000| Untracked 
| 132|0x000000008c400000, 0x000000008c400000, 0x000000008c500000|  0%| F|  |TAMS 0x000000008c400000| PB 0x000000008c400000| Untracked 
| 133|0x000000008c500000, 0x000000008c500000, 0x000000008c600000|  0%| F|  |TAMS 0x000000008c500000| PB 0x000000008c500000| Untracked 
| 134|0x000000008c600000, 0x000000008c600000, 0x000000008c700000|  0%| F|  |TAMS 0x000000008c600000| PB 0x000000008c600000| Untracked 
| 135|0x000000008c700000, 0x000000008c700000, 0x000000008c800000|  0%| F|  |TAMS 0x000000008c700000| PB 0x000000008c700000| Untracked 
| 136|0x000000008c800000, 0x000000008c800000, 0x000000008c900000|  0%| F|  |TAMS 0x000000008c800000| PB 0x000000008c800000| Untracked 
| 137|0x000000008c900000, 0x000000008c900000, 0x000000008ca00000|  0%| F|  |TAMS 0x000000008c900000| PB 0x000000008c900000| Untracked 
| 138|0x000000008ca00000, 0x000000008ca00000, 0x000000008cb00000|  0%| F|  |TAMS 0x000000008ca00000| PB 0x000000008ca00000| Untracked 
| 139|0x000000008cb00000, 0x000000008cb00000, 0x000000008cc00000|  0%| F|  |TAMS 0x000000008cb00000| PB 0x000000008cb00000| Untracked 
| 140|0x000000008cc00000, 0x000000008cc00000, 0x000000008cd00000|  0%| F|  |TAMS 0x000000008cc00000| PB 0x000000008cc00000| Untracked 
| 141|0x000000008cd00000, 0x000000008cd00000, 0x000000008ce00000|  0%| F|  |TAMS 0x000000008cd00000| PB 0x000000008cd00000| Untracked 
| 142|0x000000008ce00000, 0x000000008ce00000, 0x000000008cf00000|  0%| F|  |TAMS 0x000000008ce00000| PB 0x000000008ce00000| Untracked 
| 143|0x000000008cf00000, 0x000000008cf00000, 0x000000008d000000|  0%| F|  |TAMS 0x000000008cf00000| PB 0x000000008cf00000| Untracked 
| 144|0x000000008d000000, 0x000000008d000000, 0x000000008d100000|  0%| F|  |TAMS 0x000000008d000000| PB 0x000000008d000000| Untracked 
| 145|0x000000008d100000, 0x000000008d100000, 0x000000008d200000|  0%| F|  |TAMS 0x000000008d100000| PB 0x000000008d100000| Untracked 
| 146|0x000000008d200000, 0x000000008d200000, 0x000000008d300000|  0%| F|  |TAMS 0x000000008d200000| PB 0x000000008d200000| Untracked 
| 147|0x000000008d300000, 0x000000008d300000, 0x000000008d400000|  0%| F|  |TAMS 0x000000008d300000| PB 0x000000008d300000| Untracked 
| 148|0x000000008d400000, 0x000000008d400000, 0x000000008d500000|  0%| F|  |TAMS 0x000000008d400000| PB 0x000000008d400000| Untracked 
| 149|0x000000008d500000, 0x000000008d500000, 0x000000008d600000|  0%| F|  |TAMS 0x000000008d500000| PB 0x000000008d500000| Untracked 
| 150|0x000000008d600000, 0x000000008d600000, 0x000000008d700000|  0%| F|  |TAMS 0x000000008d600000| PB 0x000000008d600000| Untracked 
| 151|0x000000008d700000, 0x000000008d700000, 0x000000008d800000|  0%| F|  |TAMS 0x000000008d700000| PB 0x000000008d700000| Untracked 
| 152|0x000000008d800000, 0x000000008d800000, 0x000000008d900000|  0%| F|  |TAMS 0x000000008d800000| PB 0x000000008d800000| Untracked 
| 153|0x000000008d900000, 0x000000008d900000, 0x000000008da00000|  0%| F|  |TAMS 0x000000008d900000| PB 0x000000008d900000| Untracked 
| 154|0x000000008da00000, 0x000000008da00000, 0x000000008db00000|  0%| F|  |TAMS 0x000000008da00000| PB 0x000000008da00000| Untracked 
| 155|0x000000008db00000, 0x000000008db00000, 0x000000008dc00000|  0%| F|  |TAMS 0x000000008db00000| PB 0x000000008db00000| Untracked 
| 156|0x000000008dc00000, 0x000000008dc00000, 0x000000008dd00000|  0%| F|  |TAMS 0x000000008dc00000| PB 0x000000008dc00000| Untracked 
| 157|0x000000008dd00000, 0x000000008dd00000, 0x000000008de00000|  0%| F|  |TAMS 0x000000008dd00000| PB 0x000000008dd00000| Untracked 
| 158|0x000000008de00000, 0x000000008de00000, 0x000000008df00000|  0%| F|  |TAMS 0x000000008de00000| PB 0x000000008de00000| Untracked 
| 159|0x000000008df00000, 0x000000008df00000, 0x000000008e000000|  0%| F|  |TAMS 0x000000008df00000| PB 0x000000008df00000| Untracked 
| 160|0x000000008e000000, 0x000000008e000000, 0x000000008e100000|  0%| F|  |TAMS 0x000000008e000000| PB 0x000000008e000000| Untracked 
| 161|0x000000008e100000, 0x000000008e100000, 0x000000008e200000|  0%| F|  |TAMS 0x000000008e100000| PB 0x000000008e100000| Untracked 
| 162|0x000000008e200000, 0x000000008e200000, 0x000000008e300000|  0%| F|  |TAMS 0x000000008e200000| PB 0x000000008e200000| Untracked 
| 163|0x000000008e300000, 0x000000008e300000, 0x000000008e400000|  0%| F|  |TAMS 0x000000008e300000| PB 0x000000008e300000| Untracked 
| 164|0x000000008e400000, 0x000000008e400000, 0x000000008e500000|  0%| F|  |TAMS 0x000000008e400000| PB 0x000000008e400000| Untracked 
| 165|0x000000008e500000, 0x000000008e500000, 0x000000008e600000|  0%| F|  |TAMS 0x000000008e500000| PB 0x000000008e500000| Untracked 
| 166|0x000000008e600000, 0x000000008e600000, 0x000000008e700000|  0%| F|  |TAMS 0x000000008e600000| PB 0x000000008e600000| Untracked 
| 167|0x000000008e700000, 0x000000008e700000, 0x000000008e800000|  0%| F|  |TAMS 0x000000008e700000| PB 0x000000008e700000| Untracked 
| 168|0x000000008e800000, 0x000000008e800000, 0x000000008e900000|  0%| F|  |TAMS 0x000000008e800000| PB 0x000000008e800000| Untracked 
| 169|0x000000008e900000, 0x000000008e900000, 0x000000008ea00000|  0%| F|  |TAMS 0x000000008e900000| PB 0x000000008e900000| Untracked 
| 170|0x000000008ea00000, 0x000000008eab0730, 0x000000008eb00000| 68%| S|CS|TAMS 0x000000008ea00000| PB 0x000000008ea00000| Complete 
| 171|0x000000008eb00000, 0x000000008eb00000, 0x000000008ec00000|  0%| F|  |TAMS 0x000000008eb00000| PB 0x000000008eb00000| Untracked 
| 172|0x000000008ec00000, 0x000000008ed00000, 0x000000008ed00000|100%| S|CS|TAMS 0x000000008ec00000| PB 0x000000008ec00000| Complete 
| 173|0x000000008ed00000, 0x000000008ed00000, 0x000000008ee00000|  0%| F|  |TAMS 0x000000008ed00000| PB 0x000000008ed00000| Untracked 
| 174|0x000000008ee00000, 0x000000008ee00000, 0x000000008ef00000|  0%| F|  |TAMS 0x000000008ee00000| PB 0x000000008ee00000| Untracked 
| 175|0x000000008ef00000, 0x000000008ef00000, 0x000000008f000000|  0%| F|  |TAMS 0x000000008ef00000| PB 0x000000008ef00000| Untracked 
| 176|0x000000008f000000, 0x000000008f000000, 0x000000008f100000|  0%| F|  |TAMS 0x000000008f000000| PB 0x000000008f000000| Untracked 
| 177|0x000000008f100000, 0x000000008f100000, 0x000000008f200000|  0%| F|  |TAMS 0x000000008f100000| PB 0x000000008f100000| Untracked 
| 178|0x000000008f200000, 0x000000008f200000, 0x000000008f300000|  0%| F|  |TAMS 0x000000008f200000| PB 0x000000008f200000| Untracked 
| 179|0x000000008f300000, 0x000000008f300000, 0x000000008f400000|  0%| F|  |TAMS 0x000000008f300000| PB 0x000000008f300000| Untracked 
|1983|0x00000000fff00000, 0x00000000fff00000, 0x0000000100000000|  0%| F|  |TAMS 0x00000000fff00000| PB 0x00000000fff00000| Untracked 

Card table byte_map: [0x000001a193bc0000,0x000001a193fa0000] _byte_map_base: 0x000001a1937a0000

Marking Bits: (CMBitMap*) 0x000001a1880236b0
 Bits: [0x000001a193fa0000, 0x000001a195ea0000)

Polling page: 0x000001a185d90000

Metaspace:

Usage:
  Non-class:     42.57 MB used.
      Class:      6.16 MB used.
       Both:     48.73 MB used.

Virtual space:
  Non-class space:       64.00 MB reserved,      42.94 MB ( 67%) committed,  1 nodes.
      Class space:        1.00 GB reserved,       6.44 MB ( <1%) committed,  1 nodes.
             Both:        1.06 GB reserved,      49.38 MB (  5%) committed. 

Chunk freelists:
   Non-Class:  4.97 MB
       Class:  9.41 MB
        Both:  14.38 MB

MaxMetaspaceSize: unlimited
CompressedClassSpaceSize: 1.00 GB
Initial GC threshold: 21.00 MB
Current GC threshold: 82.12 MB
CDS: on
 - commit_granule_bytes: 65536.
 - commit_granule_words: 8192.
 - virtual_space_node_default_size: 8388608.
 - enlarge_chunks_in_place: 1.
 - use_allocation_guard: 0.


Internal statistics:

num_allocs_failed_limit: 3.
num_arena_births: 1894.
num_arena_deaths: 1042.
num_vsnodes_births: 2.
num_vsnodes_deaths: 0.
num_space_committed: 791.
num_space_uncommitted: 1.
num_chunks_returned_to_freelist: 1341.
num_chunks_taken_from_freelist: 4234.
num_chunk_merges: 227.
num_chunk_splits: 2264.
num_chunks_enlarged: 1514.
num_inconsistent_stats: 0.

CodeCache: size=49152Kb used=16004Kb max_used=20321Kb free=33147Kb
 bounds [0x000001a1906d0000, 0x000001a191b40000, 0x000001a1936d0000]
 total_blobs=7444, nmethods=6787, adapters=580, full_count=0
Compilation: enabled, stopped_count=0, restarted_count=0

Compilation events (20 events):
Event: 7590.003 Thread 0x000001a19870de50 21088       1       com.sun.jersey.core.header.reader.HttpHeaderReader::readParameters (130 bytes)
Event: 7590.009 Thread 0x000001a19870de50 nmethod 21088 0x000001a191342890 code [0x000001a191342b60, 0x000001a191343210]
Event: 7590.009 Thread 0x000001a19870de50 21089       1       org.springframework.http.ResponseEntity$DefaultBuilder::body (17 bytes)
Event: 7590.012 Thread 0x000001a19870de50 nmethod 21089 0x000001a1916bd810 code [0x000001a1916bd9c0, 0x000001a1916bdc38]
Event: 7590.012 Thread 0x000001a19870de50 21090       1       org.springframework.http.ResponseEntity::<init> (18 bytes)
Event: 7590.013 Thread 0x000001a19870de50 nmethod 21090 0x000001a19121b790 code [0x000001a19121b9a0, 0x000001a19121c088]
Event: 7590.014 Thread 0x000001a19870de50 21091       1       org.springframework.http.server.ServletServerHttpResponse::flush (21 bytes)
Event: 7590.015 Thread 0x000001a19870de50 nmethod 21091 0x000001a190d09d10 code [0x000001a190d09ec0, 0x000001a190d09ff0]
Event: 7590.068 Thread 0x000001a19870de50 21092   !   1       org.springframework.web.servlet.mvc.method.annotation.AbstractMessageConverterMethodProcessor::writeWithMessageConverters (907 bytes)
Event: 7590.171 Thread 0x000001a19870de50 nmethod 21092 0x000001a1918ef390 code [0x000001a1918efb00, 0x000001a1918f1dd8]
Event: 7590.172 Thread 0x000001a19870de50 21093       1       org.springframework.web.servlet.mvc.method.annotation.AbstractMessageConverterMethodProcessor::isResourceType (29 bytes)
Event: 7590.172 Thread 0x000001a19870de50 nmethod 21093 0x000001a190d2b310 code [0x000001a190d2b4c0, 0x000001a190d2b608]
Event: 7596.342 Thread 0x000001a19870de50 21094       1       com.zaxxer.hikari.HikariConfig::getConnectionTimeout (5 bytes)
Event: 7596.343 Thread 0x000001a19870de50 nmethod 21094 0x000001a190dd6210 code [0x000001a190dd63a0, 0x000001a190dd6470]
Event: 7596.343 Thread 0x000001a19870de50 21095       1       com.zaxxer.hikari.HikariConfig::getLeakDetectionThreshold (5 bytes)
Event: 7596.344 Thread 0x000001a19870de50 nmethod 21095 0x000001a190ded590 code [0x000001a190ded720, 0x000001a190ded7f0]
Event: 7596.344 Thread 0x000001a19870de50 21096       1       com.zaxxer.hikari.HikariConfig::getCatalog (5 bytes)
Event: 7596.344 Thread 0x000001a19870de50 nmethod 21096 0x000001a190e02790 code [0x000001a190e02920, 0x000001a190e029e8]
Event: 7656.361 Thread 0x000001a19870de50 21097   !   1       com.zaxxer.hikari.pool.HikariPool$HouseKeeper::run (466 bytes)
Event: 7656.459 Thread 0x000001a19870de50 nmethod 21097 0x000001a191a03a10 code [0x000001a191a03e60, 0x000001a191a052c8]

GC Heap History (20 events):
Event: 8044.970 GC heap after
{Heap after GC invocations=383 (full 1):
 garbage-first heap   total 185344K, used 30546K [0x0000000084000000, 0x0000000100000000)
  region size 1024K, 2 young (2048K), 2 survivors (2048K)
 Metaspace       used 49898K, committed 50560K, reserved 1114112K
  class space    used 6311K, committed 6592K, reserved 1048576K
}
Event: 8048.994 GC heap before
{Heap before GC invocations=383 (full 1):
 garbage-first heap   total 185344K, used 37714K [0x0000000084000000, 0x0000000100000000)
  region size 1024K, 9 young (9216K), 2 survivors (2048K)
 Metaspace       used 49898K, committed 50560K, reserved 1114112K
  class space    used 6311K, committed 6592K, reserved 1048576K
}
Event: 8049.015 GC heap after
{Heap after GC invocations=384 (full 1):
 garbage-first heap   total 185344K, used 30600K [0x0000000084000000, 0x0000000100000000)
  region size 1024K, 2 young (2048K), 2 survivors (2048K)
 Metaspace       used 49898K, committed 50560K, reserved 1114112K
  class space    used 6311K, committed 6592K, reserved 1048576K
}
Event: 8052.038 GC heap before
{Heap before GC invocations=384 (full 1):
 garbage-first heap   total 185344K, used 36744K [0x0000000084000000, 0x0000000100000000)
  region size 1024K, 9 young (9216K), 2 survivors (2048K)
 Metaspace       used 49898K, committed 50560K, reserved 1114112K
  class space    used 6311K, committed 6592K, reserved 1048576K
}
Event: 8052.045 GC heap after
{Heap after GC invocations=385 (full 1):
 garbage-first heap   total 185344K, used 30684K [0x0000000084000000, 0x0000000100000000)
  region size 1024K, 2 young (2048K), 2 survivors (2048K)
 Metaspace       used 49898K, committed 50560K, reserved 1114112K
  class space    used 6311K, committed 6592K, reserved 1048576K
}
Event: 8055.086 GC heap before
{Heap before GC invocations=385 (full 1):
 garbage-first heap   total 185344K, used 37852K [0x0000000084000000, 0x0000000100000000)
  region size 1024K, 9 young (9216K), 2 survivors (2048K)
 Metaspace       used 49898K, committed 50560K, reserved 1114112K
  class space    used 6311K, committed 6592K, reserved 1048576K
}
Event: 8055.092 GC heap after
{Heap after GC invocations=386 (full 1):
 garbage-first heap   total 185344K, used 30655K [0x0000000084000000, 0x0000000100000000)
  region size 1024K, 2 young (2048K), 2 survivors (2048K)
 Metaspace       used 49898K, committed 50560K, reserved 1114112K
  class space    used 6311K, committed 6592K, reserved 1048576K
}
Event: 8058.264 GC heap before
{Heap before GC invocations=386 (full 1):
 garbage-first heap   total 185344K, used 37823K [0x0000000084000000, 0x0000000100000000)
  region size 1024K, 9 young (9216K), 2 survivors (2048K)
 Metaspace       used 49898K, committed 50560K, reserved 1114112K
  class space    used 6311K, committed 6592K, reserved 1048576K
}
Event: 8058.289 GC heap after
{Heap after GC invocations=387 (full 1):
 garbage-first heap   total 185344K, used 28986K [0x0000000084000000, 0x0000000100000000)
  region size 1024K, 1 young (1024K), 1 survivors (1024K)
 Metaspace       used 49898K, committed 50560K, reserved 1114112K
  class space    used 6311K, committed 6592K, reserved 1048576K
}
Event: 8063.157 GC heap before
{Heap before GC invocations=387 (full 1):
 garbage-first heap   total 185344K, used 37178K [0x0000000084000000, 0x0000000100000000)
  region size 1024K, 9 young (9216K), 1 survivors (1024K)
 Metaspace       used 49898K, committed 50560K, reserved 1114112K
  class space    used 6311K, committed 6592K, reserved 1048576K
}
Event: 8063.225 GC heap after
{Heap after GC invocations=388 (full 1):
 garbage-first heap   total 185344K, used 29426K [0x0000000084000000, 0x0000000100000000)
  region size 1024K, 1 young (1024K), 1 survivors (1024K)
 Metaspace       used 49898K, committed 50560K, reserved 1114112K
  class space    used 6311K, committed 6592K, reserved 1048576K
}
Event: 8072.289 GC heap before
{Heap before GC invocations=388 (full 1):
 garbage-first heap   total 185344K, used 37618K [0x0000000084000000, 0x0000000100000000)
  region size 1024K, 9 young (9216K), 1 survivors (1024K)
 Metaspace       used 49898K, committed 50560K, reserved 1114112K
  class space    used 6311K, committed 6592K, reserved 1048576K
}
Event: 8073.941 GC heap after
{Heap after GC invocations=389 (full 1):
 garbage-first heap   total 185344K, used 30029K [0x0000000084000000, 0x0000000100000000)
  region size 1024K, 2 young (2048K), 2 survivors (2048K)
 Metaspace       used 49898K, committed 50560K, reserved 1114112K
  class space    used 6311K, committed 6592K, reserved 1048576K
}
Event: 8076.002 GC heap before
{Heap before GC invocations=389 (full 1):
 garbage-first heap   total 185344K, used 37197K [0x0000000084000000, 0x0000000100000000)
  region size 1024K, 9 young (9216K), 2 survivors (2048K)
 Metaspace       used 49898K, committed 50560K, reserved 1114112K
  class space    used 6311K, committed 6592K, reserved 1048576K
}
Event: 8076.004 GC heap after
{Heap after GC invocations=390 (full 1):
 garbage-first heap   total 185344K, used 30271K [0x0000000084000000, 0x0000000100000000)
  region size 1024K, 2 young (2048K), 2 survivors (2048K)
 Metaspace       used 49898K, committed 50560K, reserved 1114112K
  class space    used 6311K, committed 6592K, reserved 1048576K
}
Event: 8078.099 GC heap before
{Heap before GC invocations=390 (full 1):
 garbage-first heap   total 185344K, used 37439K [0x0000000084000000, 0x0000000100000000)
  region size 1024K, 9 young (9216K), 2 survivors (2048K)
 Metaspace       used 49898K, committed 50560K, reserved 1114112K
  class space    used 6311K, committed 6592K, reserved 1048576K
}
Event: 8078.172 GC heap after
{Heap after GC invocations=391 (full 1):
 garbage-first heap   total 185344K, used 30342K [0x0000000084000000, 0x0000000100000000)
  region size 1024K, 2 young (2048K), 2 survivors (2048K)
 Metaspace       used 49898K, committed 50560K, reserved 1114112K
  class space    used 6311K, committed 6592K, reserved 1048576K
}
Event: 8080.421 GC heap before
{Heap before GC invocations=391 (full 1):
 garbage-first heap   total 185344K, used 37510K [0x0000000084000000, 0x0000000100000000)
  region size 1024K, 9 young (9216K), 2 survivors (2048K)
 Metaspace       used 49898K, committed 50560K, reserved 1114112K
  class space    used 6311K, committed 6592K, reserved 1048576K
}
Event: 8080.966 GC heap after
{Heap after GC invocations=392 (full 1):
 garbage-first heap   total 185344K, used 30582K [0x0000000084000000, 0x0000000100000000)
  region size 1024K, 2 young (2048K), 2 survivors (2048K)
 Metaspace       used 49898K, committed 50560K, reserved 1114112K
  class space    used 6311K, committed 6592K, reserved 1048576K
}
Event: 8082.765 GC heap before
{Heap before GC invocations=392 (full 1):
 garbage-first heap   total 185344K, used 37750K [0x0000000084000000, 0x0000000100000000)
  region size 1024K, 9 young (9216K), 2 survivors (2048K)
 Metaspace       used 49898K, committed 50560K, reserved 1114112K
  class space    used 6311K, committed 6592K, reserved 1048576K
}

Dll operation events (10 events):
Event: 0.008 Loaded shared library C:\Users\Glymin Terra Selasi\AppData\Roaming\Trae\User\globalStorage\pleiades.java-extension-pack-jdk\java\21\bin\java.dll
Event: 0.076 Loaded shared library C:\Users\Glymin Terra Selasi\AppData\Roaming\Trae\User\globalStorage\pleiades.java-extension-pack-jdk\java\21\bin\net.dll
Event: 0.078 Loaded shared library C:\Users\Glymin Terra Selasi\AppData\Roaming\Trae\User\globalStorage\pleiades.java-extension-pack-jdk\java\21\bin\nio.dll
Event: 0.080 Loaded shared library C:\Users\Glymin Terra Selasi\AppData\Roaming\Trae\User\globalStorage\pleiades.java-extension-pack-jdk\java\21\bin\zip.dll
Event: 0.165 Loaded shared library C:\Users\Glymin Terra Selasi\AppData\Roaming\Trae\User\globalStorage\pleiades.java-extension-pack-jdk\java\21\bin\jimage.dll
Event: 1.051 Loaded shared library C:\Users\Glymin Terra Selasi\AppData\Roaming\Trae\User\globalStorage\pleiades.java-extension-pack-jdk\java\21\bin\management.dll
Event: 1.122 Loaded shared library C:\Users\Glymin Terra Selasi\AppData\Roaming\Trae\User\globalStorage\pleiades.java-extension-pack-jdk\java\21\bin\management_ext.dll
Event: 2.188 Loaded shared library C:\Users\Glymin Terra Selasi\AppData\Roaming\Trae\User\globalStorage\pleiades.java-extension-pack-jdk\java\21\bin\sunmscapi.dll
Event: 10.214 Loaded shared library C:\Users\Glymin Terra Selasi\AppData\Roaming\Trae\User\globalStorage\pleiades.java-extension-pack-jdk\java\21\bin\extnet.dll
Event: 17.073 Loaded shared library C:\Users\Glymin Terra Selasi\AppData\Roaming\Trae\User\globalStorage\pleiades.java-extension-pack-jdk\java\21\bin\verify.dll

Deoptimization events (10 events):
Event: 8.959 Thread 0x000001a198707e80 DEOPT PACKING pc=0x000001a190cd82b9 sp=0x0000008a761fddd0
Event: 8.959 Thread 0x000001a198707e80 DEOPT UNPACKING pc=0x000001a1907286e2 sp=0x0000008a761fd2d8 mode 3
Event: 8.959 Thread 0x000001a198707e80 DEOPT PACKING pc=0x000001a190ca1c82 sp=0x0000008a761fdd90
Event: 8.959 Thread 0x000001a198707e80 DEOPT UNPACKING pc=0x000001a1907286e2 sp=0x0000008a761fd2d8 mode 3
Event: 30.367 Thread 0x000001a1df44a170 DEOPT PACKING pc=0x000001a1911d89ec sp=0x0000008a774fb0d0
Event: 30.367 Thread 0x000001a1df44a170 DEOPT UNPACKING pc=0x000001a1907286e2 sp=0x0000008a774fa650 mode 0
Event: 30.367 Thread 0x000001a1df44a170 DEOPT PACKING pc=0x000001a1911d889c sp=0x0000008a774fb230
Event: 30.367 Thread 0x000001a1df44a170 DEOPT UNPACKING pc=0x000001a1907286e2 sp=0x0000008a774fa7a0 mode 0
Event: 2820.456 Thread 0x000001a1df449ae0 DEOPT PACKING pc=0x000001a190d022b0 sp=0x0000008a773fea20
Event: 2820.458 Thread 0x000001a1df449ae0 DEOPT UNPACKING pc=0x000001a1907286e2 sp=0x0000008a773fdfd0 mode 3

Classes loaded (20 events):
Event: 6695.250 Loading class java/util/WeakHashMap$EntryIterator
Event: 6695.250 Loading class java/util/WeakHashMap$EntryIterator done
Event: 6696.039 Loading class java/time/DurationEditor
Event: 6696.039 Loading class java/time/DurationEditor done
Event: 7225.418 Loading class java/lang/ObjectBeanInfo
Event: 7225.419 Loading class java/lang/ObjectBeanInfo done
Event: 7225.420 Loading class java/lang/ObjectBeanInfo
Event: 7225.420 Loading class java/lang/ObjectBeanInfo done
Event: 7225.421 Loading class java/lang/ObjectCustomizer
Event: 7225.421 Loading class java/lang/ObjectCustomizer done
Event: 7225.421 Loading class java/lang/ObjectCustomizer
Event: 7225.421 Loading class java/lang/ObjectCustomizer done
Event: 7226.538 Loading class java/io/SerializableBeanInfo
Event: 7226.538 Loading class java/io/SerializableBeanInfo done
Event: 7226.539 Loading class java/io/SerializableBeanInfo
Event: 7226.539 Loading class java/io/SerializableBeanInfo done
Event: 7226.539 Loading class java/io/SerializableCustomizer
Event: 7226.540 Loading class java/io/SerializableCustomizer done
Event: 7226.541 Loading class java/io/SerializableCustomizer
Event: 7226.541 Loading class java/io/SerializableCustomizer done

Classes unloaded (20 events):
Event: 6769.465 Thread 0x000001a1986db4e0 Unloading class 0x000001a19a68a000 'java/lang/invoke/LambdaForm$MH+0x000001a19a68a000'
Event: 6769.465 Thread 0x000001a1986db4e0 Unloading class 0x000001a19a689c00 'jdk/internal/reflect/GeneratedSerializationConstructorAccessor15'
Event: 6769.465 Thread 0x000001a1986db4e0 Unloading class 0x000001a19a689800 'jdk/internal/reflect/GeneratedSerializationConstructorAccessor14'
Event: 6769.465 Thread 0x000001a1986db4e0 Unloading class 0x000001a19a689000 'jdk/internal/reflect/GeneratedSerializationConstructorAccessor12'
Event: 6769.465 Thread 0x000001a1986db4e0 Unloading class 0x000001a19a688c00 'jdk/internal/reflect/GeneratedSerializationConstructorAccessor11'
Event: 6769.465 Thread 0x000001a1986db4e0 Unloading class 0x000001a19a688800 'jdk/internal/reflect/GeneratedSerializationConstructorAccessor10'
Event: 6769.465 Thread 0x000001a1986db4e0 Unloading class 0x000001a19a688400 'jdk/internal/reflect/GeneratedSerializationConstructorAccessor9'
Event: 6769.465 Thread 0x000001a1986db4e0 Unloading class 0x000001a19a683c00 'java/lang/invoke/LambdaForm$MH+0x000001a19a683c00'
Event: 6769.465 Thread 0x000001a1986db4e0 Unloading class 0x000001a19a385c00 'java/lang/invoke/LambdaForm$MH+0x000001a19a385c00'
Event: 6769.465 Thread 0x000001a1986db4e0 Unloading class 0x000001a19a301800 'java/lang/invoke/LambdaForm$MH+0x000001a19a301800'
Event: 6769.465 Thread 0x000001a1986db4e0 Unloading class 0x000001a19a62e000 'java/lang/invoke/LambdaForm$MH+0x000001a19a62e000'
Event: 7305.094 Thread 0x000001a1986db4e0 Unloading class 0x000001a19a696800 'java/lang/invoke/LambdaForm$MH+0x000001a19a696800'
Event: 7305.094 Thread 0x000001a1986db4e0 Unloading class 0x000001a19a697400 'java/lang/invoke/LambdaForm$MH+0x000001a19a697400'
Event: 7358.883 Thread 0x000001a1986db4e0 Unloading class 0x000001a19a693400 'java/lang/invoke/LambdaForm$MH+0x000001a19a693400'
Event: 7358.883 Thread 0x000001a1986db4e0 Unloading class 0x000001a19a695800 'java/lang/invoke/LambdaForm$MH+0x000001a19a695800'
Event: 7358.883 Thread 0x000001a1986db4e0 Unloading class 0x000001a19a2af400 'java/lang/invoke/LambdaForm$MH+0x000001a19a2af400'
Event: 7358.883 Thread 0x000001a1986db4e0 Unloading class 0x000001a19a24a000 'java/lang/invoke/LambdaForm$MH+0x000001a19a24a000'
Event: 7358.883 Thread 0x000001a1986db4e0 Unloading class 0x000001a19a2ba800 'java/lang/invoke/LambdaForm$MH+0x000001a19a2ba800'
Event: 7358.883 Thread 0x000001a1986db4e0 Unloading class 0x000001a19a38ac00 'java/lang/invoke/LambdaForm$MH+0x000001a19a38ac00'
Event: 7358.883 Thread 0x000001a1986db4e0 Unloading class 0x000001a19a63fc00 'java/lang/invoke/LambdaForm$BMH+0x000001a19a63fc00'

Classes redefined (0 events):
No events

Internal exceptions (20 events):
Event: 7588.110 Thread 0x000001a1dffc10d0 Exception <a 'java/lang/NoClassDefFoundError'{0x000000008aa224e0}: javax/xml/bind/JAXBException> (0x000000008aa224e0) 
thrown [s\src\hotspot\share\classfile\systemDictionary.cpp, line 301]
Event: 7588.175 Thread 0x000001a1dffc10d0 Exception <a 'java/lang/NoClassDefFoundError'{0x000000008aa2bce0}: javax/xml/bind/JAXBException> (0x000000008aa2bce0) 
thrown [s\src\hotspot\share\classfile\systemDictionary.cpp, line 301]
Event: 7588.189 Thread 0x000001a1df448730 Exception <a 'java/lang/NoClassDefFoundError'{0x000000008aa48168}: javax/activation/DataSource> (0x000000008aa48168) 
thrown [s\src\hotspot\share\classfile\systemDictionary.cpp, line 301]
Event: 7588.222 Thread 0x000001a1dffc10d0 Exception <a 'java/lang/NoClassDefFoundError'{0x000000008aa54d48}: javax/xml/bind/JAXBException> (0x000000008aa54d48) 
thrown [s\src\hotspot\share\classfile\systemDictionary.cpp, line 301]
Event: 7588.229 Thread 0x000001a1df448730 Exception <a 'java/lang/NoClassDefFoundError'{0x000000008aa51980}: javax/mail/MessagingException> (0x000000008aa51980) 
thrown [s\src\hotspot\share\classfile\systemDictionary.cpp, line 301]
Event: 7588.255 Thread 0x000001a1dffc10d0 Exception <a 'java/lang/NoClassDefFoundError'{0x000000008aa5e548}: javax/xml/bind/JAXBException> (0x000000008aa5e548) 
thrown [s\src\hotspot\share\classfile\systemDictionary.cpp, line 301]
Event: 7588.257 Thread 0x000001a1df448730 Exception <a 'java/lang/NoClassDefFoundError'{0x000000008aa72460}: javax/xml/bind/JAXBException> (0x000000008aa72460) 
thrown [s\src\hotspot\share\classfile\systemDictionary.cpp, line 301]
Event: 7588.304 Thread 0x000001a1df448730 Exception <a 'java/lang/NoClassDefFoundError'{0x000000008aa7bc60}: javax/xml/bind/JAXBException> (0x000000008aa7bc60) 
thrown [s\src\hotspot\share\classfile\systemDictionary.cpp, line 301]
Event: 7588.309 Thread 0x000001a1dffc10d0 Exception <a 'java/lang/NoClassDefFoundError'{0x000000008aa67d48}: javax/xml/bind/JAXBException> (0x000000008aa67d48) 
thrown [s\src\hotspot\share\classfile\systemDictionary.cpp, line 301]
Event: 7588.340 Thread 0x000001a1df448730 Exception <a 'java/lang/NoClassDefFoundError'{0x000000008aa9c7b0}: javax/xml/bind/JAXBException> (0x000000008aa9c7b0) 
thrown [s\src\hotspot\share\classfile\systemDictionary.cpp, line 301]
Event: 7588.360 Thread 0x000001a1dffc10d0 Exception <a 'java/lang/NoClassDefFoundError'{0x000000008aa8c1d0}: javax/xml/bind/JAXBException> (0x000000008aa8c1d0) 
thrown [s\src\hotspot\share\classfile\systemDictionary.cpp, line 301]
Event: 7588.367 Thread 0x000001a1dffc10d0 Exception <a 'java/lang/NoClassDefFoundError'{0x000000008aa959d0}: javax/xml/bind/JAXBException> (0x000000008aa959d0) 
thrown [s\src\hotspot\share\classfile\systemDictionary.cpp, line 301]
Event: 7588.403 Thread 0x000001a1df448730 Exception <a 'java/lang/NoClassDefFoundError'{0x000000008aaa5fb0}: javax/xml/bind/JAXBException> (0x000000008aaa5fb0) 
thrown [s\src\hotspot\share\classfile\systemDictionary.cpp, line 301]
Event: 7588.411 Thread 0x000001a1dffc10d0 Exception <a 'java/lang/NoClassDefFoundError'{0x000000008aab9e30}: javax/xml/bind/JAXBException> (0x000000008aab9e30) 
thrown [s\src\hotspot\share\classfile\systemDictionary.cpp, line 301]
Event: 7588.414 Thread 0x000001a1df448730 Exception <a 'java/lang/NoClassDefFoundError'{0x000000008aaaf7b0}: javax/xml/bind/JAXBException> (0x000000008aaaf7b0) 
thrown [s\src\hotspot\share\classfile\systemDictionary.cpp, line 301]
Event: 7588.438 Thread 0x000001a1dffc10d0 Exception <a 'java/lang/NoClassDefFoundError'{0x000000008aac3630}: javax/xml/bind/JAXBException> (0x000000008aac3630) 
thrown [s\src\hotspot\share\classfile\systemDictionary.cpp, line 301]
Event: 7588.460 Thread 0x000001a1df448730 Exception <a 'java/lang/NoClassDefFoundError'{0x000000008aad0328}: javax/xml/bind/JAXBException> (0x000000008aad0328) 
thrown [s\src\hotspot\share\classfile\systemDictionary.cpp, line 301]
Event: 7588.491 Thread 0x000001a1df448730 Exception <a 'java/lang/NoClassDefFoundError'{0x000000008aad9b28}: javax/xml/bind/JAXBException> (0x000000008aad9b28) 
thrown [s\src\hotspot\share\classfile\systemDictionary.cpp, line 301]
Event: 7588.508 Thread 0x000001a1df448730 Exception <a 'java/lang/NoClassDefFoundError'{0x000000008aae3328}: javax/xml/bind/JAXBException> (0x000000008aae3328) 
thrown [s\src\hotspot\share\classfile\systemDictionary.cpp, line 301]
Event: 7588.523 Thread 0x000001a1df448730 Exception <a 'java/lang/NoClassDefFoundError'{0x000000008a9b3870}: javax/xml/bind/JAXBException> (0x000000008a9b3870) 
thrown [s\src\hotspot\share\classfile\systemDictionary.cpp, line 301]

ZGC Phase Switch (0 events):
No events

VM Operations (20 events):
Event: 8044.970 Executing VM operation: G1CollectForAllocation (G1 Evacuation Pause) done
Event: 8048.994 Executing VM operation: G1CollectForAllocation (G1 Evacuation Pause)
Event: 8049.015 Executing VM operation: G1CollectForAllocation (G1 Evacuation Pause) done
Event: 8052.037 Executing VM operation: G1CollectForAllocation (G1 Evacuation Pause)
Event: 8052.045 Executing VM operation: G1CollectForAllocation (G1 Evacuation Pause) done
Event: 8055.086 Executing VM operation: G1CollectForAllocation (G1 Evacuation Pause)
Event: 8055.092 Executing VM operation: G1CollectForAllocation (G1 Evacuation Pause) done
Event: 8058.264 Executing VM operation: G1CollectForAllocation (G1 Evacuation Pause)
Event: 8058.289 Executing VM operation: G1CollectForAllocation (G1 Evacuation Pause) done
Event: 8063.141 Executing VM operation: G1CollectForAllocation (G1 Evacuation Pause)
Event: 8063.226 Executing VM operation: G1CollectForAllocation (G1 Evacuation Pause) done
Event: 8071.890 Executing VM operation: G1CollectForAllocation (G1 Evacuation Pause)
Event: 8073.950 Executing VM operation: G1CollectForAllocation (G1 Evacuation Pause) done
Event: 8076.002 Executing VM operation: G1CollectForAllocation (G1 Evacuation Pause)
Event: 8076.004 Executing VM operation: G1CollectForAllocation (G1 Evacuation Pause) done
Event: 8078.099 Executing VM operation: G1CollectForAllocation (G1 Evacuation Pause)
Event: 8078.172 Executing VM operation: G1CollectForAllocation (G1 Evacuation Pause) done
Event: 8080.421 Executing VM operation: G1CollectForAllocation (G1 Evacuation Pause)
Event: 8080.966 Executing VM operation: G1CollectForAllocation (G1 Evacuation Pause) done
Event: 8082.765 Executing VM operation: G1CollectForAllocation (G1 Evacuation Pause)

Memory protections (0 events):
No events

Nmethod flushes (20 events):
Event: 7358.899 Thread 0x000001a1986db4e0 flushing  nmethod 0x000001a191a0bb10
Event: 7358.899 Thread 0x000001a1986db4e0 flushing  nmethod 0x000001a191a0cb10
Event: 7358.899 Thread 0x000001a1986db4e0 flushing  nmethod 0x000001a191a0ce10
Event: 7358.899 Thread 0x000001a1986db4e0 flushing  nmethod 0x000001a191a0d510
Event: 7358.899 Thread 0x000001a1986db4e0 flushing  nmethod 0x000001a191a0dc10
Event: 7358.899 Thread 0x000001a1986db4e0 flushing  nmethod 0x000001a191a0df90
Event: 7358.899 Thread 0x000001a1986db4e0 flushing  nmethod 0x000001a191a28310
Event: 7358.899 Thread 0x000001a1986db4e0 flushing  nmethod 0x000001a191a28610
Event: 7358.899 Thread 0x000001a1986db4e0 flushing  nmethod 0x000001a191a28990
Event: 7358.899 Thread 0x000001a1986db4e0 flushing  nmethod 0x000001a191a28c90
Event: 7358.899 Thread 0x000001a1986db4e0 flushing  nmethod 0x000001a191a29210
Event: 7358.899 Thread 0x000001a1986db4e0 flushing  nmethod 0x000001a191a29710
Event: 7358.899 Thread 0x000001a1986db4e0 flushing  nmethod 0x000001a191a2af90
Event: 7358.899 Thread 0x000001a1986db4e0 flushing  nmethod 0x000001a191a2b410
Event: 7358.899 Thread 0x000001a1986db4e0 flushing  nmethod 0x000001a191a2b810
Event: 7358.899 Thread 0x000001a1986db4e0 flushing  nmethod 0x000001a191a2bc10
Event: 7358.899 Thread 0x000001a1986db4e0 flushing  nmethod 0x000001a191a2c190
Event: 7358.899 Thread 0x000001a1986db4e0 flushing  nmethod 0x000001a191a2c590
Event: 7358.899 Thread 0x000001a1986db4e0 flushing  nmethod 0x000001a191a2c990
Event: 7358.899 Thread 0x000001a1986db4e0 flushing  nmethod 0x000001a191a2ce90

Events (20 events):
Event: 6701.263 Thread 0x000001a1dee416b0 Thread exited: 0x000001a1dee416b0
Event: 6701.263 Thread 0x000001a1dee3f4a0 Thread exited: 0x000001a1dee3f4a0
Event: 7225.442 Thread 0x000001a19870de50 Thread added: 0x000001a198a27690
Event: 7230.762 Thread 0x000001a1dffbfd20 Thread added: 0x000001a1df44a800
Event: 7235.814 Thread 0x000001a198a27690 Thread exited: 0x000001a198a27690
Event: 7295.835 Thread 0x000001a1df44a800 Thread exited: 0x000001a1df44a800
Event: 7299.253 Thread 0x000001a1dffbf690 Thread added: 0x000001a1df449ae0
Event: 7314.692 Thread 0x000001a19870de50 Thread added: 0x000001a198a298a0
Event: 7319.725 Thread 0x000001a198a298a0 Thread exited: 0x000001a198a298a0
Event: 7320.827 Thread 0x000001a19870de50 Thread added: 0x000001a198a28b00
Event: 7320.827 Thread 0x000001a19870de50 Thread added: 0x000001a198a291d0
Event: 7324.361 Thread 0x000001a198a291d0 Thread exited: 0x000001a198a291d0
Event: 7329.370 Thread 0x000001a198a28b00 Thread exited: 0x000001a198a28b00
Event: 7443.351 Thread 0x000001a19870de50 Thread added: 0x000001a1dee3f4a0
Event: 7443.352 Thread 0x000001a19870de50 Thread added: 0x000001a1dee40240
Event: 7443.352 Thread 0x000001a19870de50 Thread added: 0x000001a1dee416b0
Event: 7450.674 Thread 0x000001a1dee416b0 Thread exited: 0x000001a1dee416b0
Event: 7450.749 Thread 0x000001a1dee40240 Thread exited: 0x000001a1dee40240
Event: 7450.804 Thread 0x000001a1dee3f4a0 Thread exited: 0x000001a1dee3f4a0
Event: 7659.820 Thread 0x000001a1df449ae0 Thread exited: 0x000001a1df449ae0


Dynamic libraries:
0x00007ff7cb090000 - 0x00007ff7cb09e000 	C:\Users\Glymin Terra Selasi\AppData\Roaming\Trae\User\globalStorage\pleiades.java-extension-pack-jdk\java\21\bin\java.exe
0x00007ffd38340000 - 0x00007ffd385a8000 	C:\WINDOWS\SYSTEM32\ntdll.dll
0x00007ffd37bb0000 - 0x00007ffd37c79000 	C:\WINDOWS\System32\KERNEL32.DLL
0x00007ffd354d0000 - 0x00007ffd358c2000 	C:\WINDOWS\System32\KERNELBASE.dll
0x00007ffd35e40000 - 0x00007ffd35f8b000 	C:\WINDOWS\System32\ucrtbase.dll
0x00007ffd32050000 - 0x00007ffd32068000 	C:\Users\Glymin Terra Selasi\AppData\Roaming\Trae\User\globalStorage\pleiades.java-extension-pack-jdk\java\21\bin\jli.dll
0x00007ffcff530000 - 0x00007ffcff54e000 	C:\Users\Glymin Terra Selasi\AppData\Roaming\Trae\User\globalStorage\pleiades.java-extension-pack-jdk\java\21\bin\VCRUNTIME140.dll
0x00007ffd37c80000 - 0x00007ffd37e45000 	C:\WINDOWS\System32\USER32.dll
0x00007ffd358d0000 - 0x00007ffd358f7000 	C:\WINDOWS\System32\win32u.dll
0x00007ffd1bbd0000 - 0x00007ffd1be63000 	C:\WINDOWS\WinSxS\amd64_microsoft.windows.common-controls_6595b64144ccf1df_6.0.26100.6899_none_3e0efeeae32e88c1\COMCTL32.dll
0x00007ffd37210000 - 0x00007ffd3723b000 	C:\WINDOWS\System32\GDI32.dll
0x00007ffd373e0000 - 0x00007ffd37489000 	C:\WINDOWS\System32\msvcrt.dll
0x00007ffd35900000 - 0x00007ffd35a2d000 	C:\WINDOWS\System32\gdi32full.dll
0x00007ffd35a30000 - 0x00007ffd35ad3000 	C:\WINDOWS\System32\msvcp_win.dll
0x00007ffd36a20000 - 0x00007ffd36a4f000 	C:\WINDOWS\System32\IMM32.DLL
0x00007ffd301f0000 - 0x00007ffd301fc000 	C:\Users\Glymin Terra Selasi\AppData\Roaming\Trae\User\globalStorage\pleiades.java-extension-pack-jdk\java\21\bin\vcruntime140_1.dll
0x00007ffceafb0000 - 0x00007ffceb03d000 	C:\Users\Glymin Terra Selasi\AppData\Roaming\Trae\User\globalStorage\pleiades.java-extension-pack-jdk\java\21\bin\msvcp140.dll
0x00007ffcb1360000 - 0x00007ffcb2100000 	C:\Users\Glymin Terra Selasi\AppData\Roaming\Trae\User\globalStorage\pleiades.java-extension-pack-jdk\java\21\bin\server\jvm.dll
0x00007ffd37a00000 - 0x00007ffd37ab4000 	C:\WINDOWS\System32\ADVAPI32.dll
0x00007ffd37f50000 - 0x00007ffd37ff6000 	C:\WINDOWS\System32\sechost.dll
0x00007ffd368a0000 - 0x00007ffd369b8000 	C:\WINDOWS\System32\RPCRT4.dll
0x00007ffd37b30000 - 0x00007ffd37ba4000 	C:\WINDOWS\System32\WS2_32.dll
0x00007ffd35330000 - 0x00007ffd3538e000 	C:\WINDOWS\SYSTEM32\POWRPROF.dll
0x00007ffd2dba0000 - 0x00007ffd2dbd5000 	C:\WINDOWS\SYSTEM32\WINMM.dll
0x00007ffd26c70000 - 0x00007ffd26c7b000 	C:\WINDOWS\SYSTEM32\VERSION.dll
0x00007ffd35310000 - 0x00007ffd35324000 	C:\WINDOWS\SYSTEM32\UMPDC.dll
0x00007ffd342a0000 - 0x00007ffd342bb000 	C:\WINDOWS\SYSTEM32\kernel.appcore.dll
0x00007ffcec7d0000 - 0x00007ffcec7da000 	C:\Users\Glymin Terra Selasi\AppData\Roaming\Trae\User\globalStorage\pleiades.java-extension-pack-jdk\java\21\bin\jimage.dll
0x00007ffd32b40000 - 0x00007ffd32d82000 	C:\WINDOWS\SYSTEM32\DBGHELP.DLL
0x00007ffd375f0000 - 0x00007ffd3796b000 	C:\WINDOWS\System32\combase.dll
0x00007ffd37240000 - 0x00007ffd37317000 	C:\WINDOWS\System32\OLEAUT32.dll
0x00007ffcf8180000 - 0x00007ffcf81bc000 	C:\WINDOWS\SYSTEM32\dbgcore.DLL
0x00007ffd35da0000 - 0x00007ffd35e38000 	C:\WINDOWS\System32\bcryptPrimitives.dll
0x00007ffceaf90000 - 0x00007ffceafb0000 	C:\Users\Glymin Terra Selasi\AppData\Roaming\Trae\User\globalStorage\pleiades.java-extension-pack-jdk\java\21\bin\java.dll
0x00007ffd36150000 - 0x00007ffd3689d000 	C:\WINDOWS\System32\SHELL32.dll
0x00007ffd35ae0000 - 0x00007ffd35c4b000 	C:\WINDOWS\System32\wintypes.dll
0x00007ffd33100000 - 0x00007ffd3395d000 	C:\WINDOWS\SYSTEM32\windows.storage.dll
0x00007ffd36ae0000 - 0x00007ffd36bd2000 	C:\WINDOWS\System32\SHCORE.dll
0x00007ffd37ac0000 - 0x00007ffd37b22000 	C:\WINDOWS\System32\shlwapi.dll
0x00007ffd353f0000 - 0x00007ffd35419000 	C:\WINDOWS\SYSTEM32\profapi.dll
0x00007ffcec7c0000 - 0x00007ffcec7d0000 	C:\Users\Glymin Terra Selasi\AppData\Roaming\Trae\User\globalStorage\pleiades.java-extension-pack-jdk\java\21\bin\net.dll
0x00007ffd272b0000 - 0x00007ffd273cf000 	C:\WINDOWS\SYSTEM32\WINHTTP.dll
0x00007ffd34810000 - 0x00007ffd3487b000 	C:\WINDOWS\system32\mswsock.dll
0x00007ffceaf70000 - 0x00007ffceaf86000 	C:\Users\Glymin Terra Selasi\AppData\Roaming\Trae\User\globalStorage\pleiades.java-extension-pack-jdk\java\21\bin\nio.dll
0x00007ffceaf50000 - 0x00007ffceaf68000 	C:\Users\Glymin Terra Selasi\AppData\Roaming\Trae\User\globalStorage\pleiades.java-extension-pack-jdk\java\21\bin\zip.dll
0x00007ffce7b40000 - 0x00007ffce7b4a000 	C:\Users\Glymin Terra Selasi\AppData\Roaming\Trae\User\globalStorage\pleiades.java-extension-pack-jdk\java\21\bin\management.dll
0x00007ffce4f50000 - 0x00007ffce4f5c000 	C:\Users\Glymin Terra Selasi\AppData\Roaming\Trae\User\globalStorage\pleiades.java-extension-pack-jdk\java\21\bin\management_ext.dll
0x00007ffd36a10000 - 0x00007ffd36a18000 	C:\WINDOWS\System32\PSAPI.DLL
0x00007ffcf2430000 - 0x00007ffcf243e000 	C:\Users\Glymin Terra Selasi\AppData\Roaming\Trae\User\globalStorage\pleiades.java-extension-pack-jdk\java\21\bin\sunmscapi.dll
0x00007ffd35f90000 - 0x00007ffd36107000 	C:\WINDOWS\System32\CRYPT32.dll
0x00007ffd34ce0000 - 0x00007ffd34d10000 	C:\WINDOWS\SYSTEM32\ncrypt.dll
0x00007ffd34c90000 - 0x00007ffd34ccf000 	C:\WINDOWS\SYSTEM32\NTASN1.dll
0x00007ffd34ac0000 - 0x00007ffd34adb000 	C:\WINDOWS\SYSTEM32\CRYPTSP.dll
0x00007ffd34200000 - 0x00007ffd3423b000 	C:\WINDOWS\system32\rsaenh.dll
0x00007ffd348b0000 - 0x00007ffd348db000 	C:\WINDOWS\SYSTEM32\USERENV.dll
0x00007ffd353c0000 - 0x00007ffd353e6000 	C:\WINDOWS\SYSTEM32\bcrypt.dll
0x00007ffd34ae0000 - 0x00007ffd34aec000 	C:\WINDOWS\SYSTEM32\CRYPTBASE.dll
0x00007ffd33cd0000 - 0x00007ffd33d04000 	C:\WINDOWS\SYSTEM32\IPHLPAPI.DLL
0x00007ffd38000000 - 0x00007ffd3800a000 	C:\WINDOWS\System32\NSI.dll
0x00007ffcebde0000 - 0x00007ffcebde9000 	C:\Users\Glymin Terra Selasi\AppData\Roaming\Trae\User\globalStorage\pleiades.java-extension-pack-jdk\java\21\bin\extnet.dll
0x00007ffcf0830000 - 0x00007ffcf0838000 	C:\WINDOWS\system32\wshunix.dll
0x00007ffceae40000 - 0x00007ffceae50000 	C:\Users\Glymin Terra Selasi\AppData\Roaming\Trae\User\globalStorage\pleiades.java-extension-pack-jdk\java\21\bin\verify.dll
0x00007ffd33d70000 - 0x00007ffd33e96000 	C:\WINDOWS\SYSTEM32\DNSAPI.dll
0x00007ffd2d9b0000 - 0x00007ffd2d9bb000 	C:\Windows\System32\rasadhlp.dll
0x00007ffd2f660000 - 0x00007ffd2f6e6000 	C:\WINDOWS\System32\fwpuclnt.dll
0x00007ffd14150000 - 0x00007ffd14330000 	C:\WINDOWS\system32\urlmon.dll
0x00007ffd13e50000 - 0x00007ffd14115000 	C:\WINDOWS\SYSTEM32\iertutil.dll
0x00007ffd33c20000 - 0x00007ffd33c2d000 	C:\WINDOWS\SYSTEM32\netutils.dll
0x00007ffd13e20000 - 0x00007ffd13e49000 	C:\WINDOWS\SYSTEM32\srvcli.dll

JVMTI agents: none

dbghelp: loaded successfully - version: 4.0.5 - missing functions: none
symbol engine: initialized successfully - sym options: 0x614 - pdb path: .;C:\Users\Glymin Terra Selasi\AppData\Roaming\Trae\User\globalStorage\pleiades.java-extension-pack-jdk\java\21\bin;C:\WINDOWS\SYSTEM32;C:\WINDOWS\WinSxS\amd64_microsoft.windows.common-controls_6595b64144ccf1df_6.0.26100.6899_none_3e0efeeae32e88c1;C:\Users\Glymin Terra Selasi\AppData\Roaming\Trae\User\globalStorage\pleiades.java-extension-pack-jdk\java\21\bin\server

VM Arguments:
jvm_args: -Dstdout.encoding=UTF-8 -Dstderr.encoding=UTF-8 -XX:TieredStopAtLevel=1 
java_command: com.mit.ticket_mgt_app.TicketMgtAppApplication
java_class_path (initial): C:\Users\Glymin Terra Selasi\tickets_main\ticket_mgt\target\classes;C:\Users\Glymin Terra Selasi\.m2\repository\ch\qos\logback\logback-classic\1.4.14\logback-classic-1.4.14.jar;C:\Users\Glymin Terra Selasi\.m2\repository\ch\qos\logback\logback-core\1.4.14\logback-core-1.4.14.jar;C:\Users\Glymin Terra Selasi\.m2\repository\org\apache\logging\log4j\log4j-to-slf4j\2.21.1\log4j-to-slf4j-2.21.1.jar;C:\Users\Glymin Terra Selasi\.m2\repository\org\apache\logging\log4j\log4j-api\2.21.1\log4j-api-2.21.1.jar;C:\Users\Glymin Terra Selasi\.m2\repository\org\slf4j\jul-to-slf4j\2.0.11\jul-to-slf4j-2.0.11.jar;C:\Users\Glymin Terra Selasi\.m2\repository\jakarta\annotation\jakarta.annotation-api\2.1.1\jakarta.annotation-api-2.1.1.jar;C:\Users\Glymin Terra Selasi\.m2\repository\org\yaml\snakeyaml\2.2\snakeyaml-2.2.jar;C:\Users\Glymin Terra Selasi\.m2\repository\org\apache\tomcat\embed\tomcat-embed-websocket\10.1.18\tomcat-embed-websocket-10.1.18.jar;C:\Users\Glymin Terra Selasi\.m2\repository\org\springframework\spring-web\6.1.3\spring-web-6.1.3.jar;C:\Users\Glymin Terra Selasi\.m2\repository\org\springframework\spring-beans\6.1.3\spring-beans-6.1.3.jar;C:\Users\Glymin Terra Selasi\.m2\repository\io\micrometer\micrometer-observation\1.12.2\micrometer-observation-1.12.2.jar;C:\Users\Glymin Terra Selasi\.m2\repository\io\micrometer\micrometer-commons\1.12.2\micrometer-commons-1.12.2.jar;C:\Users\Glymin Terra Selasi\.m2\repository\org\springframework\spring-webmvc\6.1.3\spring-webmvc-6.1.3.jar;C:\Users\Glymin Terra Selasi\.m2\repository\org\springframework\spring-aop\6.1.3\spring-aop-6.1.3.jar;C:\Users\Glymin Terra Selasi\.m2\repository\org\springframework\spring-context\6.1.3\spring-context-6.1.3.jar;C:\Users\Glymin Terra Selasi\.m2\repository\org\springframework\spring-expression\6.1.3\spring-expression-6.1.3.jar;C:\Users\Glymin Terra Selasi\.m2\repository\jakarta\activation\jakarta.activation-api\2.1.2\jakarta.activation-api-2.1.2.jar;C:\Users\Glymin Terra Selasi\.m2\repository\org\springframework\spring-core\6.1.3\spring-core-6.1.3.jar;C:\Users\Glymin Terra Selasi\.m2\repository\org\springframework\spring-jcl\6.1.3\spring-jcl-6.1.3.jar;C:\Users\Glymin Terra Selasi\.m2\repository\org\springframework\boot\spring-boot-devtools\3.2.2\spring-boot-devtools-3.2.2.jar;C:\Users\Glymin Terra Selasi\.m2\repository\org\springframework\boot\spring-boot\3.2.2\spring-boot-3.2.2.jar;C:\Users\Glymin Terra Selasi\.m2\repository\org\springframework\boot\spring-boot-autoconfigure\3.2.2\spring-boot-autoconfigure-3.2.2.jar;C:\Users\Glymin Terra Selasi\.m2\repository\com\fasterxml\jackson\datatype\jackson-datatype-jdk8\2.15.3\jackson-datatype-jdk8-2.15.3.jar;C:\Users\Glymin Terra Selasi\.m2\repository\com\fasterxml\jackson\datatype\jackson-datatype-jsr310\2.15.3\jackson-datatype-jsr310-2.15.3.jar;C:\Users\Glymin Terra Selasi\.m2\repository\com\fasterxml\jackson\module\jackson-module-parameter-names\2.15.3\jackson-module-parameter-names-2.15.3.jar;C:\Users\Glymin Terra Selasi\.m2\repository\com\fasterxml\jackson\core\jackson-databind\2.15.3\jackson-databind-2.15.3.jar;C:\Users\Glymin Terra Selasi\.m2\repository\com\fasterxml\jackson\core\jackson-annotations\2.15.3\jackson-annotations-2.15.3.jar;C:\Users\Glymin Terra Selasi\.m2\repository\com\fasterxml\jackson\core\jackson-core\2.15.3\jackson-core-2.15.3.jar;C:\Users\Glymin Terra Selasi\.m2\repository\jakarta\servlet\jsp\jstl\jakarta.servlet.jsp.jstl-api\3.0.0\jakarta.servlet.jsp.jstl-api-3.0.0.jar;C:\Users\Glymin Terra Selasi\.m2\repository\jakarta\servlet\jakarta.servlet-api\6.0.0\jakarta.servlet-api-6.0.0.jar;C:\Users\Glymin Terra Selasi\.m2\repository\jakarta\el\jakarta.el-api\5.0.0\jakarta.el-api-5.0.0.jar;C:\Users\Glymin Terra Selasi\.m2\repository\org\glassfish\web\jakarta.servlet.jsp.jstl\3.0.1\jakarta.servlet.jsp.jstl-3.0.1.jar;C:\Users\Glymin Terra Selasi\.m2\repository\org\apache\tomcat\embed\tomcat-embed-jasper\10.1.18\tomcat-embed-jasper-10.1.18.jar;C:\Users\Glymin Terra Selasi\.m2\repository\org\apache\tomcat\embed\tomcat-embed-core\10.1.18\tomcat-embed-core-10.1.18.jar;C:\Users\Glymin Terra Selasi\.m2\repository\org\apache\tomcat\tomcat-annotations-api\10.1.18\tomcat-annotations-api-10.1.18.jar;C:\Users\Glymin Terra Selasi\.m2\repository\org\apache\tomcat\embed\tomcat-embed-el\10.1.18\tomcat-embed-el-10.1.18.jar;C:\Users\Glymin Terra Selasi\.m2\repository\org\eclipse\jdt\ecj\3.33.0\ecj-3.33.0.jar;C:\Users\Glymin Terra Selasi\.m2\repository\org\codehaus\jettison\jettison\1.5.4\jettison-1.5.4.jar;C:\Users\Glymin Terra Selasi\.m2\repository\com\sun\jersey\jersey-client\1.19.4\jersey-client-1.19.4.jar;C:\Users\Glymin Terra Selasi\.m2\repository\com\sun\jersey\jersey-core\1.19.4\jersey-core-1.19.4.jar;C:\Users\Glymin Terra Selasi\.m2\repository\javax\ws\rs\jsr311-api\1.1.1\jsr311-api-1.1.1.jar;C:\Users\Glymin Terra Selasi\.m2\repository\org\apache\httpcomponents\httpclient\4.5.13\httpclient-4.5.13.jar;C:\Users\Glymin Terra Selasi\.m2\repository\org\apache\httpcomponents\httpcore\4.4.16\httpcore-4.4.16.jar;C:\Users\Glymin Terra Selasi\.m2\repository\commons-logging\commons-logging\1.2\commons-logging-1.2.jar;C:\Users\Glymin Terra Selasi\.m2\repository\commons-codec\commons-codec\1.16.0\commons-codec-1.16.0.jar;C:\Users\Glymin Terra Selasi\.m2\repository\org\apache\httpcomponents\httpmime\4.5.13\httpmime-4.5.13.jar;C:\Users\Glymin Terra Selasi\.m2\repository\com\google\code\gson\gson\2.10.1\gson-2.10.1.jar;C:\Users\Glymin Terra Selasi\.m2\repository\com\vividsolutions\jts-core\1.14.0\jts-core-1.14.0.jar;C:\Users\Glymin Terra Selasi\.m2\repository\com\vividsolutions\jts-io\1.14.0\jts-io-1.14.0.jar;C:\Users\Glymin Terra Selasi\.m2\repository\com\googlecode\json-simple\json-simple\1.1\json-simple-1.1.jar;C:\Users\Glymin Terra Selasi\.m2\repository\org\slf4j\slf4j-api\2.0.7\slf4j-api-2.0.7.jar;C:\Users\Glymin Terra Selasi\.m2\repository\io\github\cdimascio\dotenv-java\3.0.0\dotenv-java-3.0.0.jar;C:\Users\Glymin Terra Selasi\.m2\repository\org\springframework\spring-context-support\6.1.3\spring-context-support-6.1.3.jar;C:\Users\Glymin Terra Selasi\.m2\repository\org\eclipse\angus\jakarta.mail\2.0.2\jakarta.mail-2.0.2.jar;C:\Users\Glymin Terra Selasi\.m2\repository\org\eclipse\angus\angus-activation\2.0.1\angus-activation-2.0.1.jar;C:\Users\Glymin Terra Selasi\.m2\repository\com\zaxxer\HikariCP\5.0.1\HikariCP-5.0.1.jar;C:\Users\Glymin Terra Selasi\.m2\repository\org\springframework\spring-jdbc\6.1.3\spring-jdbc-6.1.3.jar;C:\Users\Glymin Terra Selasi\.m2\repository\org\springframework\spring-tx\6.1.3\spring-tx-6.1.3.jar;C:\Users\Glymin Terra Selasi\.m2\repository\com\h2database\h2\2.2.224\h2-2.2.224.jar
Launcher Type: SUN_STANDARD

[Global flags]
     intx CICompilerCount                          = 4                                         {product} {ergonomic}
     uint ConcGCThreads                            = 2                                         {product} {ergonomic}
     uint G1ConcRefinementThreads                  = 8                                         {product} {ergonomic}
   size_t G1HeapRegionSize                         = 1048576                                   {product} {ergonomic}
    uintx GCDrainStackTargetSize                   = 64                                        {product} {ergonomic}
   size_t InitialHeapSize                          = 130023424                                 {product} {ergonomic}
   size_t MarkStackSize                            = 4194304                                   {product} {ergonomic}
   size_t MaxHeapSize                              = 2080374784                                {product} {ergonomic}
   size_t MaxNewSize                               = 1247805440                                {product} {ergonomic}
   size_t MinHeapDeltaBytes                        = 1048576                                   {product} {ergonomic}
   size_t MinHeapSize                              = 8388608                                   {product} {ergonomic}
    uintx NonNMethodCodeHeapSize                   = 4096                                   {pd product} {ergonomic}
    uintx NonProfiledCodeHeapSize                  = 0                                      {pd product} {ergonomic}
     bool ProfileInterpreter                       = false                                  {pd product} {command line}
    uintx ProfiledCodeHeapSize                     = 0                                      {pd product} {ergonomic}
   size_t SoftMaxHeapSize                          = 2080374784                             {manageable} {ergonomic}
     intx TieredStopAtLevel                        = 1                                         {product} {command line}
     bool UseCompressedOops                        = true                           {product lp64_product} {ergonomic}
     bool UseG1GC                                  = true                                      {product} {ergonomic}
     bool UseLargePagesIndividualAllocation        = false                                  {pd product} {ergonomic}

Logging:
Log output configuration:
 #0: stdout all=warning uptime,level,tags foldmultilines=false
 #1: stderr all=off uptime,level,tags foldmultilines=false

Release file:
IMPLEMENTOR="Eclipse Adoptium" 
IMPLEMENTOR_VERSION="Temurin-21.0.10+7" 
JAVA_RUNTIME_VERSION="21.0.10+7-LTS" 
JAVA_VERSION="21.0.10" 
JAVA_VERSION_DATE="2026-01-20" 
LIBC="default" 
MODULES="java.base java.compiler java.datatransfer java.xml java.prefs java.desktop java.instrument java.logging java.management java.security.sasl java.naming java.rmi java.management.rmi java.net.http java.scripting java.security.jgss java.transaction.xa java.sql java.sql.rowset java.xml.crypto java.se java.smartcardio jdk.accessibility jdk.internal.jvmstat jdk.attach jdk.charsets jdk.internal.opt jdk.zipfs jdk.compiler jdk.crypto.ec jdk.crypto.cryptoki jdk.crypto.mscapi jdk.dynalink jdk.internal.ed jdk.editpad jdk.hotspot.agent jdk.httpserver jdk.incubator.vector jdk.internal.le jdk.internal.vm.ci jdk.internal.vm.compiler jdk.internal.vm.compiler.management jdk.jartool jdk.javadoc jdk.jcmd jdk.management jdk.management.agent jdk.jconsole jdk.jdeps jdk.jdwp.agent jdk.jdi jdk.jfr jdk.jlink jdk.jpackage jdk.jshell jdk.jsobject jdk.jstatd jdk.localedata jdk.management.jfr jdk.naming.dns jdk.naming.rmi jdk.net jdk.nio.mapmode jdk.random jdk.sctp jdk.security.auth jdk.security.jgss jdk.unsupported jdk.unsupported.desktop jdk.xml.dom" 
OS_ARCH="x86_64" 
OS_NAME="Windows" 
SOURCE=".:git:a633eafe0fcc" 
BUILD_SOURCE="git:458965074606f027bd5afce2cfd5c1055dea0438"
BUILD_SOURCE_REPO="https://github.com/adoptium/temurin-build.git"
SOURCE_REPO="https://github.com/adoptium/jdk21u.git"
FULL_VERSION="21.0.10+7-LTS"
SEMANTIC_VERSION="21.0.10+7"
BUILD_INFO="OS: Windows Server 2022 Version: 10.0"
JVM_VARIANT="Hotspot"
JVM_VERSION="21.0.10+7-LTS"
IMAGE_TYPE="JDK"

Environment Variables:
JAVA_HOME=C:\Users\Glymin Terra Selasi\AppData\Roaming\Trae\User\globalStorage\pleiades.java-extension-pack-jdk\java\21
JAVA_TOOL_OPTIONS=-Dstdout.encoding=UTF-8 -Dstderr.encoding=UTF-8
PATH=C:\Users\Glymin Terra Selasi\AppData\Roaming\Trae\User\globalStorage\pleiades.java-extension-pack-jdk\gradle\latest\bin;C:\Users\Glymin Terra Selasi\AppData\Roaming\Trae\User\globalStorage\pleiades.java-extension-pack-jdk\maven\latest\bin;C:\Users\Glymin Terra Selasi\AppData\Roaming\Trae\User\globalStorage\pleiades.java-extension-pack-jdk\java\21\bin;C:\Python312\Scripts\;C:\Python312\;C:\WINDOWS\system32;C:\WINDOWS;C:\WINDOWS\System32\Wbem;C:\WINDOWS\System32\WindowsPowerShell\v1.0\;C:\WINDOWS\System32\OpenSSH\;C:\Program Files\dotnet\;C:\ProgramData\chocolatey\bin;C:\Program Files (x86)\Microsoft SQL Server\160\Tools\Binn\;C:\Program Files\Microsoft SQL Server\160\Tools\Binn\;C:\Program Files\Microsoft SQL Server\Client SDK\ODBC\170\Tools\Binn\;C:\Program Files\Microsoft SQL Server\160\DTS\Binn\;C:\Program Files\php-8.3.12;C:\Program Files\php-8.3.12\php;C:\xampp\php;C:\Users\Glymin Terra Selasi\AppData\Local\Yarn\bin;C:\Program Files\PostgreSQL\15\bin;C:\Program Files\Git\cmd;C:\Program Files\jdk-23.0.1\bin;C:\Program Files\PostgreSQL\12\bin;C:\Program Files (x86)\cloudflared\;C:\Windows\System32;C:\composer;C:\Users\Glymin Terra Selasi\AppData\Roaming\npm;C:\Users\Glymin Terra Selasi\AppData\Roaming\nvm;C:\Program Files\nodejs;C:\xampp\mysql\bin;C:\Program Files\apache-maven-3.9.11\bin;C:\Python312\Scripts\;C:\Python312\;C:\WINDOWS\system32;C:\WINDOWS;C:\WINDOWS\System32\Wbem;C:\WINDOWS\System32\WindowsPowerShell\v1.0\;C:\WINDOWS\System32\OpenSSH\;C:\Program Files\dotnet\;C:\ProgramData\chocolatey\bin;C:\Program Files (x86)\Microsoft SQL Server\160\Tools\Binn\;C:\Program Files\Microsoft SQL Server\160\Tools\Binn\;C:\Program Files\Microsoft SQL Server\Client SDK\ODBC\170\Tools\Binn\;C:\Program Files\Microsoft SQL Server\160\DTS\Binn\;C:\Program Files (x86)\Microsoft SQL Server\160\DTS\Binn\;C:\Program Files\php-8.3.12;C:\Program Files\php-8.3.12\php;C:\xampp\php;C:\Users\Glymin Terra Selasi\AppData\Local\Yarn\bin;C:\Program Files\PostgreSQL\15\bin;C:\Program Files\Git\cmd;C:\Program Files\jdk-23.0.1\bin;C:\Program Files\PostgreSQL\12\bin;C:\Program Files (x86)\cloudflared\;C:\Windows\System32;C:\composer;C:\Users\Glymin Terra Selasi\AppData\Local\Microsoft\WindowsApps;C:\Users\Glymin Terra Selasi\AppData\Local\Programs\Microsoft VS Code\bin;C:\Users\Glymin Terra Sela;C:\Users\Glymin Terra Selasi\AppData\Roaming\npm;C:\Users\Glymin Terra Selasi\AppData\Roaming\nvm;C:\Program Files\nodejs;C:\Users\Glymin Terra Selasi\AppData\Local\Microsoft\WindowsApps;C:\Users\Glymin Terra Selasi\AppData\Local\Programs\Antigravity\bin;c:\Users\Glymin Terra Selasi\.trae\extensions\vscjava.vscode-java-debug-0.58.5-universal\bundled\scripts\noConfigScripts
USERNAME=Glymin Terra Selasi
LANG=en_US.UTF-8
OS=Windows_NT
PROCESSOR_IDENTIFIER=Intel64 Family 6 Model 140 Stepping 1, GenuineIntel
TMP=C:\Users\GLYMIN~1\AppData\Local\Temp
TEMP=C:\Users\GLYMIN~1\AppData\Local\Temp




Periodic native trim disabled

---------------  S Y S T E M  ---------------

OS:
 Windows 11 , 64 bit Build 26100 (10.0.26100.6725)
OS uptime: 0 days 3:23 hours
Hyper-V role detected

CPU: total 8 (initial active 8) (4 cores per cpu, 2 threads per core) family 6 model 140 stepping 1 microcode 0xbe, cx8, cmov, fxsr, ht, mmx, 3dnowpref, sse, sse2, sse3, ssse3, sse4.1, sse4.2, popcnt, lzcnt, tsc, tscinvbit, avx, avx2, aes, erms, clmul, bmi1, bmi2, adx, avx512f, avx512dq, avx512cd, avx512bw, avx512vl, sha, fma, vzeroupper, avx512_vpopcntdq, avx512_vpclmulqdq, avx512_vaes, avx512_vnni, clflush, clflushopt, clwb, avx512_vbmi2, avx512_vbmi, hv, rdtscp, rdpid, fsrm, gfni, avx512_bitalg, f16c, cet_ibt, cet_ss, avx512_ifma
Processor Information for the first 8 processors :
  Max Mhz: 2419, Current Mhz: 2419, Mhz Limit: 2419

Memory: 4k page, system-wide physical 7934M (492M free)
TotalPageFile size 25168M (AvailPageFile size 43M)
current process WorkingSet (physical memory assigned to process): 24M, peak: 312M
current process commit charge ("private bytes"): 366M, peak: 483M

vm_info: OpenJDK 64-Bit Server VM (21.0.9+10-LTS) for windows-amd64 JRE (21.0.9+10-LTS), built on 2025-10-21T00:00:00Z by "admin" with unknown MS VC++:1942

END.
