#
# There is insufficient memory for the Java Runtime Environment to continue.
# Native memory allocation (malloc) failed to allocate 2097152 bytes. Error detail: AllocateHeap
# Possible reasons:
#   The system is out of physical RAM or swap space
#   This process is running with CompressedOops enabled, and the Java Heap may be blocking the growth of the native heap
# Possible solutions:
#   Reduce memory load on the system
#   Increase physical memory or swap space
#   Check if swap backing store is full
#   Decrease Java heap size (-Xmx/-Xms)
#   Decrease number of Java threads
#   Decrease Java thread stack sizes (-Xss)
#   Set larger code cache with -XX:ReservedCodeCacheSize=
#   JVM is running with Unscaled Compressed Oops mode in which the Java heap is
#     placed in the first 4GB address space. The Java Heap base address is the
#     maximum limit for the native heap growth. Please use -XX:HeapBaseMinAddress
#     to set the Java Heap base and to place the Java Heap above 4GB virtual address.
# This output file may be truncated or incomplete.
#
#  Out of Memory Error (allocation.cpp:44), pid=28480, tid=9844
#
# JRE version: OpenJDK Runtime Environment Temurin-21.0.9+10 (21.0.9+10) (build 21.0.9+10-LTS)
# Java VM: OpenJDK 64-Bit Server VM Temurin-21.0.9+10 (21.0.9+10-LTS, mixed mode, emulated-client, sharing, tiered, compressed oops, compressed class ptrs, g1 gc, windows-amd64)
# No core dump will be written. Minidumps are not enabled by default on client versions of Windows
#

---------------  S U M M A R Y ------------

Command Line: -Dsts.lsp.client=vscode -Dsts.log.file=/dev/null -XX:TieredStopAtLevel=1 -Xlog:jni+resolve=off -Dspring.config.location=file:c:\Users\Glymin Terra Selasi\.trae\extensions\pivotal.vscode-spring-boot-1.43.0-universal\language-server\BOOT-INF\classes\application.properties org.springframework.ide.vscode.boot.app.BootLanguageServerBootApp

Host: 11th Gen Intel(R) Core(TM) i5-1135G7 @ 2.40GHz, 8 cores, 7G,  Windows 11 , 64 bit Build 26100 (10.0.26100.6725)
Time: Mon Feb 23 12:46:20 2026 Greenwich Standard Time elapsed time: 1422.744978 seconds (0d 0h 23m 42s)

---------------  T H R E A D  ---------------

Current thread (0x00000204e6204b00):  VMThread "VM Thread"          [id=9844, stack(0x0000003def400000,0x0000003def500000) (1024K)]

Stack: [0x0000003def400000,0x0000003def500000]
Native frames: (J=compiled Java code, j=interpreted, Vv=VM code, C=native code)
V  [jvm.dll+0x6d6e29]
V  [jvm.dll+0x8b4b76]
V  [jvm.dll+0x8b712e]
V  [jvm.dll+0x8b7813]
V  [jvm.dll+0x283d86]
V  [jvm.dll+0xc1277]
V  [jvm.dll+0x34f35e]
V  [jvm.dll+0x349b4e]
V  [jvm.dll+0x332487]
V  [jvm.dll+0x3746f4]
V  [jvm.dll+0x8bd500]
V  [jvm.dll+0x8be8a4]
V  [jvm.dll+0x8bede0]
V  [jvm.dll+0x8bf083]
V  [jvm.dll+0x85e9ad]
V  [jvm.dll+0x6d565d]
C  [ucrtbase.dll+0x37b0]
C  [KERNEL32.DLL+0x2e8d7]
C  [ntdll.dll+0x8c53c]

VM_Operation (0x0000003defcfeca0): G1CollectFull, mode: safepoint, requested by thread 0x00000204eb046c40


---------------  P R O C E S S  ---------------

Threads class SMR info:
_java_thread_list=0x00000204f554f070, length=28, elements={
0x00000204e62269f0, 0x00000204e6228160, 0x00000204e622b8e0, 0x00000204e622c330,
0x00000204e622cd80, 0x00000204e622eb00, 0x00000204e6230270, 0x00000204e63efdb0,
0x00000204e63f6d10, 0x00000204eb78f540, 0x00000204eb046c40, 0x00000204eb0472a0,
0x00000204dae2c740, 0x00000204eb0b6aa0, 0x00000204e62a0e10, 0x00000204eb9f9e00,
0x00000204eb8a5fd0, 0x00000204eb1161e0, 0x00000204eba746c0, 0x00000204eba74d50,
0x00000204eba753e0, 0x00000204eba73310, 0x00000204ebc84ed0, 0x00000204ebc86910,
0x00000204ec6cfc30, 0x00000204ec6d1670, 0x00000204ec6ce1f0, 0x00000204ec6d30b0
}

Java Threads: ( => current thread )
  0x00000204e62269f0 JavaThread "Reference Handler"          daemon [_thread_blocked, id=8048, stack(0x0000003def500000,0x0000003def600000) (1024K)]
  0x00000204e6228160 JavaThread "Finalizer"                  daemon [_thread_blocked, id=9248, stack(0x0000003def600000,0x0000003def700000) (1024K)]
  0x00000204e622b8e0 JavaThread "Signal Dispatcher"          daemon [_thread_blocked, id=23348, stack(0x0000003def700000,0x0000003def800000) (1024K)]
  0x00000204e622c330 JavaThread "Attach Listener"            daemon [_thread_blocked, id=27768, stack(0x0000003def800000,0x0000003def900000) (1024K)]
  0x00000204e622cd80 JavaThread "Service Thread"             daemon [_thread_blocked, id=10828, stack(0x0000003def900000,0x0000003defa00000) (1024K)]
  0x00000204e622eb00 JavaThread "Monitor Deflation Thread"   daemon [_thread_blocked, id=13424, stack(0x0000003defa00000,0x0000003defb00000) (1024K)]
  0x00000204e6230270 JavaThread "C1 CompilerThread0"         daemon [_thread_blocked, id=25064, stack(0x0000003defb00000,0x0000003defc00000) (1024K)]
  0x00000204e63efdb0 JavaThread "Notification Thread"        daemon [_thread_blocked, id=27232, stack(0x0000003deff00000,0x0000003df0000000) (1024K)]
  0x00000204e63f6d10 JavaThread "Common-Cleaner"             daemon [_thread_blocked, id=5472, stack(0x0000003df0000000,0x0000003df0100000) (1024K)]
  0x00000204eb78f540 JavaThread "boundedElastic-evictor-1"   daemon [_thread_blocked, id=3408, stack(0x0000003df0400000,0x0000003df0500000) (1024K)]
  0x00000204eb046c40 JavaThread "pool-11-thread-1"                  [_thread_blocked, id=16708, stack(0x0000003defc00000,0x0000003defd00000) (1024K)]
  0x00000204eb0472a0 JavaThread "LanguageServerApp-lifecycle"        [_thread_blocked, id=25192, stack(0x0000003df0800000,0x0000003df0900000) (1024K)]
  0x00000204dae2c740 JavaThread "DestroyJavaVM"                     [_thread_blocked, id=23392, stack(0x0000003deed00000,0x0000003deee00000) (1024K)]
  0x00000204eb0b6aa0 JavaThread "pool-12-thread-1"                  [_thread_in_native, id=17128, stack(0x0000003df0900000,0x0000003df0a00000) (1024K)]
  0x00000204e62a0e10 JavaThread "Simple-Language-Server main thread" daemon [_thread_blocked, id=9672, stack(0x0000003deea00000,0x0000003deeb00000) (1024K)]
  0x00000204eb9f9e00 JavaThread "parallel-1"                 daemon [_thread_blocked, id=26864, stack(0x0000003deeb00000,0x0000003deec00000) (1024K)]
  0x00000204eb8a5fd0 JavaThread "pool-8-thread-1"                   [_thread_blocked, id=688, stack(0x0000003deec00000,0x0000003deed00000) (1024K)]
  0x00000204eb1161e0 JavaThread "parallel-2"                 daemon [_thread_blocked, id=1660, stack(0x0000003df0a00000,0x0000003df0b00000) (1024K)]
  0x00000204eba746c0 JavaThread "parallel-3"                 daemon [_thread_blocked, id=22308, stack(0x0000003df0b00000,0x0000003df0c00000) (1024K)]
  0x00000204eba74d50 JavaThread "parallel-4"                 daemon [_thread_blocked, id=23592, stack(0x0000003df0c00000,0x0000003df0d00000) (1024K)]
  0x00000204eba753e0 JavaThread "parallel-5"                 daemon [_thread_blocked, id=19564, stack(0x0000003df0d00000,0x0000003df0e00000) (1024K)]
  0x00000204eba73310 JavaThread "Reconciler-1"               daemon [_thread_blocked, id=21896, stack(0x0000003df0f00000,0x0000003df1000000) (1024K)]
  0x00000204ebc84ed0 JavaThread "pool-6-thread-1"                   [_thread_blocked, id=3952, stack(0x0000003df1200000,0x0000003df1300000) (1024K)]
  0x00000204ebc86910 JavaThread "pool-10-thread-1"                  [_thread_blocked, id=20552, stack(0x0000003df2100000,0x0000003df2200000) (1024K)]
  0x00000204ec6cfc30 JavaThread "parallel-6"                 daemon [_thread_blocked, id=22572, stack(0x0000003df1400000,0x0000003df1500000) (1024K)]
  0x00000204ec6d1670 JavaThread "parallel-7"                 daemon [_thread_blocked, id=23724, stack(0x0000003df1500000,0x0000003df1600000) (1024K)]
  0x00000204ec6ce1f0 JavaThread "parallel-8"                 daemon [_thread_blocked, id=25104, stack(0x0000003df1600000,0x0000003df1700000) (1024K)]
  0x00000204ec6d30b0 JavaThread "pool-10-thread-2"                  [_thread_blocked, id=25284, stack(0x0000003df1900000,0x0000003df1a00000) (1024K)]
Total: 28

Other Threads:
=>0x00000204e6204b00 VMThread "VM Thread"                           [id=9844, stack(0x0000003def400000,0x0000003def500000) (1024K)]
  0x00000204e61f2cf0 WatcherThread "VM Periodic Task Thread"        [id=27324, stack(0x0000003def300000,0x0000003def400000) (1024K)]
  0x00000204dae82cd0 WorkerThread "GC Thread#0"                     [id=29708, stack(0x0000003deee00000,0x0000003deef00000) (1024K)]
  0x00000204e6dc6740 WorkerThread "GC Thread#1"                     [id=10820, stack(0x0000003defe00000,0x0000003deff00000) (1024K)]
  0x00000204e6bf7b90 WorkerThread "GC Thread#2"                     [id=20576, stack(0x0000003df0100000,0x0000003df0200000) (1024K)]
  0x00000204e6c45650 WorkerThread "GC Thread#3"                     [id=21984, stack(0x0000003df0200000,0x0000003df0300000) (1024K)]
  0x00000204e6c459f0 WorkerThread "GC Thread#4"                     [id=23464, stack(0x0000003df0300000,0x0000003df0400000) (1024K)]
  0x00000204e6c42db0 WorkerThread "GC Thread#5"                     [id=7348, stack(0x0000003df0500000,0x0000003df0600000) (1024K)]
  0x00000204eb0e8a20 WorkerThread "GC Thread#6"                     [id=31452, stack(0x0000003df0600000,0x0000003df0700000) (1024K)]
  0x00000204eb0e7200 WorkerThread "GC Thread#7"                     [id=26284, stack(0x0000003df0700000,0x0000003df0800000) (1024K)]
  0x00000204dae933b0 ConcurrentGCThread "G1 Main Marker"            [id=27608, stack(0x0000003deef00000,0x0000003def000000) (1024K)]
  0x00000204dae94c30 WorkerThread "G1 Conc#0"                       [id=29868, stack(0x0000003def000000,0x0000003def100000) (1024K)]
  0x00000204eb59f050 WorkerThread "G1 Conc#1"                       [id=26192, stack(0x0000003defd00000,0x0000003defe00000) (1024K)]
  0x00000204e60c2110 ConcurrentGCThread "G1 Refine#0"               [id=11648, stack(0x0000003def100000,0x0000003def200000) (1024K)]
  0x00000204e60c6670 ConcurrentGCThread "G1 Service"                [id=27140, stack(0x0000003def200000,0x0000003def300000) (1024K)]
Total: 15

Threads with active compile tasks:
Total: 0

VM state: at safepoint (normal execution)

VM Mutex/Monitor currently owned by a thread:  ([mutex/lock_event])
[0x00007ffc9650d570] Threads_lock - owner thread: 0x00000204e6204b00
[0x00007ffc9650d670] Heap_lock - owner thread: 0x00000204eb046c40

Heap address: 0x0000000084000000, size: 1984 MB, Compressed Oops mode: 32-bit

CDS archive(s) mapped at: [0x0000020480000000-0x0000020480ba0000-0x0000020480ba0000), size 12189696, SharedBaseAddress: 0x0000020480000000, ArchiveRelocationMode: 1.
Compressed class space mapped at: 0x0000020481000000-0x00000204c1000000, reserved size: 1073741824
Narrow klass base: 0x0000020480000000, Narrow klass shift: 0, Narrow klass range: 0x100000000

GC Precious Log:
 CardTable entry size: 512
 Card Set container configuration: InlinePtr #cards 5 size 8 Array Of Cards #cards 12 size 40 Howl #buckets 4 coarsen threshold 1843 Howl Bitmap #cards 512 size 80 coarsen threshold 460 Card regions per heap region 1 cards per card region 2048
 CPUs: 8 total, 8 available
 Memory: 7934M
 Large Page Support: Disabled
 NUMA Support: Disabled
 Compressed Oops: Enabled (32-bit)
 Heap Region Size: 1M
 Heap Min Capacity: 8M
 Heap Initial Capacity: 124M
 Heap Max Capacity: 1984M
 Pre-touch: Disabled
 Parallel Workers: 8
 Concurrent Workers: 2
 Concurrent Refinement Workers: 8
 Periodic GC: Disabled

Heap:
 garbage-first heap   total 130048K, used 38033K [0x0000000084000000, 0x0000000100000000)
  region size 1024K, 1 young (1024K), 0 survivors (0K)
 Metaspace       used 58726K, committed 59776K, reserved 1114112K
  class space    used 8096K, committed 8512K, reserved 1048576K

Heap Regions: E=young(eden), S=young(survivor), O=old, HS=humongous(starts), HC=humongous(continues), CS=collection set, F=free, TAMS=top-at-mark-start, PB=parsable bottom
|   0|0x0000000084000000, 0x00000000840ffff8, 0x0000000084100000| 99%| O|  |TAMS 0x0000000084000000| PB 0x0000000084000000| Untracked 
|   1|0x0000000084100000, 0x00000000841fffb0, 0x0000000084200000| 99%| O|  |TAMS 0x0000000084100000| PB 0x0000000084100000| Untracked 
|   2|0x0000000084200000, 0x00000000842ffff8, 0x0000000084300000| 99%| O|  |TAMS 0x0000000084200000| PB 0x0000000084200000| Untracked 
|   3|0x0000000084300000, 0x0000000084400000, 0x0000000084400000|100%| O|  |TAMS 0x0000000084300000| PB 0x0000000084300000| Untracked 
|   4|0x0000000084400000, 0x0000000084500000, 0x0000000084500000|100%| O|  |TAMS 0x0000000084400000| PB 0x0000000084400000| Untracked 
|   5|0x0000000084500000, 0x0000000084600000, 0x0000000084600000|100%| O|  |TAMS 0x0000000084500000| PB 0x0000000084500000| Untracked 
|   6|0x0000000084600000, 0x0000000084700000, 0x0000000084700000|100%| O|  |TAMS 0x0000000084600000| PB 0x0000000084600000| Untracked 
|   7|0x0000000084700000, 0x00000000847fa4e0, 0x0000000084800000| 97%| O|  |TAMS 0x0000000084700000| PB 0x0000000084700000| Untracked 
|   8|0x0000000084800000, 0x0000000084900000, 0x0000000084900000|100%| O|  |TAMS 0x0000000084800000| PB 0x0000000084800000| Untracked 
|   9|0x0000000084900000, 0x00000000849f9f50, 0x0000000084a00000| 97%| O|  |TAMS 0x0000000084900000| PB 0x0000000084900000| Untracked 
|  10|0x0000000084a00000, 0x0000000084afffe8, 0x0000000084b00000| 99%| O|  |TAMS 0x0000000084a00000| PB 0x0000000084a00000| Untracked 
|  11|0x0000000084b00000, 0x0000000084bfffe8, 0x0000000084c00000| 99%| O|  |TAMS 0x0000000084b00000| PB 0x0000000084b00000| Untracked 
|  12|0x0000000084c00000, 0x0000000084d00000, 0x0000000084d00000|100%| O|  |TAMS 0x0000000084c00000| PB 0x0000000084c00000| Untracked 
|  13|0x0000000084d00000, 0x0000000084e00000, 0x0000000084e00000|100%| O|  |TAMS 0x0000000084d00000| PB 0x0000000084d00000| Untracked 
|  14|0x0000000084e00000, 0x0000000084efffd0, 0x0000000084f00000| 99%| O|  |TAMS 0x0000000084e00000| PB 0x0000000084e00000| Untracked 
|  15|0x0000000084f00000, 0x0000000085000000, 0x0000000085000000|100%| O|  |TAMS 0x0000000084f00000| PB 0x0000000084f00000| Untracked 
|  16|0x0000000085000000, 0x00000000850fffe0, 0x0000000085100000| 99%| O|  |TAMS 0x0000000085000000| PB 0x0000000085000000| Untracked 
|  17|0x0000000085100000, 0x00000000851ffe30, 0x0000000085200000| 99%| O|  |TAMS 0x0000000085100000| PB 0x0000000085100000| Untracked 
|  18|0x0000000085200000, 0x00000000852fffe0, 0x0000000085300000| 99%| O|  |TAMS 0x0000000085200000| PB 0x0000000085200000| Untracked 
|  19|0x0000000085300000, 0x00000000853fffe8, 0x0000000085400000| 99%| O|  |TAMS 0x0000000085300000| PB 0x0000000085300000| Untracked 
|  20|0x0000000085400000, 0x00000000854fffc8, 0x0000000085500000| 99%| O|  |TAMS 0x0000000085400000| PB 0x0000000085400000| Untracked 
|  21|0x0000000085500000, 0x00000000855ffff8, 0x0000000085600000| 99%| O|  |TAMS 0x0000000085500000| PB 0x0000000085500000| Untracked 
|  22|0x0000000085600000, 0x00000000856fffc0, 0x0000000085700000| 99%| O|  |TAMS 0x0000000085600000| PB 0x0000000085600000| Untracked 
|  23|0x0000000085700000, 0x00000000857ffff0, 0x0000000085800000| 99%| O|  |TAMS 0x0000000085700000| PB 0x0000000085700000| Untracked 
|  24|0x0000000085800000, 0x00000000858fffe8, 0x0000000085900000| 99%| O|  |TAMS 0x0000000085800000| PB 0x0000000085800000| Untracked 
|  25|0x0000000085900000, 0x00000000859fffd0, 0x0000000085a00000| 99%| O|  |TAMS 0x0000000085900000| PB 0x0000000085900000| Untracked 
|  26|0x0000000085a00000, 0x0000000085afe168, 0x0000000085b00000| 99%| O|  |TAMS 0x0000000085a00000| PB 0x0000000085a00000| Untracked 
|  27|0x0000000085b00000, 0x0000000085bffff8, 0x0000000085c00000| 99%| O|  |TAMS 0x0000000085b00000| PB 0x0000000085b00000| Untracked 
|  28|0x0000000085c00000, 0x0000000085cffff8, 0x0000000085d00000| 99%| O|  |TAMS 0x0000000085c00000| PB 0x0000000085c00000| Untracked 
|  29|0x0000000085d00000, 0x0000000085dfffc8, 0x0000000085e00000| 99%| O|  |TAMS 0x0000000085d00000| PB 0x0000000085d00000| Untracked 
|  30|0x0000000085e00000, 0x0000000085f00000, 0x0000000085f00000|100%| O|  |TAMS 0x0000000085e00000| PB 0x0000000085e00000| Untracked 
|  31|0x0000000085f00000, 0x0000000085ffffd0, 0x0000000086000000| 99%| O|  |TAMS 0x0000000085f00000| PB 0x0000000085f00000| Untracked 
|  32|0x0000000086000000, 0x00000000860ff230, 0x0000000086100000| 99%| O|  |TAMS 0x0000000086000000| PB 0x0000000086000000| Untracked 
|  33|0x0000000086100000, 0x0000000086200000, 0x0000000086200000|100%| O|  |TAMS 0x0000000086100000| PB 0x0000000086100000| Untracked 
|  34|0x0000000086200000, 0x0000000086300000, 0x0000000086300000|100%| O|  |TAMS 0x0000000086200000| PB 0x0000000086200000| Untracked 
|  35|0x0000000086300000, 0x00000000863453a8, 0x0000000086400000| 27%| O|  |TAMS 0x0000000086300000| PB 0x0000000086300000| Untracked 
|  36|0x0000000086400000, 0x00000000864ff7b8, 0x0000000086500000| 99%| O|  |TAMS 0x0000000086400000| PB 0x0000000086400000| Untracked 
|  37|0x0000000086500000, 0x00000000865cf4f8, 0x0000000086600000| 80%| O|  |TAMS 0x0000000086500000| PB 0x0000000086500000| Untracked 
|  38|0x0000000086600000, 0x000000008661f1c0, 0x0000000086700000| 12%| O|  |TAMS 0x0000000086600000| PB 0x0000000086600000| Untracked 
|  39|0x0000000086700000, 0x0000000086700000, 0x0000000086800000|  0%| F|  |TAMS 0x0000000086700000| PB 0x0000000086700000| Untracked 
|  40|0x0000000086800000, 0x0000000086800000, 0x0000000086900000|  0%| F|  |TAMS 0x0000000086800000| PB 0x0000000086800000| Untracked 
|  41|0x0000000086900000, 0x0000000086900000, 0x0000000086a00000|  0%| F|  |TAMS 0x0000000086900000| PB 0x0000000086900000| Untracked 
|  42|0x0000000086a00000, 0x0000000086a00000, 0x0000000086b00000|  0%| F|  |TAMS 0x0000000086a00000| PB 0x0000000086a00000| Untracked 
|  43|0x0000000086b00000, 0x0000000086b00000, 0x0000000086c00000|  0%| F|  |TAMS 0x0000000086b00000| PB 0x0000000086b00000| Untracked 
|  44|0x0000000086c00000, 0x0000000086c00000, 0x0000000086d00000|  0%| F|  |TAMS 0x0000000086c00000| PB 0x0000000086c00000| Untracked 
|  45|0x0000000086d00000, 0x0000000086d00000, 0x0000000086e00000|  0%| F|  |TAMS 0x0000000086d00000| PB 0x0000000086d00000| Untracked 
|  46|0x0000000086e00000, 0x0000000086e00000, 0x0000000086f00000|  0%| F|  |TAMS 0x0000000086e00000| PB 0x0000000086e00000| Untracked 
|  47|0x0000000086f00000, 0x0000000086f00000, 0x0000000087000000|  0%| F|  |TAMS 0x0000000086f00000| PB 0x0000000086f00000| Untracked 
|  48|0x0000000087000000, 0x0000000087000000, 0x0000000087100000|  0%| F|  |TAMS 0x0000000087000000| PB 0x0000000087000000| Untracked 
|  49|0x0000000087100000, 0x0000000087100000, 0x0000000087200000|  0%| F|  |TAMS 0x0000000087100000| PB 0x0000000087100000| Untracked 
|  50|0x0000000087200000, 0x0000000087200000, 0x0000000087300000|  0%| F|  |TAMS 0x0000000087200000| PB 0x0000000087200000| Untracked 
|  51|0x0000000087300000, 0x0000000087300000, 0x0000000087400000|  0%| F|  |TAMS 0x0000000087300000| PB 0x0000000087300000| Untracked 
|  52|0x0000000087400000, 0x0000000087400000, 0x0000000087500000|  0%| F|  |TAMS 0x0000000087400000| PB 0x0000000087400000| Untracked 
|  53|0x0000000087500000, 0x0000000087500000, 0x0000000087600000|  0%| F|  |TAMS 0x0000000087500000| PB 0x0000000087500000| Untracked 
|  54|0x0000000087600000, 0x0000000087600000, 0x0000000087700000|  0%| F|  |TAMS 0x0000000087600000| PB 0x0000000087600000| Untracked 
|  55|0x0000000087700000, 0x0000000087700000, 0x0000000087800000|  0%| F|  |TAMS 0x0000000087700000| PB 0x0000000087700000| Untracked 
|  56|0x0000000087800000, 0x0000000087800000, 0x0000000087900000|  0%| F|  |TAMS 0x0000000087800000| PB 0x0000000087800000| Untracked 
|  57|0x0000000087900000, 0x0000000087900000, 0x0000000087a00000|  0%| F|  |TAMS 0x0000000087900000| PB 0x0000000087900000| Untracked 
|  58|0x0000000087a00000, 0x0000000087a00000, 0x0000000087b00000|  0%| F|  |TAMS 0x0000000087a00000| PB 0x0000000087a00000| Untracked 
|  59|0x0000000087b00000, 0x0000000087b00000, 0x0000000087c00000|  0%| F|  |TAMS 0x0000000087b00000| PB 0x0000000087b00000| Untracked 
|  60|0x0000000087c00000, 0x0000000087c00000, 0x0000000087d00000|  0%| F|  |TAMS 0x0000000087c00000| PB 0x0000000087c00000| Untracked 
|  61|0x0000000087d00000, 0x0000000087d00000, 0x0000000087e00000|  0%| F|  |TAMS 0x0000000087d00000| PB 0x0000000087d00000| Untracked 
|  62|0x0000000087e00000, 0x0000000087e00000, 0x0000000087f00000|  0%| F|  |TAMS 0x0000000087e00000| PB 0x0000000087e00000| Untracked 
|  63|0x0000000087f00000, 0x0000000087f00000, 0x0000000088000000|  0%| F|  |TAMS 0x0000000087f00000| PB 0x0000000087f00000| Untracked 
|  64|0x0000000088000000, 0x0000000088000000, 0x0000000088100000|  0%| F|  |TAMS 0x0000000088000000| PB 0x0000000088000000| Untracked 
|  65|0x0000000088100000, 0x0000000088100000, 0x0000000088200000|  0%| F|  |TAMS 0x0000000088100000| PB 0x0000000088100000| Untracked 
|  66|0x0000000088200000, 0x0000000088200000, 0x0000000088300000|  0%| F|  |TAMS 0x0000000088200000| PB 0x0000000088200000| Untracked 
|  67|0x0000000088300000, 0x0000000088300000, 0x0000000088400000|  0%| F|  |TAMS 0x0000000088300000| PB 0x0000000088300000| Untracked 
|  68|0x0000000088400000, 0x0000000088400000, 0x0000000088500000|  0%| F|  |TAMS 0x0000000088400000| PB 0x0000000088400000| Untracked 
|  69|0x0000000088500000, 0x0000000088500000, 0x0000000088600000|  0%| F|  |TAMS 0x0000000088500000| PB 0x0000000088500000| Untracked 
|  70|0x0000000088600000, 0x0000000088600000, 0x0000000088700000|  0%| F|  |TAMS 0x0000000088600000| PB 0x0000000088600000| Untracked 
|  71|0x0000000088700000, 0x0000000088700000, 0x0000000088800000|  0%| F|  |TAMS 0x0000000088700000| PB 0x0000000088700000| Untracked 
|  72|0x0000000088800000, 0x0000000088800000, 0x0000000088900000|  0%| F|  |TAMS 0x0000000088800000| PB 0x0000000088800000| Untracked 
|  73|0x0000000088900000, 0x0000000088900000, 0x0000000088a00000|  0%| F|  |TAMS 0x0000000088900000| PB 0x0000000088900000| Untracked 
|  74|0x0000000088a00000, 0x0000000088a00000, 0x0000000088b00000|  0%| F|  |TAMS 0x0000000088a00000| PB 0x0000000088a00000| Untracked 
|  75|0x0000000088b00000, 0x0000000088b00000, 0x0000000088c00000|  0%| F|  |TAMS 0x0000000088b00000| PB 0x0000000088b00000| Untracked 
|  76|0x0000000088c00000, 0x0000000088c00000, 0x0000000088d00000|  0%| F|  |TAMS 0x0000000088c00000| PB 0x0000000088c00000| Untracked 
|  77|0x0000000088d00000, 0x0000000088d00000, 0x0000000088e00000|  0%| F|  |TAMS 0x0000000088d00000| PB 0x0000000088d00000| Untracked 
|  78|0x0000000088e00000, 0x0000000088e00000, 0x0000000088f00000|  0%| F|  |TAMS 0x0000000088e00000| PB 0x0000000088e00000| Untracked 
|  79|0x0000000088f00000, 0x0000000088f00000, 0x0000000089000000|  0%| F|  |TAMS 0x0000000088f00000| PB 0x0000000088f00000| Untracked 
|  80|0x0000000089000000, 0x0000000089000000, 0x0000000089100000|  0%| F|  |TAMS 0x0000000089000000| PB 0x0000000089000000| Untracked 
|  81|0x0000000089100000, 0x0000000089100000, 0x0000000089200000|  0%| F|  |TAMS 0x0000000089100000| PB 0x0000000089100000| Untracked 
|  82|0x0000000089200000, 0x0000000089200000, 0x0000000089300000|  0%| F|  |TAMS 0x0000000089200000| PB 0x0000000089200000| Untracked 
|  83|0x0000000089300000, 0x0000000089300000, 0x0000000089400000|  0%| F|  |TAMS 0x0000000089300000| PB 0x0000000089300000| Untracked 
|  84|0x0000000089400000, 0x0000000089400000, 0x0000000089500000|  0%| F|  |TAMS 0x0000000089400000| PB 0x0000000089400000| Untracked 
|  85|0x0000000089500000, 0x0000000089500000, 0x0000000089600000|  0%| F|  |TAMS 0x0000000089500000| PB 0x0000000089500000| Untracked 
|  86|0x0000000089600000, 0x0000000089600000, 0x0000000089700000|  0%| F|  |TAMS 0x0000000089600000| PB 0x0000000089600000| Untracked 
|  87|0x0000000089700000, 0x0000000089700000, 0x0000000089800000|  0%| F|  |TAMS 0x0000000089700000| PB 0x0000000089700000| Untracked 
|  88|0x0000000089800000, 0x0000000089800000, 0x0000000089900000|  0%| F|  |TAMS 0x0000000089800000| PB 0x0000000089800000| Untracked 
|  89|0x0000000089900000, 0x0000000089900000, 0x0000000089a00000|  0%| F|  |TAMS 0x0000000089900000| PB 0x0000000089900000| Untracked 
|  90|0x0000000089a00000, 0x0000000089a00000, 0x0000000089b00000|  0%| F|  |TAMS 0x0000000089a00000| PB 0x0000000089a00000| Untracked 
|  91|0x0000000089b00000, 0x0000000089b00000, 0x0000000089c00000|  0%| F|  |TAMS 0x0000000089b00000| PB 0x0000000089b00000| Untracked 
|  92|0x0000000089c00000, 0x0000000089c00000, 0x0000000089d00000|  0%| F|  |TAMS 0x0000000089c00000| PB 0x0000000089c00000| Untracked 
|  93|0x0000000089d00000, 0x0000000089d00000, 0x0000000089e00000|  0%| F|  |TAMS 0x0000000089d00000| PB 0x0000000089d00000| Untracked 
|  94|0x0000000089e00000, 0x0000000089e00000, 0x0000000089f00000|  0%| F|  |TAMS 0x0000000089e00000| PB 0x0000000089e00000| Untracked 
|  95|0x0000000089f00000, 0x0000000089f00000, 0x000000008a000000|  0%| F|  |TAMS 0x0000000089f00000| PB 0x0000000089f00000| Untracked 
|  96|0x000000008a000000, 0x000000008a000000, 0x000000008a100000|  0%| F|  |TAMS 0x000000008a000000| PB 0x000000008a000000| Untracked 
|  97|0x000000008a100000, 0x000000008a100000, 0x000000008a200000|  0%| F|  |TAMS 0x000000008a100000| PB 0x000000008a100000| Untracked 
|  98|0x000000008a200000, 0x000000008a200000, 0x000000008a300000|  0%| F|  |TAMS 0x000000008a200000| PB 0x000000008a200000| Untracked 
|  99|0x000000008a300000, 0x000000008a300000, 0x000000008a400000|  0%| F|  |TAMS 0x000000008a300000| PB 0x000000008a300000| Untracked 
| 100|0x000000008a400000, 0x000000008a400000, 0x000000008a500000|  0%| F|  |TAMS 0x000000008a400000| PB 0x000000008a400000| Untracked 
| 101|0x000000008a500000, 0x000000008a500000, 0x000000008a600000|  0%| F|  |TAMS 0x000000008a500000| PB 0x000000008a500000| Untracked 
| 102|0x000000008a600000, 0x000000008a600000, 0x000000008a700000|  0%| F|  |TAMS 0x000000008a600000| PB 0x000000008a600000| Untracked 
| 103|0x000000008a700000, 0x000000008a700000, 0x000000008a800000|  0%| F|  |TAMS 0x000000008a700000| PB 0x000000008a700000| Untracked 
| 104|0x000000008a800000, 0x000000008a800000, 0x000000008a900000|  0%| F|  |TAMS 0x000000008a800000| PB 0x000000008a800000| Untracked 
| 105|0x000000008a900000, 0x000000008a900000, 0x000000008aa00000|  0%| F|  |TAMS 0x000000008a900000| PB 0x000000008a900000| Untracked 
| 106|0x000000008aa00000, 0x000000008aa00000, 0x000000008ab00000|  0%| F|  |TAMS 0x000000008aa00000| PB 0x000000008aa00000| Untracked 
| 107|0x000000008ab00000, 0x000000008ab00000, 0x000000008ac00000|  0%| F|  |TAMS 0x000000008ab00000| PB 0x000000008ab00000| Untracked 
| 108|0x000000008ac00000, 0x000000008ac00000, 0x000000008ad00000|  0%| F|  |TAMS 0x000000008ac00000| PB 0x000000008ac00000| Untracked 
| 109|0x000000008ad00000, 0x000000008ad00000, 0x000000008ae00000|  0%| F|  |TAMS 0x000000008ad00000| PB 0x000000008ad00000| Untracked 
| 110|0x000000008ae00000, 0x000000008ae00000, 0x000000008af00000|  0%| F|  |TAMS 0x000000008ae00000| PB 0x000000008ae00000| Untracked 
| 111|0x000000008af00000, 0x000000008af00000, 0x000000008b000000|  0%| F|  |TAMS 0x000000008af00000| PB 0x000000008af00000| Untracked 
| 112|0x000000008b000000, 0x000000008b000000, 0x000000008b100000|  0%| F|  |TAMS 0x000000008b000000| PB 0x000000008b000000| Untracked 
| 113|0x000000008b100000, 0x000000008b100000, 0x000000008b200000|  0%| F|  |TAMS 0x000000008b100000| PB 0x000000008b100000| Untracked 
| 114|0x000000008b200000, 0x000000008b200000, 0x000000008b300000|  0%| F|  |TAMS 0x000000008b200000| PB 0x000000008b200000| Untracked 
| 115|0x000000008b300000, 0x000000008b300000, 0x000000008b400000|  0%| F|  |TAMS 0x000000008b300000| PB 0x000000008b300000| Untracked 
| 116|0x000000008b400000, 0x000000008b400000, 0x000000008b500000|  0%| F|  |TAMS 0x000000008b400000| PB 0x000000008b400000| Untracked 
| 117|0x000000008b500000, 0x000000008b500000, 0x000000008b600000|  0%| F|  |TAMS 0x000000008b500000| PB 0x000000008b500000| Untracked 
| 118|0x000000008b600000, 0x000000008b600000, 0x000000008b700000|  0%| F|  |TAMS 0x000000008b600000| PB 0x000000008b600000| Untracked 
| 119|0x000000008b700000, 0x000000008b700000, 0x000000008b800000|  0%| F|  |TAMS 0x000000008b700000| PB 0x000000008b700000| Untracked 
| 120|0x000000008b800000, 0x000000008b800000, 0x000000008b900000|  0%| F|  |TAMS 0x000000008b800000| PB 0x000000008b800000| Untracked 
| 121|0x000000008b900000, 0x000000008b900000, 0x000000008ba00000|  0%| F|  |TAMS 0x000000008b900000| PB 0x000000008b900000| Untracked 
| 122|0x000000008ba00000, 0x000000008ba00000, 0x000000008bb00000|  0%| F|  |TAMS 0x000000008ba00000| PB 0x000000008ba00000| Untracked 
| 123|0x000000008bb00000, 0x000000008bb00000, 0x000000008bc00000|  0%| F|  |TAMS 0x000000008bb00000| PB 0x000000008bb00000| Untracked 
| 124|0x000000008bc00000, 0x000000008bc00000, 0x000000008bd00000|  0%| F|  |TAMS 0x000000008bc00000| PB 0x000000008bc00000| Untracked 
| 125|0x000000008bd00000, 0x000000008bd00000, 0x000000008be00000|  0%| F|  |TAMS 0x000000008bd00000| PB 0x000000008bd00000| Untracked 
| 126|0x000000008be00000, 0x000000008be2bb28, 0x000000008bf00000| 17%| E|  |TAMS 0x000000008be00000| PB 0x000000008be00000| Complete 

Card table byte_map: [0x00000204e1510000,0x00000204e18f0000] _byte_map_base: 0x00000204e10f0000

Marking Bits: (CMBitMap*) 0x00000204dae832d0
 Bits: [0x00000204e18f0000, 0x00000204e37f0000)

Polling page: 0x00000204d8a00000

Metaspace:

Usage:
  Non-class:     49.44 MB used.
      Class:      7.91 MB used.
       Both:     57.35 MB used.

Virtual space:
  Non-class space:       64.00 MB reserved,      50.06 MB ( 78%) committed,  1 nodes.
      Class space:        1.00 GB reserved,       8.31 MB ( <1%) committed,  1 nodes.
             Both:        1.06 GB reserved,      58.38 MB (  5%) committed. 

Chunk freelists:
   Non-Class:  14.11 MB
       Class:  7.82 MB
        Both:  21.94 MB

MaxMetaspaceSize: unlimited
CompressedClassSpaceSize: 1.00 GB
Initial GC threshold: 21.00 MB
Current GC threshold: 97.31 MB
CDS: on
 - commit_granule_bytes: 65536.
 - commit_granule_words: 8192.
 - virtual_space_node_default_size: 8388608.
 - enlarge_chunks_in_place: 1.
 - use_allocation_guard: 0.


Internal statistics:

num_allocs_failed_limit: 3.
num_arena_births: 1262.
num_arena_deaths: 632.
num_vsnodes_births: 2.
num_vsnodes_deaths: 0.
num_space_committed: 934.
num_space_uncommitted: 0.
num_chunks_returned_to_freelist: 685.
num_chunks_taken_from_freelist: 3546.
num_chunk_merges: 224.
num_chunk_splits: 2348.
num_chunks_enlarged: 1738.
num_inconsistent_stats: 0.

CodeCache: size=49152Kb used=3144Kb max_used=15850Kb free=46007Kb
 bounds [0x00000204de020000, 0x00000204defa0000, 0x00000204e1020000]
 total_blobs=1810, nmethods=1118, adapters=616, full_count=0
Compilation: enabled, stopped_count=0, restarted_count=0

Compilation events (20 events):
Event: 1352.414 Thread 0x00000204ebe10500 9898       1       java.util.regex.Pattern::peek (26 bytes)
Event: 1352.414 Thread 0x00000204ebe10500 nmethod 9898 0x00000204de49c890 code [0x00000204de49ca40, 0x00000204de49cb78]
Event: 1352.415 Thread 0x00000204ecf01d70 9899       1       java.util.regex.Pattern::append (43 bytes)
Event: 1352.415 Thread 0x00000204ebe10500 9900       1       java.util.regex.Pattern$BnM::optimize (179 bytes)
Event: 1352.415 Thread 0x00000204eba29930 9901       1       java.lang.Integer::<init> (10 bytes)
Event: 1352.415 Thread 0x00000204eba29930 nmethod 9901 0x00000204de49c590 code [0x00000204de49c720, 0x00000204de49c7e8]
Event: 1352.415 Thread 0x00000204ecf01d70 nmethod 9899 0x00000204de49be10 code [0x00000204de49bfe0, 0x00000204de49c380]
Event: 1352.415 Thread 0x00000204ebe10500 nmethod 9900 0x00000204de49b010 code [0x00000204de49b220, 0x00000204de49b970]
Event: 1352.420 Thread 0x00000204eba29930 9902       1       java.lang.String::encodeUTF8_UTF16 (372 bytes)
Event: 1352.423 Thread 0x00000204eba29930 nmethod 9902 0x00000204de4af910 code [0x00000204de4afb00, 0x00000204de4b0248]
Event: 1352.444 Thread 0x00000204ebe10500 9903       1       java.lang.StackTraceElement::getClassName (5 bytes)
Event: 1352.444 Thread 0x00000204eba29930 9904       1       java.util.AbstractList::<init> (10 bytes)
Event: 1352.444 Thread 0x00000204ebe10500 nmethod 9903 0x00000204de4af610 code [0x00000204de4af7a0, 0x00000204de4af868]
Event: 1352.445 Thread 0x00000204eba29930 nmethod 9904 0x00000204de4af310 code [0x00000204de4af4a0, 0x00000204de4af570]
Event: 1373.221 Thread 0x00000204e6230270 9905       1       org.springframework.ide.vscode.commons.languageserver.util.SimpleLanguageServer::getParentProcessId (5 bytes)
Event: 1373.221 Thread 0x00000204e6230270 nmethod 9905 0x00000204de4af010 code [0x00000204de4af1a0, 0x00000204de4af268]
Event: 1383.300 Thread 0x00000204e6230270 9906   !   1       java.lang.ProcessBuilder::start (537 bytes)
Event: 1383.395 Thread 0x00000204e6230270 nmethod 9906 0x00000204de19a290 code [0x00000204de19a780, 0x00000204de19bc60]
Event: 1384.867 Thread 0x00000204e6230270 9907   !   1       java.lang.ref.Reference::processPendingReferences (118 bytes)
Event: 1385.199 Thread 0x00000204e6230270 nmethod 9907 0x00000204debd5390 code [0x00000204debd55e0, 0x00000204debd5cb8]

GC Heap History (20 events):
Event: 1248.933 GC heap after
{Heap after GC invocations=140 (full 96):
 garbage-first heap   total 130048K, used 37647K [0x0000000084000000, 0x0000000100000000)
  region size 1024K, 0 young (0K), 0 survivors (0K)
 Metaspace       used 58644K, committed 59776K, reserved 1114112K
  class space    used 8075K, committed 8512K, reserved 1048576K
}
Event: 1259.268 GC heap before
{Heap before GC invocations=140 (full 96):
 garbage-first heap   total 130048K, used 37647K [0x0000000084000000, 0x0000000100000000)
  region size 1024K, 1 young (1024K), 0 survivors (0K)
 Metaspace       used 58644K, committed 59776K, reserved 1114112K
  class space    used 8075K, committed 8512K, reserved 1048576K
}
Event: 1259.300 GC heap after
{Heap after GC invocations=141 (full 97):
 garbage-first heap   total 130048K, used 37647K [0x0000000084000000, 0x0000000100000000)
  region size 1024K, 0 young (0K), 0 survivors (0K)
 Metaspace       used 58644K, committed 59776K, reserved 1114112K
  class space    used 8075K, committed 8512K, reserved 1048576K
}
Event: 1269.695 GC heap before
{Heap before GC invocations=141 (full 97):
 garbage-first heap   total 130048K, used 37647K [0x0000000084000000, 0x0000000100000000)
  region size 1024K, 1 young (1024K), 0 survivors (0K)
 Metaspace       used 58644K, committed 59776K, reserved 1114112K
  class space    used 8075K, committed 8512K, reserved 1048576K
}
Event: 1269.744 GC heap after
{Heap after GC invocations=142 (full 98):
 garbage-first heap   total 130048K, used 37647K [0x0000000084000000, 0x0000000100000000)
  region size 1024K, 0 young (0K), 0 survivors (0K)
 Metaspace       used 58644K, committed 59776K, reserved 1114112K
  class space    used 8075K, committed 8512K, reserved 1048576K
}
Event: 1280.065 GC heap before
{Heap before GC invocations=142 (full 98):
 garbage-first heap   total 130048K, used 37647K [0x0000000084000000, 0x0000000100000000)
  region size 1024K, 1 young (1024K), 0 survivors (0K)
 Metaspace       used 58644K, committed 59776K, reserved 1114112K
  class space    used 8075K, committed 8512K, reserved 1048576K
}
Event: 1280.093 GC heap after
{Heap after GC invocations=143 (full 99):
 garbage-first heap   total 130048K, used 37647K [0x0000000084000000, 0x0000000100000000)
  region size 1024K, 0 young (0K), 0 survivors (0K)
 Metaspace       used 58644K, committed 59776K, reserved 1114112K
  class space    used 8075K, committed 8512K, reserved 1048576K
}
Event: 1290.393 GC heap before
{Heap before GC invocations=143 (full 99):
 garbage-first heap   total 130048K, used 37647K [0x0000000084000000, 0x0000000100000000)
  region size 1024K, 1 young (1024K), 0 survivors (0K)
 Metaspace       used 58644K, committed 59776K, reserved 1114112K
  class space    used 8075K, committed 8512K, reserved 1048576K
}
Event: 1290.426 GC heap after
{Heap after GC invocations=144 (full 100):
 garbage-first heap   total 130048K, used 37647K [0x0000000084000000, 0x0000000100000000)
  region size 1024K, 0 young (0K), 0 survivors (0K)
 Metaspace       used 58644K, committed 59776K, reserved 1114112K
  class space    used 8075K, committed 8512K, reserved 1048576K
}
Event: 1301.241 GC heap before
{Heap before GC invocations=144 (full 100):
 garbage-first heap   total 130048K, used 37647K [0x0000000084000000, 0x0000000100000000)
  region size 1024K, 1 young (1024K), 0 survivors (0K)
 Metaspace       used 58644K, committed 59776K, reserved 1114112K
  class space    used 8075K, committed 8512K, reserved 1048576K
}
Event: 1301.281 GC heap after
{Heap after GC invocations=145 (full 101):
 garbage-first heap   total 130048K, used 37647K [0x0000000084000000, 0x0000000100000000)
  region size 1024K, 0 young (0K), 0 survivors (0K)
 Metaspace       used 58644K, committed 59776K, reserved 1114112K
  class space    used 8075K, committed 8512K, reserved 1048576K
}
Event: 1342.853 GC heap before
{Heap before GC invocations=145 (full 101):
 garbage-first heap   total 130048K, used 42767K [0x0000000084000000, 0x0000000100000000)
  region size 1024K, 7 young (7168K), 0 survivors (0K)
 Metaspace       used 58682K, committed 59776K, reserved 1114112K
  class space    used 8082K, committed 8512K, reserved 1048576K
}
Event: 1343.198 GC heap after
{Heap after GC invocations=146 (full 102):
 garbage-first heap   total 130048K, used 37728K [0x0000000084000000, 0x0000000100000000)
  region size 1024K, 0 young (0K), 0 survivors (0K)
 Metaspace       used 58682K, committed 59776K, reserved 1114112K
  class space    used 8082K, committed 8512K, reserved 1048576K
}
Event: 1384.311 GC heap before
{Heap before GC invocations=146 (full 102):
 garbage-first heap   total 130048K, used 43872K [0x0000000084000000, 0x0000000100000000)
  region size 1024K, 8 young (8192K), 0 survivors (0K)
 Metaspace       used 58729K, committed 59776K, reserved 1114112K
  class space    used 8097K, committed 8512K, reserved 1048576K
}
Event: 1384.866 GC heap after
{Heap after GC invocations=147 (full 103):
 garbage-first heap   total 130048K, used 38033K [0x0000000084000000, 0x0000000100000000)
  region size 1024K, 0 young (0K), 0 survivors (0K)
 Metaspace       used 58729K, committed 59776K, reserved 1114112K
  class space    used 8097K, committed 8512K, reserved 1048576K
}
Event: 1395.351 GC heap before
{Heap before GC invocations=147 (full 103):
 garbage-first heap   total 130048K, used 38033K [0x0000000084000000, 0x0000000100000000)
  region size 1024K, 1 young (1024K), 0 survivors (0K)
 Metaspace       used 58729K, committed 59776K, reserved 1114112K
  class space    used 8097K, committed 8512K, reserved 1048576K
}
Event: 1395.707 GC heap after
{Heap after GC invocations=148 (full 104):
 garbage-first heap   total 130048K, used 38033K [0x0000000084000000, 0x0000000100000000)
  region size 1024K, 0 young (0K), 0 survivors (0K)
 Metaspace       used 58729K, committed 59776K, reserved 1114112K
  class space    used 8097K, committed 8512K, reserved 1048576K
}
Event: 1407.873 GC heap before
{Heap before GC invocations=148 (full 104):
 garbage-first heap   total 130048K, used 38033K [0x0000000084000000, 0x0000000100000000)
  region size 1024K, 1 young (1024K), 0 survivors (0K)
 Metaspace       used 58729K, committed 59776K, reserved 1114112K
  class space    used 8097K, committed 8512K, reserved 1048576K
}
Event: 1409.911 GC heap after
{Heap after GC invocations=149 (full 105):
 garbage-first heap   total 130048K, used 38033K [0x0000000084000000, 0x0000000100000000)
  region size 1024K, 0 young (0K), 0 survivors (0K)
 Metaspace       used 58726K, committed 59776K, reserved 1114112K
  class space    used 8096K, committed 8512K, reserved 1048576K
}
Event: 1421.907 GC heap before
{Heap before GC invocations=149 (full 105):
 garbage-first heap   total 130048K, used 38033K [0x0000000084000000, 0x0000000100000000)
  region size 1024K, 1 young (1024K), 0 survivors (0K)
 Metaspace       used 58726K, committed 59776K, reserved 1114112K
  class space    used 8096K, committed 8512K, reserved 1048576K
}

Dll operation events (11 events):
Event: 0.071 Loaded shared library c:\Users\Glymin Terra Selasi\.trae\extensions\redhat.java-1.52.0-win32-x64\jre\21.0.9-win32-x86_64\bin\java.dll
Event: 2.251 Loaded shared library c:\Users\Glymin Terra Selasi\.trae\extensions\redhat.java-1.52.0-win32-x64\jre\21.0.9-win32-x86_64\bin\zip.dll
Event: 2.851 Loaded shared library C:\Users\Glymin Terra Selasi\.trae\extensions\redhat.java-1.52.0-win32-x64\jre\21.0.9-win32-x86_64\bin\net.dll
Event: 2.856 Loaded shared library C:\Users\Glymin Terra Selasi\.trae\extensions\redhat.java-1.52.0-win32-x64\jre\21.0.9-win32-x86_64\bin\nio.dll
Event: 2.863 Loaded shared library C:\Users\Glymin Terra Selasi\.trae\extensions\redhat.java-1.52.0-win32-x64\jre\21.0.9-win32-x86_64\bin\zip.dll
Event: 3.477 Loaded shared library C:\Users\Glymin Terra Selasi\.trae\extensions\redhat.java-1.52.0-win32-x64\jre\21.0.9-win32-x86_64\bin\jimage.dll
Event: 5.485 Loaded shared library c:\Users\Glymin Terra Selasi\.trae\extensions\redhat.java-1.52.0-win32-x64\jre\21.0.9-win32-x86_64\bin\verify.dll
Event: 43.445 Loaded shared library C:\Users\Glymin Terra Selasi\.trae\extensions\redhat.java-1.52.0-win32-x64\jre\21.0.9-win32-x86_64\bin\management.dll
Event: 43.457 Loaded shared library C:\Users\Glymin Terra Selasi\.trae\extensions\redhat.java-1.52.0-win32-x64\jre\21.0.9-win32-x86_64\bin\management_ext.dll
Event: 117.853 Loaded shared library C:\Users\Glymin Terra Selasi\.trae\extensions\redhat.java-1.52.0-win32-x64\jre\21.0.9-win32-x86_64\bin\sunmscapi.dll
Event: 118.882 Loaded shared library C:\Users\Glymin Terra Selasi\.trae\extensions\redhat.java-1.52.0-win32-x64\jre\21.0.9-win32-x86_64\bin\extnet.dll

Deoptimization events (20 events):
Event: 115.455 Thread 0x00000204ebc841b0 DEOPT PACKING pc=0x00000204de28686c sp=0x0000003df1afeb50
Event: 115.455 Thread 0x00000204ebc841b0 DEOPT UNPACKING pc=0x00000204de0786e2 sp=0x0000003df1afdfd0 mode 0
Event: 115.455 Thread 0x00000204ebc841b0 DEOPT PACKING pc=0x00000204de6a22f4 sp=0x0000003df1afebf0
Event: 115.456 Thread 0x00000204ebc841b0 DEOPT UNPACKING pc=0x00000204de0786e2 sp=0x0000003df1afe158 mode 0
Event: 115.456 Thread 0x00000204ebc841b0 DEOPT PACKING pc=0x00000204de1fb74c sp=0x0000003df1afed00
Event: 115.456 Thread 0x00000204ebc841b0 DEOPT UNPACKING pc=0x00000204de0786e2 sp=0x0000003df1afe228 mode 0
Event: 117.799 Thread 0x00000204ebc86910 DEOPT PACKING pc=0x00000204de6894e4 sp=0x0000003df21fe630
Event: 117.802 Thread 0x00000204ebc86910 DEOPT UNPACKING pc=0x00000204de0786e2 sp=0x0000003df21fdaf8 mode 0
Event: 122.124 Thread 0x00000204eba739a0 DEOPT PACKING pc=0x00000204de16aa54 sp=0x0000003df13feab0
Event: 122.124 Thread 0x00000204eba739a0 DEOPT UNPACKING pc=0x00000204de0786e2 sp=0x0000003df13fe0e8 mode 0
Event: 124.455 Thread 0x00000204eba76790 DEOPT PACKING pc=0x00000204de5f99c1 sp=0x0000003df0efc9f0
Event: 124.456 Thread 0x00000204eba76790 DEOPT UNPACKING pc=0x00000204de0786e2 sp=0x0000003df0efbef8 mode 3
Event: 125.723 Thread 0x00000204eba76790 DEOPT PACKING pc=0x00000204dee415e4 sp=0x0000003df0efde60
Event: 125.723 Thread 0x00000204eba76790 DEOPT UNPACKING pc=0x00000204de0786e2 sp=0x0000003df0efd358 mode 0
Event: 125.723 Thread 0x00000204eba76790 DEOPT PACKING pc=0x00000204dee0342c sp=0x0000003df0efdf30
Event: 125.723 Thread 0x00000204eba76790 DEOPT UNPACKING pc=0x00000204de0786e2 sp=0x0000003df0efd408 mode 0
Event: 125.723 Thread 0x00000204eba76790 DEOPT PACKING pc=0x00000204dedff9c4 sp=0x0000003df0efdfe0
Event: 125.723 Thread 0x00000204eba76790 DEOPT UNPACKING pc=0x00000204de0786e2 sp=0x0000003df0efd560 mode 0
Event: 125.726 Thread 0x00000204eba76790 DEOPT PACKING pc=0x00000204deee8d24 sp=0x0000003df0efe300
Event: 125.726 Thread 0x00000204eba76790 DEOPT UNPACKING pc=0x00000204de0786e2 sp=0x0000003df0efd790 mode 0

Classes loaded (20 events):
Event: 126.972 Loading class jdk/internal/jrtfs/SystemImage
Event: 127.099 Loading class jdk/internal/jrtfs/SystemImage done
Event: 127.100 Loading class jdk/internal/jrtfs/SystemImage$2
Event: 127.100 Loading class jdk/internal/jrtfs/SystemImage$2 done
Event: 127.101 Loading class jdk/internal/jrtfs/SystemImage$1
Event: 127.105 Loading class jdk/internal/jrtfs/SystemImage$1 done
Event: 127.136 Loading class jdk/internal/jrtfs/JrtFileSystem$1
Event: 127.137 Loading class jdk/internal/jrtfs/JrtFileSystem$1 done
Event: 127.181 Loading class java/util/ResourceBundle$Control$1
Event: 127.182 Loading class java/util/ResourceBundle$Control$1 done
Event: 127.232 Loading class java/nio/charset/IllegalCharsetNameException
Event: 127.232 Loading class java/nio/charset/IllegalCharsetNameException done
Event: 127.236 Loading class java/util/JumboEnumSet
Event: 127.237 Loading class java/util/JumboEnumSet done
Event: 127.249 Loading class java/util/JumboEnumSet$EnumSetIterator
Event: 127.249 Loading class java/util/JumboEnumSet$EnumSetIterator done
Event: 127.582 Loading class sun/invoke/util/VerifyAccess$1
Event: 127.584 Loading class sun/invoke/util/VerifyAccess$1 done
Event: 1351.158 Loading class java/util/concurrent/CompletionException
Event: 1351.178 Loading class java/util/concurrent/CompletionException done

Classes unloaded (20 events):
Event: 264.592 Thread 0x00000204e6204b00 Unloading class 0x000002048145c800 'java/lang/invoke/LambdaForm$MH+0x000002048145c800'
Event: 264.592 Thread 0x00000204e6204b00 Unloading class 0x0000020481421000 'java/lang/invoke/LambdaForm$MH+0x0000020481421000'
Event: 264.592 Thread 0x00000204e6204b00 Unloading class 0x000002048141c000 'java/lang/invoke/LambdaForm$MH+0x000002048141c000'
Event: 264.592 Thread 0x00000204e6204b00 Unloading class 0x000002048140e400 'java/lang/invoke/LambdaForm$MH+0x000002048140e400'
Event: 264.592 Thread 0x00000204e6204b00 Unloading class 0x000002048140d800 'java/lang/invoke/LambdaForm$MH+0x000002048140d800'
Event: 264.592 Thread 0x00000204e6204b00 Unloading class 0x000002048140d400 'java/lang/invoke/LambdaForm$MH+0x000002048140d400'
Event: 264.592 Thread 0x00000204e6204b00 Unloading class 0x000002048140d000 'java/lang/invoke/LambdaForm$MH+0x000002048140d000'
Event: 264.592 Thread 0x00000204e6204b00 Unloading class 0x000002048140c800 'java/lang/invoke/LambdaForm$MH+0x000002048140c800'
Event: 264.592 Thread 0x00000204e6204b00 Unloading class 0x000002048140c000 'java/lang/invoke/LambdaForm$MH+0x000002048140c000'
Event: 264.592 Thread 0x00000204e6204b00 Unloading class 0x00000204812a3c00 'java/lang/invoke/LambdaForm$MH+0x00000204812a3c00'
Event: 264.592 Thread 0x00000204e6204b00 Unloading class 0x00000204812a8400 'java/lang/invoke/LambdaForm$MH+0x00000204812a8400'
Event: 264.592 Thread 0x00000204e6204b00 Unloading class 0x00000204812a8c00 'java/lang/invoke/LambdaForm$MH+0x00000204812a8c00'
Event: 264.592 Thread 0x00000204e6204b00 Unloading class 0x0000020481310400 'java/lang/invoke/LambdaForm$MH+0x0000020481310400'
Event: 264.592 Thread 0x00000204e6204b00 Unloading class 0x0000020481318400 'java/lang/invoke/LambdaForm$MH+0x0000020481318400'
Event: 264.592 Thread 0x00000204e6204b00 Unloading class 0x000002048132c400 'java/lang/invoke/LambdaForm$MH+0x000002048132c400'
Event: 264.592 Thread 0x00000204e6204b00 Unloading class 0x0000020481334c00 'java/lang/invoke/LambdaForm$MH+0x0000020481334c00'
Event: 264.592 Thread 0x00000204e6204b00 Unloading class 0x0000020481354400 'java/lang/invoke/LambdaForm$BMH+0x0000020481354400'
Event: 316.321 Thread 0x00000204e6204b00 Unloading class 0x000002048135e000 'java/lang/invoke/LambdaForm$MH+0x000002048135e000'
Event: 1407.908 Thread 0x00000204e6204b00 Unloading class 0x000002048165d000 'java/lang/invoke/LambdaForm$MH+0x000002048165d000'
Event: 1407.908 Thread 0x00000204e6204b00 Unloading class 0x00000204816a8800 'java/lang/invoke/LambdaForm$MH+0x00000204816a8800'

Classes redefined (0 events):
No events

Internal exceptions (20 events):
Event: 123.933 Thread 0x00000204ec6cf5a0 Exception <a 'sun/nio/fs/WindowsException'{0x00000000a24bd2f0}> (0x00000000a24bd2f0) 
thrown [s\src\hotspot\share\prims\jni.cpp, line 520]
Event: 123.933 Thread 0x00000204ec6cf5a0 Exception <a 'sun/nio/fs/WindowsException'{0x00000000a24bd710}> (0x00000000a24bd710) 
thrown [s\src\hotspot\share\prims\jni.cpp, line 520]
Event: 123.933 Thread 0x00000204ec6cf5a0 Exception <a 'sun/nio/fs/WindowsException'{0x00000000a24be1a8}> (0x00000000a24be1a8) 
thrown [s\src\hotspot\share\prims\jni.cpp, line 520]
Event: 123.933 Thread 0x00000204ec6cf5a0 Exception <a 'sun/nio/fs/WindowsException'{0x00000000a24be5e8}> (0x00000000a24be5e8) 
thrown [s\src\hotspot\share\prims\jni.cpp, line 520]
Event: 123.933 Thread 0x00000204ec6cf5a0 Exception <a 'sun/nio/fs/WindowsException'{0x00000000a24bf070}> (0x00000000a24bf070) 
thrown [s\src\hotspot\share\prims\jni.cpp, line 520]
Event: 123.933 Thread 0x00000204ec6cf5a0 Exception <a 'sun/nio/fs/WindowsException'{0x00000000a24bf4a0}> (0x00000000a24bf4a0) 
thrown [s\src\hotspot\share\prims\jni.cpp, line 520]
Event: 123.933 Thread 0x00000204ec6cf5a0 Exception <a 'sun/nio/fs/WindowsException'{0x00000000a24bff38}> (0x00000000a24bff38) 
thrown [s\src\hotspot\share\prims\jni.cpp, line 520]
Event: 123.934 Thread 0x00000204ec6cf5a0 Exception <a 'sun/nio/fs/WindowsException'{0x00000000a24c0378}> (0x00000000a24c0378) 
thrown [s\src\hotspot\share\prims\jni.cpp, line 520]
Event: 123.934 Thread 0x00000204ec6cf5a0 Exception <a 'sun/nio/fs/WindowsException'{0x00000000a24c0e28}> (0x00000000a24c0e28) 
thrown [s\src\hotspot\share\prims\jni.cpp, line 520]
Event: 123.934 Thread 0x00000204ec6cf5a0 Exception <a 'sun/nio/fs/WindowsException'{0x00000000a24c1288}> (0x00000000a24c1288) 
thrown [s\src\hotspot\share\prims\jni.cpp, line 520]
Event: 123.934 Thread 0x00000204ec6cf5a0 Exception <a 'sun/nio/fs/WindowsException'{0x00000000a24c1d50}> (0x00000000a24c1d50) 
thrown [s\src\hotspot\share\prims\jni.cpp, line 520]
Event: 123.934 Thread 0x00000204ec6cf5a0 Exception <a 'sun/nio/fs/WindowsException'{0x00000000a24c21c8}> (0x00000000a24c21c8) 
thrown [s\src\hotspot\share\prims\jni.cpp, line 520]
Event: 123.934 Thread 0x00000204ec6cf5a0 Exception <a 'sun/nio/fs/WindowsException'{0x00000000a24c2c88}> (0x00000000a24c2c88) 
thrown [s\src\hotspot\share\prims\jni.cpp, line 520]
Event: 123.934 Thread 0x00000204ec6cf5a0 Exception <a 'sun/nio/fs/WindowsException'{0x00000000a24c30f8}> (0x00000000a24c30f8) 
thrown [s\src\hotspot\share\prims\jni.cpp, line 520]
Event: 124.131 Thread 0x00000204eba76790 Exception <a 'java/lang/NoSuchMethodError'{0x00000000a245fcc0}: 'void java.lang.invoke.DirectMethodHandle$Holder.invokeStatic(java.lang.Object, java.lang.Object, java.lang.Object, java.lang.Object, java.lang.Object, java.lang.Object, java.lang.Object)'> (0x00000000a245fcc0) 
thrown [s\src\hotspot\share\interpreter\linkResolver.cpp, line 773]
Event: 127.151 Thread 0x00000204ec6ce880 Exception <a 'java/lang/NoSuchMethodError'{0x00000000a6902318}: 'java.lang.Object java.lang.invoke.DelegatingMethodHandle$Holder.reinvoke_L(java.lang.Object, int, java.lang.Object, java.lang.Object, java.lang.Object, java.lang.Object, java.lang.Object, java.lang.Object)'> (0x00000000a6902318) 
thrown [s\src\hotspot\share\interpreter\linkResolver.cpp, line 773]
Event: 127.579 Thread 0x00000204ec6ce880 Exception <a 'sun/nio/fs/WindowsException'{0x00000000a4d8f2d0}> (0x00000000a4d8f2d0) 
thrown [s\src\hotspot\share\prims\jni.cpp, line 520]
Event: 127.593 Thread 0x00000204ec6ce880 Exception <a 'java/lang/NoSuchMethodError'{0x00000000a244c7e8}: 'java.lang.Object java.lang.invoke.DirectMethodHandle$Holder.invokeSpecial(java.lang.Object, java.lang.Object, java.lang.Object, int, long)'> (0x00000000a244c7e8) 
thrown [s\src\hotspot\share\interpreter\linkResolver.cpp, line 773]
Event: 223.108 Thread 0x00000204eb0b6aa0 Exception <a 'java/lang/IncompatibleClassChangeError'{0x000000008ca35810}: Found class java.lang.Object, but interface was expected> (0x000000008ca35810) 
thrown [s\src\hotspot\share\interpreter\linkResolver.cpp, line 840]
Event: 1352.208 Thread 0x00000204eb0b6aa0 Exception <a 'java/lang/NoSuchMethodError'{0x000000008b8a56b8}: 'void java.lang.invoke.DelegatingMethodHandle$Holder.reinvoke_L(java.lang.Object, java.lang.Object, int)'> (0x000000008b8a56b8) 
thrown [s\src\hotspot\share\interpreter\linkResolver.cpp, line 773]

ZGC Phase Switch (0 events):
No events

VM Operations (20 events):
Event: 1333.562 Executing VM operation: Cleanup done
Event: 1342.850 Executing VM operation: G1CollectFull (System.gc())
Event: 1343.198 Executing VM operation: G1CollectFull (System.gc()) done
Event: 1351.255 Executing VM operation: Cleanup
Event: 1351.257 Executing VM operation: Cleanup done
Event: 1352.266 Executing VM operation: Cleanup
Event: 1352.266 Executing VM operation: Cleanup done
Event: 1353.268 Executing VM operation: Cleanup
Event: 1353.268 Executing VM operation: Cleanup done
Event: 1384.310 Executing VM operation: G1CollectFull (System.gc())
Event: 1384.866 Executing VM operation: G1CollectFull (System.gc()) done
Event: 1395.351 Executing VM operation: G1CollectFull (System.gc())
Event: 1395.707 Executing VM operation: G1CollectFull (System.gc()) done
Event: 1407.873 Executing VM operation: G1CollectFull (System.gc())
Event: 1409.912 Executing VM operation: G1CollectFull (System.gc()) done
Event: 1410.921 Executing VM operation: Cleanup
Event: 1410.983 Executing VM operation: Cleanup done
Event: 1411.987 Executing VM operation: Cleanup
Event: 1411.987 Executing VM operation: Cleanup done
Event: 1421.907 Executing VM operation: G1CollectFull (System.gc())

Memory protections (0 events):
No events

Nmethod flushes (20 events):
Event: 306.000 Thread 0x00000204e6204b00 flushing  nmethod 0x00000204def63510
Event: 306.000 Thread 0x00000204e6204b00 flushing  nmethod 0x00000204def63810
Event: 306.000 Thread 0x00000204e6204b00 flushing  nmethod 0x00000204def78e10
Event: 306.000 Thread 0x00000204e6204b00 flushing  nmethod 0x00000204def79690
Event: 306.000 Thread 0x00000204e6204b00 flushing  nmethod 0x00000204def79990
Event: 306.000 Thread 0x00000204e6204b00 flushing  nmethod 0x00000204def79c90
Event: 306.000 Thread 0x00000204e6204b00 flushing  nmethod 0x00000204def79f90
Event: 306.000 Thread 0x00000204e6204b00 flushing  nmethod 0x00000204def7a310
Event: 306.000 Thread 0x00000204e6204b00 flushing  nmethod 0x00000204def7a690
Event: 306.000 Thread 0x00000204e6204b00 flushing  nmethod 0x00000204def7aa10
Event: 306.000 Thread 0x00000204e6204b00 flushing  nmethod 0x00000204def7c190
Event: 306.000 Thread 0x00000204e6204b00 flushing  nmethod 0x00000204def7dd90
Event: 306.000 Thread 0x00000204e6204b00 flushing  nmethod 0x00000204def7e390
Event: 306.000 Thread 0x00000204e6204b00 flushing  nmethod 0x00000204def7ec90
Event: 306.000 Thread 0x00000204e6204b00 flushing  nmethod 0x00000204def7f110
Event: 306.000 Thread 0x00000204e6204b00 flushing  nmethod 0x00000204def7fd90
Event: 306.000 Thread 0x00000204e6204b00 flushing  nmethod 0x00000204def80210
Event: 306.000 Thread 0x00000204e6204b00 flushing  nmethod 0x00000204def80690
Event: 347.311 Thread 0x00000204e6204b00 flushing  nmethod 0x00000204de15eb10
Event: 347.311 Thread 0x00000204e6204b00 flushing  nmethod 0x00000204deb0b590

Events (20 events):
Event: 132.598 Thread 0x00000204ecf01d70 Thread exited: 0x00000204ecf01d70
Event: 137.612 Thread 0x00000204eba29930 Thread exited: 0x00000204eba29930
Event: 137.612 Thread 0x00000204eb93c0d0 Thread exited: 0x00000204eb93c0d0
Event: 142.662 Thread 0x00000204ec6ce880 Thread exited: 0x00000204ec6ce880
Event: 186.324 Thread 0x00000204eba76790 Thread exited: 0x00000204eba76790
Event: 246.339 Thread 0x00000204ec6cf5a0 Thread exited: 0x00000204ec6cf5a0
Event: 1301.477 Thread 0x00000204e6230270 Thread added: 0x00000204eba29930
Event: 1301.655 Thread 0x00000204eba29930 Thread added: 0x00000204ebe10500
Event: 1301.658 Thread 0x00000204e6230270 Thread added: 0x00000204ecf01d70
Event: 1307.765 Thread 0x00000204ebe10500 Thread exited: 0x00000204ebe10500
Event: 1307.767 Thread 0x00000204ecf01d70 Thread exited: 0x00000204ecf01d70
Event: 1312.779 Thread 0x00000204eba29930 Thread exited: 0x00000204eba29930
Event: 1351.109 Thread 0x00000204eb0b6aa0 Thread added: 0x00000204ebc85bf0
Event: 1351.896 Thread 0x00000204e6230270 Thread added: 0x00000204ebe10500
Event: 1351.896 Thread 0x00000204e6230270 Thread added: 0x00000204eba29930
Event: 1352.135 Thread 0x00000204ebe10500 Thread added: 0x00000204ecf01d70
Event: 1357.456 Thread 0x00000204ecf01d70 Thread exited: 0x00000204ecf01d70
Event: 1357.456 Thread 0x00000204eba29930 Thread exited: 0x00000204eba29930
Event: 1362.461 Thread 0x00000204ebe10500 Thread exited: 0x00000204ebe10500
Event: 1411.672 Thread 0x00000204ebc85bf0 Thread exited: 0x00000204ebc85bf0


Dynamic libraries:
0x00007ff6fe090000 - 0x00007ff6fe09e000 	c:\Users\Glymin Terra Selasi\.trae\extensions\redhat.java-1.52.0-win32-x64\jre\21.0.9-win32-x86_64\bin\java.exe
0x00007ffd38340000 - 0x00007ffd385a8000 	C:\WINDOWS\SYSTEM32\ntdll.dll
0x00007ffd37bb0000 - 0x00007ffd37c79000 	C:\WINDOWS\System32\KERNEL32.DLL
0x00007ffd354d0000 - 0x00007ffd358c2000 	C:\WINDOWS\System32\KERNELBASE.dll
0x00007ffd35e40000 - 0x00007ffd35f8b000 	C:\WINDOWS\System32\ucrtbase.dll
0x00007ffca3c90000 - 0x00007ffca3cae000 	c:\Users\Glymin Terra Selasi\.trae\extensions\redhat.java-1.52.0-win32-x64\jre\21.0.9-win32-x86_64\bin\VCRUNTIME140.dll
0x00007ffca3c70000 - 0x00007ffca3c88000 	c:\Users\Glymin Terra Selasi\.trae\extensions\redhat.java-1.52.0-win32-x64\jre\21.0.9-win32-x86_64\bin\jli.dll
0x00007ffd37c80000 - 0x00007ffd37e45000 	C:\WINDOWS\System32\USER32.dll
0x00007ffd358d0000 - 0x00007ffd358f7000 	C:\WINDOWS\System32\win32u.dll
0x00007ffd37210000 - 0x00007ffd3723b000 	C:\WINDOWS\System32\GDI32.dll
0x00007ffd1bbd0000 - 0x00007ffd1be63000 	C:\WINDOWS\WinSxS\amd64_microsoft.windows.common-controls_6595b64144ccf1df_6.0.26100.6899_none_3e0efeeae32e88c1\COMCTL32.dll
0x00007ffd35900000 - 0x00007ffd35a2d000 	C:\WINDOWS\System32\gdi32full.dll
0x00007ffd373e0000 - 0x00007ffd37489000 	C:\WINDOWS\System32\msvcrt.dll
0x00007ffd35a30000 - 0x00007ffd35ad3000 	C:\WINDOWS\System32\msvcp_win.dll
0x00007ffd36a20000 - 0x00007ffd36a4f000 	C:\WINDOWS\System32\IMM32.DLL
0x00007ffce4db0000 - 0x00007ffce4dbc000 	c:\Users\Glymin Terra Selasi\.trae\extensions\redhat.java-1.52.0-win32-x64\jre\21.0.9-win32-x86_64\bin\vcruntime140_1.dll
0x00007ffc956a0000 - 0x00007ffc9572d000 	c:\Users\Glymin Terra Selasi\.trae\extensions\redhat.java-1.52.0-win32-x64\jre\21.0.9-win32-x86_64\bin\msvcp140.dll
0x00007ffc95850000 - 0x00007ffc965f0000 	c:\Users\Glymin Terra Selasi\.trae\extensions\redhat.java-1.52.0-win32-x64\jre\21.0.9-win32-x86_64\bin\server\jvm.dll
0x00007ffd37a00000 - 0x00007ffd37ab4000 	C:\WINDOWS\System32\ADVAPI32.dll
0x00007ffd37f50000 - 0x00007ffd37ff6000 	C:\WINDOWS\System32\sechost.dll
0x00007ffd368a0000 - 0x00007ffd369b8000 	C:\WINDOWS\System32\RPCRT4.dll
0x00007ffd37b30000 - 0x00007ffd37ba4000 	C:\WINDOWS\System32\WS2_32.dll
0x00007ffd2dba0000 - 0x00007ffd2dbd5000 	C:\WINDOWS\SYSTEM32\WINMM.dll
0x00007ffd26c70000 - 0x00007ffd26c7b000 	C:\WINDOWS\SYSTEM32\VERSION.dll
0x00007ffd35330000 - 0x00007ffd3538e000 	C:\WINDOWS\SYSTEM32\POWRPROF.dll
0x00007ffd35310000 - 0x00007ffd35324000 	C:\WINDOWS\SYSTEM32\UMPDC.dll
0x00007ffd342a0000 - 0x00007ffd342bb000 	C:\WINDOWS\SYSTEM32\kernel.appcore.dll
0x00007ffd26cb0000 - 0x00007ffd26cba000 	c:\Users\Glymin Terra Selasi\.trae\extensions\redhat.java-1.52.0-win32-x64\jre\21.0.9-win32-x86_64\bin\jimage.dll
0x00007ffd32b40000 - 0x00007ffd32d82000 	C:\WINDOWS\SYSTEM32\DBGHELP.DLL
0x00007ffd375f0000 - 0x00007ffd3796b000 	C:\WINDOWS\System32\combase.dll
0x00007ffd37240000 - 0x00007ffd37317000 	C:\WINDOWS\System32\OLEAUT32.dll
0x00007ffcf8180000 - 0x00007ffcf81bc000 	C:\WINDOWS\SYSTEM32\dbgcore.DLL
0x00007ffd35da0000 - 0x00007ffd35e38000 	C:\WINDOWS\System32\bcryptPrimitives.dll
0x00007ffce4dc0000 - 0x00007ffce4de0000 	c:\Users\Glymin Terra Selasi\.trae\extensions\redhat.java-1.52.0-win32-x64\jre\21.0.9-win32-x86_64\bin\java.dll
0x00007ffd36150000 - 0x00007ffd3689d000 	C:\WINDOWS\System32\SHELL32.dll
0x00007ffd35ae0000 - 0x00007ffd35c4b000 	C:\WINDOWS\System32\wintypes.dll
0x00007ffd33100000 - 0x00007ffd3395d000 	C:\WINDOWS\SYSTEM32\windows.storage.dll
0x00007ffd36ae0000 - 0x00007ffd36bd2000 	C:\WINDOWS\System32\SHCORE.dll
0x00007ffd37ac0000 - 0x00007ffd37b22000 	C:\WINDOWS\System32\shlwapi.dll
0x00007ffd353f0000 - 0x00007ffd35419000 	C:\WINDOWS\SYSTEM32\profapi.dll
0x00007ffcb2100000 - 0x00007ffcb2118000 	c:\Users\Glymin Terra Selasi\.trae\extensions\redhat.java-1.52.0-win32-x64\jre\21.0.9-win32-x86_64\bin\zip.dll
0x00007ffd268f0000 - 0x00007ffd26900000 	C:\Users\Glymin Terra Selasi\.trae\extensions\redhat.java-1.52.0-win32-x64\jre\21.0.9-win32-x86_64\bin\net.dll
0x00007ffd272b0000 - 0x00007ffd273cf000 	C:\WINDOWS\SYSTEM32\WINHTTP.dll
0x00007ffd34810000 - 0x00007ffd3487b000 	C:\WINDOWS\system32\mswsock.dll
0x00007ffca3c50000 - 0x00007ffca3c66000 	C:\Users\Glymin Terra Selasi\.trae\extensions\redhat.java-1.52.0-win32-x64\jre\21.0.9-win32-x86_64\bin\nio.dll
0x00007ffceb3a0000 - 0x00007ffceb3b0000 	c:\Users\Glymin Terra Selasi\.trae\extensions\redhat.java-1.52.0-win32-x64\jre\21.0.9-win32-x86_64\bin\verify.dll
0x00007ffd34ac0000 - 0x00007ffd34adb000 	C:\WINDOWS\SYSTEM32\CRYPTSP.dll
0x00007ffd34200000 - 0x00007ffd3423b000 	C:\WINDOWS\system32\rsaenh.dll
0x00007ffd348b0000 - 0x00007ffd348db000 	C:\WINDOWS\SYSTEM32\USERENV.dll
0x00007ffd353c0000 - 0x00007ffd353e6000 	C:\WINDOWS\SYSTEM32\bcrypt.dll
0x00007ffd34ae0000 - 0x00007ffd34aec000 	C:\WINDOWS\SYSTEM32\CRYPTBASE.dll
0x00007ffd33cd0000 - 0x00007ffd33d04000 	C:\WINDOWS\SYSTEM32\IPHLPAPI.DLL
0x00007ffd38000000 - 0x00007ffd3800a000 	C:\WINDOWS\System32\NSI.dll
0x00007ffd2fff0000 - 0x00007ffd2fffa000 	C:\Users\Glymin Terra Selasi\.trae\extensions\redhat.java-1.52.0-win32-x64\jre\21.0.9-win32-x86_64\bin\management.dll
0x00007ffd2ffe0000 - 0x00007ffd2ffec000 	C:\Users\Glymin Terra Selasi\.trae\extensions\redhat.java-1.52.0-win32-x64\jre\21.0.9-win32-x86_64\bin\management_ext.dll
0x00007ffd36a10000 - 0x00007ffd36a18000 	C:\WINDOWS\System32\PSAPI.DLL
0x00007ffd31fe0000 - 0x00007ffd31fee000 	C:\Users\Glymin Terra Selasi\.trae\extensions\redhat.java-1.52.0-win32-x64\jre\21.0.9-win32-x86_64\bin\sunmscapi.dll
0x00007ffd35f90000 - 0x00007ffd36107000 	C:\WINDOWS\System32\CRYPT32.dll
0x00007ffd34ce0000 - 0x00007ffd34d10000 	C:\WINDOWS\SYSTEM32\ncrypt.dll
0x00007ffd34c90000 - 0x00007ffd34ccf000 	C:\WINDOWS\SYSTEM32\NTASN1.dll
0x00007ffd33d70000 - 0x00007ffd33e96000 	C:\WINDOWS\SYSTEM32\DNSAPI.dll
0x00007ffd2d9b0000 - 0x00007ffd2d9bb000 	C:\Windows\System32\rasadhlp.dll
0x00007ffd2f660000 - 0x00007ffd2f6e6000 	C:\WINDOWS\System32\fwpuclnt.dll
0x00007ffd30210000 - 0x00007ffd30219000 	C:\Users\Glymin Terra Selasi\.trae\extensions\redhat.java-1.52.0-win32-x64\jre\21.0.9-win32-x86_64\bin\extnet.dll

JVMTI agents: none

dbghelp: loaded successfully - version: 4.0.5 - missing functions: none
symbol engine: initialized successfully - sym options: 0x614 - pdb path: .;c:\Users\Glymin Terra Selasi\.trae\extensions\redhat.java-1.52.0-win32-x64\jre\21.0.9-win32-x86_64\bin;C:\WINDOWS\SYSTEM32;C:\WINDOWS\WinSxS\amd64_microsoft.windows.common-controls_6595b64144ccf1df_6.0.26100.6899_none_3e0efeeae32e88c1;c:\Users\Glymin Terra Selasi\.trae\extensions\redhat.java-1.52.0-win32-x64\jre\21.0.9-win32-x86_64\bin\server

VM Arguments:
jvm_args: -Dsts.lsp.client=vscode -Dsts.log.file=/dev/null -XX:TieredStopAtLevel=1 -Xlog:jni+resolve=off -Dspring.config.location=file:c:\Users\Glymin Terra Selasi\.trae\extensions\pivotal.vscode-spring-boot-1.43.0-universal\language-server\BOOT-INF\classes\application.properties 
java_command: org.springframework.ide.vscode.boot.app.BootLanguageServerBootApp
java_class_path (initial): c:\Users\Glymin Terra Selasi\.trae\extensions\pivotal.vscode-spring-boot-1.43.0-universal\language-server\BOOT-INF\classes;c:\Users\Glymin Terra Selasi\.trae\extensions\pivotal.vscode-spring-boot-1.43.0-universal\language-server\BOOT-INF\lib\annotations-23.1.0.jar;c:\Users\Glymin Terra Selasi\.trae\extensions\pivotal.vscode-spring-boot-1.43.0-universal\language-server\BOOT-INF\lib\ant-1.10.12.jar;c:\Users\Glymin Terra Selasi\.trae\extensions\pivotal.vscode-spring-boot-1.43.0-universal\language-server\BOOT-INF\lib\ant-launcher-1.10.12.jar;c:\Users\Glymin Terra Selasi\.trae\extensions\pivotal.vscode-spring-boot-1.43.0-universal\language-server\BOOT-INF\lib\antlr-runtime-3.5.2.jar;c:\Users\Glymin Terra Selasi\.trae\extensions\pivotal.vscode-spring-boot-1.43.0-universal\language-server\BOOT-INF\lib\antlr4-4.9.3.jar;c:\Users\Glymin Terra Selasi\.trae\extensions\pivotal.vscode-spring-boot-1.43.0-universal\language-server\BOOT-INF\lib\antlr4-runtime-4.9.3.jar;c:\Users\Glymin Terra Selasi\.trae\extensions\pivotal.vscode-spring-boot-1.43.0-universal\language-server\BOOT-INF\lib\apiguardian-api-1.1.2.jar;c:\Users\Glymin Terra Selasi\.trae\extensions\pivotal.vscode-spring-boot-1.43.0-universal\language-server\BOOT-INF\lib\asm-9.4.jar;c:\Users\Glymin Terra Selasi\.trae\extensions\pivotal.vscode-spring-boot-1.43.0-universal\language-server\BOOT-INF\lib\asm-analysis-9.4.jar;c:\Users\Glymin Terra Selasi\.trae\extensions\pivotal.vscode-spring-boot-1.43.0-universal\language-server\BOOT-INF\lib\asm-tree-9.4.jar;c:\Users\Glymin Terra Selasi\.trae\extensions\pivotal.vscode-spring-boot-1.43.0-universal\language-server\BOOT-INF\lib\asm-util-9.4.jar;c:\Users\Glymin Terra Selasi\.trae\extensions\pivotal.vscode-spring-boot-1.43.0-universal\language-server\BOOT-INF\lib\caffeine-3.1.2.jar;c:\Users\Glymin Terra Selasi\.trae\extensions\pivotal.vscode-spring-boot-1.43.0-universal\language-server\BOOT-INF\lib\checker-qual-3.12.0.jar;c:\Users\Glymin Terra Selasi\.trae\extensions\pivotal.vscode-spring-boot-1.43.0-universal\language-server\BOOT-INF\lib\ci-environment-9.1.0.jar;c:\Users\Glymin Terra Selasi\.trae\extensions\pivotal.vscode-spring-boot-1.43.0-universal\language-server\BOOT-INF\lib\classgraph-4.8.149.jar;c:\Users\Glymin Terra Selasi\.trae\extensions\pivotal.vscode-spring-boot-1.43.0-universal\language-server\BOOT-INF\lib\commons-codec-1.15.jar;c:\Users\Glymin Terra Selasi\.trae\extensions\pivotal.vscode-spring-boot-1.43.0-universal\language-server\BOOT-INF\lib\commons-compress-1.22.jar;c:\Users\Glymin Terra Selasi\.trae\extensions\pivotal.vscode-spring-boot-1.43.0-universal\language-server\BOOT-INF\lib\commons-io-2.4.jar;c:\Users\Glymin Terra Selasi\.trae\extensions\pivotal.vscode-spring-boot-1.43.0-universal\language-server\BOOT-INF\lib\commons-java-1.43.0-SNAPSHOT.jar;c:\Users\Glymin Terra Selasi\.trae\extensions\pivotal.vscode-spring-boot-1.43.0-universal\language-server\BOOT-INF\lib\commons-lang3-3.12.0.jar;c:\Users\Glymin Terra Selasi\.trae\extensions\pivotal.vscode-spring-boot-1.43.0-universal\language-server\BOOT-INF\lib\commons-language-server-1.43.0-SNAPSHOT.jar;c:\Users\Glymin Terra Selasi\.trae\extensions\pivotal.vscode-spring-boot-1.43.0-universal\language-server\BOOT-INF\lib\commons-lsp-extensions-1.43.0-SNAPSHOT.jar;c:\Users\Glymin Terra Selasi\.trae\extensions\pivotal.vscode-spring-boot-1.43.0-universal\language-server\BOOT-INF\lib\commons-rewrite-1.43.0-SNAPSHOT.jar;c:\Users\Glymin Terra Selasi\.trae\extensions\pivotal.vscode-spring-boot-1.43.0-universal\language-server\BOOT-INF\lib\commons-text-1.10.0.jar;c:\Users\Glymin Terra Selasi\.trae\extensions\pivotal.vscode-spring-boot-1.43.0-universal\language-server\BOOT-INF\lib\commons-util-1.43.0-SNAPSHOT.jar;c:\Users\Glymin Terra Selasi\.trae\extensions\pivotal.vscode-spring-boot-1.43.0-universal\language-server\BOOT-INF\lib\commons-yaml-1.43.0-SNAPSHOT.jar;c:\Users\Glymin Terra Selasi\.trae\extensions\pivotal.vscode-spring-boot-1.43.0-universal\language-server\BOOT-INF\lib\cucumber-core-7.9.0.jar;c:\Users\Glymin Terra Selasi\.trae\extensions\pivotal.vscode-spring-boot-1.43.0-universal\language-server\BOOT-INF\lib\cucumber-expressions-16.0.0.jar;c:\Users\Glymin Terra Selasi\.trae\extensions\pivotal.vscode-spring-boot-1.43.0-universal\language-server\BOOT-INF\lib\cucumber-gherkin-7.9.0.jar;c:\Users\Glymin Terra Selasi\.trae\extensions\pivotal.vscode-spring-boot-1.43.0-universal\language-server\BOOT-INF\lib\cucumber-gherkin-messages-7.9.0.jar;c:\Users\Glymin Terra Selasi\.trae\extensions\pivotal.vscode-spring-boot-1.43.0-universal\language-server\BOOT-INF\lib\cucumber-java-7.9.0.jar;c:\Users\Glymin Terra Selasi\.trae\extensions\pivotal.vscode-spring-boot-1.43.0-universal\language-server\BOOT-INF\lib\cucumber-java8-7.9.0.jar;c:\Users\Glymin Terra Selasi\.trae\extensions\pivotal.vscode-spring-boot-1.43.0-universal\language-server\BOOT-INF\lib\cucumber-junit-platform-engine-7.9.0.jar;c:\Users\Glymin Terra Selasi\.trae\extensions\pivotal.vscode-spring-boot-1.43.0-universal\language-server\BOOT-INF\lib\cucumber-plugin-7.9.0.jar;c:\Users\Glymin Terra Selasi\.trae\extensions\pivotal.vscode-spring-boot-1.43.0-universal\language-server\BOOT-INF\lib\datatable-7.9.0.jar;c:\Users\Glymin Terra Selasi\.trae\extensions\pivotal.vscode-spring-boot-1.43.0-universal\language-server\BOOT-INF\lib\docstring-7.9.0.jar;c:\Users\Glymin Terra Selasi\.trae\extensions\pivotal.vscode-spring-boot-1.43.0-universal\language-server\BOOT-INF\lib\error_prone_annotations-2.11.0.jar;c:\Users\Glymin Terra Selasi\.trae\extensions\pivotal.vscode-spring-boot-1.43.0-universal\language-server\BOOT-INF\lib\failureaccess-1.0.1.jar;c:\Users\Glymin Terra Selasi\.trae\extensions\pivotal.vscode-spring-boot-1.43.0-universal\language-server\BOOT-INF\lib\fastfilter-1.0.2.jar;c:\Users\Glymin Terra Selasi\.trae\extensions\pivotal.vscode-spring-boot-1.43.0-universal\language-server\BOOT-INF\lib\gherkin-24.1.0.jar;c:\Users\Glymin Terra Selasi\.trae\extensions\pivotal.vscode-spring-boot-1.43.0-universal\language-server\BOOT-INF\lib\gizmo-1.0.11.Final.jar;c:\Users\Glymin Terra Selasi\.trae\extensions\pivotal.vscode-spring-boot-1.43.0-universal\language-server\BOOT-INF\lib\gson-2.9.1.jar;c:\Users\Glymin Terra Selasi\.trae\extensions\pivotal.vscode-spring-boot-1.43.0-universal\language-server\BOOT-INF\lib\guava-31.1-jre.jar;c:\Users\Glymin Terra Selasi\.trae\extensions\pivotal.vscode-spring-boot-1.43.0-universal\language-server\BOOT-INF\lib\hamcrest-2.2.jar;c:\Users\Glymin Terra Selasi\.trae\extensions\pivotal.vscode-spring-boot-1.43.0-universal\language-server\BOOT-INF\lib\HdrHistogram-2.1.12.jar;c:\Users\Glymin Terra Selasi\.trae\extensions\pivotal.vscode-spring-boot-1.43.0-universal\language-server\BOOT-INF\lib\html-formatter-20.1.0.jar;c:\Users\Glymin Terra Selasi\.trae\extensions\pivotal.vscode-spring-boot-1.43.0-universal\language-server\BOOT-INF\lib\icu4j-69.1.jar;c:\Users\Glymin Terra Selasi\.trae\extensions\pivotal.vscode-spring-boot-1.43.0-universal\language-server\BOOT-INF\lib\j2objc-annotations-1.3.jar;c:\Users\Glymin Terra Selasi\.trae\extensions\pivotal.vscode-spring-boot-1.43.0-universal\language-server\BOOT-INF\lib\jackson-annotations-2.14.1.jar;c:\Users\Glymin Terra Selasi\.trae\extensions\pivotal.vscode-spring-boot-1.43.0-universal\language-server\BOOT-INF\lib\jackson-core-2.14.1.jar;c:\Users\Glymin Terra Selasi\.trae\extensions\pivotal.vscode-spring-boot-1.43.0-universal\language-server\BOOT-INF\lib\jackson-databind-2.14.1.jar;c:\Users\Glymin Terra Selasi\.trae\extensions\pivotal.vscode-spring-boot-1.43.0-universal\language-server\BOOT-INF\lib\jackson-dataformat-smile-2.14.1.jar;c:\Users\Glymin Terra Selasi\.trae\extensions\pivotal.vscode-spring-boot-1.43.0-universal\language-server\BOOT-INF\lib\jackson-dataformat-xml-2.14.1.jar;c:\Users\Glymin Terra Selasi\.trae\extensions\pivotal.vscode-spring-boot-1.43.0-universal\language-server\BOOT-INF\lib\jackson-datatype-jdk8-2.14.1.jar;c:\Users\Glymin Terra Selasi\.trae\extensions\pivotal.vscode-spring-boot-1.43.0-universal\language-server\BOOT-INF\lib\jackson-module-jaxb-annotations-2.14.1.jar;c:\Users\Glymin Terra Selasi\.trae\extensions\pivotal.vscode-spring-boot-1.43.0-universal\language-server\BOOT-INF\lib\jackson-module-parameter-names-2.14.1.jar;c:\Users\Glymin Terra Selasi\.trae\extensions\pivotal.vscode-spring-boot-1.43.0-universal\language-server\BOOT-INF\lib\jakarta.activation-api-2.1.0.jar;c:\Users\Glymin Terra Selasi\.trae\extensions\pivotal.vscode-spring-boot-1.43.0-universal\language-server\BOOT-INF\lib\jakarta.annotation-api-2.1.1.jar;c:\Users\Glymin Terra Selasi\.trae\extensions\pivotal.vscode-spring-boot-1.43.0-universal\language-server\BOOT-INF\lib\jakarta.xml.bind-api-4.0.0.jar;c:\Users\Glymin Terra Selasi\.trae\extensions\pivotal.vscode-spring-boot-1.43.0-universal\language-server\BOOT-INF\lib\jandex-2.0.5.Final.jar;c:\Users\Glymin Terra Selasi\.trae\extensions\pivotal.vscode-spring-boot-1.43.0-universal\language-server\BOOT-INF\lib\java-object-diff-0.95.jar;c:\Users\Glymin Terra Selasi\.trae\extensions\pivotal.vscode-spring-boot-1.43.0-universal\language-server\BOOT-INF\lib\java-properties-1.43.0-SNAPSHOT.jar;c:\Users\Glymin Terra Selasi\.trae\extensions\pivotal.vscode-spring-boot-1.43.0-universal\language-server\BOOT-INF\lib\javax.activation-api-1.2.0.jar;c:\Users\Glymin Terra Selasi\.trae\extensions\pivotal.vscode-spring-boot-1.43.0-universal\language-server\BOOT-INF\lib\javax.inject-1.jar;c:\Users\Glymin Terra Selasi\.trae\extensions\pivotal.vscode-spring-boot-1.43.0-universal\language-server\BOOT-INF\lib\javax.json-1.0.4.jar;c:\Users\Glymin Terra Selasi\.trae\extensions\pivotal.vscode-spring-boot-1.43.0-universal\language-server\BOOT-INF\lib\javolution-core-java-6.0.0.jar;c:\Users\Glymin Terra Selasi\.trae\extensions\pivotal.vscode-spring-boot-1.43.0-universal\language-server\BOOT-INF\lib\jaxb-api-2.3.1.jar;c:\Users\Glymin Terra Selasi\.trae\extensions\pivotal.vscode-spring-boot-1.43.0-universal\language-server\BOOT-INF\lib\jna-5.12.1.jar;c:\Users\Glymin Terra Selasi\.trae\extensions\pivotal.vscode-spring-boot-1.43.0-universal\language-server\BOOT-INF\lib\jna-platform-5.12.1.jar;c:\Users\Glymin Terra Selasi\.trae\extensions\pivotal.vscode-spring-boot-1.43.0-universal\language-server\BOOT-INF\lib\json-20160810.jar;c:\Users\Glymin Terra Selasi\.trae\extensions\pivotal.vscode-spring-boot-1.43.0-universal\language-server\BOOT-INF\lib\jsoup-1.9.2.jar;c:\Users\Glymin Terra Selasi\.trae\extensions\pivotal.vscode-spring-boot-1.43.0-universal\language-server\BOOT-INF\lib\jsr305-3.0.2.jar;c:\Users\Glymin Terra Selasi\.trae\extensions\pivotal.vscode-spring-boot-1.43.0-universal\language-server\BOOT-INF\lib\jul-to-slf4j-2.0.4.jar;c:\Users\Glymin Terra Selasi\.trae\extensions\pivotal.vscode-spring-boot-1.43.0-universal\language-server\BOOT-INF\lib\junit-jupiter-params-5.9.1.jar;c:\Users\Glymin Terra Selasi\.trae\extensions\pivotal.vscode-spring-boot-1.43.0-universal\language-server\BOOT-INF\lib\junit-platform-commons-1.9.1.jar;c:\Users\Glymin Terra Selasi\.trae\extensions\pivotal.vscode-spring-boot-1.43.0-universal\language-server\BOOT-INF\lib\junit-platform-engine-1.9.1.jar;c:\Users\Glymin Terra Selasi\.trae\extensions\pivotal.vscode-spring-boot-1.43.0-universal\language-server\BOOT-INF\lib\junit-platform-suite-api-1.9.1.jar;c:\Users\Glymin Terra Selasi\.trae\extensions\pivotal.vscode-spring-boot-1.43.0-universal\language-server\BOOT-INF\lib\language-server-starter-1.43.0-SNAPSHOT.jar;c:\Users\Glymin Terra Selasi\.trae\extensions\pivotal.vscode-spring-boot-1.43.0-universal\language-server\BOOT-INF\lib\LatencyUtils-2.0.3.jar;c:\Users\Glymin Terra Selasi\.trae\extensions\pivotal.vscode-spring-boot-1.43.0-universal\language-server\BOOT-INF\lib\listenablefuture-9999.0-empty-to-avoid-conflict-with-guava.jar;c:\Users\Glymin Terra Selasi\.trae\extensions\pivotal.vscode-spring-boot-1.43.0-universal\language-server\BOOT-INF\lib\log4j-api-2.19.0.jar;c:\Users\Glymin Terra Selasi\.trae\extensions\pivotal.vscode-spring-boot-1.43.0-universal\language-server\BOOT-INF\lib\log4j-to-slf4j-2.19.0.jar;c:\Users\Glymin Terra Selasi\.trae\extensions\pivotal.vscode-spring-boot-1.43.0-universal\language-server\BOOT-INF\lib\logback-classic-1.4.5.jar;c:\Users\Glymin Terra Selasi\.trae\extensions\pivotal.vscode-spring-boot-1.43.0-universal\language-server\BOOT-INF\lib\logback-core-1.4.5.jar;c:\Users\Glymin Terra Selasi\.trae\extensions\pivotal.vscode-spring-boot-1.43.0-universal\language-server\BOOT-INF\lib\messages-19.1.4.jar;c:\Users\Glymin Terra Selasi\.trae\extensions\pivotal.vscode-spring-boot-1.43.0-universal\language-server\BOOT-INF\lib\micrometer-commons-1.10.2.jar;c:\Users\Glymin Terra Selasi\.trae\extensions\pivotal.vscode-spring-boot-1.43.0-universal\language-server\BOOT-INF\lib\micrometer-core-1.10.2.jar;c:\Users\Glymin Terra Selasi\.trae\extensions\pivotal.vscode-spring-boot-1.43.0-universal\language-server\BOOT-INF\lib\micrometer-observation-1.10.2.jar;c:\Users\Glymin Terra Selasi\.trae\extensions\pivotal.vscode-spring-boot-1.43.0-universal\language-server\BOOT-INF\lib\opentest4j-1.2.0.jar;c:\Users\Glymin Terra Selasi\.trae\extensions\pivotal.vscode-spring-boot-1.43.0-universal\language-server\BOOT-INF\lib\org.abego.treelayout.core-1.0.3.jar;c:\Users\Glymin Terra Selasi\.trae\extensions\pivotal.vscode-spring-boot-1.43.0-universal\language-server\BOOT-INF\lib\org.eclipse.core.commands-3.10.300.jar;c:\Users\Glymin Terra Selasi\.trae\extensions\pivotal.vscode-spring-boot-1.43.0-universal\language-server\BOOT-INF\lib\org.eclipse.core.contenttype-3.8.200.jar;c:\Users\Glymin Terra Selasi\.trae\extensions\pivotal.vscode-spring-boot-1.43.0-universal\language-server\BOOT-INF\lib\org.eclipse.core.expressions-3.8.200.jar;c:\Users\Glymin Terra Selasi\.trae\extensions\pivotal.vscode-spring-boot-1.43.0-universal\language-server\BOOT-INF\lib\org.eclipse.core.filesystem-1.9.500.jar;c:\Users\Glymin Terra Selasi\.trae\extensions\pivotal.vscode-spring-boot-1.43.0-universal\language-server\BOOT-INF\lib\org.eclipse.core.jobs-3.13.200.jar;c:\Users\Glymin Terra Selasi\.trae\extensions\pivotal.vscode-spring-boot-1.43.0-universal\language-server\BOOT-INF\lib\org.eclipse.core.resources-3.18.100.jar;c:\Users\Glymin Terra Selasi\.trae\extensions\pivotal.vscode-spring-boot-1.43.0-universal\language-server\BOOT-INF\lib\org.eclipse.core.runtime-3.26.100.jar;c:\Users\Glymin Terra Selasi\.trae\extensions\pivotal.vscode-spring-boot-1.43.0-universal\language-server\BOOT-INF\lib\org.eclipse.equinox.app-1.6.200.jar;c:\Users\Glymin Terra Selasi\.trae\extensions\pivotal.vscode-spring-boot-1.43.0-universal\language-server\BOOT-INF\lib\org.eclipse.equinox.common-3.17.0.jar;c:\Users\Glymin Terra Selasi\.trae\extensions\pivotal.vscode-spring-boot-1.43.0-universal\language-server\BOOT-INF\lib\org.eclipse.equinox.preferences-3.10.1.jar;c:\Users\Glymin Terra Selasi\.trae\extensions\pivotal.vscode-spring-boot-1.43.0-universal\language-server\BOOT-INF\lib\org.eclipse.equinox.registry-3.11.200.jar;c:\Users\Glymin Terra Selasi\.trae\extensions\pivotal.vscode-spring-boot-1.43.0-universal\language-server\BOOT-INF\lib\org.eclipse.jdt.core-3.32.0.jar;c:\Users\Glymin Terra Selasi\.trae\extensions\pivotal.vscode-spring-boot-1.43.0-universal\language-server\BOOT-INF\lib\org.eclipse.lemminx-0.13.1.jar;c:\Users\Glymin Terra Selasi\.trae\extensions\pivotal.vscode-spring-boot-1.43.0-universal\language-server\BOOT-INF\lib\org.eclipse.lsp4j-0.19.0.jar;c:\Users\Glymin Terra Selasi\.trae\extensions\pivotal.vscode-spring-boot-1.43.0-universal\language-server\BOOT-INF\lib\org.eclipse.lsp4j.generator-0.19.0.jar;c:\Users\Glymin Terra Selasi\.trae\extensions\pivotal.vscode-spring-boot-1.43.0-universal\language-server\BOOT-INF\lib\org.eclipse.lsp4j.jsonrpc-0.19.0.jar;c:\Users\Glymin Terra Selasi\.trae\extensions\pivotal.vscode-spring-boot-1.43.0-universal\language-server\BOOT-INF\lib\org.eclipse.osgi-3.18.200.jar;c:\Users\Glymin Terra Selasi\.trae\extensions\pivotal.vscode-spring-boot-1.43.0-universal\language-server\BOOT-INF\lib\org.eclipse.text-3.12.300.jar;c:\Users\Glymin Terra Selasi\.trae\extensions\pivotal.vscode-spring-boot-1.43.0-universal\language-server\BOOT-INF\lib\org.eclipse.xtend.lib-2.28.0.jar;c:\Users\Glymin Terra Selasi\.trae\extensions\pivotal.vscode-spring-boot-1.43.0-universal\language-server\BOOT-INF\lib\org.eclipse.xtend.lib.macro-2.28.0.jar;c:\Users\Glymin Terra Selasi\.trae\extensions\pivotal.vscode-spring-boot-1.43.0-universal\language-server\BOOT-INF\lib\org.eclipse.xtext.xbase.lib-2.28.0.jar;c:\Users\Glymin Terra Selasi\.trae\extensions\pivotal.vscode-spring-boot-1.43.0-universal\language-server\BOOT-INF\lib\org.json-1.0.0-SNAPSHOT.jar;c:\Users\Glymin Terra Selasi\.trae\extensions\pivotal.vscode-spring-boot-1.43.0-universal\language-server\BOOT-INF\lib\org.osgi.service.prefs-1.1.2.jar;c:\Users\Glymin Terra Selasi\.trae\extensions\pivotal.vscode-spring-boot-1.43.0-universal\language-server\BOOT-INF\lib\osgi.annotation-8.0.1.jar;c:\Users\Glymin Terra Selasi\.trae\extensions\pivotal.vscode-spring-boot-1.43.0-universal\language-server\BOOT-INF\lib\reactive-streams-1.0.4.jar;c:\Users\Glymin Terra Selasi\.trae\extensions\pivotal.vscode-spring-boot-1.43.0-universal\language-server\BOOT-INF\lib\reactor-core-3.5.0.jar;c:\Users\Glymin Terra Selasi\.trae\extensions\pivotal.vscode-spring-boot-1.43.0-universal\language-server\BOOT-INF\lib\remark-1.0.0.jar;c:\Users\Glymin Terra Selasi\.trae\extensions\pivotal.vscode-spring-boot-1.43.0-universal\language-server\BOOT-INF\lib\resilience4j-core-1.7.0.jar;c:\Users\Glymin Terra Selasi\.trae\extensions\pivotal.vscode-spring-boot-1.43.0-universal\language-server\BOOT-INF\lib\resilience4j-retry-1.7.0.jar;c:\Users\Glymin Terra Selasi\.trae\extensions\pivotal.vscode-spring-boot-1.43.0-universal\language-server\BOOT-INF\lib\rewrite-core-7.34.0.jar;c:\Users\Glymin Terra Selasi\.trae\extensions\pivotal.vscode-spring-boot-1.43.0-universal\language-server\BOOT-INF\lib\rewrite-java-11-7.34.0.jar;c:\Users\Glymin Terra Selasi\.trae\extensions\pivotal.vscode-spring-boot-1.43.0-universal\language-server\BOOT-INF\lib\rewrite-java-17-7.34.0.jar;c:\Users\Glymin Terra Selasi\.trae\extensions\pivotal.vscode-spring-boot-1.43.0-universal\language-server\BOOT-INF\lib\rewrite-java-7.34.0.jar;c:\Users\Glymin Terra Selasi\.trae\extensions\pivotal.vscode-spring-boot-1.43.0-universal\language-server\BOOT-INF\lib\rewrite-java-8-7.34.0.jar;c:\Users\Glymin Terra Selasi\.trae\extensions\pivotal.vscode-spring-boot-1.43.0-universal\language-server\BOOT-INF\lib\rewrite-maven-7.34.0.jar;c:\Users\Glymin Terra Selasi\.trae\extensions\pivotal.vscode-spring-boot-1.43.0-universal\language-server\BOOT-INF\lib\rewrite-migrate-java-1.15.0.jar;c:\Users\Glymin Terra Selasi\.trae\extensions\pivotal.vscode-spring-boot-1.43.0-universal\language-server\BOOT-INF\lib\rewrite-properties-7.34.0.jar;c:\Users\Glymin Terra Selasi\.trae\extensions\pivotal.vscode-spring-boot-1.43.0-universal\language-server\BOOT-INF\lib\rewrite-spring-4.31.0.jar;c:\Users\Glymin Terra Selasi\.trae\extensions\pivotal.vscode-spring-boot-1.43.0-universal\language-server\BOOT-INF\lib\rewrite-testing-frameworks-1.32.0.jar;c:\Users\Glymin Terra Selasi\.trae\extensions\pivotal.vscode-spring-boot-1.43.0-universal\language-server\BOOT-INF\lib\rewrite-xml-7.34.0.jar;c:\Users\Glymin Terra Selasi\.trae\extensions\pivotal.vscode-spring-boot-1.43.0-universal\language-server\BOOT-INF\lib\rewrite-yaml-7.34.0.jar;c:\Users\Glymin Terra Selasi\.trae\extensions\pivotal.vscode-spring-boot-1.43.0-universal\language-server\BOOT-INF\lib\slf4j-api-2.0.4.jar;c:\Users\Glymin Terra Selasi\.trae\extensions\pivotal.vscode-spring-boot-1.43.0-universal\language-server\BOOT-INF\lib\snakeyaml-1.33.jar;c:\Users\Glymin Terra Selasi\.trae\extensions\pivotal.vscode-spring-boot-1.43.0-universal\language-server\BOOT-INF\lib\snappy-java-1.1.8.4.jar;c:\Users\Glymin Terra Selasi\.trae\extensions\pivotal.vscode-spring-boot-1.43.0-universal\language-server\BOOT-INF\lib\spring-aop-6.0.2.jar;c:\Users\Glymin Terra Selasi\.trae\extensions\pivotal.vscode-spring-boot-1.43.0-universal\language-server\BOOT-INF\lib\spring-beans-6.0.2.jar;c:\Users\Glymin Terra Selasi\.trae\extensions\pivotal.vscode-spring-boot-1.43.0-universal\language-server\BOOT-INF\lib\spring-boot-3.0.0.jar;c:\Users\Glymin Terra Selasi\.trae\extensions\pivotal.vscode-spring-boot-1.43.0-universal\language-server\BOOT-INF\lib\spring-boot-autoconfigure-3.0.0.jar;c:\Users\Glymin Terra Selasi\.trae\extensions\pivotal.vscode-spring-boot-1.43.0-universal\language-server\BOOT-INF\lib\spring-boot-jarmode-layertools-3.0.0.jar;c:\Users\Glymin Terra Selasi\.trae\extensions\pivotal.vscode-spring-boot-1.43.0-universal\language-server\BOOT-INF\lib\spring-context-6.0.2.jar;c:\Users\Glymin Terra Selasi\.trae\extensions\pivotal.vscode-spring-boot-1.43.0-universal\language-server\BOOT-INF\lib\spring-context-indexer-6.0.2.jar;c:\Users\Glymin Terra Selasi\.trae\extensions\pivotal.vscode-spring-boot-1.43.0-universal\language-server\BOOT-INF\lib\spring-core-6.0.2.jar;c:\Users\Glymin Terra Selasi\.trae\extensions\pivotal.vscode-spring-boot-1.43.0-universal\language-server\BOOT-INF\lib\spring-expression-6.0.2.jar;c:\Users\Glymin Terra Selasi\.trae\extensions\pivotal.vscode-spring-boot-1.43.0-universal\language-server\BOOT-INF\lib\spring-jcl-6.0.2.jar;c:\Users\Glymin Terra Selasi\.trae\extensions\pivotal.vscode-spring-boot-1.43.0-universal\language-server\BOOT-INF\lib\spring-web-6.0.2.jar;c:\Users\Glymin Terra Selasi\.trae\extensions\pivotal.vscode-spring-boot-1.43.0-universal\language-server\BOOT-INF\lib\ST4-4.3.1.jar;c:\Users\Glymin Terra Selasi\.trae\extensions\pivotal.vscode-spring-boot-1.43.0-universal\language-server\BOOT-INF\lib\stax2-api-4.2.1.jar;c:\Users\Glymin Terra Selasi\.trae\extensions\pivotal.vscode-spring-boot-1.43.0-universal\language-server\BOOT-INF\lib\tag-expressions-4.1.0.jar;c:\Users\Glymin Terra Selasi\.trae\extensions\pivotal.vscode-spring-boot-1.43.0-universal\language-server\BOOT-INF\lib\typetools-0.6.3.jar;c:\Users\Glymin Terra Selasi\.trae\extensions\pivotal.vscode-spring-boot-1.43.0-universal\language-server\BOOT-INF\lib\vavr-0.10.2.jar;c:\Users\Glymin Terra Selasi\.trae\extensions\pivotal.vscode-spring-boot-1.43.0-universal\language-server\BOOT-INF\lib\vavr-match-0.10.2.jar;c:\Users\Glymin Terra Selasi\.trae\extensions\pivotal.vscode-spring-boot-1.43.0-universal\language-server\BOOT-INF\lib\woodstox-core-6.4.0.jar;c:\Users\Glymin Terra Selasi\.trae\extensions\pivotal.vscode-spring-boot-1.43.0-universal\language-server\BOOT-INF\lib\xercesImpl-2.12.0.jar;c:\Users\Glymin Terra Selasi\.trae\extensions\pivotal.vscode-spring-boot-1.43.0-universal\language-server\BOOT-INF\lib\xml-apis-1.4.01.jar;c:\Users\Glymin Terra Selasi\.trae\extensions\pivotal.vscode-spring-boot-1.43.0-universal\language-server\BOOT-INF\lib\xml-resolver-1.2.jar
Launcher Type: SUN_STANDARD

[Global flags]
     intx CICompilerCount                          = 4                                         {product} {ergonomic}
     uint ConcGCThreads                            = 2                                         {product} {ergonomic}
     uint G1ConcRefinementThreads                  = 8                                         {product} {ergonomic}
   size_t G1HeapRegionSize                         = 1048576                                   {product} {ergonomic}
    uintx GCDrainStackTargetSize                   = 64                                        {product} {ergonomic}
   size_t InitialHeapSize                          = 130023424                                 {product} {ergonomic}
   size_t MarkStackSize                            = 4194304                                   {product} {ergonomic}
   size_t MaxHeapSize                              = 2080374784                                {product} {ergonomic}
   size_t MaxNewSize                               = 1247805440                                {product} {ergonomic}
   size_t MinHeapDeltaBytes                        = 1048576                                   {product} {ergonomic}
   size_t MinHeapSize                              = 8388608                                   {product} {ergonomic}
    uintx NonNMethodCodeHeapSize                   = 4096                                   {pd product} {ergonomic}
    uintx NonProfiledCodeHeapSize                  = 0                                      {pd product} {ergonomic}
     bool ProfileInterpreter                       = false                                  {pd product} {command line}
    uintx ProfiledCodeHeapSize                     = 0                                      {pd product} {ergonomic}
   size_t SoftMaxHeapSize                          = 2080374784                             {manageable} {ergonomic}
     intx TieredStopAtLevel                        = 1                                         {product} {command line}
     bool UseCompressedOops                        = true                           {product lp64_product} {ergonomic}
     bool UseG1GC                                  = true                                      {product} {ergonomic}
     bool UseLargePagesIndividualAllocation        = false                                  {pd product} {ergonomic}

Logging:
Log output configuration:
 #0: stdout all=warning,jni+resolve=off uptime,level,tags foldmultilines=false
 #1: stderr all=off uptime,level,tags foldmultilines=false

Release file:
JAVA_VERSION="21.0.9" 
MODULES="java.base java.compiler java.datatransfer java.xml java.prefs java.desktop java.instrument java.logging java.management java.security.sasl java.naming java.rmi java.management.rmi java.net.http java.scripting java.security.jgss java.transaction.xa java.sql java.sql.rowset java.xml.crypto java.se java.smartcardio jdk.accessibility jdk.internal.jvmstat jdk.attach jdk.charsets jdk.internal.opt jdk.zipfs jdk.compiler jdk.crypto.ec jdk.crypto.cryptoki jdk.crypto.mscapi jdk.dynalink jdk.internal.ed jdk.editpad jdk.hotspot.agent jdk.httpserver jdk.internal.le jdk.internal.vm.ci jdk.internal.vm.compiler jdk.internal.vm.compiler.management jdk.jartool jdk.javadoc jdk.jcmd jdk.management jdk.management.agent jdk.jconsole jdk.jdeps jdk.jdwp.agent jdk.jdi jdk.jfr jdk.jshell jdk.jsobject jdk.jstatd jdk.localedata jdk.management.jfr jdk.naming.dns jdk.naming.rmi jdk.net jdk.nio.mapmode jdk.random jdk.sctp jdk.security.auth jdk.security.jgss jdk.unsupported jdk.unsupported.desktop jdk.xml.dom" 

Environment Variables:
JAVA_HOME=C:\Program Files\jdk-23.0.1
PATH=c:\Users\Glymin Terra Selasi\.trae\tools\trae-gopls\current;c:\Users\Glymin Terra Selasi\.trae\sdks\workspaces\3ecfd569\versions\node\current;c:\Users\Glymin Terra Selasi\.trae\sdks\versions\node\current;C:\Python312\Scripts\;C:\Python312\;C:\WINDOWS\system32;C:\WINDOWS;C:\WINDOWS\System32\Wbem;C:\WINDOWS\System32\WindowsPowerShell\v1.0\;C:\WINDOWS\System32\OpenSSH\;C:\Program Files\dotnet\;C:\ProgramData\chocolatey\bin;C:\Program Files (x86)\Microsoft SQL Server\160\Tools\Binn\;C:\Program Files\Microsoft SQL Server\160\Tools\Binn\;C:\Program Files\Microsoft SQL Server\Client SDK\ODBC\170\Tools\Binn\;C:\Program Files\Microsoft SQL Server\160\DTS\Binn\;C:\Program Files\php-8.3.12;C:\Program Files\php-8.3.12\php;C:\xampp\php;C:\Users\Glymin Terra Selasi\AppData\Local\Yarn\bin;C:\Program Files\PostgreSQL\15\bin;C:\Program Files\Git\cmd;C:\Program Files\jdk-23.0.1\bin;C:\Program Files\PostgreSQL\12\bin;C:\Program Files (x86)\cloudflared\;C:\Windows\System32;C:\composer;C:\Users\Glymin Terra Selasi\AppData\Roaming\npm;C:\Users\Glymin Terra Selasi\AppData\Roaming\nvm;C:\Program Files\nodejs;C:\xampp\mysql\bin;C:\Program Files\apache-maven-3.9.11\bin;C:\Python312\Scripts\;C:\Python312\;C:\WINDOWS\system32;C:\WINDOWS;C:\WINDOWS\System32\Wbem;C:\WINDOWS\System32\WindowsPowerShell\v1.0\;C:\WINDOWS\System32\OpenSSH\;C:\Program Files\dotnet\;C:\ProgramData\chocolatey\bin;C:\Program Files (x86)\Microsoft SQL Server\160\Tools\Binn\;C:\Program Files\Microsoft SQL Server\160\Tools\Binn\;C:\Program Files\Microsoft SQL Server\Client SDK\ODBC\170\Tools\Binn\;C:\Program Files\Microsoft SQL Server\160\DTS\Binn\;C:\Program Files (x86)\Microsoft SQL Server\160\DTS\Binn\;C:\Program Files\php-8.3.12;C:\Program Files\php-8.3.12\php;C:\xampp\php;C:\Users\Glymin Terra Selasi\AppData\Local\Yarn\bin;C:\Program Files\PostgreSQL\15\bin;C:\Program Files\Git\cmd;C:\Program Files\jdk-23.0.1\bin;C:\Program Files\PostgreSQL\12\bin;C:\Program Files (x86)\cloudflared\;C:\Windows\System32;C:\composer;C:\Users\Glymin Terra Selasi\AppData\Local\Microsoft\WindowsApps;C:\Users\Glymin Terra Selasi\AppData\Local\Programs\Microsoft VS Code\bin;C:\Users\Glymin Terra Sela;C:\Users\Glymin Terra Selasi\AppData\Roaming\npm;C:\Users\Glymin Terra Selasi\AppData\Roaming\nvm;C:\Program Files\nodejs;C:\Users\Glymin Terra Selasi\AppData\Local\Microsoft\WindowsApps;C:\Users\Glymin Terra Selasi\AppData\Local\Programs\Antigravity\bin;c:\Users\Glymin Terra Selasi\AppData\Local\Programs\Trae1\resources\app\bin\lib
USERNAME=Glymin Terra Selasi
OS=Windows_NT
PROCESSOR_IDENTIFIER=Intel64 Family 6 Model 140 Stepping 1, GenuineIntel
TMP=C:\Users\GLYMIN~1\AppData\Local\Temp
TEMP=C:\Users\GLYMIN~1\AppData\Local\Temp




Periodic native trim disabled

---------------  S Y S T E M  ---------------

OS:
 Windows 11 , 64 bit Build 26100 (10.0.26100.6725)
OS uptime: 0 days 2:56 hours
Hyper-V role detected

CPU: total 8 (initial active 8) (4 cores per cpu, 2 threads per core) family 6 model 140 stepping 1 microcode 0xbe, cx8, cmov, fxsr, ht, mmx, 3dnowpref, sse, sse2, sse3, ssse3, sse4.1, sse4.2, popcnt, lzcnt, tsc, tscinvbit, avx, avx2, aes, erms, clmul, bmi1, bmi2, adx, avx512f, avx512dq, avx512cd, avx512bw, avx512vl, sha, fma, vzeroupper, avx512_vpopcntdq, avx512_vpclmulqdq, avx512_vaes, avx512_vnni, clflush, clflushopt, clwb, avx512_vbmi2, avx512_vbmi, hv, rdtscp, rdpid, fsrm, gfni, avx512_bitalg, f16c, cet_ibt, cet_ss, avx512_ifma
Processor Information for the first 8 processors :
  Max Mhz: 2419, Current Mhz: 2419, Mhz Limit: 2419

Memory: 4k page, system-wide physical 7934M (851M free)
TotalPageFile size 25168M (AvailPageFile size 6M)
current process WorkingSet (physical memory assigned to process): 128M, peak: 639M
current process commit charge ("private bytes"): 328M, peak: 773M

vm_info: OpenJDK 64-Bit Server VM (21.0.9+10-LTS) for windows-amd64 JRE (21.0.9+10-LTS), built on 2025-10-21T00:00:00Z by "admin" with unknown MS VC++:1942

END.
