#
# There is insufficient memory for the Java Runtime Environment to continue.
# Native memory allocation (mmap) failed to map 36700160 bytes. Error detail: G1 virtual space
# Possible reasons:
#   The system is out of physical RAM or swap space
#   This process is running with CompressedOops enabled, and the Java Heap may be blocking the growth of the native heap
# Possible solutions:
#   Reduce memory load on the system
#   Increase physical memory or swap space
#   Check if swap backing store is full
#   Decrease Java heap size (-Xmx/-Xms)
#   Decrease number of Java threads
#   Decrease Java thread stack sizes (-Xss)
#   Set larger code cache with -XX:ReservedCodeCacheSize=
#   JVM is running with Unscaled Compressed Oops mode in which the Java heap is
#     placed in the first 4GB address space. The Java Heap base address is the
#     maximum limit for the native heap growth. Please use -XX:HeapBaseMinAddress
#     to set the Java Heap base and to place the Java Heap above 4GB virtual address.
# This output file may be truncated or incomplete.
#
#  Out of Memory Error (os_windows.cpp:3713), pid=3848, tid=19352
#
# JRE version: OpenJDK Runtime Environment Temurin-21.0.9+10 (21.0.9+10) (build 21.0.9+10-LTS)
# Java VM: OpenJDK 64-Bit Server VM Temurin-21.0.9+10 (21.0.9+10-LTS, mixed mode, emulated-client, sharing, tiered, compressed oops, compressed class ptrs, g1 gc, windows-amd64)
# No core dump will be written. Minidumps are not enabled by default on client versions of Windows
#

---------------  S U M M A R Y ------------

Command Line: -Dstdout.encoding=UTF-8 -Dstderr.encoding=UTF-8 -XX:TieredStopAtLevel=1 com.mit.ticket_mgt_app.TicketMgtAppApplication

Host: 11th Gen Intel(R) Core(TM) i5-1135G7 @ 2.40GHz, 8 cores, 7G,  Windows 11 , 64 bit Build 26100 (10.0.26100.6725)
Time: Thu Feb 19 15:05:54 2026 Greenwich Standard Time elapsed time: 135.547279 seconds (0d 0h 2m 15s)

---------------  T H R E A D  ---------------

Current thread (0x000001d2f940c4f0):  VMThread "VM Thread"          [id=19352, stack(0x0000007365700000,0x0000007365800000) (1024K)]

Stack: [0x0000007365700000,0x0000007365800000]
Native frames: (J=compiled Java code, j=interpreted, Vv=VM code, C=native code)
V  [jvm.dll+0x6d6e29]
V  [jvm.dll+0x8b4b76]
V  [jvm.dll+0x8b712e]
V  [jvm.dll+0x8b7813]
V  [jvm.dll+0x283d86]
V  [jvm.dll+0x6d3745]
V  [jvm.dll+0x6c747a]
V  [jvm.dll+0x35e7e8]
V  [jvm.dll+0x366426]
V  [jvm.dll+0x3b73fe]
V  [jvm.dll+0x3b76a8]
V  [jvm.dll+0x3329ec]
V  [jvm.dll+0x332a77]
V  [jvm.dll+0x37684c]
V  [jvm.dll+0x374fee]
V  [jvm.dll+0x332131]
V  [jvm.dll+0x37465a]
V  [jvm.dll+0x8bd500]
V  [jvm.dll+0x8be8a4]
V  [jvm.dll+0x8bede0]
V  [jvm.dll+0x8bf083]
V  [jvm.dll+0x85e9ad]
V  [jvm.dll+0x6d565d]
C  [ucrtbase.dll+0x37b0]
C  [KERNEL32.DLL+0x2e8d7]
C  [ntdll.dll+0x8c53c]

VM_Operation (0x0000007366bf9210): G1CollectForAllocation, mode: safepoint, requested by thread 0x000001d2ff3b8130


---------------  P R O C E S S  ---------------

Threads class SMR info:
_java_thread_list=0x000001d2fe2c5a80, length=31, elements={
0x000001d2f94266a0, 0x000001d2f94291f0, 0x000001d2f9435330, 0x000001d2f94359c0,
0x000001d2f9434ca0, 0x000001d2f9433260, 0x000001d2f943c300, 0x000001d2f9432540,
0x000001d2f9434610, 0x000001d2ff3baf20, 0x000001d2ff3ba200, 0x000001d2ff3b8e50,
0x000001d2ff3b7aa0, 0x000001d2ff3bb5b0, 0x000001d2ff3ba890, 0x000001d2ff3b8130,
0x000001d2ff3b9b70, 0x000001d2ff3bbc40, 0x000001d2ff3b87c0, 0x000001d2ff3bc2d0,
0x000001d2ff3bc960, 0x000001d2ff3bd680, 0x000001d2ff3bdd10, 0x000001d2ff3bea30,
0x000001d2ff3bf0c0, 0x000001d2ff3b94e0, 0x000001d2ff3bcff0, 0x000001d2ff3be3a0,
0x000001d2feefdbc0, 0x000001d2ff2e56b0, 0x000001d2ff2e2dd0
}

Java Threads: ( => current thread )
  0x000001d2f94266a0 JavaThread "Reference Handler"          daemon [_thread_blocked, id=28944, stack(0x0000007365800000,0x0000007365900000) (1024K)]
  0x000001d2f94291f0 JavaThread "Finalizer"                  daemon [_thread_blocked, id=30396, stack(0x0000007365900000,0x0000007365a00000) (1024K)]
  0x000001d2f9435330 JavaThread "Signal Dispatcher"          daemon [_thread_blocked, id=760, stack(0x0000007365a00000,0x0000007365b00000) (1024K)]
  0x000001d2f94359c0 JavaThread "Attach Listener"            daemon [_thread_blocked, id=27072, stack(0x0000007365b00000,0x0000007365c00000) (1024K)]
  0x000001d2f9434ca0 JavaThread "Service Thread"             daemon [_thread_blocked, id=14904, stack(0x0000007365c00000,0x0000007365d00000) (1024K)]
  0x000001d2f9433260 JavaThread "Monitor Deflation Thread"   daemon [_thread_blocked, id=11664, stack(0x0000007365d00000,0x0000007365e00000) (1024K)]
  0x000001d2f943c300 JavaThread "C1 CompilerThread0"         daemon [_thread_blocked, id=8960, stack(0x0000007365e00000,0x0000007365f00000) (1024K)]
  0x000001d2f9432540 JavaThread "Notification Thread"        daemon [_thread_blocked, id=19952, stack(0x0000007366000000,0x0000007366100000) (1024K)]
  0x000001d2f9434610 JavaThread "Common-Cleaner"             daemon [_thread_blocked, id=29900, stack(0x0000007366100000,0x0000007366200000) (1024K)]
  0x000001d2ff3baf20 JavaThread "HikariPool-1 housekeeper"   daemon [_thread_blocked, id=30484, stack(0x0000007366e00000,0x0000007366f00000) (1024K)]
  0x000001d2ff3ba200 JavaThread "Catalina-utility-1"                [_thread_blocked, id=27540, stack(0x0000007366f00000,0x0000007367000000) (1024K)]
  0x000001d2ff3b8e50 JavaThread "Catalina-utility-2"                [_thread_blocked, id=24184, stack(0x0000007367000000,0x0000007367100000) (1024K)]
  0x000001d2ff3b7aa0 JavaThread "container-0"                       [_thread_blocked, id=30116, stack(0x0000007367100000,0x0000007367200000) (1024K)]
  0x000001d2ff3bb5b0 JavaThread "File Watcher"               daemon [_thread_blocked, id=30064, stack(0x0000007367300000,0x0000007367400000) (1024K)]
  0x000001d2ff3ba890 JavaThread "Live Reload Server"         daemon [_thread_in_native, id=24868, stack(0x0000007367400000,0x0000007367500000) (1024K)]
  0x000001d2ff3b8130 JavaThread "http-nio-7050-exec-1"       daemon [_thread_blocked, id=19012, stack(0x0000007366b00000,0x0000007366c00000) (1024K)]
  0x000001d2ff3b9b70 JavaThread "http-nio-7050-exec-2"       daemon [_thread_blocked, id=30616, stack(0x0000007367500000,0x0000007367600000) (1024K)]
  0x000001d2ff3bbc40 JavaThread "http-nio-7050-exec-3"       daemon [_thread_blocked, id=15616, stack(0x0000007367600000,0x0000007367700000) (1024K)]
  0x000001d2ff3b87c0 JavaThread "http-nio-7050-exec-4"       daemon [_thread_blocked, id=19668, stack(0x0000007367700000,0x0000007367800000) (1024K)]
  0x000001d2ff3bc2d0 JavaThread "http-nio-7050-exec-5"       daemon [_thread_blocked, id=30344, stack(0x0000007367800000,0x0000007367900000) (1024K)]
  0x000001d2ff3bc960 JavaThread "http-nio-7050-exec-6"       daemon [_thread_blocked, id=10352, stack(0x0000007367900000,0x0000007367a00000) (1024K)]
  0x000001d2ff3bd680 JavaThread "http-nio-7050-exec-7"       daemon [_thread_blocked, id=13468, stack(0x0000007367a00000,0x0000007367b00000) (1024K)]
  0x000001d2ff3bdd10 JavaThread "http-nio-7050-exec-8"       daemon [_thread_blocked, id=13232, stack(0x0000007367b00000,0x0000007367c00000) (1024K)]
  0x000001d2ff3bea30 JavaThread "http-nio-7050-exec-9"       daemon [_thread_blocked, id=16564, stack(0x0000007367c00000,0x0000007367d00000) (1024K)]
  0x000001d2ff3bf0c0 JavaThread "http-nio-7050-exec-10"      daemon [_thread_blocked, id=12420, stack(0x0000007367d00000,0x0000007367e00000) (1024K)]
  0x000001d2ff3b94e0 JavaThread "http-nio-7050-Poller"       daemon [_thread_blocked, id=29352, stack(0x0000007366200000,0x0000007366300000) (1024K)]
  0x000001d2ff3bcff0 JavaThread "http-nio-7050-Acceptor"     daemon [_thread_in_native, id=4388, stack(0x0000007367200000,0x0000007367300000) (1024K)]
  0x000001d2ff3be3a0 JavaThread "DestroyJavaVM"                     [_thread_blocked, id=15812, stack(0x0000007365000000,0x0000007365100000) (1024K)]
  0x000001d2feefdbc0 JavaThread "C1 CompilerThread1"         daemon [_thread_blocked, id=27136, stack(0x0000007364e00000,0x0000007364f00000) (1024K)]
  0x000001d2ff2e56b0 JavaThread "C1 CompilerThread2"         daemon [_thread_blocked, id=22364, stack(0x0000007364f00000,0x0000007365000000) (1024K)]
  0x000001d2ff2e2dd0 JavaThread "C1 CompilerThread3"         daemon [_thread_blocked, id=22992, stack(0x0000007365f00000,0x0000007366000000) (1024K)]
Total: 31

Other Threads:
=>0x000001d2f940c4f0 VMThread "VM Thread"                           [id=19352, stack(0x0000007365700000,0x0000007365800000) (1024K)]
  0x000001d2f93f9e30 WatcherThread "VM Periodic Task Thread"        [id=13632, stack(0x0000007365600000,0x0000007365700000) (1024K)]
  0x000001d2e6a23fd0 WorkerThread "GC Thread#0"                     [id=30708, stack(0x0000007365100000,0x0000007365200000) (1024K)]
  0x000001d2fe49dce0 WorkerThread "GC Thread#1"                     [id=29184, stack(0x0000007366500000,0x0000007366600000) (1024K)]
  0x000001d2fe49e080 WorkerThread "GC Thread#2"                     [id=20104, stack(0x0000007366600000,0x0000007366700000) (1024K)]
  0x000001d2fe49ec30 WorkerThread "GC Thread#3"                     [id=18880, stack(0x0000007366700000,0x0000007366800000) (1024K)]
  0x000001d2fe4b1630 WorkerThread "GC Thread#4"                     [id=20704, stack(0x0000007366800000,0x0000007366900000) (1024K)]
  0x000001d2fe4b1de0 WorkerThread "GC Thread#5"                     [id=26132, stack(0x0000007366900000,0x0000007366a00000) (1024K)]
  0x000001d2fe8d20e0 WorkerThread "GC Thread#6"                     [id=28288, stack(0x0000007366c00000,0x0000007366d00000) (1024K)]
  0x000001d2fe8d2f60 WorkerThread "GC Thread#7"                     [id=12088, stack(0x0000007366d00000,0x0000007366e00000) (1024K)]
  0x000001d2e6a346b0 ConcurrentGCThread "G1 Main Marker"            [id=22672, stack(0x0000007365200000,0x0000007365300000) (1024K)]
  0x000001d2e6a350b0 WorkerThread "G1 Conc#0"                       [id=30564, stack(0x0000007365300000,0x0000007365400000) (1024K)]
  0x000001d2fe8d19a0 WorkerThread "G1 Conc#1"                       [id=18740, stack(0x0000007366a00000,0x0000007366b00000) (1024K)]
  0x000001d2e6a7e4b0 ConcurrentGCThread "G1 Refine#0"               [id=30008, stack(0x0000007365400000,0x0000007365500000) (1024K)]
  0x000001d2f92c55a0 ConcurrentGCThread "G1 Service"                [id=19440, stack(0x0000007365500000,0x0000007365600000) (1024K)]
Total: 15

Threads with active compile tasks:
Total: 0

VM state: at safepoint (normal execution)

VM Mutex/Monitor currently owned by a thread:  ([mutex/lock_event])
[0x00007ffd0391d570] Threads_lock - owner thread: 0x000001d2f940c4f0
[0x00007ffd0391d670] Heap_lock - owner thread: 0x000001d2ff3b8130

Heap address: 0x0000000084000000, size: 1984 MB, Compressed Oops mode: 32-bit

CDS archive(s) mapped at: [0x000001d280000000-0x000001d280c80000-0x000001d280c80000), size 13107200, SharedBaseAddress: 0x000001d280000000, ArchiveRelocationMode: 1.
Compressed class space mapped at: 0x000001d281000000-0x000001d2c1000000, reserved size: 1073741824
Narrow klass base: 0x000001d280000000, Narrow klass shift: 0, Narrow klass range: 0x100000000

GC Precious Log:
 CardTable entry size: 512
 Card Set container configuration: InlinePtr #cards 5 size 8 Array Of Cards #cards 12 size 40 Howl #buckets 4 coarsen threshold 1843 Howl Bitmap #cards 512 size 80 coarsen threshold 460 Card regions per heap region 1 cards per card region 2048
 CPUs: 8 total, 8 available
 Memory: 7934M
 Large Page Support: Disabled
 NUMA Support: Disabled
 Compressed Oops: Enabled (32-bit)
 Heap Region Size: 1M
 Heap Min Capacity: 8M
 Heap Initial Capacity: 124M
 Heap Max Capacity: 1984M
 Pre-touch: Disabled
 Parallel Workers: 8
 Concurrent Workers: 2
 Concurrent Refinement Workers: 8
 Periodic GC: Disabled

Heap:
 garbage-first heap   total 128000K, used 36890K [0x0000000084000000, 0x0000000100000000)
  region size 1024K, 3 young (3072K), 3 survivors (3072K)
 Metaspace       used 46194K, committed 46848K, reserved 1114112K
  class space    used 5828K, committed 6080K, reserved 1048576K

Heap Regions: E=young(eden), S=young(survivor), O=old, HS=humongous(starts), HC=humongous(continues), CS=collection set, F=free, TAMS=top-at-mark-start, PB=parsable bottom
|   0|0x0000000084000000, 0x0000000084100000, 0x0000000084100000|100%| O|  |TAMS 0x0000000084100000| PB 0x0000000084000000| Untracked 
|   1|0x0000000084100000, 0x0000000084200000, 0x0000000084200000|100%| O|  |TAMS 0x0000000084200000| PB 0x0000000084100000| Untracked 
|   2|0x0000000084200000, 0x0000000084300000, 0x0000000084300000|100%| O|  |TAMS 0x0000000084300000| PB 0x0000000084200000| Untracked 
|   3|0x0000000084300000, 0x0000000084400000, 0x0000000084400000|100%| O|  |TAMS 0x0000000084400000| PB 0x0000000084300000| Untracked 
|   4|0x0000000084400000, 0x0000000084500000, 0x0000000084500000|100%| O|  |TAMS 0x0000000084500000| PB 0x0000000084400000| Untracked 
|   5|0x0000000084500000, 0x0000000084600000, 0x0000000084600000|100%| O|  |TAMS 0x0000000084600000| PB 0x0000000084500000| Untracked 
|   6|0x0000000084600000, 0x0000000084700000, 0x0000000084700000|100%| O|  |TAMS 0x0000000084700000| PB 0x0000000084600000| Untracked 
|   7|0x0000000084700000, 0x0000000084800000, 0x0000000084800000|100%| O|  |TAMS 0x0000000084800000| PB 0x0000000084700000| Untracked 
|   8|0x0000000084800000, 0x0000000084900000, 0x0000000084900000|100%| O|  |TAMS 0x0000000084900000| PB 0x0000000084800000| Untracked 
|   9|0x0000000084900000, 0x0000000084a00000, 0x0000000084a00000|100%| O|  |TAMS 0x0000000084a00000| PB 0x0000000084900000| Untracked 
|  10|0x0000000084a00000, 0x0000000084b00000, 0x0000000084b00000|100%| O|  |TAMS 0x0000000084b00000| PB 0x0000000084a00000| Untracked 
|  11|0x0000000084b00000, 0x0000000084c00000, 0x0000000084c00000|100%| O|  |TAMS 0x0000000084c00000| PB 0x0000000084b00000| Untracked 
|  12|0x0000000084c00000, 0x0000000084d00000, 0x0000000084d00000|100%| O|  |TAMS 0x0000000084d00000| PB 0x0000000084c00000| Untracked 
|  13|0x0000000084d00000, 0x0000000084e00000, 0x0000000084e00000|100%| O|  |TAMS 0x0000000084e00000| PB 0x0000000084d00000| Untracked 
|  14|0x0000000084e00000, 0x0000000084f00000, 0x0000000084f00000|100%| O|  |TAMS 0x0000000084f00000| PB 0x0000000084e00000| Untracked 
|  15|0x0000000084f00000, 0x0000000085000000, 0x0000000085000000|100%| O|  |TAMS 0x0000000085000000| PB 0x0000000084f00000| Untracked 
|  16|0x0000000085000000, 0x0000000085100000, 0x0000000085100000|100%| O|  |TAMS 0x0000000085100000| PB 0x0000000085000000| Untracked 
|  17|0x0000000085100000, 0x0000000085200000, 0x0000000085200000|100%| O|  |TAMS 0x0000000085200000| PB 0x0000000085100000| Untracked 
|  18|0x0000000085200000, 0x0000000085300000, 0x0000000085300000|100%| O|  |TAMS 0x0000000085300000| PB 0x0000000085200000| Untracked 
|  19|0x0000000085300000, 0x0000000085400000, 0x0000000085400000|100%| O|  |TAMS 0x0000000085400000| PB 0x0000000085300000| Untracked 
|  20|0x0000000085400000, 0x0000000085500000, 0x0000000085500000|100%| O|  |TAMS 0x0000000085500000| PB 0x0000000085400000| Untracked 
|  21|0x0000000085500000, 0x0000000085600000, 0x0000000085600000|100%| O|  |TAMS 0x0000000085600000| PB 0x0000000085500000| Untracked 
|  22|0x0000000085600000, 0x0000000085700000, 0x0000000085700000|100%| O|  |TAMS 0x0000000085700000| PB 0x0000000085600000| Untracked 
|  23|0x0000000085700000, 0x0000000085800000, 0x0000000085800000|100%| O|  |TAMS 0x0000000085800000| PB 0x0000000085700000| Untracked 
|  24|0x0000000085800000, 0x0000000085900000, 0x0000000085900000|100%| O|  |TAMS 0x0000000085900000| PB 0x0000000085800000| Untracked 
|  25|0x0000000085900000, 0x0000000085a00000, 0x0000000085a00000|100%| O|  |TAMS 0x0000000085a00000| PB 0x0000000085900000| Untracked 
|  26|0x0000000085a00000, 0x0000000085b00000, 0x0000000085b00000|100%| O|  |TAMS 0x0000000085b00000| PB 0x0000000085a00000| Untracked 
|  27|0x0000000085b00000, 0x0000000085c00000, 0x0000000085c00000|100%| O|  |TAMS 0x0000000085c00000| PB 0x0000000085b00000| Untracked 
|  28|0x0000000085c00000, 0x0000000085d00000, 0x0000000085d00000|100%| O|  |TAMS 0x0000000085d00000| PB 0x0000000085c00000| Untracked 
|  29|0x0000000085d00000, 0x0000000085e00000, 0x0000000085e00000|100%| O|  |TAMS 0x0000000085e00000| PB 0x0000000085d00000| Untracked 
|  30|0x0000000085e00000, 0x0000000085f00000, 0x0000000085f00000|100%| O|  |TAMS 0x0000000085f00000| PB 0x0000000085e00000| Untracked 
|  31|0x0000000085f00000, 0x0000000085fb14d0, 0x0000000086000000| 69%| O|  |TAMS 0x0000000085fb14d0| PB 0x0000000085f00000| Untracked 
|  32|0x0000000086000000, 0x0000000086000000, 0x0000000086100000|  0%| F|  |TAMS 0x0000000086000000| PB 0x0000000086000000| Untracked 
|  33|0x0000000086100000, 0x0000000086100000, 0x0000000086200000|  0%| F|  |TAMS 0x0000000086100000| PB 0x0000000086100000| Untracked 
|  34|0x0000000086200000, 0x0000000086300000, 0x0000000086300000|100%| O|  |TAMS 0x0000000086300000| PB 0x0000000086200000| Untracked 
|  35|0x0000000086300000, 0x0000000086400000, 0x0000000086400000|100%| O|  |TAMS 0x0000000086400000| PB 0x0000000086300000| Untracked 
|  36|0x0000000086400000, 0x0000000086400000, 0x0000000086500000|  0%| F|  |TAMS 0x0000000086400000| PB 0x0000000086400000| Untracked 
|  37|0x0000000086500000, 0x0000000086500000, 0x0000000086600000|  0%| F|  |TAMS 0x0000000086500000| PB 0x0000000086500000| Untracked 
|  38|0x0000000086600000, 0x0000000086600000, 0x0000000086700000|  0%| F|  |TAMS 0x0000000086600000| PB 0x0000000086600000| Untracked 
|  39|0x0000000086700000, 0x0000000086700000, 0x0000000086800000|  0%| F|  |TAMS 0x0000000086700000| PB 0x0000000086700000| Untracked 
|  40|0x0000000086800000, 0x00000000868553b0, 0x0000000086900000| 33%| S|CS|TAMS 0x0000000086800000| PB 0x0000000086800000| Complete 
|  41|0x0000000086900000, 0x0000000086900000, 0x0000000086a00000|  0%| F|  |TAMS 0x0000000086900000| PB 0x0000000086900000| Untracked 
|  42|0x0000000086a00000, 0x0000000086a00000, 0x0000000086b00000|  0%| F|  |TAMS 0x0000000086a00000| PB 0x0000000086a00000| Untracked 
|  43|0x0000000086b00000, 0x0000000086b00000, 0x0000000086c00000|  0%| F|  |TAMS 0x0000000086b00000| PB 0x0000000086b00000| Untracked 
|  44|0x0000000086c00000, 0x0000000086d00000, 0x0000000086d00000|100%| S|CS|TAMS 0x0000000086c00000| PB 0x0000000086c00000| Complete 
|  45|0x0000000086d00000, 0x0000000086e00000, 0x0000000086e00000|100%| S|CS|TAMS 0x0000000086d00000| PB 0x0000000086d00000| Complete 
|  46|0x0000000086e00000, 0x0000000086e00000, 0x0000000086f00000|  0%| F|  |TAMS 0x0000000086e00000| PB 0x0000000086e00000| Untracked 
|  47|0x0000000086f00000, 0x0000000086f00000, 0x0000000087000000|  0%| F|  |TAMS 0x0000000086f00000| PB 0x0000000086f00000| Untracked 
|  48|0x0000000087000000, 0x0000000087000000, 0x0000000087100000|  0%| F|  |TAMS 0x0000000087000000| PB 0x0000000087000000| Untracked 
|  49|0x0000000087100000, 0x0000000087100000, 0x0000000087200000|  0%| F|  |TAMS 0x0000000087100000| PB 0x0000000087100000| Untracked 
|  50|0x0000000087200000, 0x0000000087200000, 0x0000000087300000|  0%| F|  |TAMS 0x0000000087200000| PB 0x0000000087200000| Untracked 
|  51|0x0000000087300000, 0x0000000087300000, 0x0000000087400000|  0%| F|  |TAMS 0x0000000087300000| PB 0x0000000087300000| Untracked 
|  52|0x0000000087400000, 0x0000000087400000, 0x0000000087500000|  0%| F|  |TAMS 0x0000000087400000| PB 0x0000000087400000| Untracked 
|  53|0x0000000087500000, 0x0000000087500000, 0x0000000087600000|  0%| F|  |TAMS 0x0000000087500000| PB 0x0000000087500000| Untracked 
|  54|0x0000000087600000, 0x0000000087600000, 0x0000000087700000|  0%| F|  |TAMS 0x0000000087600000| PB 0x0000000087600000| Untracked 
|  55|0x0000000087700000, 0x0000000087700000, 0x0000000087800000|  0%| F|  |TAMS 0x0000000087700000| PB 0x0000000087700000| Untracked 
|  56|0x0000000087800000, 0x0000000087800000, 0x0000000087900000|  0%| F|  |TAMS 0x0000000087800000| PB 0x0000000087800000| Untracked 
|  57|0x0000000087900000, 0x0000000087900000, 0x0000000087a00000|  0%| F|  |TAMS 0x0000000087900000| PB 0x0000000087900000| Untracked 
|  58|0x0000000087a00000, 0x0000000087a00000, 0x0000000087b00000|  0%| F|  |TAMS 0x0000000087a00000| PB 0x0000000087a00000| Untracked 
|  59|0x0000000087b00000, 0x0000000087b00000, 0x0000000087c00000|  0%| F|  |TAMS 0x0000000087b00000| PB 0x0000000087b00000| Untracked 
|  60|0x0000000087c00000, 0x0000000087c00000, 0x0000000087d00000|  0%| F|  |TAMS 0x0000000087c00000| PB 0x0000000087c00000| Untracked 
|  61|0x0000000087d00000, 0x0000000087d00000, 0x0000000087e00000|  0%| F|  |TAMS 0x0000000087d00000| PB 0x0000000087d00000| Untracked 
|  62|0x0000000087e00000, 0x0000000087e00000, 0x0000000087f00000|  0%| F|  |TAMS 0x0000000087e00000| PB 0x0000000087e00000| Untracked 
|  63|0x0000000087f00000, 0x0000000087f00000, 0x0000000088000000|  0%| F|  |TAMS 0x0000000087f00000| PB 0x0000000087f00000| Untracked 
|  64|0x0000000088000000, 0x0000000088000000, 0x0000000088100000|  0%| F|  |TAMS 0x0000000088000000| PB 0x0000000088000000| Untracked 
|  65|0x0000000088100000, 0x0000000088100000, 0x0000000088200000|  0%| F|  |TAMS 0x0000000088100000| PB 0x0000000088100000| Untracked 
|  66|0x0000000088200000, 0x0000000088200000, 0x0000000088300000|  0%| F|  |TAMS 0x0000000088200000| PB 0x0000000088200000| Untracked 
|  67|0x0000000088300000, 0x0000000088300000, 0x0000000088400000|  0%| F|  |TAMS 0x0000000088300000| PB 0x0000000088300000| Untracked 
|  68|0x0000000088400000, 0x0000000088400000, 0x0000000088500000|  0%| F|  |TAMS 0x0000000088400000| PB 0x0000000088400000| Untracked 
|  69|0x0000000088500000, 0x0000000088500000, 0x0000000088600000|  0%| F|  |TAMS 0x0000000088500000| PB 0x0000000088500000| Untracked 
|  70|0x0000000088600000, 0x0000000088600000, 0x0000000088700000|  0%| F|  |TAMS 0x0000000088600000| PB 0x0000000088600000| Untracked 
|  71|0x0000000088700000, 0x0000000088700000, 0x0000000088800000|  0%| F|  |TAMS 0x0000000088700000| PB 0x0000000088700000| Untracked 
|  72|0x0000000088800000, 0x0000000088800000, 0x0000000088900000|  0%| F|  |TAMS 0x0000000088800000| PB 0x0000000088800000| Untracked 
|  73|0x0000000088900000, 0x0000000088900000, 0x0000000088a00000|  0%| F|  |TAMS 0x0000000088900000| PB 0x0000000088900000| Untracked 
|  74|0x0000000088a00000, 0x0000000088a00000, 0x0000000088b00000|  0%| F|  |TAMS 0x0000000088a00000| PB 0x0000000088a00000| Untracked 
|  75|0x0000000088b00000, 0x0000000088b00000, 0x0000000088c00000|  0%| F|  |TAMS 0x0000000088b00000| PB 0x0000000088b00000| Untracked 
|  76|0x0000000088c00000, 0x0000000088c00000, 0x0000000088d00000|  0%| F|  |TAMS 0x0000000088c00000| PB 0x0000000088c00000| Untracked 
|  77|0x0000000088d00000, 0x0000000088d00000, 0x0000000088e00000|  0%| F|  |TAMS 0x0000000088d00000| PB 0x0000000088d00000| Untracked 
|  78|0x0000000088e00000, 0x0000000088e00000, 0x0000000088f00000|  0%| F|  |TAMS 0x0000000088e00000| PB 0x0000000088e00000| Untracked 
|  79|0x0000000088f00000, 0x0000000088f00000, 0x0000000089000000|  0%| F|  |TAMS 0x0000000088f00000| PB 0x0000000088f00000| Untracked 
|  80|0x0000000089000000, 0x0000000089000000, 0x0000000089100000|  0%| F|  |TAMS 0x0000000089000000| PB 0x0000000089000000| Untracked 
|  81|0x0000000089100000, 0x0000000089100000, 0x0000000089200000|  0%| F|  |TAMS 0x0000000089100000| PB 0x0000000089100000| Untracked 
|  82|0x0000000089200000, 0x0000000089200000, 0x0000000089300000|  0%| F|  |TAMS 0x0000000089200000| PB 0x0000000089200000| Untracked 
|  83|0x0000000089300000, 0x0000000089300000, 0x0000000089400000|  0%| F|  |TAMS 0x0000000089300000| PB 0x0000000089300000| Untracked 
|  84|0x0000000089400000, 0x0000000089400000, 0x0000000089500000|  0%| F|  |TAMS 0x0000000089400000| PB 0x0000000089400000| Untracked 
|  85|0x0000000089500000, 0x0000000089500000, 0x0000000089600000|  0%| F|  |TAMS 0x0000000089500000| PB 0x0000000089500000| Untracked 
|  86|0x0000000089600000, 0x0000000089600000, 0x0000000089700000|  0%| F|  |TAMS 0x0000000089600000| PB 0x0000000089600000| Untracked 
|  87|0x0000000089700000, 0x0000000089700000, 0x0000000089800000|  0%| F|  |TAMS 0x0000000089700000| PB 0x0000000089700000| Untracked 
|  88|0x0000000089800000, 0x0000000089800000, 0x0000000089900000|  0%| F|  |TAMS 0x0000000089800000| PB 0x0000000089800000| Untracked 
|  89|0x0000000089900000, 0x0000000089900000, 0x0000000089a00000|  0%| F|  |TAMS 0x0000000089900000| PB 0x0000000089900000| Untracked 
|  90|0x0000000089a00000, 0x0000000089a00000, 0x0000000089b00000|  0%| F|  |TAMS 0x0000000089a00000| PB 0x0000000089a00000| Untracked 
|  91|0x0000000089b00000, 0x0000000089b00000, 0x0000000089c00000|  0%| F|  |TAMS 0x0000000089b00000| PB 0x0000000089b00000| Untracked 
|  92|0x0000000089c00000, 0x0000000089c00000, 0x0000000089d00000|  0%| F|  |TAMS 0x0000000089c00000| PB 0x0000000089c00000| Untracked 
|  93|0x0000000089d00000, 0x0000000089d00000, 0x0000000089e00000|  0%| F|  |TAMS 0x0000000089d00000| PB 0x0000000089d00000| Untracked 
|  94|0x0000000089e00000, 0x0000000089e00000, 0x0000000089f00000|  0%| F|  |TAMS 0x0000000089e00000| PB 0x0000000089e00000| Untracked 
|  95|0x0000000089f00000, 0x0000000089f00000, 0x000000008a000000|  0%| F|  |TAMS 0x0000000089f00000| PB 0x0000000089f00000| Untracked 
|  96|0x000000008a000000, 0x000000008a000000, 0x000000008a100000|  0%| F|  |TAMS 0x000000008a000000| PB 0x000000008a000000| Untracked 
|  97|0x000000008a100000, 0x000000008a100000, 0x000000008a200000|  0%| F|  |TAMS 0x000000008a100000| PB 0x000000008a100000| Untracked 
|  98|0x000000008a200000, 0x000000008a200000, 0x000000008a300000|  0%| F|  |TAMS 0x000000008a200000| PB 0x000000008a200000| Untracked 
|  99|0x000000008a300000, 0x000000008a300000, 0x000000008a400000|  0%| F|  |TAMS 0x000000008a300000| PB 0x000000008a300000| Untracked 
| 100|0x000000008a400000, 0x000000008a400000, 0x000000008a500000|  0%| F|  |TAMS 0x000000008a400000| PB 0x000000008a400000| Untracked 
| 101|0x000000008a500000, 0x000000008a500000, 0x000000008a600000|  0%| F|  |TAMS 0x000000008a500000| PB 0x000000008a500000| Untracked 
| 102|0x000000008a600000, 0x000000008a600000, 0x000000008a700000|  0%| F|  |TAMS 0x000000008a600000| PB 0x000000008a600000| Untracked 
| 103|0x000000008a700000, 0x000000008a700000, 0x000000008a800000|  0%| F|  |TAMS 0x000000008a700000| PB 0x000000008a700000| Untracked 
| 104|0x000000008a800000, 0x000000008a800000, 0x000000008a900000|  0%| F|  |TAMS 0x000000008a800000| PB 0x000000008a800000| Untracked 
| 105|0x000000008a900000, 0x000000008a900000, 0x000000008aa00000|  0%| F|  |TAMS 0x000000008a900000| PB 0x000000008a900000| Untracked 
| 106|0x000000008aa00000, 0x000000008aa00000, 0x000000008ab00000|  0%| F|  |TAMS 0x000000008aa00000| PB 0x000000008aa00000| Untracked 
| 107|0x000000008ab00000, 0x000000008ab00000, 0x000000008ac00000|  0%| F|  |TAMS 0x000000008ab00000| PB 0x000000008ab00000| Untracked 
| 108|0x000000008ac00000, 0x000000008ac00000, 0x000000008ad00000|  0%| F|  |TAMS 0x000000008ac00000| PB 0x000000008ac00000| Untracked 
| 109|0x000000008ad00000, 0x000000008ad00000, 0x000000008ae00000|  0%| F|  |TAMS 0x000000008ad00000| PB 0x000000008ad00000| Untracked 
| 110|0x000000008ae00000, 0x000000008ae00000, 0x000000008af00000|  0%| F|  |TAMS 0x000000008ae00000| PB 0x000000008ae00000| Untracked 
| 111|0x000000008af00000, 0x000000008af00000, 0x000000008b000000|  0%| F|  |TAMS 0x000000008af00000| PB 0x000000008af00000| Untracked 
| 112|0x000000008b000000, 0x000000008b000000, 0x000000008b100000|  0%| F|  |TAMS 0x000000008b000000| PB 0x000000008b000000| Untracked 
| 113|0x000000008b100000, 0x000000008b100000, 0x000000008b200000|  0%| F|  |TAMS 0x000000008b100000| PB 0x000000008b100000| Untracked 
| 114|0x000000008b200000, 0x000000008b200000, 0x000000008b300000|  0%| F|  |TAMS 0x000000008b200000| PB 0x000000008b200000| Untracked 
| 115|0x000000008b300000, 0x000000008b300000, 0x000000008b400000|  0%| F|  |TAMS 0x000000008b300000| PB 0x000000008b300000| Untracked 
| 116|0x000000008b400000, 0x000000008b400000, 0x000000008b500000|  0%| F|  |TAMS 0x000000008b400000| PB 0x000000008b400000| Untracked 
| 117|0x000000008b500000, 0x000000008b500000, 0x000000008b600000|  0%| F|  |TAMS 0x000000008b500000| PB 0x000000008b500000| Untracked 
| 118|0x000000008b600000, 0x000000008b600000, 0x000000008b700000|  0%| F|  |TAMS 0x000000008b600000| PB 0x000000008b600000| Untracked 
| 119|0x000000008b700000, 0x000000008b700000, 0x000000008b800000|  0%| F|  |TAMS 0x000000008b700000| PB 0x000000008b700000| Untracked 
| 120|0x000000008b800000, 0x000000008b800000, 0x000000008b900000|  0%| F|  |TAMS 0x000000008b800000| PB 0x000000008b800000| Untracked 
| 121|0x000000008b900000, 0x000000008b900000, 0x000000008ba00000|  0%| F|  |TAMS 0x000000008b900000| PB 0x000000008b900000| Untracked 
| 122|0x000000008ba00000, 0x000000008ba00000, 0x000000008bb00000|  0%| F|  |TAMS 0x000000008ba00000| PB 0x000000008ba00000| Untracked 
| 123|0x000000008bb00000, 0x000000008bb00000, 0x000000008bc00000|  0%| F|  |TAMS 0x000000008bb00000| PB 0x000000008bb00000| Untracked 
|1983|0x00000000fff00000, 0x00000000fff00000, 0x0000000100000000|  0%| F|  |TAMS 0x00000000fff00000| PB 0x00000000fff00000| Untracked 

Card table byte_map: [0x000001d2f4680000,0x000001d2f4a60000] _byte_map_base: 0x000001d2f4260000

Marking Bits: (CMBitMap*) 0x000001d2e6a245d0
 Bits: [0x000001d2f4a60000, 0x000001d2f6960000)

Polling page: 0x000001d2f09a0000

Metaspace:

Usage:
  Non-class:     39.42 MB used.
      Class:      5.69 MB used.
       Both:     45.11 MB used.

Virtual space:
  Non-class space:       64.00 MB reserved,      39.81 MB ( 62%) committed,  1 nodes.
      Class space:        1.00 GB reserved,       5.94 MB ( <1%) committed,  1 nodes.
             Both:        1.06 GB reserved,      45.75 MB (  4%) committed. 

Chunk freelists:
   Non-Class:  7.72 MB
       Class:  10.09 MB
        Both:  17.81 MB

MaxMetaspaceSize: unlimited
CompressedClassSpaceSize: 1.00 GB
Initial GC threshold: 21.00 MB
Current GC threshold: 74.94 MB
CDS: on
 - commit_granule_bytes: 65536.
 - commit_granule_words: 8192.
 - virtual_space_node_default_size: 8388608.
 - enlarge_chunks_in_place: 1.
 - use_allocation_guard: 0.


Internal statistics:

num_allocs_failed_limit: 3.
num_arena_births: 1066.
num_arena_deaths: 280.
num_vsnodes_births: 2.
num_vsnodes_deaths: 0.
num_space_committed: 732.
num_space_uncommitted: 0.
num_chunks_returned_to_freelist: 325.
num_chunks_taken_from_freelist: 2952.
num_chunk_merges: 71.
num_chunk_splits: 1864.
num_chunks_enlarged: 1323.
num_inconsistent_stats: 0.

CodeCache: size=49152Kb used=11673Kb max_used=11673Kb free=37478Kb
 bounds [0x000001d2f09c0000, 0x000001d2f1530000, 0x000001d2f39c0000]
 total_blobs=5164, nmethods=4512, adapters=573, full_count=0
Compilation: enabled, stopped_count=0, restarted_count=0

Compilation events (20 events):
Event: 135.185 Thread 0x000001d2f943c300 nmethod 8720 0x000001d2f1520510 code [0x000001d2f15206c0, 0x000001d2f1520898]
Event: 135.185 Thread 0x000001d2ff2e2dd0 nmethod 8719 0x000001d2f1520a10 code [0x000001d2f1520be0, 0x000001d2f1520eb0]
Event: 135.186 Thread 0x000001d2ff2e2dd0 8721       1       sun.util.calendar.CalendarDate::getMonth (5 bytes)
Event: 135.186 Thread 0x000001d2ff2e2dd0 nmethod 8721 0x000001d2f1521110 code [0x000001d2f15212a0, 0x000001d2f1521368]
Event: 135.190 Thread 0x000001d2ff2e56b0 8722       1       org.apache.jasper.compiler.Generator::quote (17 bytes)
Event: 135.191 Thread 0x000001d2ff2e56b0 nmethod 8722 0x000001d2f1521410 code [0x000001d2f1521640, 0x000001d2f1521a38]
Event: 135.266 Thread 0x000001d2ff2e2dd0 8723       1       org.eclipse.jdt.internal.compiler.parser.Parser::consumeModifiers (43 bytes)
Event: 135.267 Thread 0x000001d2ff2e2dd0 nmethod 8723 0x000001d2f1521d90 code [0x000001d2f1521f60, 0x000001d2f1522118]
Event: 135.354 Thread 0x000001d2f943c300 8724   !   1       org.apache.jasper.compiler.JDTCompiler$1::isPackage (102 bytes)
Event: 135.355 Thread 0x000001d2f943c300 nmethod 8724 0x000001d2f1522210 code [0x000001d2f1522500, 0x000001d2f1522d60]
Event: 135.400 Thread 0x000001d2f943c300 8725       1       org.eclipse.jdt.internal.compiler.lookup.MethodVerifier::isParameterSubsignature (24 bytes)
Event: 135.400 Thread 0x000001d2f943c300 nmethod 8725 0x000001d2f1523390 code [0x000001d2f1523540, 0x000001d2f1523688]
Event: 135.422 Thread 0x000001d2ff2e56b0 8726       1       jdk.internal.jimage.ImageBufferCache::releaseBuffer (71 bytes)
Event: 135.423 Thread 0x000001d2ff2e56b0 nmethod 8726 0x000001d2f1523790 code [0x000001d2f15239c0, 0x000001d2f1524068]
Event: 135.424 Thread 0x000001d2ff2e56b0 8727       1       org.eclipse.jdt.internal.compiler.lookup.ParameterizedTypeBinding::isRawSubstitution (5 bytes)
Event: 135.425 Thread 0x000001d2ff2e56b0 nmethod 8727 0x000001d2f1524390 code [0x000001d2f1524540, 0x000001d2f1524650]
Event: 135.426 Thread 0x000001d2feefdbc0 8728   !   1       org.eclipse.jdt.internal.compiler.lookup.ParameterizedTypeBinding::getMethods (314 bytes)
Event: 135.427 Thread 0x000001d2feefdbc0 nmethod 8728 0x000001d2f1524710 code [0x000001d2f15249c0, 0x000001d2f15256f8]
Event: 135.516 Thread 0x000001d2f943c300 8729       1       org.eclipse.jdt.internal.compiler.lookup.ParameterizedTypeBinding::resolve (185 bytes)
Event: 135.517 Thread 0x000001d2f943c300 nmethod 8729 0x000001d2f1525e10 code [0x000001d2f1525fe0, 0x000001d2f15263b8]

GC Heap History (20 events):
Event: 109.403 GC heap after
{Heap after GC invocations=34 (full 0):
 garbage-first heap   total 58368K, used 20857K [0x0000000084000000, 0x0000000100000000)
  region size 1024K, 1 young (1024K), 1 survivors (1024K)
 Metaspace       used 35890K, committed 36736K, reserved 1114112K
  class space    used 4740K, committed 5056K, reserved 1048576K
}
Event: 119.009 GC heap before
{Heap before GC invocations=34 (full 0):
 garbage-first heap   total 58368K, used 52601K [0x0000000084000000, 0x0000000100000000)
  region size 1024K, 32 young (32768K), 1 survivors (1024K)
 Metaspace       used 35890K, committed 36736K, reserved 1114112K
  class space    used 4740K, committed 5056K, reserved 1048576K
}
Event: 119.011 GC heap after
{Heap after GC invocations=35 (full 0):
 garbage-first heap   total 58368K, used 22384K [0x0000000084000000, 0x0000000100000000)
  region size 1024K, 2 young (2048K), 2 survivors (2048K)
 Metaspace       used 35890K, committed 36736K, reserved 1114112K
  class space    used 4740K, committed 5056K, reserved 1048576K
}
Event: 128.219 GC heap before
{Heap before GC invocations=36 (full 0):
 garbage-first heap   total 58368K, used 52080K [0x0000000084000000, 0x0000000100000000)
  region size 1024K, 32 young (32768K), 2 survivors (2048K)
 Metaspace       used 37427K, committed 37952K, reserved 1114112K
  class space    used 4961K, committed 5184K, reserved 1048576K
}
Event: 128.223 GC heap after
{Heap after GC invocations=37 (full 0):
 garbage-first heap   total 70656K, used 22258K [0x0000000084000000, 0x0000000100000000)
  region size 1024K, 2 young (2048K), 2 survivors (2048K)
 Metaspace       used 37427K, committed 37952K, reserved 1114112K
  class space    used 4961K, committed 5184K, reserved 1048576K
}
Event: 128.272 GC heap before
{Heap before GC invocations=37 (full 0):
 garbage-first heap   total 70656K, used 24306K [0x0000000084000000, 0x0000000100000000)
  region size 1024K, 5 young (5120K), 2 survivors (2048K)
 Metaspace       used 37552K, committed 38080K, reserved 1114112K
  class space    used 4972K, committed 5184K, reserved 1048576K
}
Event: 128.284 GC heap after
{Heap after GC invocations=38 (full 0):
 garbage-first heap   total 70656K, used 23316K [0x0000000084000000, 0x0000000100000000)
  region size 1024K, 1 young (1024K), 1 survivors (1024K)
 Metaspace       used 37552K, committed 38080K, reserved 1114112K
  class space    used 4972K, committed 5184K, reserved 1048576K
}
Event: 130.869 GC heap before
{Heap before GC invocations=38 (full 0):
 garbage-first heap   total 70656K, used 63252K [0x0000000084000000, 0x0000000100000000)
  region size 1024K, 41 young (41984K), 1 survivors (1024K)
 Metaspace       used 45142K, committed 45696K, reserved 1114112K
  class space    used 5678K, committed 5952K, reserved 1048576K
}
Event: 130.873 GC heap after
{Heap after GC invocations=39 (full 0):
 garbage-first heap   total 70656K, used 25351K [0x0000000084000000, 0x0000000100000000)
  region size 1024K, 3 young (3072K), 3 survivors (3072K)
 Metaspace       used 45142K, committed 45696K, reserved 1114112K
  class space    used 5678K, committed 5952K, reserved 1048576K
}
Event: 131.117 GC heap before
{Heap before GC invocations=39 (full 0):
 garbage-first heap   total 70656K, used 30471K [0x0000000084000000, 0x0000000100000000)
  region size 1024K, 10 young (10240K), 3 survivors (3072K)
 Metaspace       used 45484K, committed 46016K, reserved 1114112K
  class space    used 5738K, committed 5952K, reserved 1048576K
}
Event: 131.121 GC heap after
{Heap after GC invocations=40 (full 0):
 garbage-first heap   total 70656K, used 27266K [0x0000000084000000, 0x0000000100000000)
  region size 1024K, 4 young (4096K), 4 survivors (4096K)
 Metaspace       used 45484K, committed 46016K, reserved 1114112K
  class space    used 5738K, committed 5952K, reserved 1048576K
}
Event: 132.552 GC heap before
{Heap before GC invocations=41 (full 0):
 garbage-first heap   total 70656K, used 57986K [0x0000000084000000, 0x0000000100000000)
  region size 1024K, 35 young (35840K), 4 survivors (4096K)
 Metaspace       used 45810K, committed 46336K, reserved 1114112K
  class space    used 5785K, committed 6016K, reserved 1048576K
}
Event: 132.559 GC heap after
{Heap after GC invocations=42 (full 0):
 garbage-first heap   total 70656K, used 30552K [0x0000000084000000, 0x0000000100000000)
  region size 1024K, 5 young (5120K), 5 survivors (5120K)
 Metaspace       used 45810K, committed 46336K, reserved 1114112K
  class space    used 5785K, committed 6016K, reserved 1048576K
}
Event: 132.567 GC heap before
{Heap before GC invocations=42 (full 0):
 garbage-first heap   total 70656K, used 31576K [0x0000000084000000, 0x0000000100000000)
  region size 1024K, 6 young (6144K), 5 survivors (5120K)
 Metaspace       used 45810K, committed 46336K, reserved 1114112K
  class space    used 5785K, committed 6016K, reserved 1048576K
}
Event: 132.574 GC heap after
{Heap after GC invocations=43 (full 0):
 garbage-first heap   total 70656K, used 30546K [0x0000000084000000, 0x0000000100000000)
  region size 1024K, 1 young (1024K), 1 survivors (1024K)
 Metaspace       used 45810K, committed 46336K, reserved 1114112K
  class space    used 5785K, committed 6016K, reserved 1048576K
}
Event: 133.725 GC heap before
{Heap before GC invocations=43 (full 0):
 garbage-first heap   total 70656K, used 58194K [0x0000000084000000, 0x0000000100000000)
  region size 1024K, 29 young (29696K), 1 survivors (1024K)
 Metaspace       used 45989K, committed 46656K, reserved 1114112K
  class space    used 5807K, committed 6080K, reserved 1048576K
}
Event: 133.732 GC heap after
{Heap after GC invocations=44 (full 0):
 garbage-first heap   total 70656K, used 34393K [0x0000000084000000, 0x0000000100000000)
  region size 1024K, 4 young (4096K), 4 survivors (4096K)
 Metaspace       used 45989K, committed 46656K, reserved 1114112K
  class space    used 5807K, committed 6080K, reserved 1048576K
}
Event: 134.309 GC heap before
{Heap before GC invocations=44 (full 0):
 garbage-first heap   total 70656K, used 58969K [0x0000000084000000, 0x0000000100000000)
  region size 1024K, 29 young (29696K), 4 survivors (4096K)
 Metaspace       used 46048K, committed 46720K, reserved 1114112K
  class space    used 5811K, committed 6080K, reserved 1048576K
}
Event: 134.315 GC heap after
{Heap after GC invocations=45 (full 0):
 garbage-first heap   total 70656K, used 36749K [0x0000000084000000, 0x0000000100000000)
  region size 1024K, 3 young (3072K), 3 survivors (3072K)
 Metaspace       used 46048K, committed 46720K, reserved 1114112K
  class space    used 5811K, committed 6080K, reserved 1048576K
}
Event: 135.521 GC heap before
{Heap before GC invocations=45 (full 0):
 garbage-first heap   total 70656K, used 60301K [0x0000000084000000, 0x0000000100000000)
  region size 1024K, 26 young (26624K), 3 survivors (3072K)
 Metaspace       used 46194K, committed 46848K, reserved 1114112K
  class space    used 5828K, committed 6080K, reserved 1048576K
}

Dll operation events (9 events):
Event: 0.008 Loaded shared library C:\Users\Glymin Terra Selasi\AppData\Roaming\Trae\User\globalStorage\pleiades.java-extension-pack-jdk\java\21\bin\java.dll
Event: 0.104 Loaded shared library C:\Users\Glymin Terra Selasi\AppData\Roaming\Trae\User\globalStorage\pleiades.java-extension-pack-jdk\java\21\bin\net.dll
Event: 0.135 Loaded shared library C:\Users\Glymin Terra Selasi\AppData\Roaming\Trae\User\globalStorage\pleiades.java-extension-pack-jdk\java\21\bin\nio.dll
Event: 0.142 Loaded shared library C:\Users\Glymin Terra Selasi\AppData\Roaming\Trae\User\globalStorage\pleiades.java-extension-pack-jdk\java\21\bin\zip.dll
Event: 0.238 Loaded shared library C:\Users\Glymin Terra Selasi\AppData\Roaming\Trae\User\globalStorage\pleiades.java-extension-pack-jdk\java\21\bin\jimage.dll
Event: 0.644 Loaded shared library C:\Users\Glymin Terra Selasi\AppData\Roaming\Trae\User\globalStorage\pleiades.java-extension-pack-jdk\java\21\bin\management.dll
Event: 0.655 Loaded shared library C:\Users\Glymin Terra Selasi\AppData\Roaming\Trae\User\globalStorage\pleiades.java-extension-pack-jdk\java\21\bin\management_ext.dll
Event: 1.824 Loaded shared library C:\Users\Glymin Terra Selasi\AppData\Roaming\Trae\User\globalStorage\pleiades.java-extension-pack-jdk\java\21\bin\sunmscapi.dll
Event: 9.218 Loaded shared library C:\Users\Glymin Terra Selasi\AppData\Roaming\Trae\User\globalStorage\pleiades.java-extension-pack-jdk\java\21\bin\extnet.dll

Deoptimization events (10 events):
Event: 5.031 Thread 0x000001d2f94338f0 DEOPT PACKING pc=0x000001d2f0fcb739 sp=0x00000073664fdfb0
Event: 5.031 Thread 0x000001d2f94338f0 DEOPT UNPACKING pc=0x000001d2f0a186e2 sp=0x00000073664fd4b8 mode 3
Event: 5.031 Thread 0x000001d2f94338f0 DEOPT PACKING pc=0x000001d2f0f89682 sp=0x00000073664fdf70
Event: 5.031 Thread 0x000001d2f94338f0 DEOPT UNPACKING pc=0x000001d2f0a186e2 sp=0x00000073664fd4b8 mode 3
Event: 5.032 Thread 0x000001d2f94338f0 DEOPT PACKING pc=0x000001d2f0fbfb74 sp=0x00000073664fdf00
Event: 5.032 Thread 0x000001d2f94338f0 DEOPT UNPACKING pc=0x000001d2f0a186e2 sp=0x00000073664fd4b8 mode 3
Event: 132.699 Thread 0x000001d2ff3b8130 DEOPT PACKING pc=0x000001d2f112546c sp=0x0000007366bfb220
Event: 132.700 Thread 0x000001d2ff3b8130 DEOPT UNPACKING pc=0x000001d2f0a186e2 sp=0x0000007366bfa7a0 mode 0
Event: 132.700 Thread 0x000001d2ff3b8130 DEOPT PACKING pc=0x000001d2f112531c sp=0x0000007366bfb380
Event: 132.700 Thread 0x000001d2ff3b8130 DEOPT UNPACKING pc=0x000001d2f0a186e2 sp=0x0000007366bfa8f0 mode 0

Classes loaded (20 events):
Event: 131.011 Loading class sun/net/www/MimeTable$DefaultInstanceHolder
Event: 131.011 Loading class sun/net/www/MimeTable$DefaultInstanceHolder done
Event: 131.011 Loading class sun/net/www/MimeTable$DefaultInstanceHolder$1
Event: 131.011 Loading class sun/net/www/MimeTable$DefaultInstanceHolder$1 done
Event: 131.013 Loading class sun/net/www/MimeEntry
Event: 131.013 Loading class sun/net/www/MimeEntry done
Event: 131.100 Loading class com/sun/org/apache/xerces/internal/util/EntityResolverWrapper
Event: 131.101 Loading class com/sun/org/apache/xerces/internal/util/EntityResolverWrapper done
Event: 131.888 Loading class java/lang/userInfo
Event: 131.888 Loading class java/lang/userInfo done
Event: 133.050 Loading class java/lang/userInfo
Event: 133.050 Loading class java/lang/userInfo done
Event: 133.253 Loading class java/util/ArrayList$SubList$2
Event: 133.253 Loading class java/util/ArrayList$SubList$2 done
Event: 133.857 Loading class java/lang/userInfo
Event: 133.857 Loading class java/lang/userInfo done
Event: 134.347 Loading class java/time/format/DateTimeFormatterBuilder$ZoneTextPrinterParser
Event: 134.347 Loading class java/time/format/DateTimeFormatterBuilder$ZoneTextPrinterParser done
Event: 134.348 Loading class java/time/format/DateTimeFormatterBuilder$ReducedPrinterParser
Event: 134.348 Loading class java/time/format/DateTimeFormatterBuilder$ReducedPrinterParser done

Classes unloaded (20 events):
Event: 47.961 Thread 0x000001d2f940c4f0 Unloading class 0x000001d2812da400 'java/lang/invoke/LambdaForm$MH+0x000001d2812da400'
Event: 47.961 Thread 0x000001d2f940c4f0 Unloading class 0x000001d2812d9c00 'java/lang/invoke/LambdaForm$MH+0x000001d2812d9c00'
Event: 47.961 Thread 0x000001d2f940c4f0 Unloading class 0x000001d2812b0800 'java/lang/invoke/LambdaForm$MH+0x000001d2812b0800'
Event: 47.961 Thread 0x000001d2f940c4f0 Unloading class 0x000001d2812afc00 'java/lang/invoke/LambdaForm$MH+0x000001d2812afc00'
Event: 47.961 Thread 0x000001d2f940c4f0 Unloading class 0x000001d2812af800 'java/lang/invoke/LambdaForm$MH+0x000001d2812af800'
Event: 47.961 Thread 0x000001d2f940c4f0 Unloading class 0x000001d2812af400 'java/lang/invoke/LambdaForm$MH+0x000001d2812af400'
Event: 47.961 Thread 0x000001d2f940c4f0 Unloading class 0x000001d2812aec00 'java/lang/invoke/LambdaForm$MH+0x000001d2812aec00'
Event: 47.961 Thread 0x000001d2f940c4f0 Unloading class 0x000001d2812ae400 'java/lang/invoke/LambdaForm$MH+0x000001d2812ae400'
Event: 47.961 Thread 0x000001d2f940c4f0 Unloading class 0x000001d28110d800 'java/lang/invoke/LambdaForm$MH+0x000001d28110d800'
Event: 47.961 Thread 0x000001d2f940c4f0 Unloading class 0x000001d28110d400 'java/lang/invoke/LambdaForm$MH+0x000001d28110d400'
Event: 47.961 Thread 0x000001d2f940c4f0 Unloading class 0x000001d281088c00 'java/lang/invoke/LambdaForm$MH+0x000001d281088c00'
Event: 47.961 Thread 0x000001d2f940c4f0 Unloading class 0x000001d28103a400 'java/lang/invoke/LambdaForm$MH+0x000001d28103a400'
Event: 47.961 Thread 0x000001d2f940c4f0 Unloading class 0x000001d281039400 'java/lang/invoke/LambdaForm$MH+0x000001d281039400'
Event: 47.961 Thread 0x000001d2f940c4f0 Unloading class 0x000001d281039000 'java/lang/invoke/LambdaForm$MH+0x000001d281039000'
Event: 47.961 Thread 0x000001d2f940c4f0 Unloading class 0x000001d281038800 'java/lang/invoke/LambdaForm$MH+0x000001d281038800'
Event: 47.961 Thread 0x000001d2f940c4f0 Unloading class 0x000001d281038000 'java/lang/invoke/LambdaForm$MH+0x000001d281038000'
Event: 47.961 Thread 0x000001d2f940c4f0 Unloading class 0x000001d28101b400 'java/lang/invoke/LambdaForm$MH+0x000001d28101b400'
Event: 47.961 Thread 0x000001d2f940c4f0 Unloading class 0x000001d28101ac00 'java/lang/invoke/LambdaForm$MH+0x000001d28101ac00'
Event: 47.961 Thread 0x000001d2f940c4f0 Unloading class 0x000001d28101a400 'java/lang/invoke/LambdaForm$MH+0x000001d28101a400'
Event: 47.961 Thread 0x000001d2f940c4f0 Unloading class 0x000001d28101a000 'java/lang/invoke/LambdaForm$MH+0x000001d28101a000'

Classes redefined (0 events):
No events

Internal exceptions (20 events):
Event: 131.979 Thread 0x000001d2ff3b8130 Exception <a 'java/lang/ClassNotFoundException'{0x0000000086de9168}: org/apache/taglibs/standard/tag/rt/core/IfTagBeanInfo> (0x0000000086de9168) 
thrown [s\src\hotspot\share\classfile\systemDictionary.cpp, line 312]
Event: 131.981 Thread 0x000001d2ff3b8130 Exception <a 'java/lang/ClassNotFoundException'{0x0000000086df2040}: org/apache/taglibs/standard/tag/rt/core/IfTagCustomizer> (0x0000000086df2040) 
thrown [s\src\hotspot\share\classfile\systemDictionary.cpp, line 312]
Event: 131.985 Thread 0x000001d2ff3b8130 Exception <a 'java/lang/ClassNotFoundException'{0x0000000086c06500}: org/apache/taglibs/standard/tag/rt/core/ForEachTagBeanInfo> (0x0000000086c06500) 
thrown [s\src\hotspot\share\classfile\systemDictionary.cpp, line 312]
Event: 131.990 Thread 0x000001d2ff3b8130 Exception <a 'java/lang/ClassNotFoundException'{0x0000000086c0fb80}: org/apache/taglibs/standard/tag/common/core/ForEachSupportBeanInfo> (0x0000000086c0fb80) 
thrown [s\src\hotspot\share\classfile\systemDictionary.cpp, line 312]
Event: 131.992 Thread 0x000001d2ff3b8130 Exception <a 'java/lang/ClassNotFoundException'{0x0000000086c18d38}: jakarta/servlet/jsp/jstl/core/LoopTagSupportBeanInfo> (0x0000000086c18d38) 
thrown [s\src\hotspot\share\classfile\systemDictionary.cpp, line 312]
Event: 131.995 Thread 0x000001d2ff3b8130 Exception <a 'java/lang/ClassNotFoundException'{0x0000000086c21fc8}: jakarta/servlet/jsp/jstl/core/LoopTagSupportCustomizer> (0x0000000086c21fc8) 
thrown [s\src\hotspot\share\classfile\systemDictionary.cpp, line 312]
Event: 132.002 Thread 0x000001d2ff3b8130 Exception <a 'java/lang/ClassNotFoundException'{0x0000000086c3ec10}: org/apache/taglibs/standard/tag/common/core/ForEachSupportCustomizer> (0x0000000086c3ec10) 
thrown [s\src\hotspot\share\classfile\systemDictionary.cpp, line 312]
Event: 132.008 Thread 0x000001d2ff3b8130 Exception <a 'java/lang/ClassNotFoundException'{0x0000000086c4e580}: org/apache/taglibs/standard/tag/rt/core/ForEachTagCustomizer> (0x0000000086c4e580) 
thrown [s\src\hotspot\share\classfile\systemDictionary.cpp, line 312]
Event: 132.013 Thread 0x000001d2ff3b8130 Exception <a 'java/lang/ClassNotFoundException'{0x0000000086c65270}: org/apache/taglibs/standard/tag/rt/core/SetTagBeanInfo> (0x0000000086c65270) 
thrown [s\src\hotspot\share\classfile\systemDictionary.cpp, line 312]
Event: 132.017 Thread 0x000001d2ff3b8130 Exception <a 'java/lang/ClassNotFoundException'{0x0000000086cbd8d0}: org/apache/taglibs/standard/tag/common/core/SetSupportBeanInfo> (0x0000000086cbd8d0) 
thrown [s\src\hotspot\share\classfile\systemDictionary.cpp, line 312]
Event: 132.019 Thread 0x000001d2ff3b8130 Exception <a 'java/lang/ClassNotFoundException'{0x0000000086cc6c70}: jakarta/servlet/jsp/tagext/BodyTagSupportBeanInfo> (0x0000000086cc6c70) 
thrown [s\src\hotspot\share\classfile\systemDictionary.cpp, line 312]
Event: 132.022 Thread 0x000001d2ff3b8130 Exception <a 'java/lang/ClassNotFoundException'{0x0000000086ccfdf8}: jakarta/servlet/jsp/tagext/BodyTagSupportCustomizer> (0x0000000086ccfdf8) 
thrown [s\src\hotspot\share\classfile\systemDictionary.cpp, line 312]
Event: 132.026 Thread 0x000001d2ff3b8130 Exception <a 'java/lang/ClassNotFoundException'{0x0000000086ce3260}: org/apache/taglibs/standard/tag/common/core/SetSupportCustomizer> (0x0000000086ce3260) 
thrown [s\src\hotspot\share\classfile\systemDictionary.cpp, line 312]
Event: 132.034 Thread 0x000001d2ff3b8130 Exception <a 'java/lang/ClassNotFoundException'{0x0000000086cf29c8}: org/apache/taglibs/standard/tag/rt/core/SetTagCustomizer> (0x0000000086cf29c8) 
thrown [s\src\hotspot\share\classfile\systemDictionary.cpp, line 312]
Event: 133.252 Thread 0x000001d2ff3bc2d0 Exception <a 'java/lang/NoSuchMethodError'{0x000000008761ea50}: 'java.lang.Object java.lang.invoke.DirectMethodHandle$Holder.invokeStatic(java.lang.Object, int, int)'> (0x000000008761ea50) 
thrown [s\src\hotspot\share\interpreter\linkResolver.cpp, line 773]
Event: 133.881 Thread 0x000001d2ff3b8130 Exception <a 'java/lang/ClassNotFoundException'{0x000000008bbb3618}: org/apache/catalina/session/StandardSessionFacadeBeanInfo> (0x000000008bbb3618) 
thrown [s\src\hotspot\share\classfile\systemDictionary.cpp, line 312]
Event: 133.883 Thread 0x000001d2ff3b8130 Exception <a 'java/lang/ClassNotFoundException'{0x000000008bbbc610}: org/apache/catalina/session/StandardSessionFacadeCustomizer> (0x000000008bbbc610) 
thrown [s\src\hotspot\share\classfile\systemDictionary.cpp, line 312]
Event: 133.887 Thread 0x000001d2ff3b8130 Exception <a 'java/lang/ClassNotFoundException'{0x000000008bbcfc80}: jakarta/servlet/http/HttpSessionBeanInfo> (0x000000008bbcfc80) 
thrown [s\src\hotspot\share\classfile\systemDictionary.cpp, line 312]
Event: 133.889 Thread 0x000001d2ff3b8130 Exception <a 'java/lang/ClassNotFoundException'{0x000000008bbd8468}: jakarta/servlet/http/HttpSessionCustomizer> (0x000000008bbd8468) 
thrown [s\src\hotspot\share\classfile\systemDictionary.cpp, line 312]
Event: 133.891 Thread 0x000001d2ff3b8130 Exception <a 'java/lang/NoSuchMethodError'{0x000000008bbe1888}: 'long java.lang.invoke.DelegatingMethodHandle$Holder.reinvoke_L(java.lang.Object, java.lang.Object)'> (0x000000008bbe1888) 
thrown [s\src\hotspot\share\interpreter\linkResolver.cpp, line 773]

ZGC Phase Switch (0 events):
No events

VM Operations (20 events):
Event: 131.508 Executing VM operation: HandshakeAllThreads (Deoptimize) done
Event: 131.692 Executing VM operation: ICBufferFull
Event: 131.692 Executing VM operation: ICBufferFull done
Event: 131.870 Executing VM operation: HandshakeAllThreads (Deoptimize)
Event: 131.870 Executing VM operation: HandshakeAllThreads (Deoptimize) done
Event: 132.551 Executing VM operation: G1CollectForAllocation (G1 Evacuation Pause)
Event: 132.559 Executing VM operation: G1CollectForAllocation (G1 Evacuation Pause) done
Event: 132.567 Executing VM operation: G1CollectForAllocation (G1 Evacuation Pause)
Event: 132.574 Executing VM operation: G1CollectForAllocation (G1 Evacuation Pause) done
Event: 132.698 Executing VM operation: HandshakeAllThreads (Deoptimize)
Event: 132.698 Executing VM operation: HandshakeAllThreads (Deoptimize) done
Event: 133.313 Executing VM operation: ICBufferFull
Event: 133.313 Executing VM operation: ICBufferFull done
Event: 133.724 Executing VM operation: G1CollectForAllocation (G1 Evacuation Pause)
Event: 133.732 Executing VM operation: G1CollectForAllocation (G1 Evacuation Pause) done
Event: 134.309 Executing VM operation: G1CollectForAllocation (G1 Evacuation Pause)
Event: 134.315 Executing VM operation: G1CollectForAllocation (G1 Evacuation Pause) done
Event: 135.316 Executing VM operation: Cleanup
Event: 135.317 Executing VM operation: Cleanup done
Event: 135.521 Executing VM operation: G1CollectForAllocation (G1 Evacuation Pause)

Memory protections (0 events):
No events

Nmethod flushes (20 events):
Event: 119.245 Thread 0x000001d2f940c4f0 flushing  nmethod 0x000001d2f0d7a210
Event: 119.245 Thread 0x000001d2f940c4f0 flushing  nmethod 0x000001d2f0d7a610
Event: 119.245 Thread 0x000001d2f940c4f0 flushing  nmethod 0x000001d2f0d7a910
Event: 119.245 Thread 0x000001d2f940c4f0 flushing  nmethod 0x000001d2f0d7c090
Event: 119.245 Thread 0x000001d2f940c4f0 flushing  nmethod 0x000001d2f0d7d190
Event: 119.263 Thread 0x000001d2f940c4f0 flushing  nmethod 0x000001d2f0d9cd90
Event: 119.263 Thread 0x000001d2f940c4f0 flushing  nmethod 0x000001d2f0d9d310
Event: 119.263 Thread 0x000001d2f940c4f0 flushing  nmethod 0x000001d2f0df7490
Event: 119.263 Thread 0x000001d2f940c4f0 flushing  nmethod 0x000001d2f0df7a90
Event: 119.263 Thread 0x000001d2f940c4f0 flushing  nmethod 0x000001d2f0df8410
Event: 119.263 Thread 0x000001d2f940c4f0 flushing  nmethod 0x000001d2f0dfde10
Event: 119.263 Thread 0x000001d2f940c4f0 flushing  nmethod 0x000001d2f0e78990
Event: 119.263 Thread 0x000001d2f940c4f0 flushing  nmethod 0x000001d2f0e78e90
Event: 119.263 Thread 0x000001d2f940c4f0 flushing  nmethod 0x000001d2f0e7a990
Event: 119.263 Thread 0x000001d2f940c4f0 flushing  nmethod 0x000001d2f0e7cd10
Event: 119.263 Thread 0x000001d2f940c4f0 flushing  nmethod 0x000001d2f0e7d610
Event: 119.263 Thread 0x000001d2f940c4f0 flushing  nmethod 0x000001d2f0e96e90
Event: 119.263 Thread 0x000001d2f940c4f0 flushing  nmethod 0x000001d2f0e97290
Event: 119.263 Thread 0x000001d2f940c4f0 flushing  nmethod 0x000001d2f0e98510
Event: 119.263 Thread 0x000001d2f940c4f0 flushing  nmethod 0x000001d2f0e98910

Events (20 events):
Event: 9.805 Thread 0x000001d2f94338f0 Thread added: 0x000001d2ff3bbc40
Event: 9.805 Thread 0x000001d2f94338f0 Thread added: 0x000001d2ff3b87c0
Event: 9.805 Thread 0x000001d2f94338f0 Thread added: 0x000001d2ff3bc2d0
Event: 9.805 Thread 0x000001d2f94338f0 Thread added: 0x000001d2ff3bc960
Event: 9.805 Thread 0x000001d2f94338f0 Thread added: 0x000001d2ff3bd680
Event: 9.805 Thread 0x000001d2f94338f0 Thread added: 0x000001d2ff3bdd10
Event: 9.805 Thread 0x000001d2f94338f0 Thread added: 0x000001d2ff3bea30
Event: 9.805 Thread 0x000001d2f94338f0 Thread added: 0x000001d2ff3bf0c0
Event: 10.020 Thread 0x000001d2ff3b94e0 Thread exited: 0x000001d2ff3b94e0
Event: 10.413 Thread 0x000001d2fe1564d0 Thread exited: 0x000001d2fe1564d0
Event: 10.571 Thread 0x000001d2f94338f0 Thread added: 0x000001d2ff3b94e0
Event: 10.572 Thread 0x000001d2f94338f0 Thread added: 0x000001d2ff3bcff0
Event: 10.623 Thread 0x000001d2f94338f0 Thread exited: 0x000001d2f94338f0
Event: 10.658 Thread 0x000001d2f9432bd0 Thread exited: 0x000001d2f9432bd0
Event: 10.658 Thread 0x000001d2e69cc690 Thread exited: 0x000001d2e69cc690
Event: 10.658 Thread 0x000001d2ff3be3a0 Thread added: 0x000001d2ff3be3a0
Event: 17.593 Thread 0x000001d2f94a4060 Thread exited: 0x000001d2f94a4060
Event: 126.498 Thread 0x000001d2f943c300 Thread added: 0x000001d2feefdbc0
Event: 126.500 Thread 0x000001d2f943c300 Thread added: 0x000001d2ff2e56b0
Event: 126.500 Thread 0x000001d2f943c300 Thread added: 0x000001d2ff2e2dd0


Dynamic libraries:
0x00007ff706070000 - 0x00007ff70607e000 	C:\Users\Glymin Terra Selasi\AppData\Roaming\Trae\User\globalStorage\pleiades.java-extension-pack-jdk\java\21\bin\java.exe
0x00007ffdd3e20000 - 0x00007ffdd4088000 	C:\WINDOWS\SYSTEM32\ntdll.dll
0x00007ffdd2bb0000 - 0x00007ffdd2c79000 	C:\WINDOWS\System32\KERNEL32.DLL
0x00007ffdd0fe0000 - 0x00007ffdd13d2000 	C:\WINDOWS\System32\KERNELBASE.dll
0x00007ffdd1940000 - 0x00007ffdd1a8b000 	C:\WINDOWS\System32\ucrtbase.dll
0x00007ffdba5d0000 - 0x00007ffdba5e8000 	C:\Users\Glymin Terra Selasi\AppData\Roaming\Trae\User\globalStorage\pleiades.java-extension-pack-jdk\java\21\bin\jli.dll
0x00007ffdb3eb0000 - 0x00007ffdb3ece000 	C:\Users\Glymin Terra Selasi\AppData\Roaming\Trae\User\globalStorage\pleiades.java-extension-pack-jdk\java\21\bin\VCRUNTIME140.dll
0x00007ffdd3b90000 - 0x00007ffdd3d55000 	C:\WINDOWS\System32\USER32.dll
0x00007ffdb7600000 - 0x00007ffdb7893000 	C:\WINDOWS\WinSxS\amd64_microsoft.windows.common-controls_6595b64144ccf1df_6.0.26100.6899_none_3e0efeeae32e88c1\COMCTL32.dll
0x00007ffdd0fb0000 - 0x00007ffdd0fd7000 	C:\WINDOWS\System32\win32u.dll
0x00007ffdd2a80000 - 0x00007ffdd2aab000 	C:\WINDOWS\System32\GDI32.dll
0x00007ffdd2340000 - 0x00007ffdd23e9000 	C:\WINDOWS\System32\msvcrt.dll
0x00007ffdd16d0000 - 0x00007ffdd17fd000 	C:\WINDOWS\System32\gdi32full.dll
0x00007ffdd1800000 - 0x00007ffdd18a3000 	C:\WINDOWS\System32\msvcp_win.dll
0x00007ffdd2510000 - 0x00007ffdd253f000 	C:\WINDOWS\System32\IMM32.DLL
0x00007ffdbb700000 - 0x00007ffdbb70c000 	C:\Users\Glymin Terra Selasi\AppData\Roaming\Trae\User\globalStorage\pleiades.java-extension-pack-jdk\java\21\bin\vcruntime140_1.dll
0x00007ffd5dbe0000 - 0x00007ffd5dc6d000 	C:\Users\Glymin Terra Selasi\AppData\Roaming\Trae\User\globalStorage\pleiades.java-extension-pack-jdk\java\21\bin\msvcp140.dll
0x00007ffd02c60000 - 0x00007ffd03a00000 	C:\Users\Glymin Terra Selasi\AppData\Roaming\Trae\User\globalStorage\pleiades.java-extension-pack-jdk\java\21\bin\server\jvm.dll
0x00007ffdd3150000 - 0x00007ffdd3204000 	C:\WINDOWS\System32\ADVAPI32.dll
0x00007ffdd3430000 - 0x00007ffdd34d6000 	C:\WINDOWS\System32\sechost.dll
0x00007ffdd23f0000 - 0x00007ffdd2508000 	C:\WINDOWS\System32\RPCRT4.dll
0x00007ffdd3d60000 - 0x00007ffdd3dd4000 	C:\WINDOWS\System32\WS2_32.dll
0x00007ffdd0e10000 - 0x00007ffdd0e6e000 	C:\WINDOWS\SYSTEM32\POWRPROF.dll
0x00007ffdc95f0000 - 0x00007ffdc9625000 	C:\WINDOWS\SYSTEM32\WINMM.dll
0x00007ffdc1250000 - 0x00007ffdc125b000 	C:\WINDOWS\SYSTEM32\VERSION.dll
0x00007ffdd0df0000 - 0x00007ffdd0e04000 	C:\WINDOWS\SYSTEM32\UMPDC.dll
0x00007ffdcfd80000 - 0x00007ffdcfd9b000 	C:\WINDOWS\SYSTEM32\kernel.appcore.dll
0x00007ffdba770000 - 0x00007ffdba77a000 	C:\Users\Glymin Terra Selasi\AppData\Roaming\Trae\User\globalStorage\pleiades.java-extension-pack-jdk\java\21\bin\jimage.dll
0x00007ffdce7d0000 - 0x00007ffdcea12000 	C:\WINDOWS\SYSTEM32\DBGHELP.DLL
0x00007ffdd2c80000 - 0x00007ffdd2ffb000 	C:\WINDOWS\System32\combase.dll
0x00007ffdd3010000 - 0x00007ffdd30e7000 	C:\WINDOWS\System32\OLEAUT32.dll
0x00007ffd9a130000 - 0x00007ffd9a16c000 	C:\WINDOWS\SYSTEM32\dbgcore.DLL
0x00007ffdd1a90000 - 0x00007ffdd1b28000 	C:\WINDOWS\System32\bcryptPrimitives.dll
0x00007ffd97a20000 - 0x00007ffd97a40000 	C:\Users\Glymin Terra Selasi\AppData\Roaming\Trae\User\globalStorage\pleiades.java-extension-pack-jdk\java\21\bin\java.dll
0x00007ffdd1bf0000 - 0x00007ffdd233d000 	C:\WINDOWS\System32\SHELL32.dll
0x00007ffdd1560000 - 0x00007ffdd16cb000 	C:\WINDOWS\System32\wintypes.dll
0x00007ffdcebd0000 - 0x00007ffdcf42d000 	C:\WINDOWS\SYSTEM32\windows.storage.dll
0x00007ffdd3750000 - 0x00007ffdd3842000 	C:\WINDOWS\System32\SHCORE.dll
0x00007ffdd34f0000 - 0x00007ffdd3552000 	C:\WINDOWS\System32\shlwapi.dll
0x00007ffdd0ed0000 - 0x00007ffdd0ef9000 	C:\WINDOWS\SYSTEM32\profapi.dll
0x00007ffdba730000 - 0x00007ffdba740000 	C:\Users\Glymin Terra Selasi\AppData\Roaming\Trae\User\globalStorage\pleiades.java-extension-pack-jdk\java\21\bin\net.dll
0x00007ffdc3530000 - 0x00007ffdc364f000 	C:\WINDOWS\SYSTEM32\WINHTTP.dll
0x00007ffdd02f0000 - 0x00007ffdd035b000 	C:\WINDOWS\system32\mswsock.dll
0x00007ffd97a00000 - 0x00007ffd97a16000 	C:\Users\Glymin Terra Selasi\AppData\Roaming\Trae\User\globalStorage\pleiades.java-extension-pack-jdk\java\21\bin\nio.dll
0x00007ffd979e0000 - 0x00007ffd979f8000 	C:\Users\Glymin Terra Selasi\AppData\Roaming\Trae\User\globalStorage\pleiades.java-extension-pack-jdk\java\21\bin\zip.dll
0x00007ffdbb750000 - 0x00007ffdbb75a000 	C:\Users\Glymin Terra Selasi\AppData\Roaming\Trae\User\globalStorage\pleiades.java-extension-pack-jdk\java\21\bin\management.dll
0x00007ffdbb450000 - 0x00007ffdbb45c000 	C:\Users\Glymin Terra Selasi\AppData\Roaming\Trae\User\globalStorage\pleiades.java-extension-pack-jdk\java\21\bin\management_ext.dll
0x00007ffdd3000000 - 0x00007ffdd3008000 	C:\WINDOWS\System32\PSAPI.DLL
0x00007ffdcba90000 - 0x00007ffdcba9e000 	C:\Users\Glymin Terra Selasi\AppData\Roaming\Trae\User\globalStorage\pleiades.java-extension-pack-jdk\java\21\bin\sunmscapi.dll
0x00007ffdd13e0000 - 0x00007ffdd1557000 	C:\WINDOWS\System32\CRYPT32.dll
0x00007ffdd07c0000 - 0x00007ffdd07f0000 	C:\WINDOWS\SYSTEM32\ncrypt.dll
0x00007ffdd0770000 - 0x00007ffdd07af000 	C:\WINDOWS\SYSTEM32\NTASN1.dll
0x00007ffdd05a0000 - 0x00007ffdd05bb000 	C:\WINDOWS\SYSTEM32\CRYPTSP.dll
0x00007ffdcfce0000 - 0x00007ffdcfd1b000 	C:\WINDOWS\system32\rsaenh.dll
0x00007ffdd0390000 - 0x00007ffdd03bb000 	C:\WINDOWS\SYSTEM32\USERENV.dll
0x00007ffdd0ea0000 - 0x00007ffdd0ec6000 	C:\WINDOWS\SYSTEM32\bcrypt.dll
0x00007ffdd05c0000 - 0x00007ffdd05cc000 	C:\WINDOWS\SYSTEM32\CRYPTBASE.dll
0x00007ffdcf760000 - 0x00007ffdcf794000 	C:\WINDOWS\SYSTEM32\IPHLPAPI.DLL
0x00007ffdd34e0000 - 0x00007ffdd34ea000 	C:\WINDOWS\System32\NSI.dll
0x00007ffdbb440000 - 0x00007ffdbb449000 	C:\Users\Glymin Terra Selasi\AppData\Roaming\Trae\User\globalStorage\pleiades.java-extension-pack-jdk\java\21\bin\extnet.dll
0x00007ffdcb9f0000 - 0x00007ffdcb9f8000 	C:\WINDOWS\system32\wshunix.dll

JVMTI agents: none

dbghelp: loaded successfully - version: 4.0.5 - missing functions: none
symbol engine: initialized successfully - sym options: 0x614 - pdb path: .;C:\Users\Glymin Terra Selasi\AppData\Roaming\Trae\User\globalStorage\pleiades.java-extension-pack-jdk\java\21\bin;C:\WINDOWS\SYSTEM32;C:\WINDOWS\WinSxS\amd64_microsoft.windows.common-controls_6595b64144ccf1df_6.0.26100.6899_none_3e0efeeae32e88c1;C:\Users\Glymin Terra Selasi\AppData\Roaming\Trae\User\globalStorage\pleiades.java-extension-pack-jdk\java\21\bin\server

VM Arguments:
jvm_args: -Dstdout.encoding=UTF-8 -Dstderr.encoding=UTF-8 -XX:TieredStopAtLevel=1 
java_command: com.mit.ticket_mgt_app.TicketMgtAppApplication
java_class_path (initial): C:\Users\Glymin Terra Selasi\tickets_main\ticket_mgt\target\classes;C:\Users\Glymin Terra Selasi\.m2\repository\ch\qos\logback\logback-classic\1.4.14\logback-classic-1.4.14.jar;C:\Users\Glymin Terra Selasi\.m2\repository\ch\qos\logback\logback-core\1.4.14\logback-core-1.4.14.jar;C:\Users\Glymin Terra Selasi\.m2\repository\org\apache\logging\log4j\log4j-to-slf4j\2.21.1\log4j-to-slf4j-2.21.1.jar;C:\Users\Glymin Terra Selasi\.m2\repository\org\apache\logging\log4j\log4j-api\2.21.1\log4j-api-2.21.1.jar;C:\Users\Glymin Terra Selasi\.m2\repository\org\slf4j\jul-to-slf4j\2.0.11\jul-to-slf4j-2.0.11.jar;C:\Users\Glymin Terra Selasi\.m2\repository\jakarta\annotation\jakarta.annotation-api\2.1.1\jakarta.annotation-api-2.1.1.jar;C:\Users\Glymin Terra Selasi\.m2\repository\org\yaml\snakeyaml\2.2\snakeyaml-2.2.jar;C:\Users\Glymin Terra Selasi\.m2\repository\org\apache\tomcat\embed\tomcat-embed-websocket\10.1.18\tomcat-embed-websocket-10.1.18.jar;C:\Users\Glymin Terra Selasi\.m2\repository\org\springframework\spring-web\6.1.3\spring-web-6.1.3.jar;C:\Users\Glymin Terra Selasi\.m2\repository\org\springframework\spring-beans\6.1.3\spring-beans-6.1.3.jar;C:\Users\Glymin Terra Selasi\.m2\repository\io\micrometer\micrometer-observation\1.12.2\micrometer-observation-1.12.2.jar;C:\Users\Glymin Terra Selasi\.m2\repository\io\micrometer\micrometer-commons\1.12.2\micrometer-commons-1.12.2.jar;C:\Users\Glymin Terra Selasi\.m2\repository\org\springframework\spring-webmvc\6.1.3\spring-webmvc-6.1.3.jar;C:\Users\Glymin Terra Selasi\.m2\repository\org\springframework\spring-aop\6.1.3\spring-aop-6.1.3.jar;C:\Users\Glymin Terra Selasi\.m2\repository\org\springframework\spring-context\6.1.3\spring-context-6.1.3.jar;C:\Users\Glymin Terra Selasi\.m2\repository\org\springframework\spring-expression\6.1.3\spring-expression-6.1.3.jar;C:\Users\Glymin Terra Selasi\.m2\repository\jakarta\activation\jakarta.activation-api\2.1.2\jakarta.activation-api-2.1.2.jar;C:\Users\Glymin Terra Selasi\.m2\repository\org\springframework\spring-core\6.1.3\spring-core-6.1.3.jar;C:\Users\Glymin Terra Selasi\.m2\repository\org\springframework\spring-jcl\6.1.3\spring-jcl-6.1.3.jar;C:\Users\Glymin Terra Selasi\.m2\repository\org\springframework\boot\spring-boot-devtools\3.2.2\spring-boot-devtools-3.2.2.jar;C:\Users\Glymin Terra Selasi\.m2\repository\org\springframework\boot\spring-boot\3.2.2\spring-boot-3.2.2.jar;C:\Users\Glymin Terra Selasi\.m2\repository\org\springframework\boot\spring-boot-autoconfigure\3.2.2\spring-boot-autoconfigure-3.2.2.jar;C:\Users\Glymin Terra Selasi\.m2\repository\com\fasterxml\jackson\datatype\jackson-datatype-jdk8\2.15.3\jackson-datatype-jdk8-2.15.3.jar;C:\Users\Glymin Terra Selasi\.m2\repository\com\fasterxml\jackson\datatype\jackson-datatype-jsr310\2.15.3\jackson-datatype-jsr310-2.15.3.jar;C:\Users\Glymin Terra Selasi\.m2\repository\com\fasterxml\jackson\module\jackson-module-parameter-names\2.15.3\jackson-module-parameter-names-2.15.3.jar;C:\Users\Glymin Terra Selasi\.m2\repository\com\fasterxml\jackson\core\jackson-databind\2.15.3\jackson-databind-2.15.3.jar;C:\Users\Glymin Terra Selasi\.m2\repository\com\fasterxml\jackson\core\jackson-annotations\2.15.3\jackson-annotations-2.15.3.jar;C:\Users\Glymin Terra Selasi\.m2\repository\com\fasterxml\jackson\core\jackson-core\2.15.3\jackson-core-2.15.3.jar;C:\Users\Glymin Terra Selasi\.m2\repository\jakarta\servlet\jsp\jstl\jakarta.servlet.jsp.jstl-api\3.0.0\jakarta.servlet.jsp.jstl-api-3.0.0.jar;C:\Users\Glymin Terra Selasi\.m2\repository\jakarta\servlet\jakarta.servlet-api\6.0.0\jakarta.servlet-api-6.0.0.jar;C:\Users\Glymin Terra Selasi\.m2\repository\jakarta\el\jakarta.el-api\5.0.0\jakarta.el-api-5.0.0.jar;C:\Users\Glymin Terra Selasi\.m2\repository\org\glassfish\web\jakarta.servlet.jsp.jstl\3.0.1\jakarta.servlet.jsp.jstl-3.0.1.jar;C:\Users\Glymin Terra Selasi\.m2\repository\org\apache\tomcat\embed\tomcat-embed-jasper\10.1.18\tomcat-embed-jasper-10.1.18.jar;C:\Users\Glymin Terra Selasi\.m2\repository\org\apache\tomcat\embed\tomcat-embed-core\10.1.18\tomcat-embed-core-10.1.18.jar;C:\Users\Glymin Terra Selasi\.m2\repository\org\apache\tomcat\tomcat-annotations-api\10.1.18\tomcat-annotations-api-10.1.18.jar;C:\Users\Glymin Terra Selasi\.m2\repository\org\apache\tomcat\embed\tomcat-embed-el\10.1.18\tomcat-embed-el-10.1.18.jar;C:\Users\Glymin Terra Selasi\.m2\repository\org\eclipse\jdt\ecj\3.33.0\ecj-3.33.0.jar;C:\Users\Glymin Terra Selasi\.m2\repository\org\codehaus\jettison\jettison\1.5.4\jettison-1.5.4.jar;C:\Users\Glymin Terra Selasi\.m2\repository\com\sun\jersey\jersey-client\1.19.4\jersey-client-1.19.4.jar;C:\Users\Glymin Terra Selasi\.m2\repository\com\sun\jersey\jersey-core\1.19.4\jersey-core-1.19.4.jar;C:\Users\Glymin Terra Selasi\.m2\repository\javax\ws\rs\jsr311-api\1.1.1\jsr311-api-1.1.1.jar;C:\Users\Glymin Terra Selasi\.m2\repository\org\apache\httpcomponents\httpclient\4.5.13\httpclient-4.5.13.jar;C:\Users\Glymin Terra Selasi\.m2\repository\org\apache\httpcomponents\httpcore\4.4.16\httpcore-4.4.16.jar;C:\Users\Glymin Terra Selasi\.m2\repository\commons-logging\commons-logging\1.2\commons-logging-1.2.jar;C:\Users\Glymin Terra Selasi\.m2\repository\commons-codec\commons-codec\1.16.0\commons-codec-1.16.0.jar;C:\Users\Glymin Terra Selasi\.m2\repository\org\apache\httpcomponents\httpmime\4.5.13\httpmime-4.5.13.jar;C:\Users\Glymin Terra Selasi\.m2\repository\com\google\code\gson\gson\2.10.1\gson-2.10.1.jar;C:\Users\Glymin Terra Selasi\.m2\repository\com\vividsolutions\jts-core\1.14.0\jts-core-1.14.0.jar;C:\Users\Glymin Terra Selasi\.m2\repository\com\vividsolutions\jts-io\1.14.0\jts-io-1.14.0.jar;C:\Users\Glymin Terra Selasi\.m2\repository\com\googlecode\json-simple\json-simple\1.1\json-simple-1.1.jar;C:\Users\Glymin Terra Selasi\.m2\repository\org\slf4j\slf4j-api\2.0.7\slf4j-api-2.0.7.jar;C:\Users\Glymin Terra Selasi\.m2\repository\io\github\cdimascio\dotenv-java\3.0.0\dotenv-java-3.0.0.jar;C:\Users\Glymin Terra Selasi\.m2\repository\org\springframework\spring-context-support\6.1.3\spring-context-support-6.1.3.jar;C:\Users\Glymin Terra Selasi\.m2\repository\org\eclipse\angus\jakarta.mail\2.0.2\jakarta.mail-2.0.2.jar;C:\Users\Glymin Terra Selasi\.m2\repository\org\eclipse\angus\angus-activation\2.0.1\angus-activation-2.0.1.jar;C:\Users\Glymin Terra Selasi\.m2\repository\com\zaxxer\HikariCP\5.0.1\HikariCP-5.0.1.jar;C:\Users\Glymin Terra Selasi\.m2\repository\org\springframework\spring-jdbc\6.1.3\spring-jdbc-6.1.3.jar;C:\Users\Glymin Terra Selasi\.m2\repository\org\springframework\spring-tx\6.1.3\spring-tx-6.1.3.jar;C:\Users\Glymin Terra Selasi\.m2\repository\com\h2database\h2\2.2.224\h2-2.2.224.jar
Launcher Type: SUN_STANDARD

[Global flags]
     intx CICompilerCount                          = 4                                         {product} {ergonomic}
     uint ConcGCThreads                            = 2                                         {product} {ergonomic}
     uint G1ConcRefinementThreads                  = 8                                         {product} {ergonomic}
   size_t G1HeapRegionSize                         = 1048576                                   {product} {ergonomic}
    uintx GCDrainStackTargetSize                   = 64                                        {product} {ergonomic}
   size_t InitialHeapSize                          = 130023424                                 {product} {ergonomic}
   size_t MarkStackSize                            = 4194304                                   {product} {ergonomic}
   size_t MaxHeapSize                              = 2080374784                                {product} {ergonomic}
   size_t MaxNewSize                               = 1247805440                                {product} {ergonomic}
   size_t MinHeapDeltaBytes                        = 1048576                                   {product} {ergonomic}
   size_t MinHeapSize                              = 8388608                                   {product} {ergonomic}
    uintx NonNMethodCodeHeapSize                   = 4096                                   {pd product} {ergonomic}
    uintx NonProfiledCodeHeapSize                  = 0                                      {pd product} {ergonomic}
     bool ProfileInterpreter                       = false                                  {pd product} {command line}
    uintx ProfiledCodeHeapSize                     = 0                                      {pd product} {ergonomic}
   size_t SoftMaxHeapSize                          = 2080374784                             {manageable} {ergonomic}
     intx TieredStopAtLevel                        = 1                                         {product} {command line}
     bool UseCompressedOops                        = true                           {product lp64_product} {ergonomic}
     bool UseG1GC                                  = true                                      {product} {ergonomic}
     bool UseLargePagesIndividualAllocation        = false                                  {pd product} {ergonomic}

Logging:
Log output configuration:
 #0: stdout all=warning uptime,level,tags foldmultilines=false
 #1: stderr all=off uptime,level,tags foldmultilines=false

Release file:
IMPLEMENTOR="Eclipse Adoptium" 
IMPLEMENTOR_VERSION="Temurin-21.0.10+7" 
JAVA_RUNTIME_VERSION="21.0.10+7-LTS" 
JAVA_VERSION="21.0.10" 
JAVA_VERSION_DATE="2026-01-20" 
LIBC="default" 
MODULES="java.base java.compiler java.datatransfer java.xml java.prefs java.desktop java.instrument java.logging java.management java.security.sasl java.naming java.rmi java.management.rmi java.net.http java.scripting java.security.jgss java.transaction.xa java.sql java.sql.rowset java.xml.crypto java.se java.smartcardio jdk.accessibility jdk.internal.jvmstat jdk.attach jdk.charsets jdk.internal.opt jdk.zipfs jdk.compiler jdk.crypto.ec jdk.crypto.cryptoki jdk.crypto.mscapi jdk.dynalink jdk.internal.ed jdk.editpad jdk.hotspot.agent jdk.httpserver jdk.incubator.vector jdk.internal.le jdk.internal.vm.ci jdk.internal.vm.compiler jdk.internal.vm.compiler.management jdk.jartool jdk.javadoc jdk.jcmd jdk.management jdk.management.agent jdk.jconsole jdk.jdeps jdk.jdwp.agent jdk.jdi jdk.jfr jdk.jlink jdk.jpackage jdk.jshell jdk.jsobject jdk.jstatd jdk.localedata jdk.management.jfr jdk.naming.dns jdk.naming.rmi jdk.net jdk.nio.mapmode jdk.random jdk.sctp jdk.security.auth jdk.security.jgss jdk.unsupported jdk.unsupported.desktop jdk.xml.dom" 
OS_ARCH="x86_64" 
OS_NAME="Windows" 
SOURCE=".:git:a633eafe0fcc" 
BUILD_SOURCE="git:458965074606f027bd5afce2cfd5c1055dea0438"
BUILD_SOURCE_REPO="https://github.com/adoptium/temurin-build.git"
SOURCE_REPO="https://github.com/adoptium/jdk21u.git"
FULL_VERSION="21.0.10+7-LTS"
SEMANTIC_VERSION="21.0.10+7"
BUILD_INFO="OS: Windows Server 2022 Version: 10.0"
JVM_VARIANT="Hotspot"
JVM_VERSION="21.0.10+7-LTS"
IMAGE_TYPE="JDK"

Environment Variables:
JAVA_HOME=C:\Users\Glymin Terra Selasi\AppData\Roaming\Trae\User\globalStorage\pleiades.java-extension-pack-jdk\java\21
JAVA_TOOL_OPTIONS=-Dstdout.encoding=UTF-8 -Dstderr.encoding=UTF-8
PATH=C:\Users\Glymin Terra Selasi\AppData\Roaming\Trae\User\globalStorage\pleiades.java-extension-pack-jdk\gradle\latest\bin;C:\Users\Glymin Terra Selasi\AppData\Roaming\Trae\User\globalStorage\pleiades.java-extension-pack-jdk\maven\latest\bin;C:\Users\Glymin Terra Selasi\AppData\Roaming\Trae\User\globalStorage\pleiades.java-extension-pack-jdk\java\21\bin;C:\Python312\Scripts\;C:\Python312\;C:\WINDOWS\system32;C:\WINDOWS;C:\WINDOWS\System32\Wbem;C:\WINDOWS\System32\WindowsPowerShell\v1.0\;C:\WINDOWS\System32\OpenSSH\;C:\Program Files\dotnet\;C:\ProgramData\chocolatey\bin;C:\Program Files (x86)\Microsoft SQL Server\160\Tools\Binn\;C:\Program Files\Microsoft SQL Server\160\Tools\Binn\;C:\Program Files\Microsoft SQL Server\Client SDK\ODBC\170\Tools\Binn\;C:\Program Files\Microsoft SQL Server\160\DTS\Binn\;C:\Program Files\php-8.3.12;C:\Program Files\php-8.3.12\php;C:\xampp\php;C:\Users\Glymin Terra Selasi\AppData\Local\Yarn\bin;C:\Program Files\PostgreSQL\15\bin;C:\Program Files\Git\cmd;C:\Program Files\jdk-23.0.1\bin;C:\Program Files\PostgreSQL\12\bin;C:\Program Files (x86)\cloudflared\;C:\Windows\System32;C:\composer;C:\Users\Glymin Terra Selasi\AppData\Roaming\npm;C:\Users\Glymin Terra Selasi\AppData\Roaming\nvm;C:\Program Files\nodejs;C:\xampp\mysql\bin;C:\Program Files\apache-maven-3.9.11\bin;C:\Python312\Scripts\;C:\Python312\;C:\WINDOWS\system32;C:\WINDOWS;C:\WINDOWS\System32\Wbem;C:\WINDOWS\System32\WindowsPowerShell\v1.0\;C:\WINDOWS\System32\OpenSSH\;C:\Program Files\dotnet\;C:\ProgramData\chocolatey\bin;C:\Program Files (x86)\Microsoft SQL Server\160\Tools\Binn\;C:\Program Files\Microsoft SQL Server\160\Tools\Binn\;C:\Program Files\Microsoft SQL Server\Client SDK\ODBC\170\Tools\Binn\;C:\Program Files\Microsoft SQL Server\160\DTS\Binn\;C:\Program Files (x86)\Microsoft SQL Server\160\DTS\Binn\;C:\Program Files\php-8.3.12;C:\Program Files\php-8.3.12\php;C:\xampp\php;C:\Users\Glymin Terra Selasi\AppData\Local\Yarn\bin;C:\Program Files\PostgreSQL\15\bin;C:\Program Files\Git\cmd;C:\Program Files\jdk-23.0.1\bin;C:\Program Files\PostgreSQL\12\bin;C:\Program Files (x86)\cloudflared\;C:\Windows\System32;C:\composer;C:\Users\Glymin Terra Selasi\AppData\Local\Microsoft\WindowsApps;C:\Users\Glymin Terra Selasi\AppData\Local\Programs\Microsoft VS Code\bin;C:\Users\Glymin Terra Sela;C:\Users\Glymin Terra Selasi\AppData\Roaming\npm;C:\Users\Glymin Terra Selasi\AppData\Roaming\nvm;C:\Program Files\nodejs;C:\Users\Glymin Terra Selasi\AppData\Local\Microsoft\WindowsApps;C:\Users\Glymin Terra Selasi\AppData\Local\Programs\Antigravity\bin;c:\Users\Glymin Terra Selasi\.trae\extensions\vscjava.vscode-java-debug-0.58.5-universal\bundled\scripts\noConfigScripts
USERNAME=Glymin Terra Selasi
LANG=en_US.UTF-8
OS=Windows_NT
PROCESSOR_IDENTIFIER=Intel64 Family 6 Model 140 Stepping 1, GenuineIntel
TMP=C:\Users\GLYMIN~1\AppData\Local\Temp
TEMP=C:\Users\GLYMIN~1\AppData\Local\Temp




Periodic native trim disabled

---------------  S Y S T E M  ---------------

OS:
 Windows 11 , 64 bit Build 26100 (10.0.26100.6725)
OS uptime: 0 days 10:22 hours
Hyper-V role detected

CPU: total 8 (initial active 8) (4 cores per cpu, 2 threads per core) family 6 model 140 stepping 1 microcode 0xbe, cx8, cmov, fxsr, ht, mmx, 3dnowpref, sse, sse2, sse3, ssse3, sse4.1, sse4.2, popcnt, lzcnt, tsc, tscinvbit, avx, avx2, aes, erms, clmul, bmi1, bmi2, adx, avx512f, avx512dq, avx512cd, avx512bw, avx512vl, sha, fma, vzeroupper, avx512_vpopcntdq, avx512_vpclmulqdq, avx512_vaes, avx512_vnni, clflush, clflushopt, clwb, avx512_vbmi2, avx512_vbmi, hv, rdtscp, rdpid, fsrm, gfni, avx512_bitalg, f16c, cet_ibt, cet_ss, avx512_ifma
Processor Information for the first 8 processors :
  Max Mhz: 2419, Current Mhz: 2419, Mhz Limit: 2419

Memory: 4k page, system-wide physical 7934M (591M free)
TotalPageFile size 29130M (AvailPageFile size 21M)
current process WorkingSet (physical memory assigned to process): 162M, peak: 162M
current process commit charge ("private bytes"): 293M, peak: 328M

vm_info: OpenJDK 64-Bit Server VM (21.0.9+10-LTS) for windows-amd64 JRE (21.0.9+10-LTS), built on 2025-10-21T00:00:00Z by "admin" with unknown MS VC++:1942

END.
