#
# There is insufficient memory for the Java Runtime Environment to continue.
# Native memory allocation (malloc) failed to allocate 2097152 bytes. Error detail: AllocateHeap
# Possible reasons:
#   The system is out of physical RAM or swap space
#   This process is running with CompressedOops enabled, and the Java Heap may be blocking the growth of the native heap
# Possible solutions:
#   Reduce memory load on the system
#   Increase physical memory or swap space
#   Check if swap backing store is full
#   Decrease Java heap size (-Xmx/-Xms)
#   Decrease number of Java threads
#   Decrease Java thread stack sizes (-Xss)
#   Set larger code cache with -XX:ReservedCodeCacheSize=
#   JVM is running with Unscaled Compressed Oops mode in which the Java heap is
#     placed in the first 4GB address space. The Java Heap base address is the
#     maximum limit for the native heap growth. Please use -XX:HeapBaseMinAddress
#     to set the Java Heap base and to place the Java Heap above 4GB virtual address.
# This output file may be truncated or incomplete.
#
#  Out of Memory Error (allocation.cpp:44), pid=9636, tid=10700
#
# JRE version: OpenJDK Runtime Environment Temurin-21.0.9+10 (21.0.9+10) (build 21.0.9+10-LTS)
# Java VM: OpenJDK 64-Bit Server VM Temurin-21.0.9+10 (21.0.9+10-LTS, mixed mode, emulated-client, sharing, tiered, compressed oops, compressed class ptrs, g1 gc, windows-amd64)
# No core dump will be written. Minidumps are not enabled by default on client versions of Windows
#

---------------  S U M M A R Y ------------

Command Line: -Dsts.lsp.client=vscode -Dsts.log.file=/dev/null -XX:TieredStopAtLevel=1 -Xlog:jni+resolve=off -Dspring.config.location=file:c:\Users\Glymin Terra Selasi\.trae\extensions\pivotal.vscode-spring-boot-1.43.0-universal\language-server\BOOT-INF\classes\application.properties org.springframework.ide.vscode.boot.app.BootLanguageServerBootApp

Host: 11th Gen Intel(R) Core(TM) i5-1135G7 @ 2.40GHz, 8 cores, 7G,  Windows 11 , 64 bit Build 26100 (10.0.26100.6725)
Time: Fri Feb 20 20:35:39 2026 Greenwich Standard Time elapsed time: 4845.669090 seconds (0d 1h 20m 45s)

---------------  T H R E A D  ---------------

Current thread (0x000001be344096f0):  VMThread "VM Thread"          [id=10700, stack(0x0000004c3c500000,0x0000004c3c600000) (1024K)]

Stack: [0x0000004c3c500000,0x0000004c3c600000]
Native frames: (J=compiled Java code, j=interpreted, Vv=VM code, C=native code)
V  [jvm.dll+0x6d6e29]
V  [jvm.dll+0x8b4b76]
V  [jvm.dll+0x8b712e]
V  [jvm.dll+0x8b7813]
V  [jvm.dll+0x283d86]
V  [jvm.dll+0xc1277]
V  [jvm.dll+0x34f35e]
V  [jvm.dll+0x349b4e]
V  [jvm.dll+0x332487]
V  [jvm.dll+0x3746f4]
V  [jvm.dll+0x8bd500]
V  [jvm.dll+0x8be8a4]
V  [jvm.dll+0x8bede0]
V  [jvm.dll+0x8bf083]
V  [jvm.dll+0x85e9ad]
V  [jvm.dll+0x6d565d]
C  [ucrtbase.dll+0x37b0]
C  [KERNEL32.DLL+0x2e8d7]
C  [ntdll.dll+0x8c53c]

VM_Operation (0x0000004c3d9ff1c0): G1CollectFull, mode: safepoint, requested by thread 0x000001be7b0f9020


---------------  P R O C E S S  ---------------

Threads class SMR info:
_java_thread_list=0x000001be7b56ccb0, length=28, elements={
0x000001be34429da0, 0x000001be3442a400, 0x000001be3442c3a0, 0x000001be3442d3a0,
0x000001be34433760, 0x000001be34436c80, 0x000001be3443ad90, 0x000001be345fd6e0,
0x000001be3460e430, 0x000001be7afbdeb0, 0x000001be7b0f9020, 0x000001be7b0fa2a0,
0x000001be28fadf20, 0x000001be7adcaf60, 0x000001be7b256fe0, 0x000001be344d14f0,
0x000001be7a912990, 0x000001be7a911f90, 0x000001be7a516e60, 0x000001be7a515ab0,
0x000001be7a516140, 0x000001be7b48b360, 0x000001be7b486b30, 0x000001be7b4871c0,
0x000001be7b487ee0, 0x000001be7b485780, 0x000001be7b48acd0, 0x000001be7b489920
}

Java Threads: ( => current thread )
  0x000001be34429da0 JavaThread "Reference Handler"          daemon [_thread_blocked, id=8424, stack(0x0000004c3c600000,0x0000004c3c700000) (1024K)]
  0x000001be3442a400 JavaThread "Finalizer"                  daemon [_thread_blocked, id=29936, stack(0x0000004c3c700000,0x0000004c3c800000) (1024K)]
  0x000001be3442c3a0 JavaThread "Signal Dispatcher"          daemon [_thread_blocked, id=28312, stack(0x0000004c3c800000,0x0000004c3c900000) (1024K)]
  0x000001be3442d3a0 JavaThread "Attach Listener"            daemon [_thread_blocked, id=13320, stack(0x0000004c3c900000,0x0000004c3ca00000) (1024K)]
  0x000001be34433760 JavaThread "Service Thread"             daemon [_thread_blocked, id=31196, stack(0x0000004c3ca00000,0x0000004c3cb00000) (1024K)]
  0x000001be34436c80 JavaThread "Monitor Deflation Thread"   daemon [_thread_blocked, id=10920, stack(0x0000004c3cb00000,0x0000004c3cc00000) (1024K)]
  0x000001be3443ad90 JavaThread "C1 CompilerThread0"         daemon [_thread_blocked, id=30816, stack(0x0000004c3cc00000,0x0000004c3cd00000) (1024K)]
  0x000001be345fd6e0 JavaThread "Notification Thread"        daemon [_thread_blocked, id=25912, stack(0x0000004c3ce00000,0x0000004c3cf00000) (1024K)]
  0x000001be3460e430 JavaThread "Common-Cleaner"             daemon [_thread_blocked, id=33148, stack(0x0000004c3cf00000,0x0000004c3d000000) (1024K)]
  0x000001be7afbdeb0 JavaThread "boundedElastic-evictor-1"   daemon [_thread_blocked, id=12496, stack(0x0000004c3d700000,0x0000004c3d800000) (1024K)]
  0x000001be7b0f9020 JavaThread "pool-11-thread-1"                  [_thread_blocked, id=30840, stack(0x0000004c3d900000,0x0000004c3da00000) (1024K)]
  0x000001be7b0fa2a0 JavaThread "LanguageServerApp-lifecycle"        [_thread_blocked, id=25740, stack(0x0000004c3da00000,0x0000004c3db00000) (1024K)]
  0x000001be28fadf20 JavaThread "DestroyJavaVM"                     [_thread_blocked, id=23196, stack(0x0000004c3be00000,0x0000004c3bf00000) (1024K)]
  0x000001be7adcaf60 JavaThread "pool-12-thread-1"                  [_thread_in_native, id=21588, stack(0x0000004c3db00000,0x0000004c3dc00000) (1024K)]
  0x000001be7b256fe0 JavaThread "Simple-Language-Server main thread" daemon [_thread_blocked, id=33144, stack(0x0000004c3dc00000,0x0000004c3dd00000) (1024K)]
  0x000001be344d14f0 JavaThread "pool-8-thread-1"                   [_thread_blocked, id=31420, stack(0x0000004c3dd00000,0x0000004c3de00000) (1024K)]
  0x000001be7a912990 JavaThread "parallel-1"                 daemon [_thread_blocked, id=21420, stack(0x0000004c3de00000,0x0000004c3df00000) (1024K)]
  0x000001be7a911f90 JavaThread "parallel-2"                 daemon [_thread_blocked, id=18704, stack(0x0000004c3df00000,0x0000004c3e000000) (1024K)]
  0x000001be7a516e60 JavaThread "parallel-3"                 daemon [_thread_blocked, id=4828, stack(0x0000004c3e000000,0x0000004c3e100000) (1024K)]
  0x000001be7a515ab0 JavaThread "parallel-4"                 daemon [_thread_blocked, id=14680, stack(0x0000004c3e100000,0x0000004c3e200000) (1024K)]
  0x000001be7a516140 JavaThread "parallel-5"                 daemon [_thread_blocked, id=32868, stack(0x0000004c3e300000,0x0000004c3e400000) (1024K)]
  0x000001be7b48b360 JavaThread "Reconciler-1"               daemon [_thread_blocked, id=14128, stack(0x0000004c3f200000,0x0000004c3f300000) (1024K)]
  0x000001be7b486b30 JavaThread "parallel-6"                 daemon [_thread_blocked, id=25552, stack(0x0000004c3d600000,0x0000004c3d700000) (1024K)]
  0x000001be7b4871c0 JavaThread "parallel-7"                 daemon [_thread_blocked, id=28812, stack(0x0000004c3e400000,0x0000004c3e500000) (1024K)]
  0x000001be7b487ee0 JavaThread "parallel-8"                 daemon [_thread_blocked, id=33708, stack(0x0000004c3e500000,0x0000004c3e600000) (1024K)]
  0x000001be7b485780 JavaThread "pool-6-thread-1"                   [_thread_blocked, id=20160, stack(0x0000004c3d400000,0x0000004c3d500000) (1024K)]
  0x000001be7b48acd0 JavaThread "pool-10-thread-1"                  [_thread_blocked, id=33632, stack(0x0000004c3d500000,0x0000004c3d600000) (1024K)]
  0x000001be7b489920 JavaThread "pool-10-thread-2"                  [_thread_blocked, id=18796, stack(0x0000004c3e800000,0x0000004c3e900000) (1024K)]
Total: 28

Other Threads:
=>0x000001be344096f0 VMThread "VM Thread"                           [id=10700, stack(0x0000004c3c500000,0x0000004c3c600000) (1024K)]
  0x000001be343f8a10 WatcherThread "VM Periodic Task Thread"        [id=32100, stack(0x0000004c3c400000,0x0000004c3c500000) (1024K)]
  0x000001be29003a30 WorkerThread "GC Thread#0"                     [id=26700, stack(0x0000004c3bf00000,0x0000004c3c000000) (1024K)]
  0x000001be7a296770 WorkerThread "GC Thread#1"                     [id=9180, stack(0x0000004c3bd00000,0x0000004c3be00000) (1024K)]
  0x000001be7a7acf70 WorkerThread "GC Thread#2"                     [id=1816, stack(0x0000004c3cd00000,0x0000004c3ce00000) (1024K)]
  0x000001be7a7ad310 WorkerThread "GC Thread#3"                     [id=24852, stack(0x0000004c3d000000,0x0000004c3d100000) (1024K)]
  0x000001be7a7ad6b0 WorkerThread "GC Thread#4"                     [id=31160, stack(0x0000004c3d100000,0x0000004c3d200000) (1024K)]
  0x000001be7a67d910 WorkerThread "GC Thread#5"                     [id=1068, stack(0x0000004c3bc00000,0x0000004c3bd00000) (1024K)]
  0x000001be7a684980 WorkerThread "GC Thread#6"                     [id=4156, stack(0x0000004c3d200000,0x0000004c3d300000) (1024K)]
  0x000001be7a688d30 WorkerThread "GC Thread#7"                     [id=26292, stack(0x0000004c3d300000,0x0000004c3d400000) (1024K)]
  0x000001be29014330 ConcurrentGCThread "G1 Main Marker"            [id=32844, stack(0x0000004c3c000000,0x0000004c3c100000) (1024K)]
  0x000001be29016660 WorkerThread "G1 Conc#0"                       [id=3108, stack(0x0000004c3c100000,0x0000004c3c200000) (1024K)]
  0x000001be7abacc70 WorkerThread "G1 Conc#1"                       [id=26944, stack(0x0000004c3d800000,0x0000004c3d900000) (1024K)]
  0x000001be342c55a0 ConcurrentGCThread "G1 Refine#0"               [id=27532, stack(0x0000004c3c200000,0x0000004c3c300000) (1024K)]
  0x000001be342c79e0 ConcurrentGCThread "G1 Service"                [id=18028, stack(0x0000004c3c300000,0x0000004c3c400000) (1024K)]
Total: 15

Threads with active compile tasks:
Total: 0

VM state: at safepoint (normal execution)

VM Mutex/Monitor currently owned by a thread:  ([mutex/lock_event])
[0x00007fffcaa4d570] Threads_lock - owner thread: 0x000001be344096f0
[0x00007fffcaa4d670] Heap_lock - owner thread: 0x000001be7b0f9020

Heap address: 0x0000000084000000, size: 1984 MB, Compressed Oops mode: 32-bit

CDS archive(s) mapped at: [0x000001be35000000-0x000001be35ba0000-0x000001be35ba0000), size 12189696, SharedBaseAddress: 0x000001be35000000, ArchiveRelocationMode: 1.
Compressed class space mapped at: 0x000001be36000000-0x000001be76000000, reserved size: 1073741824
Narrow klass base: 0x000001be35000000, Narrow klass shift: 0, Narrow klass range: 0x100000000

GC Precious Log:
 CardTable entry size: 512
 Card Set container configuration: InlinePtr #cards 5 size 8 Array Of Cards #cards 12 size 40 Howl #buckets 4 coarsen threshold 1843 Howl Bitmap #cards 512 size 80 coarsen threshold 460 Card regions per heap region 1 cards per card region 2048
 CPUs: 8 total, 8 available
 Memory: 7934M
 Large Page Support: Disabled
 NUMA Support: Disabled
 Compressed Oops: Enabled (32-bit)
 Heap Region Size: 1M
 Heap Min Capacity: 8M
 Heap Initial Capacity: 124M
 Heap Max Capacity: 1984M
 Pre-touch: Disabled
 Parallel Workers: 8
 Concurrent Workers: 2
 Concurrent Refinement Workers: 8
 Periodic GC: Disabled

Heap:
 garbage-first heap   total 122880K, used 36138K [0x0000000084000000, 0x0000000100000000)
  region size 1024K, 1 young (1024K), 0 survivors (0K)
 Metaspace       used 51863K, committed 53120K, reserved 1114112K
  class space    used 7383K, committed 7872K, reserved 1048576K

Heap Regions: E=young(eden), S=young(survivor), O=old, HS=humongous(starts), HC=humongous(continues), CS=collection set, F=free, TAMS=top-at-mark-start, PB=parsable bottom
|   0|0x0000000084000000, 0x0000000084100000, 0x0000000084100000|100%| O|  |TAMS 0x0000000084000000| PB 0x0000000084000000| Untracked 
|   1|0x0000000084100000, 0x00000000841ffff8, 0x0000000084200000| 99%| O|  |TAMS 0x0000000084100000| PB 0x0000000084100000| Untracked 
|   2|0x0000000084200000, 0x0000000084300000, 0x0000000084300000|100%| O|  |TAMS 0x0000000084200000| PB 0x0000000084200000| Untracked 
|   3|0x0000000084300000, 0x0000000084400000, 0x0000000084400000|100%| O|  |TAMS 0x0000000084300000| PB 0x0000000084300000| Untracked 
|   4|0x0000000084400000, 0x00000000844ffff8, 0x0000000084500000| 99%| O|  |TAMS 0x0000000084400000| PB 0x0000000084400000| Untracked 
|   5|0x0000000084500000, 0x00000000845fffb8, 0x0000000084600000| 99%| O|  |TAMS 0x0000000084500000| PB 0x0000000084500000| Untracked 
|   6|0x0000000084600000, 0x0000000084700000, 0x0000000084700000|100%| O|  |TAMS 0x0000000084600000| PB 0x0000000084600000| Untracked 
|   7|0x0000000084700000, 0x00000000847ffff8, 0x0000000084800000| 99%| O|  |TAMS 0x0000000084700000| PB 0x0000000084700000| Untracked 
|   8|0x0000000084800000, 0x00000000848ffff0, 0x0000000084900000| 99%| O|  |TAMS 0x0000000084800000| PB 0x0000000084800000| Untracked 
|   9|0x0000000084900000, 0x00000000849fffe8, 0x0000000084a00000| 99%| O|  |TAMS 0x0000000084900000| PB 0x0000000084900000| Untracked 
|  10|0x0000000084a00000, 0x0000000084b00000, 0x0000000084b00000|100%| O|  |TAMS 0x0000000084a00000| PB 0x0000000084a00000| Untracked 
|  11|0x0000000084b00000, 0x0000000084bfffe8, 0x0000000084c00000| 99%| O|  |TAMS 0x0000000084b00000| PB 0x0000000084b00000| Untracked 
|  12|0x0000000084c00000, 0x0000000084cfffe0, 0x0000000084d00000| 99%| O|  |TAMS 0x0000000084c00000| PB 0x0000000084c00000| Untracked 
|  13|0x0000000084d00000, 0x0000000084dffff0, 0x0000000084e00000| 99%| O|  |TAMS 0x0000000084d00000| PB 0x0000000084d00000| Untracked 
|  14|0x0000000084e00000, 0x0000000084efffb8, 0x0000000084f00000| 99%| O|  |TAMS 0x0000000084e00000| PB 0x0000000084e00000| Untracked 
|  15|0x0000000084f00000, 0x0000000084ffffc8, 0x0000000085000000| 99%| O|  |TAMS 0x0000000084f00000| PB 0x0000000084f00000| Untracked 
|  16|0x0000000085000000, 0x0000000085100000, 0x0000000085100000|100%| O|  |TAMS 0x0000000085000000| PB 0x0000000085000000| Untracked 
|  17|0x0000000085100000, 0x0000000085200000, 0x0000000085200000|100%| O|  |TAMS 0x0000000085100000| PB 0x0000000085100000| Untracked 
|  18|0x0000000085200000, 0x00000000852ffff8, 0x0000000085300000| 99%| O|  |TAMS 0x0000000085200000| PB 0x0000000085200000| Untracked 
|  19|0x0000000085300000, 0x00000000853ff6a0, 0x0000000085400000| 99%| O|  |TAMS 0x0000000085300000| PB 0x0000000085300000| Untracked 
|  20|0x0000000085400000, 0x00000000854fffd8, 0x0000000085500000| 99%| O|  |TAMS 0x0000000085400000| PB 0x0000000085400000| Untracked 
|  21|0x0000000085500000, 0x00000000855ffff8, 0x0000000085600000| 99%| O|  |TAMS 0x0000000085500000| PB 0x0000000085500000| Untracked 
|  22|0x0000000085600000, 0x00000000856fd6e0, 0x0000000085700000| 98%| O|  |TAMS 0x0000000085600000| PB 0x0000000085600000| Untracked 
|  23|0x0000000085700000, 0x00000000857ffff0, 0x0000000085800000| 99%| O|  |TAMS 0x0000000085700000| PB 0x0000000085700000| Untracked 
|  24|0x0000000085800000, 0x00000000858fff48, 0x0000000085900000| 99%| O|  |TAMS 0x0000000085800000| PB 0x0000000085800000| Untracked 
|  25|0x0000000085900000, 0x00000000859ffff8, 0x0000000085a00000| 99%| O|  |TAMS 0x0000000085900000| PB 0x0000000085900000| Untracked 
|  26|0x0000000085a00000, 0x0000000085afce00, 0x0000000085b00000| 98%| O|  |TAMS 0x0000000085a00000| PB 0x0000000085a00000| Untracked 
|  27|0x0000000085b00000, 0x0000000085c00000, 0x0000000085c00000|100%| O|  |TAMS 0x0000000085b00000| PB 0x0000000085b00000| Untracked 
|  28|0x0000000085c00000, 0x0000000085cffff8, 0x0000000085d00000| 99%| O|  |TAMS 0x0000000085c00000| PB 0x0000000085c00000| Untracked 
|  29|0x0000000085d00000, 0x0000000085dfffe8, 0x0000000085e00000| 99%| O|  |TAMS 0x0000000085d00000| PB 0x0000000085d00000| Untracked 
|  30|0x0000000085e00000, 0x0000000085efeaa8, 0x0000000085f00000| 99%| O|  |TAMS 0x0000000085e00000| PB 0x0000000085e00000| Untracked 
|  31|0x0000000085f00000, 0x0000000085ffc2c8, 0x0000000086000000| 98%| O|  |TAMS 0x0000000085f00000| PB 0x0000000085f00000| Untracked 
|  32|0x0000000086000000, 0x0000000086100000, 0x0000000086100000|100%| O|  |TAMS 0x0000000086000000| PB 0x0000000086000000| Untracked 
|  33|0x0000000086100000, 0x00000000861b35e8, 0x0000000086200000| 70%| O|  |TAMS 0x0000000086100000| PB 0x0000000086100000| Untracked 
|  34|0x0000000086200000, 0x00000000862a2e90, 0x0000000086300000| 63%| O|  |TAMS 0x0000000086200000| PB 0x0000000086200000| Untracked 
|  35|0x0000000086300000, 0x0000000086300000, 0x0000000086400000|  0%| F|  |TAMS 0x0000000086300000| PB 0x0000000086300000| Untracked 
|  36|0x0000000086400000, 0x0000000086400000, 0x0000000086500000|  0%| F|  |TAMS 0x0000000086400000| PB 0x0000000086400000| Untracked 
|  37|0x0000000086500000, 0x0000000086500000, 0x0000000086600000|  0%| F|  |TAMS 0x0000000086500000| PB 0x0000000086500000| Untracked 
|  38|0x0000000086600000, 0x0000000086600000, 0x0000000086700000|  0%| F|  |TAMS 0x0000000086600000| PB 0x0000000086600000| Untracked 
|  39|0x0000000086700000, 0x00000000867fff98, 0x0000000086800000| 99%| O|  |TAMS 0x0000000086700000| PB 0x0000000086700000| Untracked 
|  40|0x0000000086800000, 0x0000000086800000, 0x0000000086900000|  0%| F|  |TAMS 0x0000000086800000| PB 0x0000000086800000| Untracked 
|  41|0x0000000086900000, 0x0000000086900000, 0x0000000086a00000|  0%| F|  |TAMS 0x0000000086900000| PB 0x0000000086900000| Untracked 
|  42|0x0000000086a00000, 0x0000000086a00000, 0x0000000086b00000|  0%| F|  |TAMS 0x0000000086a00000| PB 0x0000000086a00000| Untracked 
|  43|0x0000000086b00000, 0x0000000086b00000, 0x0000000086c00000|  0%| F|  |TAMS 0x0000000086b00000| PB 0x0000000086b00000| Untracked 
|  44|0x0000000086c00000, 0x0000000086c00000, 0x0000000086d00000|  0%| F|  |TAMS 0x0000000086c00000| PB 0x0000000086c00000| Untracked 
|  45|0x0000000086d00000, 0x0000000086d00000, 0x0000000086e00000|  0%| F|  |TAMS 0x0000000086d00000| PB 0x0000000086d00000| Untracked 
|  46|0x0000000086e00000, 0x0000000086e00000, 0x0000000086f00000|  0%| F|  |TAMS 0x0000000086e00000| PB 0x0000000086e00000| Untracked 
|  47|0x0000000086f00000, 0x0000000086f00000, 0x0000000087000000|  0%| F|  |TAMS 0x0000000086f00000| PB 0x0000000086f00000| Untracked 
|  48|0x0000000087000000, 0x0000000087000000, 0x0000000087100000|  0%| F|  |TAMS 0x0000000087000000| PB 0x0000000087000000| Untracked 
|  49|0x0000000087100000, 0x0000000087100000, 0x0000000087200000|  0%| F|  |TAMS 0x0000000087100000| PB 0x0000000087100000| Untracked 
|  50|0x0000000087200000, 0x0000000087200000, 0x0000000087300000|  0%| F|  |TAMS 0x0000000087200000| PB 0x0000000087200000| Untracked 
|  51|0x0000000087300000, 0x0000000087300000, 0x0000000087400000|  0%| F|  |TAMS 0x0000000087300000| PB 0x0000000087300000| Untracked 
|  52|0x0000000087400000, 0x0000000087400000, 0x0000000087500000|  0%| F|  |TAMS 0x0000000087400000| PB 0x0000000087400000| Untracked 
|  53|0x0000000087500000, 0x0000000087500000, 0x0000000087600000|  0%| F|  |TAMS 0x0000000087500000| PB 0x0000000087500000| Untracked 
|  54|0x0000000087600000, 0x0000000087600000, 0x0000000087700000|  0%| F|  |TAMS 0x0000000087600000| PB 0x0000000087600000| Untracked 
|  55|0x0000000087700000, 0x0000000087700000, 0x0000000087800000|  0%| F|  |TAMS 0x0000000087700000| PB 0x0000000087700000| Untracked 
|  56|0x0000000087800000, 0x0000000087800000, 0x0000000087900000|  0%| F|  |TAMS 0x0000000087800000| PB 0x0000000087800000| Untracked 
|  57|0x0000000087900000, 0x0000000087900000, 0x0000000087a00000|  0%| F|  |TAMS 0x0000000087900000| PB 0x0000000087900000| Untracked 
|  58|0x0000000087a00000, 0x0000000087a00000, 0x0000000087b00000|  0%| F|  |TAMS 0x0000000087a00000| PB 0x0000000087a00000| Untracked 
|  59|0x0000000087b00000, 0x0000000087b00000, 0x0000000087c00000|  0%| F|  |TAMS 0x0000000087b00000| PB 0x0000000087b00000| Untracked 
|  60|0x0000000087c00000, 0x0000000087c00000, 0x0000000087d00000|  0%| F|  |TAMS 0x0000000087c00000| PB 0x0000000087c00000| Untracked 
|  61|0x0000000087d00000, 0x0000000087d00000, 0x0000000087e00000|  0%| F|  |TAMS 0x0000000087d00000| PB 0x0000000087d00000| Untracked 
|  62|0x0000000087e00000, 0x0000000087e00000, 0x0000000087f00000|  0%| F|  |TAMS 0x0000000087e00000| PB 0x0000000087e00000| Untracked 
|  63|0x0000000087f00000, 0x0000000087f00000, 0x0000000088000000|  0%| F|  |TAMS 0x0000000087f00000| PB 0x0000000087f00000| Untracked 
|  64|0x0000000088000000, 0x0000000088000000, 0x0000000088100000|  0%| F|  |TAMS 0x0000000088000000| PB 0x0000000088000000| Untracked 
|  65|0x0000000088100000, 0x0000000088100000, 0x0000000088200000|  0%| F|  |TAMS 0x0000000088100000| PB 0x0000000088100000| Untracked 
|  66|0x0000000088200000, 0x0000000088200000, 0x0000000088300000|  0%| F|  |TAMS 0x0000000088200000| PB 0x0000000088200000| Untracked 
|  67|0x0000000088300000, 0x0000000088300000, 0x0000000088400000|  0%| F|  |TAMS 0x0000000088300000| PB 0x0000000088300000| Untracked 
|  68|0x0000000088400000, 0x0000000088400000, 0x0000000088500000|  0%| F|  |TAMS 0x0000000088400000| PB 0x0000000088400000| Untracked 
|  69|0x0000000088500000, 0x0000000088500000, 0x0000000088600000|  0%| F|  |TAMS 0x0000000088500000| PB 0x0000000088500000| Untracked 
|  70|0x0000000088600000, 0x0000000088600000, 0x0000000088700000|  0%| F|  |TAMS 0x0000000088600000| PB 0x0000000088600000| Untracked 
|  71|0x0000000088700000, 0x0000000088700000, 0x0000000088800000|  0%| F|  |TAMS 0x0000000088700000| PB 0x0000000088700000| Untracked 
|  72|0x0000000088800000, 0x0000000088800000, 0x0000000088900000|  0%| F|  |TAMS 0x0000000088800000| PB 0x0000000088800000| Untracked 
|  73|0x0000000088900000, 0x0000000088900000, 0x0000000088a00000|  0%| F|  |TAMS 0x0000000088900000| PB 0x0000000088900000| Untracked 
|  74|0x0000000088a00000, 0x0000000088a00000, 0x0000000088b00000|  0%| F|  |TAMS 0x0000000088a00000| PB 0x0000000088a00000| Untracked 
|  75|0x0000000088b00000, 0x0000000088b00000, 0x0000000088c00000|  0%| F|  |TAMS 0x0000000088b00000| PB 0x0000000088b00000| Untracked 
|  76|0x0000000088c00000, 0x0000000088c00000, 0x0000000088d00000|  0%| F|  |TAMS 0x0000000088c00000| PB 0x0000000088c00000| Untracked 
|  77|0x0000000088d00000, 0x0000000088d00000, 0x0000000088e00000|  0%| F|  |TAMS 0x0000000088d00000| PB 0x0000000088d00000| Untracked 
|  78|0x0000000088e00000, 0x0000000088e00000, 0x0000000088f00000|  0%| F|  |TAMS 0x0000000088e00000| PB 0x0000000088e00000| Untracked 
|  79|0x0000000088f00000, 0x0000000088f00000, 0x0000000089000000|  0%| F|  |TAMS 0x0000000088f00000| PB 0x0000000088f00000| Untracked 
|  80|0x0000000089000000, 0x0000000089000000, 0x0000000089100000|  0%| F|  |TAMS 0x0000000089000000| PB 0x0000000089000000| Untracked 
|  81|0x0000000089100000, 0x0000000089100000, 0x0000000089200000|  0%| F|  |TAMS 0x0000000089100000| PB 0x0000000089100000| Untracked 
|  82|0x0000000089200000, 0x0000000089200000, 0x0000000089300000|  0%| F|  |TAMS 0x0000000089200000| PB 0x0000000089200000| Untracked 
|  83|0x0000000089300000, 0x0000000089300000, 0x0000000089400000|  0%| F|  |TAMS 0x0000000089300000| PB 0x0000000089300000| Untracked 
|  84|0x0000000089400000, 0x0000000089400000, 0x0000000089500000|  0%| F|  |TAMS 0x0000000089400000| PB 0x0000000089400000| Untracked 
|  85|0x0000000089500000, 0x0000000089500000, 0x0000000089600000|  0%| F|  |TAMS 0x0000000089500000| PB 0x0000000089500000| Untracked 
|  86|0x0000000089600000, 0x0000000089600000, 0x0000000089700000|  0%| F|  |TAMS 0x0000000089600000| PB 0x0000000089600000| Untracked 
|  87|0x0000000089700000, 0x0000000089700000, 0x0000000089800000|  0%| F|  |TAMS 0x0000000089700000| PB 0x0000000089700000| Untracked 
|  88|0x0000000089800000, 0x0000000089800000, 0x0000000089900000|  0%| F|  |TAMS 0x0000000089800000| PB 0x0000000089800000| Untracked 
|  89|0x0000000089900000, 0x0000000089900000, 0x0000000089a00000|  0%| F|  |TAMS 0x0000000089900000| PB 0x0000000089900000| Untracked 
|  90|0x0000000089a00000, 0x0000000089a00000, 0x0000000089b00000|  0%| F|  |TAMS 0x0000000089a00000| PB 0x0000000089a00000| Untracked 
|  91|0x0000000089b00000, 0x0000000089b00000, 0x0000000089c00000|  0%| F|  |TAMS 0x0000000089b00000| PB 0x0000000089b00000| Untracked 
|  92|0x0000000089c00000, 0x0000000089c00000, 0x0000000089d00000|  0%| F|  |TAMS 0x0000000089c00000| PB 0x0000000089c00000| Untracked 
|  93|0x0000000089d00000, 0x0000000089d00000, 0x0000000089e00000|  0%| F|  |TAMS 0x0000000089d00000| PB 0x0000000089d00000| Untracked 
|  94|0x0000000089e00000, 0x0000000089e00000, 0x0000000089f00000|  0%| F|  |TAMS 0x0000000089e00000| PB 0x0000000089e00000| Untracked 
|  95|0x0000000089f00000, 0x0000000089f00000, 0x000000008a000000|  0%| F|  |TAMS 0x0000000089f00000| PB 0x0000000089f00000| Untracked 
|  96|0x000000008a000000, 0x000000008a000000, 0x000000008a100000|  0%| F|  |TAMS 0x000000008a000000| PB 0x000000008a000000| Untracked 
|  97|0x000000008a100000, 0x000000008a100000, 0x000000008a200000|  0%| F|  |TAMS 0x000000008a100000| PB 0x000000008a100000| Untracked 
|  98|0x000000008a200000, 0x000000008a200000, 0x000000008a300000|  0%| F|  |TAMS 0x000000008a200000| PB 0x000000008a200000| Untracked 
|  99|0x000000008a300000, 0x000000008a300000, 0x000000008a400000|  0%| F|  |TAMS 0x000000008a300000| PB 0x000000008a300000| Untracked 
| 100|0x000000008a400000, 0x000000008a400000, 0x000000008a500000|  0%| F|  |TAMS 0x000000008a400000| PB 0x000000008a400000| Untracked 
| 101|0x000000008a500000, 0x000000008a500000, 0x000000008a600000|  0%| F|  |TAMS 0x000000008a500000| PB 0x000000008a500000| Untracked 
| 102|0x000000008a600000, 0x000000008a600000, 0x000000008a700000|  0%| F|  |TAMS 0x000000008a600000| PB 0x000000008a600000| Untracked 
| 103|0x000000008a700000, 0x000000008a700000, 0x000000008a800000|  0%| F|  |TAMS 0x000000008a700000| PB 0x000000008a700000| Untracked 
| 104|0x000000008a800000, 0x000000008a800000, 0x000000008a900000|  0%| F|  |TAMS 0x000000008a800000| PB 0x000000008a800000| Untracked 
| 105|0x000000008a900000, 0x000000008a900000, 0x000000008aa00000|  0%| F|  |TAMS 0x000000008a900000| PB 0x000000008a900000| Untracked 
| 106|0x000000008aa00000, 0x000000008aa00000, 0x000000008ab00000|  0%| F|  |TAMS 0x000000008aa00000| PB 0x000000008aa00000| Untracked 
| 107|0x000000008ab00000, 0x000000008ab00000, 0x000000008ac00000|  0%| F|  |TAMS 0x000000008ab00000| PB 0x000000008ab00000| Untracked 
| 108|0x000000008ac00000, 0x000000008ac00000, 0x000000008ad00000|  0%| F|  |TAMS 0x000000008ac00000| PB 0x000000008ac00000| Untracked 
| 109|0x000000008ad00000, 0x000000008ad00000, 0x000000008ae00000|  0%| F|  |TAMS 0x000000008ad00000| PB 0x000000008ad00000| Untracked 
| 110|0x000000008ae00000, 0x000000008ae00000, 0x000000008af00000|  0%| F|  |TAMS 0x000000008ae00000| PB 0x000000008ae00000| Untracked 
| 111|0x000000008af00000, 0x000000008af00000, 0x000000008b000000|  0%| F|  |TAMS 0x000000008af00000| PB 0x000000008af00000| Untracked 
| 112|0x000000008b000000, 0x000000008b000000, 0x000000008b100000|  0%| F|  |TAMS 0x000000008b000000| PB 0x000000008b000000| Untracked 
| 113|0x000000008b100000, 0x000000008b100000, 0x000000008b200000|  0%| F|  |TAMS 0x000000008b100000| PB 0x000000008b100000| Untracked 
| 114|0x000000008b200000, 0x000000008b200000, 0x000000008b300000|  0%| F|  |TAMS 0x000000008b200000| PB 0x000000008b200000| Untracked 
| 115|0x000000008b300000, 0x000000008b300000, 0x000000008b400000|  0%| F|  |TAMS 0x000000008b300000| PB 0x000000008b300000| Untracked 
| 116|0x000000008b400000, 0x000000008b400000, 0x000000008b500000|  0%| F|  |TAMS 0x000000008b400000| PB 0x000000008b400000| Untracked 
| 117|0x000000008b500000, 0x000000008b500000, 0x000000008b600000|  0%| F|  |TAMS 0x000000008b500000| PB 0x000000008b500000| Untracked 
| 118|0x000000008b600000, 0x000000008b600000, 0x000000008b700000|  0%| F|  |TAMS 0x000000008b600000| PB 0x000000008b600000| Untracked 
| 119|0x000000008b700000, 0x000000008b756b90, 0x000000008b800000| 33%| E|  |TAMS 0x000000008b700000| PB 0x000000008b700000| Complete 

Card table byte_map: [0x000001be2f690000,0x000001be2fa70000] _byte_map_base: 0x000001be2f270000

Marking Bits: (CMBitMap*) 0x000001be29003f40
 Bits: [0x000001be2fa70000, 0x000001be31970000)

Polling page: 0x000001be28760000

Metaspace:

Usage:
  Non-class:     43.44 MB used.
      Class:      7.21 MB used.
       Both:     50.65 MB used.

Virtual space:
  Non-class space:       64.00 MB reserved,      44.19 MB ( 69%) committed,  1 nodes.
      Class space:        1.00 GB reserved,       7.69 MB ( <1%) committed,  1 nodes.
             Both:        1.06 GB reserved,      51.88 MB (  5%) committed. 

Chunk freelists:
   Non-Class:  4.15 MB
       Class:  8.47 MB
        Both:  12.62 MB

MaxMetaspaceSize: unlimited
CompressedClassSpaceSize: 1.00 GB
Initial GC threshold: 21.00 MB
Current GC threshold: 86.50 MB
CDS: on
 - commit_granule_bytes: 65536.
 - commit_granule_words: 8192.
 - virtual_space_node_default_size: 8388608.
 - enlarge_chunks_in_place: 1.
 - use_allocation_guard: 0.


Internal statistics:

num_allocs_failed_limit: 0.
num_arena_births: 1104.
num_arena_deaths: 544.
num_vsnodes_births: 2.
num_vsnodes_deaths: 0.
num_space_committed: 830.
num_space_uncommitted: 0.
num_chunks_returned_to_freelist: 585.
num_chunks_taken_from_freelist: 3031.
num_chunk_merges: 195.
num_chunk_splits: 2074.
num_chunks_enlarged: 1495.
num_inconsistent_stats: 0.

CodeCache: size=49152Kb used=2373Kb max_used=13970Kb free=46778Kb
 bounds [0x000001be2c1a0000, 0x000001be2cf50000, 0x000001be2f1a0000]
 total_blobs=1311, nmethods=652, adapters=583, full_count=0
Compilation: enabled, stopped_count=0, restarted_count=0

Compilation events (20 events):
Event: 3915.265 Thread 0x000001be3443ad90 7503       1       reactor.core.scheduler.BoundedElasticScheduler$BoundedServices::eviction (90 bytes)
Event: 3915.372 Thread 0x000001be3443ad90 nmethod 7503 0x000001be2c3fbc90 code [0x000001be2c3fbe80, 0x000001be2c3fc248]
Event: 3955.927 Thread 0x000001be3443ad90 7505       1       java.lang.invoke.LambdaForm$MH/0x000001be36014c00::invoke (46 bytes)
Event: 3955.943 Thread 0x000001be3443ad90 nmethod 7505 0x000001be2c2c9b10 code [0x000001be2c2c9ce0, 0x000001be2c2c9eb8]
Event: 4416.496 Thread 0x000001be3443ad90 7506       1       java.lang.StringCoding::countPositives (33 bytes)
Event: 4416.516 Thread 0x000001be3443ad90 nmethod 7506 0x000001be2c308410 code [0x000001be2c3085c0, 0x000001be2c3086f8]
Event: 4584.603 Thread 0x000001be3443ad90 7508       1       java.util.logging.Logger::isLoggable (27 bytes)
Event: 4584.640 Thread 0x000001be3443ad90 nmethod 7508 0x000001be2c308090 code [0x000001be2c308240, 0x000001be2c308360]
Event: 4643.433 Thread 0x000001be3443ad90 7509       1       java.lang.ref.ReferenceQueue::await (15 bytes)
Event: 4643.445 Thread 0x000001be3443ad90 nmethod 7509 0x000001be2c4e9a90 code [0x000001be2c4e9c40, 0x000001be2c4e9d78]
Event: 4653.460 Thread 0x000001be3443ad90 7510       1       java.io.BufferedOutputStream::<init> (12 bytes)
Event: 4653.918 Thread 0x000001be3443ad90 nmethod 7510 0x000001be2c745d10 code [0x000001be2c745ec0, 0x000001be2c746048]
Event: 4664.410 Thread 0x000001be3443ad90 7512   !   1       java.lang.ProcessImpl::<init> (327 bytes)
Event: 4668.141 Thread 0x000001be3443ad90 nmethod 7512 0x000001be2c41eb10 code [0x000001be2c41ef00, 0x000001be2c41ff90]
Event: 4675.041 Thread 0x000001be3443ad90 7517       1       java.lang.ProcessImpl$$Lambda/0x000001be362eb540::<init> (10 bytes)
Event: 4675.062 Thread 0x000001be3443ad90 nmethod 7517 0x000001be2c6d1010 code [0x000001be2c6d11a0, 0x000001be2c6d1268]
Event: 4675.063 Thread 0x000001be3443ad90 7518       1       java.lang.ProcessHandleImpl::getInternal (13 bytes)
Event: 4675.093 Thread 0x000001be3443ad90 nmethod 7518 0x000001be2c858410 code [0x000001be2c8585c0, 0x000001be2c858710]
Event: 4675.393 Thread 0x000001be3443ad90 7523       1       java.lang.System::gc (7 bytes)
Event: 4675.701 Thread 0x000001be3443ad90 nmethod 7523 0x000001be2c6de810 code [0x000001be2c6de9c0, 0x000001be2c6dea90]

GC Heap History (20 events):
Event: 4723.963 GC heap after
{Heap after GC invocations=431 (full 388):
 garbage-first heap   total 122880K, used 36138K [0x0000000084000000, 0x0000000100000000)
  region size 1024K, 0 young (0K), 0 survivors (0K)
 Metaspace       used 51863K, committed 53120K, reserved 1114112K
  class space    used 7383K, committed 7872K, reserved 1048576K
}
Event: 4736.034 GC heap before
{Heap before GC invocations=431 (full 388):
 garbage-first heap   total 122880K, used 36138K [0x0000000084000000, 0x0000000100000000)
  region size 1024K, 1 young (1024K), 0 survivors (0K)
 Metaspace       used 51863K, committed 53120K, reserved 1114112K
  class space    used 7383K, committed 7872K, reserved 1048576K
}
Event: 4736.204 GC heap after
{Heap after GC invocations=432 (full 389):
 garbage-first heap   total 122880K, used 36138K [0x0000000084000000, 0x0000000100000000)
  region size 1024K, 0 young (0K), 0 survivors (0K)
 Metaspace       used 51863K, committed 53120K, reserved 1114112K
  class space    used 7383K, committed 7872K, reserved 1048576K
}
Event: 4748.523 GC heap before
{Heap before GC invocations=432 (full 389):
 garbage-first heap   total 122880K, used 36138K [0x0000000084000000, 0x0000000100000000)
  region size 1024K, 1 young (1024K), 0 survivors (0K)
 Metaspace       used 51863K, committed 53120K, reserved 1114112K
  class space    used 7383K, committed 7872K, reserved 1048576K
}
Event: 4748.711 GC heap after
{Heap after GC invocations=433 (full 390):
 garbage-first heap   total 122880K, used 36138K [0x0000000084000000, 0x0000000100000000)
  region size 1024K, 0 young (0K), 0 survivors (0K)
 Metaspace       used 51863K, committed 53120K, reserved 1114112K
  class space    used 7383K, committed 7872K, reserved 1048576K
}
Event: 4760.496 GC heap before
{Heap before GC invocations=433 (full 390):
 garbage-first heap   total 122880K, used 36138K [0x0000000084000000, 0x0000000100000000)
  region size 1024K, 1 young (1024K), 0 survivors (0K)
 Metaspace       used 51863K, committed 53120K, reserved 1114112K
  class space    used 7383K, committed 7872K, reserved 1048576K
}
Event: 4760.633 GC heap after
{Heap after GC invocations=434 (full 391):
 garbage-first heap   total 122880K, used 36138K [0x0000000084000000, 0x0000000100000000)
  region size 1024K, 0 young (0K), 0 survivors (0K)
 Metaspace       used 51863K, committed 53120K, reserved 1114112K
  class space    used 7383K, committed 7872K, reserved 1048576K
}
Event: 4772.704 GC heap before
{Heap before GC invocations=434 (full 391):
 garbage-first heap   total 122880K, used 36138K [0x0000000084000000, 0x0000000100000000)
  region size 1024K, 1 young (1024K), 0 survivors (0K)
 Metaspace       used 51863K, committed 53120K, reserved 1114112K
  class space    used 7383K, committed 7872K, reserved 1048576K
}
Event: 4772.768 GC heap after
{Heap after GC invocations=435 (full 392):
 garbage-first heap   total 122880K, used 36138K [0x0000000084000000, 0x0000000100000000)
  region size 1024K, 0 young (0K), 0 survivors (0K)
 Metaspace       used 51863K, committed 53120K, reserved 1114112K
  class space    used 7383K, committed 7872K, reserved 1048576K
}
Event: 4785.108 GC heap before
{Heap before GC invocations=435 (full 392):
 garbage-first heap   total 122880K, used 36138K [0x0000000084000000, 0x0000000100000000)
  region size 1024K, 1 young (1024K), 0 survivors (0K)
 Metaspace       used 51863K, committed 53120K, reserved 1114112K
  class space    used 7383K, committed 7872K, reserved 1048576K
}
Event: 4785.258 GC heap after
{Heap after GC invocations=436 (full 393):
 garbage-first heap   total 122880K, used 36138K [0x0000000084000000, 0x0000000100000000)
  region size 1024K, 0 young (0K), 0 survivors (0K)
 Metaspace       used 51863K, committed 53120K, reserved 1114112K
  class space    used 7383K, committed 7872K, reserved 1048576K
}
Event: 4796.080 GC heap before
{Heap before GC invocations=436 (full 393):
 garbage-first heap   total 122880K, used 36138K [0x0000000084000000, 0x0000000100000000)
  region size 1024K, 1 young (1024K), 0 survivors (0K)
 Metaspace       used 51863K, committed 53120K, reserved 1114112K
  class space    used 7383K, committed 7872K, reserved 1048576K
}
Event: 4796.210 GC heap after
{Heap after GC invocations=437 (full 394):
 garbage-first heap   total 122880K, used 36138K [0x0000000084000000, 0x0000000100000000)
  region size 1024K, 0 young (0K), 0 survivors (0K)
 Metaspace       used 51863K, committed 53120K, reserved 1114112K
  class space    used 7383K, committed 7872K, reserved 1048576K
}
Event: 4807.545 GC heap before
{Heap before GC invocations=437 (full 394):
 garbage-first heap   total 122880K, used 36138K [0x0000000084000000, 0x0000000100000000)
  region size 1024K, 1 young (1024K), 0 survivors (0K)
 Metaspace       used 51863K, committed 53120K, reserved 1114112K
  class space    used 7383K, committed 7872K, reserved 1048576K
}
Event: 4807.695 GC heap after
{Heap after GC invocations=438 (full 395):
 garbage-first heap   total 122880K, used 36138K [0x0000000084000000, 0x0000000100000000)
  region size 1024K, 0 young (0K), 0 survivors (0K)
 Metaspace       used 51863K, committed 53120K, reserved 1114112K
  class space    used 7383K, committed 7872K, reserved 1048576K
}
Event: 4820.275 GC heap before
{Heap before GC invocations=438 (full 395):
 garbage-first heap   total 122880K, used 36138K [0x0000000084000000, 0x0000000100000000)
  region size 1024K, 1 young (1024K), 0 survivors (0K)
 Metaspace       used 51863K, committed 53120K, reserved 1114112K
  class space    used 7383K, committed 7872K, reserved 1048576K
}
Event: 4820.448 GC heap after
{Heap after GC invocations=439 (full 396):
 garbage-first heap   total 122880K, used 36138K [0x0000000084000000, 0x0000000100000000)
  region size 1024K, 0 young (0K), 0 survivors (0K)
 Metaspace       used 51863K, committed 53120K, reserved 1114112K
  class space    used 7383K, committed 7872K, reserved 1048576K
}
Event: 4833.515 GC heap before
{Heap before GC invocations=439 (full 396):
 garbage-first heap   total 122880K, used 36138K [0x0000000084000000, 0x0000000100000000)
  region size 1024K, 1 young (1024K), 0 survivors (0K)
 Metaspace       used 51863K, committed 53120K, reserved 1114112K
  class space    used 7383K, committed 7872K, reserved 1048576K
}
Event: 4833.705 GC heap after
{Heap after GC invocations=440 (full 397):
 garbage-first heap   total 122880K, used 36138K [0x0000000084000000, 0x0000000100000000)
  region size 1024K, 0 young (0K), 0 survivors (0K)
 Metaspace       used 51863K, committed 53120K, reserved 1114112K
  class space    used 7383K, committed 7872K, reserved 1048576K
}
Event: 4845.649 GC heap before
{Heap before GC invocations=440 (full 397):
 garbage-first heap   total 122880K, used 36138K [0x0000000084000000, 0x0000000100000000)
  region size 1024K, 1 young (1024K), 0 survivors (0K)
 Metaspace       used 51863K, committed 53120K, reserved 1114112K
  class space    used 7383K, committed 7872K, reserved 1048576K
}

Dll operation events (11 events):
Event: 0.008 Loaded shared library c:\Users\Glymin Terra Selasi\.trae\extensions\redhat.java-1.52.0-win32-x64\jre\21.0.9-win32-x86_64\bin\java.dll
Event: 0.151 Loaded shared library c:\Users\Glymin Terra Selasi\.trae\extensions\redhat.java-1.52.0-win32-x64\jre\21.0.9-win32-x86_64\bin\zip.dll
Event: 0.676 Loaded shared library C:\Users\Glymin Terra Selasi\.trae\extensions\redhat.java-1.52.0-win32-x64\jre\21.0.9-win32-x86_64\bin\net.dll
Event: 0.678 Loaded shared library C:\Users\Glymin Terra Selasi\.trae\extensions\redhat.java-1.52.0-win32-x64\jre\21.0.9-win32-x86_64\bin\nio.dll
Event: 0.681 Loaded shared library C:\Users\Glymin Terra Selasi\.trae\extensions\redhat.java-1.52.0-win32-x64\jre\21.0.9-win32-x86_64\bin\zip.dll
Event: 42.728 Loaded shared library C:\Users\Glymin Terra Selasi\.trae\extensions\redhat.java-1.52.0-win32-x64\jre\21.0.9-win32-x86_64\bin\jimage.dll
Event: 61.763 Loaded shared library c:\Users\Glymin Terra Selasi\.trae\extensions\redhat.java-1.52.0-win32-x64\jre\21.0.9-win32-x86_64\bin\verify.dll
Event: 80.636 Loaded shared library C:\Users\Glymin Terra Selasi\.trae\extensions\redhat.java-1.52.0-win32-x64\jre\21.0.9-win32-x86_64\bin\management.dll
Event: 80.722 Loaded shared library C:\Users\Glymin Terra Selasi\.trae\extensions\redhat.java-1.52.0-win32-x64\jre\21.0.9-win32-x86_64\bin\management_ext.dll
Event: 163.483 Loaded shared library C:\Users\Glymin Terra Selasi\.trae\extensions\redhat.java-1.52.0-win32-x64\jre\21.0.9-win32-x86_64\bin\sunmscapi.dll
Event: 163.661 Loaded shared library C:\Users\Glymin Terra Selasi\.trae\extensions\redhat.java-1.52.0-win32-x64\jre\21.0.9-win32-x86_64\bin\extnet.dll

Deoptimization events (20 events):
Event: 99.694 Thread 0x000001be7b489fb0 DEOPT PACKING pc=0x000001be2c489c74 sp=0x0000004c3effec80
Event: 99.694 Thread 0x000001be7b489fb0 DEOPT UNPACKING pc=0x000001be2c1f86e2 sp=0x0000004c3effe1f0 mode 0
Event: 99.933 Thread 0x000001be7b485e10 DEOPT PACKING pc=0x000001be2c489c74 sp=0x0000004c3e4fe930
Event: 99.933 Thread 0x000001be7b485e10 DEOPT UNPACKING pc=0x000001be2c1f86e2 sp=0x0000004c3e4fde98 mode 0
Event: 100.292 Thread 0x000001be7b48a640 DEOPT PACKING pc=0x000001be2c489c74 sp=0x0000004c3f0fed20
Event: 100.292 Thread 0x000001be7b48a640 DEOPT UNPACKING pc=0x000001be2c1f86e2 sp=0x0000004c3f0fe288 mode 0
Event: 111.690 Thread 0x000001be7b488570 DEOPT PACKING pc=0x000001be2c489c74 sp=0x0000004c3ebfe680
Event: 111.690 Thread 0x000001be7b488570 DEOPT UNPACKING pc=0x000001be2c1f86e2 sp=0x0000004c3ebfdbf0 mode 0
Event: 155.974 Thread 0x000001be7a5167d0 DEOPT PACKING pc=0x000001be2c6c4441 sp=0x0000004c3e2fcd90
Event: 155.974 Thread 0x000001be7a5167d0 DEOPT UNPACKING pc=0x000001be2c1f86e2 sp=0x0000004c3e2fc298 mode 3
Event: 157.224 Thread 0x000001be7a5167d0 DEOPT PACKING pc=0x000001be2ceaed64 sp=0x0000004c3e2fe090
Event: 157.224 Thread 0x000001be7a5167d0 DEOPT UNPACKING pc=0x000001be2c1f86e2 sp=0x0000004c3e2fd588 mode 0
Event: 157.224 Thread 0x000001be7a5167d0 DEOPT PACKING pc=0x000001be2cde7dac sp=0x0000004c3e2fe160
Event: 157.224 Thread 0x000001be7a5167d0 DEOPT UNPACKING pc=0x000001be2c1f86e2 sp=0x0000004c3e2fd638 mode 0
Event: 157.224 Thread 0x000001be7a5167d0 DEOPT PACKING pc=0x000001be2cde5444 sp=0x0000004c3e2fe210
Event: 157.225 Thread 0x000001be7a5167d0 DEOPT UNPACKING pc=0x000001be2c1f86e2 sp=0x0000004c3e2fd790 mode 0
Event: 157.227 Thread 0x000001be7a5167d0 DEOPT PACKING pc=0x000001be2cec05a4 sp=0x0000004c3e2fe530
Event: 157.227 Thread 0x000001be7a5167d0 DEOPT UNPACKING pc=0x000001be2c1f86e2 sp=0x0000004c3e2fd9c0 mode 0
Event: 163.044 Thread 0x000001be7b489920 DEOPT PACKING pc=0x000001be2ca00564 sp=0x0000004c3e8fdf70
Event: 163.044 Thread 0x000001be7b489920 DEOPT UNPACKING pc=0x000001be2c1f86e2 sp=0x0000004c3e8fd438 mode 0

Classes loaded (20 events):
Event: 164.618 Loading class sun/net/www/http/Hurryable done
Event: 164.618 Loading class sun/net/www/http/ChunkedInputStream done
Event: 164.618 Loading class sun/net/www/protocol/http/HttpURLConnection$HttpInputStream
Event: 164.618 Loading class sun/net/www/protocol/http/HttpURLConnection$HttpInputStream done
Event: 164.756 Loading class java/io/OutputStream$1
Event: 164.756 Loading class java/io/OutputStream$1 done
Event: 164.756 Loading class sun/net/www/http/KeepAliveCache$1
Event: 164.756 Loading class sun/net/www/http/KeepAliveCache$1 done
Event: 164.756 Loading class sun/net/www/http/KeepAliveCache$ClientVector
Event: 164.756 Loading class sun/net/www/http/KeepAliveCache$ClientVector done
Event: 164.757 Loading class sun/net/www/http/KeepAliveEntry
Event: 164.757 Loading class sun/net/www/http/KeepAliveEntry done
Event: 164.757 Loading class jdk/internal/event/ThreadSleepEvent
Event: 164.757 Loading class jdk/internal/event/ThreadSleepEvent done
Event: 169.763 Loading class sun/security/ssl/Alert
Event: 169.764 Loading class sun/security/ssl/Alert done
Event: 169.764 Loading class sun/security/ssl/Alert$AlertConsumer
Event: 169.764 Loading class sun/security/ssl/Alert$AlertConsumer done
Event: 169.764 Loading class sun/security/ssl/Alert$Level
Event: 169.764 Loading class sun/security/ssl/Alert$Level done

Classes unloaded (20 events):
Event: 271.990 Thread 0x000001be344096f0 Unloading class 0x000001be363d4400 'java/lang/invoke/LambdaForm$BMH+0x000001be363d4400'
Event: 271.990 Thread 0x000001be344096f0 Unloading class 0x000001be36312000 'java/lang/invoke/LambdaForm$MH+0x000001be36312000'
Event: 271.990 Thread 0x000001be344096f0 Unloading class 0x000001be36310800 'java/lang/invoke/LambdaForm$MH+0x000001be36310800'
Event: 271.990 Thread 0x000001be344096f0 Unloading class 0x000001be36310400 'java/lang/invoke/LambdaForm$MH+0x000001be36310400'
Event: 271.990 Thread 0x000001be344096f0 Unloading class 0x000001be362a2000 'java/lang/invoke/LambdaForm$MH+0x000001be362a2000'
Event: 271.990 Thread 0x000001be344096f0 Unloading class 0x000001be362a1c00 'java/lang/invoke/LambdaForm$BMH+0x000001be362a1c00'
Event: 271.990 Thread 0x000001be344096f0 Unloading class 0x000001be36291000 'java/lang/invoke/LambdaForm$MH+0x000001be36291000'
Event: 271.990 Thread 0x000001be344096f0 Unloading class 0x000001be36290c00 'java/lang/invoke/LambdaForm$MH+0x000001be36290c00'
Event: 271.990 Thread 0x000001be344096f0 Unloading class 0x000001be36290800 'java/lang/invoke/LambdaForm$MH+0x000001be36290800'
Event: 271.990 Thread 0x000001be344096f0 Unloading class 0x000001be36287400 'java/lang/invoke/LambdaForm$MH+0x000001be36287400'
Event: 271.990 Thread 0x000001be344096f0 Unloading class 0x000001be36286400 'java/lang/invoke/LambdaForm$MH+0x000001be36286400'
Event: 271.990 Thread 0x000001be344096f0 Unloading class 0x000001be36286000 'java/lang/invoke/LambdaForm$MH+0x000001be36286000'
Event: 271.990 Thread 0x000001be344096f0 Unloading class 0x000001be36285400 'java/lang/invoke/LambdaForm$MH+0x000001be36285400'
Event: 271.990 Thread 0x000001be344096f0 Unloading class 0x000001be36284c00 'java/lang/invoke/LambdaForm$MH+0x000001be36284c00'
Event: 271.990 Thread 0x000001be344096f0 Unloading class 0x000001be3610c000 'java/lang/invoke/LambdaForm$MH+0x000001be3610c000'
Event: 271.990 Thread 0x000001be344096f0 Unloading class 0x000001be3609d000 'java/lang/invoke/LambdaForm$MH+0x000001be3609d000'
Event: 271.990 Thread 0x000001be344096f0 Unloading class 0x000001be36012000 'java/lang/invoke/LambdaForm$MH+0x000001be36012000'
Event: 271.990 Thread 0x000001be344096f0 Unloading class 0x000001be36011800 'java/lang/invoke/LambdaForm$MH+0x000001be36011800'
Event: 271.990 Thread 0x000001be344096f0 Unloading class 0x000001be36011000 'java/lang/invoke/LambdaForm$MH+0x000001be36011000'
Event: 271.990 Thread 0x000001be344096f0 Unloading class 0x000001be36010800 'java/lang/invoke/LambdaForm$MH+0x000001be36010800'

Classes redefined (0 events):
No events

Internal exceptions (20 events):
Event: 162.837 Thread 0x000001be7b485780 Exception <a 'java/lang/NoSuchMethodError'{0x000000008d0181b0}: 'java.lang.Object java.lang.invoke.Invokers$Holder.linkToTargetMethod(java.lang.Object, long, java.lang.Object)'> (0x000000008d0181b0) 
thrown [s\src\hotspot\share\interpreter\linkResolver.cpp, line 773]
Event: 162.880 Thread 0x000001be7b489920 Exception <a 'java/lang/NoSuchMethodError'{0x000000008d0fbe78}: 'void java.lang.invoke.DirectMethodHandle$Holder.invokeVirtual(java.lang.Object, java.lang.Object, java.lang.Object, java.lang.Object)'> (0x000000008d0fbe78) 
thrown [s\src\hotspot\share\interpreter\linkResolver.cpp, line 773]
Event: 162.889 Thread 0x000001be7b488c00 Exception <a 'java/lang/NoSuchMethodError'{0x000000008cfa7110}: 'java.lang.Object java.lang.invoke.DelegatingMethodHandle$Holder.reinvoke_L(java.lang.Object, int, java.lang.Object, java.lang.Object, java.lang.Object, java.lang.Object, java.lang.Object, java.lang.Object)'> (0x000000008cfa7110) 
thrown [s\src\hotspot\share\interpreter\linkResolver.cpp, line 773]
Event: 162.961 Thread 0x000001be7b485780 Exception <a 'java/lang/NoSuchMethodError'{0x000000009a042308}: 'long java.lang.invoke.DelegatingMethodHandle$Holder.reinvoke_L(java.lang.Object, java.lang.Object)'> (0x000000009a042308) 
thrown [s\src\hotspot\share\interpreter\linkResolver.cpp, line 773]
Event: 163.049 Thread 0x000001be7b485780 Exception <a 'sun/nio/fs/WindowsException'{0x00000000999e19d0}> (0x00000000999e19d0) 
thrown [s\src\hotspot\share\prims\jni.cpp, line 520]
Event: 163.049 Thread 0x000001be7b485780 Exception <a 'sun/nio/fs/WindowsException'{0x00000000999e2470}> (0x00000000999e2470) 
thrown [s\src\hotspot\share\prims\jni.cpp, line 520]
Event: 163.049 Thread 0x000001be7b485780 Exception <a 'sun/nio/fs/WindowsException'{0x00000000999e2ef0}> (0x00000000999e2ef0) 
thrown [s\src\hotspot\share\prims\jni.cpp, line 520]
Event: 163.049 Thread 0x000001be7b485780 Exception <a 'sun/nio/fs/WindowsException'{0x00000000999e3990}> (0x00000000999e3990) 
thrown [s\src\hotspot\share\prims\jni.cpp, line 520]
Event: 163.049 Thread 0x000001be7b485780 Exception <a 'sun/nio/fs/WindowsException'{0x00000000999e4530}> (0x00000000999e4530) 
thrown [s\src\hotspot\share\prims\jni.cpp, line 520]
Event: 163.049 Thread 0x000001be7b485780 Exception <a 'sun/nio/fs/WindowsException'{0x00000000999e5138}> (0x00000000999e5138) 
thrown [s\src\hotspot\share\prims\jni.cpp, line 520]
Event: 163.051 Thread 0x000001be7b485780 Exception <a 'sun/nio/fs/WindowsException'{0x00000000999eb720}> (0x00000000999eb720) 
thrown [s\src\hotspot\share\prims\jni.cpp, line 520]
Event: 163.051 Thread 0x000001be7b485780 Exception <a 'sun/nio/fs/WindowsException'{0x00000000999ec1c0}> (0x00000000999ec1c0) 
thrown [s\src\hotspot\share\prims\jni.cpp, line 520]
Event: 163.051 Thread 0x000001be7b485780 Exception <a 'sun/nio/fs/WindowsException'{0x00000000999ecc40}> (0x00000000999ecc40) 
thrown [s\src\hotspot\share\prims\jni.cpp, line 520]
Event: 163.051 Thread 0x000001be7b485780 Exception <a 'sun/nio/fs/WindowsException'{0x00000000999ed6e0}> (0x00000000999ed6e0) 
thrown [s\src\hotspot\share\prims\jni.cpp, line 520]
Event: 163.052 Thread 0x000001be7b485780 Exception <a 'sun/nio/fs/WindowsException'{0x00000000999ee280}> (0x00000000999ee280) 
thrown [s\src\hotspot\share\prims\jni.cpp, line 520]
Event: 163.052 Thread 0x000001be7b485780 Exception <a 'sun/nio/fs/WindowsException'{0x00000000999eee88}> (0x00000000999eee88) 
thrown [s\src\hotspot\share\prims\jni.cpp, line 520]
Event: 163.196 Thread 0x000001be7b489920 Exception <a 'sun/nio/fs/WindowsException'{0x00000000994a3b18}> (0x00000000994a3b18) 
thrown [s\src\hotspot\share\prims\jni.cpp, line 520]
Event: 163.379 Thread 0x000001be7b488c00 Exception <a 'sun/nio/fs/WindowsException'{0x00000000980053a8}> (0x00000000980053a8) 
thrown [s\src\hotspot\share\prims\jni.cpp, line 520]
Event: 163.392 Thread 0x000001be7b488c00 Exception <a 'java/lang/NoSuchMethodError'{0x0000000097fb3160}: 'java.lang.Object java.lang.invoke.DirectMethodHandle$Holder.invokeSpecial(java.lang.Object, java.lang.Object, java.lang.Object, int, long)'> (0x0000000097fb3160) 
thrown [s\src\hotspot\share\interpreter\linkResolver.cpp, line 773]
Event: 4416.349 Thread 0x000001be7b0f9020 Exception <a 'java/io/IOException'{0x000000008b700628}: CreateProcess error=1455, The paging file is too small for this operation to complete> (0x000000008b700628) 
thrown [s\src\hotspot\share\prims\jni.cpp, line 539]

ZGC Phase Switch (0 events):
No events

VM Operations (20 events):
Event: 4723.963 Executing VM operation: G1CollectFull (System.gc()) done
Event: 4736.033 Executing VM operation: G1CollectFull (System.gc())
Event: 4736.204 Executing VM operation: G1CollectFull (System.gc()) done
Event: 4748.508 Executing VM operation: G1CollectFull (System.gc())
Event: 4748.711 Executing VM operation: G1CollectFull (System.gc()) done
Event: 4760.496 Executing VM operation: G1CollectFull (System.gc())
Event: 4760.633 Executing VM operation: G1CollectFull (System.gc()) done
Event: 4772.703 Executing VM operation: G1CollectFull (System.gc())
Event: 4772.768 Executing VM operation: G1CollectFull (System.gc()) done
Event: 4785.108 Executing VM operation: G1CollectFull (System.gc())
Event: 4785.258 Executing VM operation: G1CollectFull (System.gc()) done
Event: 4796.079 Executing VM operation: G1CollectFull (System.gc())
Event: 4796.210 Executing VM operation: G1CollectFull (System.gc()) done
Event: 4807.545 Executing VM operation: G1CollectFull (System.gc())
Event: 4807.695 Executing VM operation: G1CollectFull (System.gc()) done
Event: 4820.275 Executing VM operation: G1CollectFull (System.gc())
Event: 4820.449 Executing VM operation: G1CollectFull (System.gc()) done
Event: 4833.497 Executing VM operation: G1CollectFull (System.gc())
Event: 4833.707 Executing VM operation: G1CollectFull (System.gc()) done
Event: 4845.649 Executing VM operation: G1CollectFull (System.gc())

Memory protections (0 events):
No events

Nmethod flushes (20 events):
Event: 476.714 Thread 0x000001be344096f0 flushing  nmethod 0x000001be2cea3090
Event: 476.714 Thread 0x000001be344096f0 flushing  nmethod 0x000001be2ceaa090
Event: 476.714 Thread 0x000001be344096f0 flushing  nmethod 0x000001be2ceaa390
Event: 476.714 Thread 0x000001be344096f0 flushing  nmethod 0x000001be2ceaaf90
Event: 476.714 Thread 0x000001be344096f0 flushing  nmethod 0x000001be2ceab290
Event: 476.714 Thread 0x000001be344096f0 flushing  nmethod 0x000001be2ceac910
Event: 476.714 Thread 0x000001be344096f0 flushing  nmethod 0x000001be2ceacc90
Event: 476.714 Thread 0x000001be344096f0 flushing  nmethod 0x000001be2cead310
Event: 476.714 Thread 0x000001be344096f0 flushing  nmethod 0x000001be2ceb0290
Event: 476.714 Thread 0x000001be344096f0 flushing  nmethod 0x000001be2ceb0e90
Event: 476.714 Thread 0x000001be344096f0 flushing  nmethod 0x000001be2ceb1890
Event: 476.714 Thread 0x000001be344096f0 flushing  nmethod 0x000001be2cebbc90
Event: 476.714 Thread 0x000001be344096f0 flushing  nmethod 0x000001be2cebc990
Event: 476.714 Thread 0x000001be344096f0 flushing  nmethod 0x000001be2cebd710
Event: 476.714 Thread 0x000001be344096f0 flushing  nmethod 0x000001be2cec7610
Event: 476.714 Thread 0x000001be344096f0 flushing  nmethod 0x000001be2cec7910
Event: 476.714 Thread 0x000001be344096f0 flushing  nmethod 0x000001be2cecae10
Event: 476.714 Thread 0x000001be344096f0 flushing  nmethod 0x000001be2cecb610
Event: 476.714 Thread 0x000001be344096f0 flushing  nmethod 0x000001be2cecdf10
Event: 476.714 Thread 0x000001be344096f0 flushing  nmethod 0x000001be2cece510

Events (20 events):
Event: 156.245 Thread 0x000001be7b8d4160 Thread added: 0x000001be7c0b4160
Event: 156.624 Thread 0x000001be7c0b4160 Thread added: 0x000001be7c0e8a70
Event: 157.905 Thread 0x000001be7a5167d0 Thread added: 0x000001be7b486b30
Event: 157.905 Thread 0x000001be7a5167d0 Thread added: 0x000001be7b4871c0
Event: 157.906 Thread 0x000001be7a5167d0 Thread added: 0x000001be7b487ee0
Event: 157.919 Thread 0x000001be7a5167d0 Thread added: 0x000001be7b488570
Event: 158.602 Thread 0x000001be7a911f90 Thread added: 0x000001be7b488c00
Event: 158.642 Thread 0x000001be7c0e8a70 Thread exited: 0x000001be7c0e8a70
Event: 160.840 Thread 0x000001be7c0b4160 Thread exited: 0x000001be7c0b4160
Event: 162.813 Thread 0x000001be7b256fe0 Thread added: 0x000001be7b485780
Event: 162.820 Thread 0x000001be7b256fe0 Thread added: 0x000001be7b48acd0
Event: 162.822 Thread 0x000001be7b488c00 Thread added: 0x000001be7b489920
Event: 164.135 Thread 0x000001be7b489920 Thread added: 0x000001be7b48c080
Event: 164.136 Thread 0x000001be7b48c080 Thread exited: 0x000001be7b48c080
Event: 164.756 Thread 0x000001be7b489920 Thread added: 0x000001be7b48cda0
Event: 169.795 Thread 0x000001be7b8d4160 Thread exited: 0x000001be7b8d4160
Event: 174.792 Thread 0x000001be7b48cda0 Thread exited: 0x000001be7b48cda0
Event: 175.248 Thread 0x000001be7b488c00 Thread exited: 0x000001be7b488c00
Event: 217.997 Thread 0x000001be7b488570 Thread exited: 0x000001be7b488570
Event: 278.020 Thread 0x000001be7a5167d0 Thread exited: 0x000001be7a5167d0


Dynamic libraries:
0x00007ff7717e0000 - 0x00007ff7717ee000 	c:\Users\Glymin Terra Selasi\.trae\extensions\redhat.java-1.52.0-win32-x64\jre\21.0.9-win32-x86_64\bin\java.exe
0x00007ff8929c0000 - 0x00007ff892c28000 	C:\WINDOWS\SYSTEM32\ntdll.dll
0x00007ff891ae0000 - 0x00007ff891ba9000 	C:\WINDOWS\System32\KERNEL32.DLL
0x00007ff890390000 - 0x00007ff890782000 	C:\WINDOWS\System32\KERNELBASE.dll
0x00007ff88fbe0000 - 0x00007ff88fd2b000 	C:\WINDOWS\System32\ucrtbase.dll
0x00007ff84a190000 - 0x00007ff84a1a8000 	c:\Users\Glymin Terra Selasi\.trae\extensions\redhat.java-1.52.0-win32-x64\jre\21.0.9-win32-x86_64\bin\jli.dll
0x00007ff84a5f0000 - 0x00007ff84a60e000 	c:\Users\Glymin Terra Selasi\.trae\extensions\redhat.java-1.52.0-win32-x64\jre\21.0.9-win32-x86_64\bin\VCRUNTIME140.dll
0x00007ff892650000 - 0x00007ff892815000 	C:\WINDOWS\System32\USER32.dll
0x00007ff890360000 - 0x00007ff890387000 	C:\WINDOWS\System32\win32u.dll
0x00007ff877160000 - 0x00007ff8773f3000 	C:\WINDOWS\WinSxS\amd64_microsoft.windows.common-controls_6595b64144ccf1df_6.0.26100.6899_none_3e0efeeae32e88c1\COMCTL32.dll
0x00007ff8922f0000 - 0x00007ff892399000 	C:\WINDOWS\System32\msvcrt.dll
0x00007ff8923a0000 - 0x00007ff8923cb000 	C:\WINDOWS\System32\GDI32.dll
0x00007ff88fd30000 - 0x00007ff88fe5d000 	C:\WINDOWS\System32\gdi32full.dll
0x00007ff88fe60000 - 0x00007ff88ff03000 	C:\WINDOWS\System32\msvcp_win.dll
0x00007ff890f30000 - 0x00007ff890f5f000 	C:\WINDOWS\System32\IMM32.DLL
0x00007ff88a680000 - 0x00007ff88a68c000 	c:\Users\Glymin Terra Selasi\.trae\extensions\redhat.java-1.52.0-win32-x64\jre\21.0.9-win32-x86_64\bin\vcruntime140_1.dll
0x00007ff840690000 - 0x00007ff84071d000 	c:\Users\Glymin Terra Selasi\.trae\extensions\redhat.java-1.52.0-win32-x64\jre\21.0.9-win32-x86_64\bin\msvcp140.dll
0x00007fffc9d90000 - 0x00007fffcab30000 	c:\Users\Glymin Terra Selasi\.trae\extensions\redhat.java-1.52.0-win32-x64\jre\21.0.9-win32-x86_64\bin\server\jvm.dll
0x00007ff891bb0000 - 0x00007ff891c64000 	C:\WINDOWS\System32\ADVAPI32.dll
0x00007ff890b60000 - 0x00007ff890c06000 	C:\WINDOWS\System32\sechost.dll
0x00007ff8919c0000 - 0x00007ff891ad8000 	C:\WINDOWS\System32\RPCRT4.dll
0x00007ff891c70000 - 0x00007ff891ce4000 	C:\WINDOWS\System32\WS2_32.dll
0x00007ff88f9b0000 - 0x00007ff88fa0e000 	C:\WINDOWS\SYSTEM32\POWRPROF.dll
0x00007ff8880c0000 - 0x00007ff8880f5000 	C:\WINDOWS\SYSTEM32\WINMM.dll
0x00007ff87fc80000 - 0x00007ff87fc8b000 	C:\WINDOWS\SYSTEM32\VERSION.dll
0x00007ff88f990000 - 0x00007ff88f9a4000 	C:\WINDOWS\SYSTEM32\UMPDC.dll
0x00007ff88e920000 - 0x00007ff88e93b000 	C:\WINDOWS\SYSTEM32\kernel.appcore.dll
0x00007ff879400000 - 0x00007ff87940a000 	c:\Users\Glymin Terra Selasi\.trae\extensions\redhat.java-1.52.0-win32-x64\jre\21.0.9-win32-x86_64\bin\jimage.dll
0x00007ff88d370000 - 0x00007ff88d5b2000 	C:\WINDOWS\SYSTEM32\DBGHELP.DLL
0x00007ff8907e0000 - 0x00007ff890b5b000 	C:\WINDOWS\System32\combase.dll
0x00007ff8923f0000 - 0x00007ff8924c7000 	C:\WINDOWS\System32\OLEAUT32.dll
0x00007ff852550000 - 0x00007ff85258c000 	C:\WINDOWS\SYSTEM32\dbgcore.DLL
0x00007ff8902c0000 - 0x00007ff890358000 	C:\WINDOWS\System32\bcryptPrimitives.dll
0x00007ff849d60000 - 0x00007ff849d80000 	c:\Users\Glymin Terra Selasi\.trae\extensions\redhat.java-1.52.0-win32-x64\jre\21.0.9-win32-x86_64\bin\java.dll
0x00007ff891260000 - 0x00007ff8919ad000 	C:\WINDOWS\System32\SHELL32.dll
0x00007ff88ffd0000 - 0x00007ff89013b000 	C:\WINDOWS\System32\wintypes.dll
0x00007ff88d770000 - 0x00007ff88dfcd000 	C:\WINDOWS\SYSTEM32\windows.storage.dll
0x00007ff892820000 - 0x00007ff892912000 	C:\WINDOWS\System32\SHCORE.dll
0x00007ff892550000 - 0x00007ff8925b2000 	C:\WINDOWS\System32\shlwapi.dll
0x00007ff88fa70000 - 0x00007ff88fa99000 	C:\WINDOWS\SYSTEM32\profapi.dll
0x00007ff8417a0000 - 0x00007ff8417b8000 	c:\Users\Glymin Terra Selasi\.trae\extensions\redhat.java-1.52.0-win32-x64\jre\21.0.9-win32-x86_64\bin\zip.dll
0x00007ff86e9a0000 - 0x00007ff86e9b0000 	C:\Users\Glymin Terra Selasi\.trae\extensions\redhat.java-1.52.0-win32-x64\jre\21.0.9-win32-x86_64\bin\net.dll
0x00007ff882370000 - 0x00007ff88248f000 	C:\WINDOWS\SYSTEM32\WINHTTP.dll
0x00007ff88ee90000 - 0x00007ff88eefb000 	C:\WINDOWS\system32\mswsock.dll
0x00007ff8414e0000 - 0x00007ff8414f6000 	C:\Users\Glymin Terra Selasi\.trae\extensions\redhat.java-1.52.0-win32-x64\jre\21.0.9-win32-x86_64\bin\nio.dll
0x00007ff84a7a0000 - 0x00007ff84a7b0000 	c:\Users\Glymin Terra Selasi\.trae\extensions\redhat.java-1.52.0-win32-x64\jre\21.0.9-win32-x86_64\bin\verify.dll
0x00007ff88f140000 - 0x00007ff88f15b000 	C:\WINDOWS\SYSTEM32\CRYPTSP.dll
0x00007ff88e880000 - 0x00007ff88e8bb000 	C:\WINDOWS\system32\rsaenh.dll
0x00007ff88ef30000 - 0x00007ff88ef5b000 	C:\WINDOWS\SYSTEM32\USERENV.dll
0x00007ff88fa40000 - 0x00007ff88fa66000 	C:\WINDOWS\SYSTEM32\bcrypt.dll
0x00007ff88f160000 - 0x00007ff88f16c000 	C:\WINDOWS\SYSTEM32\CRYPTBASE.dll
0x00007ff88e290000 - 0x00007ff88e2c4000 	C:\WINDOWS\SYSTEM32\IPHLPAPI.DLL
0x00007ff890d80000 - 0x00007ff890d8a000 	C:\WINDOWS\System32\NSI.dll
0x00007ff88c560000 - 0x00007ff88c56a000 	C:\Users\Glymin Terra Selasi\.trae\extensions\redhat.java-1.52.0-win32-x64\jre\21.0.9-win32-x86_64\bin\management.dll
0x00007ff88c4d0000 - 0x00007ff88c4dc000 	C:\Users\Glymin Terra Selasi\.trae\extensions\redhat.java-1.52.0-win32-x64\jre\21.0.9-win32-x86_64\bin\management_ext.dll
0x00007ff890f70000 - 0x00007ff890f78000 	C:\WINDOWS\System32\PSAPI.DLL
0x00007ff88c4f0000 - 0x00007ff88c4fe000 	C:\Users\Glymin Terra Selasi\.trae\extensions\redhat.java-1.52.0-win32-x64\jre\21.0.9-win32-x86_64\bin\sunmscapi.dll
0x00007ff890140000 - 0x00007ff8902b7000 	C:\WINDOWS\System32\CRYPT32.dll
0x00007ff88f360000 - 0x00007ff88f390000 	C:\WINDOWS\SYSTEM32\ncrypt.dll
0x00007ff88f310000 - 0x00007ff88f34f000 	C:\WINDOWS\SYSTEM32\NTASN1.dll
0x00007ff88e2d0000 - 0x00007ff88e3f6000 	C:\WINDOWS\SYSTEM32\DNSAPI.dll
0x00007ff8819b0000 - 0x00007ff8819bb000 	C:\Windows\System32\rasadhlp.dll
0x00007ff88a2f0000 - 0x00007ff88a376000 	C:\WINDOWS\System32\fwpuclnt.dll
0x00007ff88c4e0000 - 0x00007ff88c4e9000 	C:\Users\Glymin Terra Selasi\.trae\extensions\redhat.java-1.52.0-win32-x64\jre\21.0.9-win32-x86_64\bin\extnet.dll

JVMTI agents: none

dbghelp: loaded successfully - version: 4.0.5 - missing functions: none
symbol engine: initialized successfully - sym options: 0x614 - pdb path: .;c:\Users\Glymin Terra Selasi\.trae\extensions\redhat.java-1.52.0-win32-x64\jre\21.0.9-win32-x86_64\bin;C:\WINDOWS\SYSTEM32;C:\WINDOWS\WinSxS\amd64_microsoft.windows.common-controls_6595b64144ccf1df_6.0.26100.6899_none_3e0efeeae32e88c1;c:\Users\Glymin Terra Selasi\.trae\extensions\redhat.java-1.52.0-win32-x64\jre\21.0.9-win32-x86_64\bin\server

VM Arguments:
jvm_args: -Dsts.lsp.client=vscode -Dsts.log.file=/dev/null -XX:TieredStopAtLevel=1 -Xlog:jni+resolve=off -Dspring.config.location=file:c:\Users\Glymin Terra Selasi\.trae\extensions\pivotal.vscode-spring-boot-1.43.0-universal\language-server\BOOT-INF\classes\application.properties 
java_command: org.springframework.ide.vscode.boot.app.BootLanguageServerBootApp
java_class_path (initial): c:\Users\Glymin Terra Selasi\.trae\extensions\pivotal.vscode-spring-boot-1.43.0-universal\language-server\BOOT-INF\classes;c:\Users\Glymin Terra Selasi\.trae\extensions\pivotal.vscode-spring-boot-1.43.0-universal\language-server\BOOT-INF\lib\annotations-23.1.0.jar;c:\Users\Glymin Terra Selasi\.trae\extensions\pivotal.vscode-spring-boot-1.43.0-universal\language-server\BOOT-INF\lib\ant-1.10.12.jar;c:\Users\Glymin Terra Selasi\.trae\extensions\pivotal.vscode-spring-boot-1.43.0-universal\language-server\BOOT-INF\lib\ant-launcher-1.10.12.jar;c:\Users\Glymin Terra Selasi\.trae\extensions\pivotal.vscode-spring-boot-1.43.0-universal\language-server\BOOT-INF\lib\antlr-runtime-3.5.2.jar;c:\Users\Glymin Terra Selasi\.trae\extensions\pivotal.vscode-spring-boot-1.43.0-universal\language-server\BOOT-INF\lib\antlr4-4.9.3.jar;c:\Users\Glymin Terra Selasi\.trae\extensions\pivotal.vscode-spring-boot-1.43.0-universal\language-server\BOOT-INF\lib\antlr4-runtime-4.9.3.jar;c:\Users\Glymin Terra Selasi\.trae\extensions\pivotal.vscode-spring-boot-1.43.0-universal\language-server\BOOT-INF\lib\apiguardian-api-1.1.2.jar;c:\Users\Glymin Terra Selasi\.trae\extensions\pivotal.vscode-spring-boot-1.43.0-universal\language-server\BOOT-INF\lib\asm-9.4.jar;c:\Users\Glymin Terra Selasi\.trae\extensions\pivotal.vscode-spring-boot-1.43.0-universal\language-server\BOOT-INF\lib\asm-analysis-9.4.jar;c:\Users\Glymin Terra Selasi\.trae\extensions\pivotal.vscode-spring-boot-1.43.0-universal\language-server\BOOT-INF\lib\asm-tree-9.4.jar;c:\Users\Glymin Terra Selasi\.trae\extensions\pivotal.vscode-spring-boot-1.43.0-universal\language-server\BOOT-INF\lib\asm-util-9.4.jar;c:\Users\Glymin Terra Selasi\.trae\extensions\pivotal.vscode-spring-boot-1.43.0-universal\language-server\BOOT-INF\lib\caffeine-3.1.2.jar;c:\Users\Glymin Terra Selasi\.trae\extensions\pivotal.vscode-spring-boot-1.43.0-universal\language-server\BOOT-INF\lib\checker-qual-3.12.0.jar;c:\Users\Glymin Terra Selasi\.trae\extensions\pivotal.vscode-spring-boot-1.43.0-universal\language-server\BOOT-INF\lib\ci-environment-9.1.0.jar;c:\Users\Glymin Terra Selasi\.trae\extensions\pivotal.vscode-spring-boot-1.43.0-universal\language-server\BOOT-INF\lib\classgraph-4.8.149.jar;c:\Users\Glymin Terra Selasi\.trae\extensions\pivotal.vscode-spring-boot-1.43.0-universal\language-server\BOOT-INF\lib\commons-codec-1.15.jar;c:\Users\Glymin Terra Selasi\.trae\extensions\pivotal.vscode-spring-boot-1.43.0-universal\language-server\BOOT-INF\lib\commons-compress-1.22.jar;c:\Users\Glymin Terra Selasi\.trae\extensions\pivotal.vscode-spring-boot-1.43.0-universal\language-server\BOOT-INF\lib\commons-io-2.4.jar;c:\Users\Glymin Terra Selasi\.trae\extensions\pivotal.vscode-spring-boot-1.43.0-universal\language-server\BOOT-INF\lib\commons-java-1.43.0-SNAPSHOT.jar;c:\Users\Glymin Terra Selasi\.trae\extensions\pivotal.vscode-spring-boot-1.43.0-universal\language-server\BOOT-INF\lib\commons-lang3-3.12.0.jar;c:\Users\Glymin Terra Selasi\.trae\extensions\pivotal.vscode-spring-boot-1.43.0-universal\language-server\BOOT-INF\lib\commons-language-server-1.43.0-SNAPSHOT.jar;c:\Users\Glymin Terra Selasi\.trae\extensions\pivotal.vscode-spring-boot-1.43.0-universal\language-server\BOOT-INF\lib\commons-lsp-extensions-1.43.0-SNAPSHOT.jar;c:\Users\Glymin Terra Selasi\.trae\extensions\pivotal.vscode-spring-boot-1.43.0-universal\language-server\BOOT-INF\lib\commons-rewrite-1.43.0-SNAPSHOT.jar;c:\Users\Glymin Terra Selasi\.trae\extensions\pivotal.vscode-spring-boot-1.43.0-universal\language-server\BOOT-INF\lib\commons-text-1.10.0.jar;c:\Users\Glymin Terra Selasi\.trae\extensions\pivotal.vscode-spring-boot-1.43.0-universal\language-server\BOOT-INF\lib\commons-util-1.43.0-SNAPSHOT.jar;c:\Users\Glymin Terra Selasi\.trae\extensions\pivotal.vscode-spring-boot-1.43.0-universal\language-server\BOOT-INF\lib\commons-yaml-1.43.0-SNAPSHOT.jar;c:\Users\Glymin Terra Selasi\.trae\extensions\pivotal.vscode-spring-boot-1.43.0-universal\language-server\BOOT-INF\lib\cucumber-core-7.9.0.jar;c:\Users\Glymin Terra Selasi\.trae\extensions\pivotal.vscode-spring-boot-1.43.0-universal\language-server\BOOT-INF\lib\cucumber-expressions-16.0.0.jar;c:\Users\Glymin Terra Selasi\.trae\extensions\pivotal.vscode-spring-boot-1.43.0-universal\language-server\BOOT-INF\lib\cucumber-gherkin-7.9.0.jar;c:\Users\Glymin Terra Selasi\.trae\extensions\pivotal.vscode-spring-boot-1.43.0-universal\language-server\BOOT-INF\lib\cucumber-gherkin-messages-7.9.0.jar;c:\Users\Glymin Terra Selasi\.trae\extensions\pivotal.vscode-spring-boot-1.43.0-universal\language-server\BOOT-INF\lib\cucumber-java-7.9.0.jar;c:\Users\Glymin Terra Selasi\.trae\extensions\pivotal.vscode-spring-boot-1.43.0-universal\language-server\BOOT-INF\lib\cucumber-java8-7.9.0.jar;c:\Users\Glymin Terra Selasi\.trae\extensions\pivotal.vscode-spring-boot-1.43.0-universal\language-server\BOOT-INF\lib\cucumber-junit-platform-engine-7.9.0.jar;c:\Users\Glymin Terra Selasi\.trae\extensions\pivotal.vscode-spring-boot-1.43.0-universal\language-server\BOOT-INF\lib\cucumber-plugin-7.9.0.jar;c:\Users\Glymin Terra Selasi\.trae\extensions\pivotal.vscode-spring-boot-1.43.0-universal\language-server\BOOT-INF\lib\datatable-7.9.0.jar;c:\Users\Glymin Terra Selasi\.trae\extensions\pivotal.vscode-spring-boot-1.43.0-universal\language-server\BOOT-INF\lib\docstring-7.9.0.jar;c:\Users\Glymin Terra Selasi\.trae\extensions\pivotal.vscode-spring-boot-1.43.0-universal\language-server\BOOT-INF\lib\error_prone_annotations-2.11.0.jar;c:\Users\Glymin Terra Selasi\.trae\extensions\pivotal.vscode-spring-boot-1.43.0-universal\language-server\BOOT-INF\lib\failureaccess-1.0.1.jar;c:\Users\Glymin Terra Selasi\.trae\extensions\pivotal.vscode-spring-boot-1.43.0-universal\language-server\BOOT-INF\lib\fastfilter-1.0.2.jar;c:\Users\Glymin Terra Selasi\.trae\extensions\pivotal.vscode-spring-boot-1.43.0-universal\language-server\BOOT-INF\lib\gherkin-24.1.0.jar;c:\Users\Glymin Terra Selasi\.trae\extensions\pivotal.vscode-spring-boot-1.43.0-universal\language-server\BOOT-INF\lib\gizmo-1.0.11.Final.jar;c:\Users\Glymin Terra Selasi\.trae\extensions\pivotal.vscode-spring-boot-1.43.0-universal\language-server\BOOT-INF\lib\gson-2.9.1.jar;c:\Users\Glymin Terra Selasi\.trae\extensions\pivotal.vscode-spring-boot-1.43.0-universal\language-server\BOOT-INF\lib\guava-31.1-jre.jar;c:\Users\Glymin Terra Selasi\.trae\extensions\pivotal.vscode-spring-boot-1.43.0-universal\language-server\BOOT-INF\lib\hamcrest-2.2.jar;c:\Users\Glymin Terra Selasi\.trae\extensions\pivotal.vscode-spring-boot-1.43.0-universal\language-server\BOOT-INF\lib\HdrHistogram-2.1.12.jar;c:\Users\Glymin Terra Selasi\.trae\extensions\pivotal.vscode-spring-boot-1.43.0-universal\language-server\BOOT-INF\lib\html-formatter-20.1.0.jar;c:\Users\Glymin Terra Selasi\.trae\extensions\pivotal.vscode-spring-boot-1.43.0-universal\language-server\BOOT-INF\lib\icu4j-69.1.jar;c:\Users\Glymin Terra Selasi\.trae\extensions\pivotal.vscode-spring-boot-1.43.0-universal\language-server\BOOT-INF\lib\j2objc-annotations-1.3.jar;c:\Users\Glymin Terra Selasi\.trae\extensions\pivotal.vscode-spring-boot-1.43.0-universal\language-server\BOOT-INF\lib\jackson-annotations-2.14.1.jar;c:\Users\Glymin Terra Selasi\.trae\extensions\pivotal.vscode-spring-boot-1.43.0-universal\language-server\BOOT-INF\lib\jackson-core-2.14.1.jar;c:\Users\Glymin Terra Selasi\.trae\extensions\pivotal.vscode-spring-boot-1.43.0-universal\language-server\BOOT-INF\lib\jackson-databind-2.14.1.jar;c:\Users\Glymin Terra Selasi\.trae\extensions\pivotal.vscode-spring-boot-1.43.0-universal\language-server\BOOT-INF\lib\jackson-dataformat-smile-2.14.1.jar;c:\Users\Glymin Terra Selasi\.trae\extensions\pivotal.vscode-spring-boot-1.43.0-universal\language-server\BOOT-INF\lib\jackson-dataformat-xml-2.14.1.jar;c:\Users\Glymin Terra Selasi\.trae\extensions\pivotal.vscode-spring-boot-1.43.0-universal\language-server\BOOT-INF\lib\jackson-datatype-jdk8-2.14.1.jar;c:\Users\Glymin Terra Selasi\.trae\extensions\pivotal.vscode-spring-boot-1.43.0-universal\language-server\BOOT-INF\lib\jackson-module-jaxb-annotations-2.14.1.jar;c:\Users\Glymin Terra Selasi\.trae\extensions\pivotal.vscode-spring-boot-1.43.0-universal\language-server\BOOT-INF\lib\jackson-module-parameter-names-2.14.1.jar;c:\Users\Glymin Terra Selasi\.trae\extensions\pivotal.vscode-spring-boot-1.43.0-universal\language-server\BOOT-INF\lib\jakarta.activation-api-2.1.0.jar;c:\Users\Glymin Terra Selasi\.trae\extensions\pivotal.vscode-spring-boot-1.43.0-universal\language-server\BOOT-INF\lib\jakarta.annotation-api-2.1.1.jar;c:\Users\Glymin Terra Selasi\.trae\extensions\pivotal.vscode-spring-boot-1.43.0-universal\language-server\BOOT-INF\lib\jakarta.xml.bind-api-4.0.0.jar;c:\Users\Glymin Terra Selasi\.trae\extensions\pivotal.vscode-spring-boot-1.43.0-universal\language-server\BOOT-INF\lib\jandex-2.0.5.Final.jar;c:\Users\Glymin Terra Selasi\.trae\extensions\pivotal.vscode-spring-boot-1.43.0-universal\language-server\BOOT-INF\lib\java-object-diff-0.95.jar;c:\Users\Glymin Terra Selasi\.trae\extensions\pivotal.vscode-spring-boot-1.43.0-universal\language-server\BOOT-INF\lib\java-properties-1.43.0-SNAPSHOT.jar;c:\Users\Glymin Terra Selasi\.trae\extensions\pivotal.vscode-spring-boot-1.43.0-universal\language-server\BOOT-INF\lib\javax.activation-api-1.2.0.jar;c:\Users\Glymin Terra Selasi\.trae\extensions\pivotal.vscode-spring-boot-1.43.0-universal\language-server\BOOT-INF\lib\javax.inject-1.jar;c:\Users\Glymin Terra Selasi\.trae\extensions\pivotal.vscode-spring-boot-1.43.0-universal\language-server\BOOT-INF\lib\javax.json-1.0.4.jar;c:\Users\Glymin Terra Selasi\.trae\extensions\pivotal.vscode-spring-boot-1.43.0-universal\language-server\BOOT-INF\lib\javolution-core-java-6.0.0.jar;c:\Users\Glymin Terra Selasi\.trae\extensions\pivotal.vscode-spring-boot-1.43.0-universal\language-server\BOOT-INF\lib\jaxb-api-2.3.1.jar;c:\Users\Glymin Terra Selasi\.trae\extensions\pivotal.vscode-spring-boot-1.43.0-universal\language-server\BOOT-INF\lib\jna-5.12.1.jar;c:\Users\Glymin Terra Selasi\.trae\extensions\pivotal.vscode-spring-boot-1.43.0-universal\language-server\BOOT-INF\lib\jna-platform-5.12.1.jar;c:\Users\Glymin Terra Selasi\.trae\extensions\pivotal.vscode-spring-boot-1.43.0-universal\language-server\BOOT-INF\lib\json-20160810.jar;c:\Users\Glymin Terra Selasi\.trae\extensions\pivotal.vscode-spring-boot-1.43.0-universal\language-server\BOOT-INF\lib\jsoup-1.9.2.jar;c:\Users\Glymin Terra Selasi\.trae\extensions\pivotal.vscode-spring-boot-1.43.0-universal\language-server\BOOT-INF\lib\jsr305-3.0.2.jar;c:\Users\Glymin Terra Selasi\.trae\extensions\pivotal.vscode-spring-boot-1.43.0-universal\language-server\BOOT-INF\lib\jul-to-slf4j-2.0.4.jar;c:\Users\Glymin Terra Selasi\.trae\extensions\pivotal.vscode-spring-boot-1.43.0-universal\language-server\BOOT-INF\lib\junit-jupiter-params-5.9.1.jar;c:\Users\Glymin Terra Selasi\.trae\extensions\pivotal.vscode-spring-boot-1.43.0-universal\language-server\BOOT-INF\lib\junit-platform-commons-1.9.1.jar;c:\Users\Glymin Terra Selasi\.trae\extensions\pivotal.vscode-spring-boot-1.43.0-universal\language-server\BOOT-INF\lib\junit-platform-engine-1.9.1.jar;c:\Users\Glymin Terra Selasi\.trae\extensions\pivotal.vscode-spring-boot-1.43.0-universal\language-server\BOOT-INF\lib\junit-platform-suite-api-1.9.1.jar;c:\Users\Glymin Terra Selasi\.trae\extensions\pivotal.vscode-spring-boot-1.43.0-universal\language-server\BOOT-INF\lib\language-server-starter-1.43.0-SNAPSHOT.jar;c:\Users\Glymin Terra Selasi\.trae\extensions\pivotal.vscode-spring-boot-1.43.0-universal\language-server\BOOT-INF\lib\LatencyUtils-2.0.3.jar;c:\Users\Glymin Terra Selasi\.trae\extensions\pivotal.vscode-spring-boot-1.43.0-universal\language-server\BOOT-INF\lib\listenablefuture-9999.0-empty-to-avoid-conflict-with-guava.jar;c:\Users\Glymin Terra Selasi\.trae\extensions\pivotal.vscode-spring-boot-1.43.0-universal\language-server\BOOT-INF\lib\log4j-api-2.19.0.jar;c:\Users\Glymin Terra Selasi\.trae\extensions\pivotal.vscode-spring-boot-1.43.0-universal\language-server\BOOT-INF\lib\log4j-to-slf4j-2.19.0.jar;c:\Users\Glymin Terra Selasi\.trae\extensions\pivotal.vscode-spring-boot-1.43.0-universal\language-server\BOOT-INF\lib\logback-classic-1.4.5.jar;c:\Users\Glymin Terra Selasi\.trae\extensions\pivotal.vscode-spring-boot-1.43.0-universal\language-server\BOOT-INF\lib\logback-core-1.4.5.jar;c:\Users\Glymin Terra Selasi\.trae\extensions\pivotal.vscode-spring-boot-1.43.0-universal\language-server\BOOT-INF\lib\messages-19.1.4.jar;c:\Users\Glymin Terra Selasi\.trae\extensions\pivotal.vscode-spring-boot-1.43.0-universal\language-server\BOOT-INF\lib\micrometer-commons-1.10.2.jar;c:\Users\Glymin Terra Selasi\.trae\extensions\pivotal.vscode-spring-boot-1.43.0-universal\language-server\BOOT-INF\lib\micrometer-core-1.10.2.jar;c:\Users\Glymin Terra Selasi\.trae\extensions\pivotal.vscode-spring-boot-1.43.0-universal\language-server\BOOT-INF\lib\micrometer-observation-1.10.2.jar;c:\Users\Glymin Terra Selasi\.trae\extensions\pivotal.vscode-spring-boot-1.43.0-universal\language-server\BOOT-INF\lib\opentest4j-1.2.0.jar;c:\Users\Glymin Terra Selasi\.trae\extensions\pivotal.vscode-spring-boot-1.43.0-universal\language-server\BOOT-INF\lib\org.abego.treelayout.core-1.0.3.jar;c:\Users\Glymin Terra Selasi\.trae\extensions\pivotal.vscode-spring-boot-1.43.0-universal\language-server\BOOT-INF\lib\org.eclipse.core.commands-3.10.300.jar;c:\Users\Glymin Terra Selasi\.trae\extensions\pivotal.vscode-spring-boot-1.43.0-universal\language-server\BOOT-INF\lib\org.eclipse.core.contenttype-3.8.200.jar;c:\Users\Glymin Terra Selasi\.trae\extensions\pivotal.vscode-spring-boot-1.43.0-universal\language-server\BOOT-INF\lib\org.eclipse.core.expressions-3.8.200.jar;c:\Users\Glymin Terra Selasi\.trae\extensions\pivotal.vscode-spring-boot-1.43.0-universal\language-server\BOOT-INF\lib\org.eclipse.core.filesystem-1.9.500.jar;c:\Users\Glymin Terra Selasi\.trae\extensions\pivotal.vscode-spring-boot-1.43.0-universal\language-server\BOOT-INF\lib\org.eclipse.core.jobs-3.13.200.jar;c:\Users\Glymin Terra Selasi\.trae\extensions\pivotal.vscode-spring-boot-1.43.0-universal\language-server\BOOT-INF\lib\org.eclipse.core.resources-3.18.100.jar;c:\Users\Glymin Terra Selasi\.trae\extensions\pivotal.vscode-spring-boot-1.43.0-universal\language-server\BOOT-INF\lib\org.eclipse.core.runtime-3.26.100.jar;c:\Users\Glymin Terra Selasi\.trae\extensions\pivotal.vscode-spring-boot-1.43.0-universal\language-server\BOOT-INF\lib\org.eclipse.equinox.app-1.6.200.jar;c:\Users\Glymin Terra Selasi\.trae\extensions\pivotal.vscode-spring-boot-1.43.0-universal\language-server\BOOT-INF\lib\org.eclipse.equinox.common-3.17.0.jar;c:\Users\Glymin Terra Selasi\.trae\extensions\pivotal.vscode-spring-boot-1.43.0-universal\language-server\BOOT-INF\lib\org.eclipse.equinox.preferences-3.10.1.jar;c:\Users\Glymin Terra Selasi\.trae\extensions\pivotal.vscode-spring-boot-1.43.0-universal\language-server\BOOT-INF\lib\org.eclipse.equinox.registry-3.11.200.jar;c:\Users\Glymin Terra Selasi\.trae\extensions\pivotal.vscode-spring-boot-1.43.0-universal\language-server\BOOT-INF\lib\org.eclipse.jdt.core-3.32.0.jar;c:\Users\Glymin Terra Selasi\.trae\extensions\pivotal.vscode-spring-boot-1.43.0-universal\language-server\BOOT-INF\lib\org.eclipse.lemminx-0.13.1.jar;c:\Users\Glymin Terra Selasi\.trae\extensions\pivotal.vscode-spring-boot-1.43.0-universal\language-server\BOOT-INF\lib\org.eclipse.lsp4j-0.19.0.jar;c:\Users\Glymin Terra Selasi\.trae\extensions\pivotal.vscode-spring-boot-1.43.0-universal\language-server\BOOT-INF\lib\org.eclipse.lsp4j.generator-0.19.0.jar;c:\Users\Glymin Terra Selasi\.trae\extensions\pivotal.vscode-spring-boot-1.43.0-universal\language-server\BOOT-INF\lib\org.eclipse.lsp4j.jsonrpc-0.19.0.jar;c:\Users\Glymin Terra Selasi\.trae\extensions\pivotal.vscode-spring-boot-1.43.0-universal\language-server\BOOT-INF\lib\org.eclipse.osgi-3.18.200.jar;c:\Users\Glymin Terra Selasi\.trae\extensions\pivotal.vscode-spring-boot-1.43.0-universal\language-server\BOOT-INF\lib\org.eclipse.text-3.12.300.jar;c:\Users\Glymin Terra Selasi\.trae\extensions\pivotal.vscode-spring-boot-1.43.0-universal\language-server\BOOT-INF\lib\org.eclipse.xtend.lib-2.28.0.jar;c:\Users\Glymin Terra Selasi\.trae\extensions\pivotal.vscode-spring-boot-1.43.0-universal\language-server\BOOT-INF\lib\org.eclipse.xtend.lib.macro-2.28.0.jar;c:\Users\Glymin Terra Selasi\.trae\extensions\pivotal.vscode-spring-boot-1.43.0-universal\language-server\BOOT-INF\lib\org.eclipse.xtext.xbase.lib-2.28.0.jar;c:\Users\Glymin Terra Selasi\.trae\extensions\pivotal.vscode-spring-boot-1.43.0-universal\language-server\BOOT-INF\lib\org.json-1.0.0-SNAPSHOT.jar;c:\Users\Glymin Terra Selasi\.trae\extensions\pivotal.vscode-spring-boot-1.43.0-universal\language-server\BOOT-INF\lib\org.osgi.service.prefs-1.1.2.jar;c:\Users\Glymin Terra Selasi\.trae\extensions\pivotal.vscode-spring-boot-1.43.0-universal\language-server\BOOT-INF\lib\osgi.annotation-8.0.1.jar;c:\Users\Glymin Terra Selasi\.trae\extensions\pivotal.vscode-spring-boot-1.43.0-universal\language-server\BOOT-INF\lib\reactive-streams-1.0.4.jar;c:\Users\Glymin Terra Selasi\.trae\extensions\pivotal.vscode-spring-boot-1.43.0-universal\language-server\BOOT-INF\lib\reactor-core-3.5.0.jar;c:\Users\Glymin Terra Selasi\.trae\extensions\pivotal.vscode-spring-boot-1.43.0-universal\language-server\BOOT-INF\lib\remark-1.0.0.jar;c:\Users\Glymin Terra Selasi\.trae\extensions\pivotal.vscode-spring-boot-1.43.0-universal\language-server\BOOT-INF\lib\resilience4j-core-1.7.0.jar;c:\Users\Glymin Terra Selasi\.trae\extensions\pivotal.vscode-spring-boot-1.43.0-universal\language-server\BOOT-INF\lib\resilience4j-retry-1.7.0.jar;c:\Users\Glymin Terra Selasi\.trae\extensions\pivotal.vscode-spring-boot-1.43.0-universal\language-server\BOOT-INF\lib\rewrite-core-7.34.0.jar;c:\Users\Glymin Terra Selasi\.trae\extensions\pivotal.vscode-spring-boot-1.43.0-universal\language-server\BOOT-INF\lib\rewrite-java-11-7.34.0.jar;c:\Users\Glymin Terra Selasi\.trae\extensions\pivotal.vscode-spring-boot-1.43.0-universal\language-server\BOOT-INF\lib\rewrite-java-17-7.34.0.jar;c:\Users\Glymin Terra Selasi\.trae\extensions\pivotal.vscode-spring-boot-1.43.0-universal\language-server\BOOT-INF\lib\rewrite-java-7.34.0.jar;c:\Users\Glymin Terra Selasi\.trae\extensions\pivotal.vscode-spring-boot-1.43.0-universal\language-server\BOOT-INF\lib\rewrite-java-8-7.34.0.jar;c:\Users\Glymin Terra Selasi\.trae\extensions\pivotal.vscode-spring-boot-1.43.0-universal\language-server\BOOT-INF\lib\rewrite-maven-7.34.0.jar;c:\Users\Glymin Terra Selasi\.trae\extensions\pivotal.vscode-spring-boot-1.43.0-universal\language-server\BOOT-INF\lib\rewrite-migrate-java-1.15.0.jar;c:\Users\Glymin Terra Selasi\.trae\extensions\pivotal.vscode-spring-boot-1.43.0-universal\language-server\BOOT-INF\lib\rewrite-properties-7.34.0.jar;c:\Users\Glymin Terra Selasi\.trae\extensions\pivotal.vscode-spring-boot-1.43.0-universal\language-server\BOOT-INF\lib\rewrite-spring-4.31.0.jar;c:\Users\Glymin Terra Selasi\.trae\extensions\pivotal.vscode-spring-boot-1.43.0-universal\language-server\BOOT-INF\lib\rewrite-testing-frameworks-1.32.0.jar;c:\Users\Glymin Terra Selasi\.trae\extensions\pivotal.vscode-spring-boot-1.43.0-universal\language-server\BOOT-INF\lib\rewrite-xml-7.34.0.jar;c:\Users\Glymin Terra Selasi\.trae\extensions\pivotal.vscode-spring-boot-1.43.0-universal\language-server\BOOT-INF\lib\rewrite-yaml-7.34.0.jar;c:\Users\Glymin Terra Selasi\.trae\extensions\pivotal.vscode-spring-boot-1.43.0-universal\language-server\BOOT-INF\lib\slf4j-api-2.0.4.jar;c:\Users\Glymin Terra Selasi\.trae\extensions\pivotal.vscode-spring-boot-1.43.0-universal\language-server\BOOT-INF\lib\snakeyaml-1.33.jar;c:\Users\Glymin Terra Selasi\.trae\extensions\pivotal.vscode-spring-boot-1.43.0-universal\language-server\BOOT-INF\lib\snappy-java-1.1.8.4.jar;c:\Users\Glymin Terra Selasi\.trae\extensions\pivotal.vscode-spring-boot-1.43.0-universal\language-server\BOOT-INF\lib\spring-aop-6.0.2.jar;c:\Users\Glymin Terra Selasi\.trae\extensions\pivotal.vscode-spring-boot-1.43.0-universal\language-server\BOOT-INF\lib\spring-beans-6.0.2.jar;c:\Users\Glymin Terra Selasi\.trae\extensions\pivotal.vscode-spring-boot-1.43.0-universal\language-server\BOOT-INF\lib\spring-boot-3.0.0.jar;c:\Users\Glymin Terra Selasi\.trae\extensions\pivotal.vscode-spring-boot-1.43.0-universal\language-server\BOOT-INF\lib\spring-boot-autoconfigure-3.0.0.jar;c:\Users\Glymin Terra Selasi\.trae\extensions\pivotal.vscode-spring-boot-1.43.0-universal\language-server\BOOT-INF\lib\spring-boot-jarmode-layertools-3.0.0.jar;c:\Users\Glymin Terra Selasi\.trae\extensions\pivotal.vscode-spring-boot-1.43.0-universal\language-server\BOOT-INF\lib\spring-context-6.0.2.jar;c:\Users\Glymin Terra Selasi\.trae\extensions\pivotal.vscode-spring-boot-1.43.0-universal\language-server\BOOT-INF\lib\spring-context-indexer-6.0.2.jar;c:\Users\Glymin Terra Selasi\.trae\extensions\pivotal.vscode-spring-boot-1.43.0-universal\language-server\BOOT-INF\lib\spring-core-6.0.2.jar;c:\Users\Glymin Terra Selasi\.trae\extensions\pivotal.vscode-spring-boot-1.43.0-universal\language-server\BOOT-INF\lib\spring-expression-6.0.2.jar;c:\Users\Glymin Terra Selasi\.trae\extensions\pivotal.vscode-spring-boot-1.43.0-universal\language-server\BOOT-INF\lib\spring-jcl-6.0.2.jar;c:\Users\Glymin Terra Selasi\.trae\extensions\pivotal.vscode-spring-boot-1.43.0-universal\language-server\BOOT-INF\lib\spring-web-6.0.2.jar;c:\Users\Glymin Terra Selasi\.trae\extensions\pivotal.vscode-spring-boot-1.43.0-universal\language-server\BOOT-INF\lib\ST4-4.3.1.jar;c:\Users\Glymin Terra Selasi\.trae\extensions\pivotal.vscode-spring-boot-1.43.0-universal\language-server\BOOT-INF\lib\stax2-api-4.2.1.jar;c:\Users\Glymin Terra Selasi\.trae\extensions\pivotal.vscode-spring-boot-1.43.0-universal\language-server\BOOT-INF\lib\tag-expressions-4.1.0.jar;c:\Users\Glymin Terra Selasi\.trae\extensions\pivotal.vscode-spring-boot-1.43.0-universal\language-server\BOOT-INF\lib\typetools-0.6.3.jar;c:\Users\Glymin Terra Selasi\.trae\extensions\pivotal.vscode-spring-boot-1.43.0-universal\language-server\BOOT-INF\lib\vavr-0.10.2.jar;c:\Users\Glymin Terra Selasi\.trae\extensions\pivotal.vscode-spring-boot-1.43.0-universal\language-server\BOOT-INF\lib\vavr-match-0.10.2.jar;c:\Users\Glymin Terra Selasi\.trae\extensions\pivotal.vscode-spring-boot-1.43.0-universal\language-server\BOOT-INF\lib\woodstox-core-6.4.0.jar;c:\Users\Glymin Terra Selasi\.trae\extensions\pivotal.vscode-spring-boot-1.43.0-universal\language-server\BOOT-INF\lib\xercesImpl-2.12.0.jar;c:\Users\Glymin Terra Selasi\.trae\extensions\pivotal.vscode-spring-boot-1.43.0-universal\language-server\BOOT-INF\lib\xml-apis-1.4.01.jar;c:\Users\Glymin Terra Selasi\.trae\extensions\pivotal.vscode-spring-boot-1.43.0-universal\language-server\BOOT-INF\lib\xml-resolver-1.2.jar
Launcher Type: SUN_STANDARD

[Global flags]
     intx CICompilerCount                          = 4                                         {product} {ergonomic}
     uint ConcGCThreads                            = 2                                         {product} {ergonomic}
     uint G1ConcRefinementThreads                  = 8                                         {product} {ergonomic}
   size_t G1HeapRegionSize                         = 1048576                                   {product} {ergonomic}
    uintx GCDrainStackTargetSize                   = 64                                        {product} {ergonomic}
   size_t InitialHeapSize                          = 130023424                                 {product} {ergonomic}
   size_t MarkStackSize                            = 4194304                                   {product} {ergonomic}
   size_t MaxHeapSize                              = 2080374784                                {product} {ergonomic}
   size_t MaxNewSize                               = 1247805440                                {product} {ergonomic}
   size_t MinHeapDeltaBytes                        = 1048576                                   {product} {ergonomic}
   size_t MinHeapSize                              = 8388608                                   {product} {ergonomic}
    uintx NonNMethodCodeHeapSize                   = 4096                                   {pd product} {ergonomic}
    uintx NonProfiledCodeHeapSize                  = 0                                      {pd product} {ergonomic}
     bool ProfileInterpreter                       = false                                  {pd product} {command line}
    uintx ProfiledCodeHeapSize                     = 0                                      {pd product} {ergonomic}
   size_t SoftMaxHeapSize                          = 2080374784                             {manageable} {ergonomic}
     intx TieredStopAtLevel                        = 1                                         {product} {command line}
     bool UseCompressedOops                        = true                           {product lp64_product} {ergonomic}
     bool UseG1GC                                  = true                                      {product} {ergonomic}
     bool UseLargePagesIndividualAllocation        = false                                  {pd product} {ergonomic}

Logging:
Log output configuration:
 #0: stdout all=warning,jni+resolve=off uptime,level,tags foldmultilines=false
 #1: stderr all=off uptime,level,tags foldmultilines=false

Release file:
JAVA_VERSION="21.0.9" 
MODULES="java.base java.compiler java.datatransfer java.xml java.prefs java.desktop java.instrument java.logging java.management java.security.sasl java.naming java.rmi java.management.rmi java.net.http java.scripting java.security.jgss java.transaction.xa java.sql java.sql.rowset java.xml.crypto java.se java.smartcardio jdk.accessibility jdk.internal.jvmstat jdk.attach jdk.charsets jdk.internal.opt jdk.zipfs jdk.compiler jdk.crypto.ec jdk.crypto.cryptoki jdk.crypto.mscapi jdk.dynalink jdk.internal.ed jdk.editpad jdk.hotspot.agent jdk.httpserver jdk.internal.le jdk.internal.vm.ci jdk.internal.vm.compiler jdk.internal.vm.compiler.management jdk.jartool jdk.javadoc jdk.jcmd jdk.management jdk.management.agent jdk.jconsole jdk.jdeps jdk.jdwp.agent jdk.jdi jdk.jfr jdk.jshell jdk.jsobject jdk.jstatd jdk.localedata jdk.management.jfr jdk.naming.dns jdk.naming.rmi jdk.net jdk.nio.mapmode jdk.random jdk.sctp jdk.security.auth jdk.security.jgss jdk.unsupported jdk.unsupported.desktop jdk.xml.dom" 

Environment Variables:
JAVA_HOME=C:\Program Files\jdk-23.0.1
PATH=c:\Users\Glymin Terra Selasi\.trae\tools\trae-gopls\current;c:\Users\Glymin Terra Selasi\.trae\sdks\workspaces\3ecfd569\versions\node\current;c:\Users\Glymin Terra Selasi\.trae\sdks\versions\node\current;C:\Python312\Scripts\;C:\Python312\;C:\WINDOWS\system32;C:\WINDOWS;C:\WINDOWS\System32\Wbem;C:\WINDOWS\System32\WindowsPowerShell\v1.0\;C:\WINDOWS\System32\OpenSSH\;C:\Program Files\dotnet\;C:\ProgramData\chocolatey\bin;C:\Program Files (x86)\Microsoft SQL Server\160\Tools\Binn\;C:\Program Files\Microsoft SQL Server\160\Tools\Binn\;C:\Program Files\Microsoft SQL Server\Client SDK\ODBC\170\Tools\Binn\;C:\Program Files\Microsoft SQL Server\160\DTS\Binn\;C:\Program Files\php-8.3.12;C:\Program Files\php-8.3.12\php;C:\xampp\php;C:\Users\Glymin Terra Selasi\AppData\Local\Yarn\bin;C:\Program Files\PostgreSQL\15\bin;C:\Program Files\Git\cmd;C:\Program Files\jdk-23.0.1\bin;C:\Program Files\PostgreSQL\12\bin;C:\Program Files (x86)\cloudflared\;C:\Windows\System32;C:\composer;C:\Users\Glymin Terra Selasi\AppData\Roaming\npm;C:\Users\Glymin Terra Selasi\AppData\Roaming\nvm;C:\Program Files\nodejs;C:\xampp\mysql\bin;C:\Program Files\apache-maven-3.9.11\bin;C:\Python312\Scripts\;C:\Python312\;C:\WINDOWS\system32;C:\WINDOWS;C:\WINDOWS\System32\Wbem;C:\WINDOWS\System32\WindowsPowerShell\v1.0\;C:\WINDOWS\System32\OpenSSH\;C:\Program Files\dotnet\;C:\ProgramData\chocolatey\bin;C:\Program Files (x86)\Microsoft SQL Server\160\Tools\Binn\;C:\Program Files\Microsoft SQL Server\160\Tools\Binn\;C:\Program Files\Microsoft SQL Server\Client SDK\ODBC\170\Tools\Binn\;C:\Program Files\Microsoft SQL Server\160\DTS\Binn\;C:\Program Files (x86)\Microsoft SQL Server\160\DTS\Binn\;C:\Program Files\php-8.3.12;C:\Program Files\php-8.3.12\php;C:\xampp\php;C:\Users\Glymin Terra Selasi\AppData\Local\Yarn\bin;C:\Program Files\PostgreSQL\15\bin;C:\Program Files\Git\cmd;C:\Program Files\jdk-23.0.1\bin;C:\Program Files\PostgreSQL\12\bin;C:\Program Files (x86)\cloudflared\;C:\Windows\System32;C:\composer;C:\Users\Glymin Terra Selasi\AppData\Local\Microsoft\WindowsApps;C:\Users\Glymin Terra Selasi\AppData\Local\Programs\Microsoft VS Code\bin;C:\Users\Glymin Terra Sela;C:\Users\Glymin Terra Selasi\AppData\Roaming\npm;C:\Users\Glymin Terra Selasi\AppData\Roaming\nvm;C:\Program Files\nodejs;C:\Users\Glymin Terra Selasi\AppData\Local\Microsoft\WindowsApps;C:\Users\Glymin Terra Selasi\AppData\Local\Programs\Antigravity\bin;c:\Users\Glymin Terra Selasi\AppData\Local\Programs\Trae1\resources\app\bin\lib
USERNAME=Glymin Terra Selasi
OS=Windows_NT
PROCESSOR_IDENTIFIER=Intel64 Family 6 Model 140 Stepping 1, GenuineIntel
TMP=C:\Users\GLYMIN~1\AppData\Local\Temp
TEMP=C:\Users\GLYMIN~1\AppData\Local\Temp




Periodic native trim disabled

---------------  S Y S T E M  ---------------

OS:
 Windows 11 , 64 bit Build 26100 (10.0.26100.6725)
OS uptime: 0 days 23:53 hours
Hyper-V role detected

CPU: total 8 (initial active 8) (4 cores per cpu, 2 threads per core) family 6 model 140 stepping 1 microcode 0xbe, cx8, cmov, fxsr, ht, mmx, 3dnowpref, sse, sse2, sse3, ssse3, sse4.1, sse4.2, popcnt, lzcnt, tsc, tscinvbit, avx, avx2, aes, erms, clmul, bmi1, bmi2, adx, avx512f, avx512dq, avx512cd, avx512bw, avx512vl, sha, fma, vzeroupper, avx512_vpopcntdq, avx512_vpclmulqdq, avx512_vaes, avx512_vnni, clflush, clflushopt, clwb, avx512_vbmi2, avx512_vbmi, hv, rdtscp, rdpid, fsrm, gfni, avx512_bitalg, f16c, cet_ibt, cet_ss, avx512_ifma
Processor Information for the first 8 processors :
  Max Mhz: 2419, Current Mhz: 2419, Mhz Limit: 2419

Memory: 4k page, system-wide physical 7934M (619M free)
TotalPageFile size 32263M (AvailPageFile size 6M)
current process WorkingSet (physical memory assigned to process): 54M, peak: 571M
current process commit charge ("private bytes"): 301M, peak: 718M

vm_info: OpenJDK 64-Bit Server VM (21.0.9+10-LTS) for windows-amd64 JRE (21.0.9+10-LTS), built on 2025-10-21T00:00:00Z by "admin" with unknown MS VC++:1942

END.
