#
# There is insufficient memory for the Java Runtime Environment to continue.
# Native memory allocation (mmap) failed to map 268435456 bytes. Error detail: G1 virtual space
# Possible reasons:
#   The system is out of physical RAM or swap space
#   This process is running with CompressedOops enabled, and the Java Heap may be blocking the growth of the native heap
# Possible solutions:
#   Reduce memory load on the system
#   Increase physical memory or swap space
#   Check if swap backing store is full
#   Decrease Java heap size (-Xmx/-Xms)
#   Decrease number of Java threads
#   Decrease Java thread stack sizes (-Xss)
#   Set larger code cache with -XX:ReservedCodeCacheSize=
#   JVM is running with Unscaled Compressed Oops mode in which the Java heap is
#     placed in the first 4GB address space. The Java Heap base address is the
#     maximum limit for the native heap growth. Please use -XX:HeapBaseMinAddress
#     to set the Java Heap base and to place the Java Heap above 4GB virtual address.
# This output file may be truncated or incomplete.
#
#  Out of Memory Error (os_windows.cpp:3713), pid=24636, tid=16156
#
# JRE version: OpenJDK Runtime Environment Temurin-21.0.9+10 (21.0.9+10) (build 21.0.9+10-LTS)
# Java VM: OpenJDK 64-Bit Server VM Temurin-21.0.9+10 (21.0.9+10-LTS, mixed mode, emulated-client, sharing, tiered, compressed oops, compressed class ptrs, g1 gc, windows-amd64)
# No core dump will be written. Minidumps are not enabled by default on client versions of Windows
#

---------------  S U M M A R Y ------------

Command Line: -Dstdout.encoding=UTF-8 -Dstderr.encoding=UTF-8 -XX:TieredStopAtLevel=1 com.mit.ticket_mgt_app.TicketMgtAppApplication

Host: 11th Gen Intel(R) Core(TM) i5-1135G7 @ 2.40GHz, 8 cores, 7G,  Windows 11 , 64 bit Build 26100 (10.0.26100.6725)
Time: Thu Feb 19 15:02:26 2026 Greenwich Standard Time elapsed time: 10616.381224 seconds (0d 2h 56m 56s)

---------------  T H R E A D  ---------------

Current thread (0x00000273f545d0b0):  VMThread "VM Thread"          [id=16156, stack(0x0000008b86200000,0x0000008b86300000) (1024K)]

Stack: [0x0000008b86200000,0x0000008b86300000]
Native frames: (J=compiled Java code, j=interpreted, Vv=VM code, C=native code)
V  [jvm.dll+0x6d6e29]
V  [jvm.dll+0x8b4b76]
V  [jvm.dll+0x8b712e]
V  [jvm.dll+0x8b7813]
V  [jvm.dll+0x283d86]
V  [jvm.dll+0x6d3745]
V  [jvm.dll+0x6c747a]
V  [jvm.dll+0x35e7e8]
V  [jvm.dll+0x366426]
V  [jvm.dll+0x3b73fe]
V  [jvm.dll+0x3b76a8]
V  [jvm.dll+0x3329ec]
V  [jvm.dll+0x332a77]
V  [jvm.dll+0x37684c]
V  [jvm.dll+0x374fee]
V  [jvm.dll+0x332131]
V  [jvm.dll+0x37465a]
V  [jvm.dll+0x8bd500]
V  [jvm.dll+0x8be8a4]
V  [jvm.dll+0x8bede0]
V  [jvm.dll+0x8bf083]
V  [jvm.dll+0x85e9ad]
V  [jvm.dll+0x6d565d]
C  [ucrtbase.dll+0x37b0]
C  [KERNEL32.DLL+0x2e8d7]
C  [ntdll.dll+0x8c53c]

VM_Operation (0x0000008b884fa1f0): G1CollectForAllocation, mode: safepoint, requested by thread 0x00000273fb86fdc0


---------------  P R O C E S S  ---------------

Threads class SMR info:
_java_thread_list=0x00000273fadc4650, length=28, elements={
0x00000273f5479dc0, 0x00000273f547a420, 0x00000273f547dcc0, 0x00000273f547e6d0,
0x00000273f547ed30, 0x00000273f5485bc0, 0x00000273f5492b30, 0x00000273f5611cc0,
0x00000273f561a510, 0x00000273fb6027d0, 0x00000273faef0140, 0x00000273fb86dcf0,
0x00000273fb86f0a0, 0x00000273fb86e380, 0x00000273fb86ea10, 0x00000273fb86c940,
0x00000273fb86bc20, 0x00000273fb872bb0, 0x00000273fb86f730, 0x00000273fb873240,
0x00000273fb871800, 0x00000273fb870ae0, 0x00000273fb86fdc0, 0x00000273fb870450,
0x00000273fb871170, 0x00000273fb871e90, 0x00000273fb872520, 0x00000273fb602e60
}

Java Threads: ( => current thread )
  0x00000273f5479dc0 JavaThread "Reference Handler"          daemon [_thread_blocked, id=20512, stack(0x0000008b86300000,0x0000008b86400000) (1024K)]
  0x00000273f547a420 JavaThread "Finalizer"                  daemon [_thread_blocked, id=6796, stack(0x0000008b86400000,0x0000008b86500000) (1024K)]
  0x00000273f547dcc0 JavaThread "Signal Dispatcher"          daemon [_thread_blocked, id=24932, stack(0x0000008b86500000,0x0000008b86600000) (1024K)]
  0x00000273f547e6d0 JavaThread "Attach Listener"            daemon [_thread_blocked, id=19504, stack(0x0000008b86600000,0x0000008b86700000) (1024K)]
  0x00000273f547ed30 JavaThread "Service Thread"             daemon [_thread_blocked, id=13260, stack(0x0000008b86700000,0x0000008b86800000) (1024K)]
  0x00000273f5485bc0 JavaThread "Monitor Deflation Thread"   daemon [_thread_blocked, id=23284, stack(0x0000008b86800000,0x0000008b86900000) (1024K)]
  0x00000273f5492b30 JavaThread "C1 CompilerThread0"         daemon [_thread_blocked, id=1016, stack(0x0000008b86900000,0x0000008b86a00000) (1024K)]
  0x00000273f5611cc0 JavaThread "Notification Thread"        daemon [_thread_blocked, id=29120, stack(0x0000008b86c00000,0x0000008b86d00000) (1024K)]
  0x00000273f561a510 JavaThread "Common-Cleaner"             daemon [_thread_blocked, id=18696, stack(0x0000008b86d00000,0x0000008b86e00000) (1024K)]
  0x00000273fb6027d0 JavaThread "Live Reload Server"         daemon [_thread_in_native, id=10624, stack(0x0000008b87500000,0x0000008b87600000) (1024K)]
  0x00000273faef0140 JavaThread "DestroyJavaVM"                     [_thread_blocked, id=20596, stack(0x0000008b85b00000,0x0000008b85c00000) (1024K)]
  0x00000273fb86dcf0 JavaThread "HikariPool-5 housekeeper"   daemon [_thread_blocked, id=12624, stack(0x0000008b87600000,0x0000008b87700000) (1024K)]
  0x00000273fb86f0a0 JavaThread "Catalina-utility-1"                [_thread_blocked, id=27176, stack(0x0000008b87900000,0x0000008b87a00000) (1024K)]
  0x00000273fb86e380 JavaThread "Catalina-utility-2"                [_thread_blocked, id=22868, stack(0x0000008b87a00000,0x0000008b87b00000) (1024K)]
  0x00000273fb86ea10 JavaThread "container-0"                       [_thread_blocked, id=29672, stack(0x0000008b87b00000,0x0000008b87c00000) (1024K)]
  0x00000273fb86c940 JavaThread "File Watcher"               daemon [_thread_blocked, id=6436, stack(0x0000008b87d00000,0x0000008b87e00000) (1024K)]
  0x00000273fb86bc20 JavaThread "http-nio-7050-exec-1"       daemon [_thread_blocked, id=12088, stack(0x0000008b87e00000,0x0000008b87f00000) (1024K)]
  0x00000273fb872bb0 JavaThread "http-nio-7050-exec-2"       daemon [_thread_blocked, id=30260, stack(0x0000008b87f00000,0x0000008b88000000) (1024K)]
  0x00000273fb86f730 JavaThread "http-nio-7050-exec-3"       daemon [_thread_blocked, id=28264, stack(0x0000008b88000000,0x0000008b88100000) (1024K)]
  0x00000273fb873240 JavaThread "http-nio-7050-exec-4"       daemon [_thread_blocked, id=27764, stack(0x0000008b88100000,0x0000008b88200000) (1024K)]
  0x00000273fb871800 JavaThread "http-nio-7050-exec-5"       daemon [_thread_blocked, id=15404, stack(0x0000008b88200000,0x0000008b88300000) (1024K)]
  0x00000273fb870ae0 JavaThread "http-nio-7050-exec-6"       daemon [_thread_blocked, id=11780, stack(0x0000008b88300000,0x0000008b88400000) (1024K)]
  0x00000273fb86fdc0 JavaThread "http-nio-7050-exec-7"       daemon [_thread_blocked, id=8316, stack(0x0000008b88400000,0x0000008b88500000) (1024K)]
  0x00000273fb870450 JavaThread "http-nio-7050-exec-8"       daemon [_thread_blocked, id=24588, stack(0x0000008b88500000,0x0000008b88600000) (1024K)]
  0x00000273fb871170 JavaThread "http-nio-7050-exec-9"       daemon [_thread_blocked, id=21592, stack(0x0000008b88600000,0x0000008b88700000) (1024K)]
  0x00000273fb871e90 JavaThread "http-nio-7050-exec-10"      daemon [_thread_blocked, id=23336, stack(0x0000008b88700000,0x0000008b88800000) (1024K)]
  0x00000273fb872520 JavaThread "http-nio-7050-Poller"       daemon [_thread_in_native, id=30580, stack(0x0000008b88800000,0x0000008b88900000) (1024K)]
  0x00000273fb602e60 JavaThread "http-nio-7050-Acceptor"     daemon [_thread_in_native, id=30700, stack(0x0000008b88900000,0x0000008b88a00000) (1024K)]
Total: 28

Other Threads:
=>0x00000273f545d0b0 VMThread "VM Thread"                           [id=16156, stack(0x0000008b86200000,0x0000008b86300000) (1024K)]
  0x00000273f544c9f0 WatcherThread "VM Periodic Task Thread"        [id=24884, stack(0x0000008b86100000,0x0000008b86200000) (1024K)]
  0x00000273e2ab3750 WorkerThread "GC Thread#0"                     [id=27328, stack(0x0000008b85c00000,0x0000008b85d00000) (1024K)]
  0x00000273fa48eb40 WorkerThread "GC Thread#1"                     [id=24228, stack(0x0000008b87000000,0x0000008b87100000) (1024K)]
  0x00000273fa48eee0 WorkerThread "GC Thread#2"                     [id=19688, stack(0x0000008b87100000,0x0000008b87200000) (1024K)]
  0x00000273fa48f280 WorkerThread "GC Thread#3"                     [id=26076, stack(0x0000008b87200000,0x0000008b87300000) (1024K)]
  0x00000273fa49be70 WorkerThread "GC Thread#4"                     [id=22480, stack(0x0000008b87300000,0x0000008b87400000) (1024K)]
  0x00000273fa49c210 WorkerThread "GC Thread#5"                     [id=808, stack(0x0000008b87400000,0x0000008b87500000) (1024K)]
  0x00000273fa9136c0 WorkerThread "GC Thread#6"                     [id=28700, stack(0x0000008b87700000,0x0000008b87800000) (1024K)]
  0x00000273fa977350 WorkerThread "GC Thread#7"                     [id=4696, stack(0x0000008b87800000,0x0000008b87900000) (1024K)]
  0x00000273e2ac3e30 ConcurrentGCThread "G1 Main Marker"            [id=14792, stack(0x0000008b85d00000,0x0000008b85e00000) (1024K)]
  0x00000273e2ac4830 WorkerThread "G1 Conc#0"                       [id=8492, stack(0x0000008b85e00000,0x0000008b85f00000) (1024K)]
  0x00000273fa976870 WorkerThread "G1 Conc#1"                       [id=28112, stack(0x0000008b86b00000,0x0000008b86c00000) (1024K)]
  0x00000273f531f2d0 ConcurrentGCThread "G1 Refine#0"               [id=8892, stack(0x0000008b85f00000,0x0000008b86000000) (1024K)]
  0x00000273f5323b30 ConcurrentGCThread "G1 Service"                [id=26772, stack(0x0000008b86000000,0x0000008b86100000) (1024K)]
Total: 15

Threads with active compile tasks:
Total: 0

VM state: at safepoint (normal execution)

VM Mutex/Monitor currently owned by a thread:  ([mutex/lock_event])
[0x00007ffd0391d570] Threads_lock - owner thread: 0x00000273f545d0b0
[0x00007ffd0391d670] Heap_lock - owner thread: 0x00000273fb86fdc0

Heap address: 0x0000000084000000, size: 1984 MB, Compressed Oops mode: 32-bit

CDS archive(s) mapped at: [0x0000027380000000-0x0000027380c80000-0x0000027380c80000), size 13107200, SharedBaseAddress: 0x0000027380000000, ArchiveRelocationMode: 1.
Compressed class space mapped at: 0x0000027381000000-0x00000273c1000000, reserved size: 1073741824
Narrow klass base: 0x0000027380000000, Narrow klass shift: 0, Narrow klass range: 0x100000000

GC Precious Log:
 CardTable entry size: 512
 Card Set container configuration: InlinePtr #cards 5 size 8 Array Of Cards #cards 12 size 40 Howl #buckets 4 coarsen threshold 1843 Howl Bitmap #cards 512 size 80 coarsen threshold 460 Card regions per heap region 1 cards per card region 2048
 CPUs: 8 total, 8 available
 Memory: 7934M
 Large Page Support: Disabled
 NUMA Support: Disabled
 Compressed Oops: Enabled (32-bit)
 Heap Region Size: 1M
 Heap Min Capacity: 8M
 Heap Initial Capacity: 124M
 Heap Max Capacity: 1984M
 Pre-touch: Disabled
 Parallel Workers: 8
 Concurrent Workers: 2
 Concurrent Refinement Workers: 8
 Periodic GC: Disabled

Heap:
 garbage-first heap   total 262144K, used 32828K [0x0000000084000000, 0x0000000100000000)
  region size 1024K, 1 young (1024K), 1 survivors (1024K)
 Metaspace       used 49776K, committed 50624K, reserved 1114112K
  class space    used 6310K, committed 6592K, reserved 1048576K

Heap Regions: E=young(eden), S=young(survivor), O=old, HS=humongous(starts), HC=humongous(continues), CS=collection set, F=free, TAMS=top-at-mark-start, PB=parsable bottom
|   0|0x0000000084000000, 0x00000000840ffff0, 0x0000000084100000| 99%| O|  |TAMS 0x0000000084000000| PB 0x0000000084000000| Untracked 
|   1|0x0000000084100000, 0x00000000841fffd0, 0x0000000084200000| 99%| O|  |TAMS 0x0000000084100000| PB 0x0000000084100000| Untracked 
|   2|0x0000000084200000, 0x00000000842ffff0, 0x0000000084300000| 99%| O|  |TAMS 0x0000000084200000| PB 0x0000000084200000| Untracked 
|   3|0x0000000084300000, 0x0000000084400000, 0x0000000084400000|100%| O|  |TAMS 0x0000000084300000| PB 0x0000000084300000| Untracked 
|   4|0x0000000084400000, 0x00000000844fffe8, 0x0000000084500000| 99%| O|  |TAMS 0x0000000084400000| PB 0x0000000084400000| Untracked 
|   5|0x0000000084500000, 0x0000000084600000, 0x0000000084600000|100%| O|  |TAMS 0x0000000084500000| PB 0x0000000084500000| Untracked 
|   6|0x0000000084600000, 0x0000000084700000, 0x0000000084700000|100%| O|  |TAMS 0x0000000084600000| PB 0x0000000084600000| Untracked 
|   7|0x0000000084700000, 0x00000000847fffa8, 0x0000000084800000| 99%| O|  |TAMS 0x0000000084700000| PB 0x0000000084700000| Untracked 
|   8|0x0000000084800000, 0x00000000848ffff8, 0x0000000084900000| 99%| O|  |TAMS 0x0000000084800000| PB 0x0000000084800000| Untracked 
|   9|0x0000000084900000, 0x00000000849fffd8, 0x0000000084a00000| 99%| O|  |TAMS 0x0000000084900000| PB 0x0000000084900000| Untracked 
|  10|0x0000000084a00000, 0x0000000084affff0, 0x0000000084b00000| 99%| O|  |TAMS 0x0000000084a00000| PB 0x0000000084a00000| Untracked 
|  11|0x0000000084b00000, 0x0000000084bffd48, 0x0000000084c00000| 99%| O|  |TAMS 0x0000000084b00000| PB 0x0000000084b00000| Untracked 
|  12|0x0000000084c00000, 0x0000000084d00000, 0x0000000084d00000|100%| O|  |TAMS 0x0000000084c00000| PB 0x0000000084c00000| Untracked 
|  13|0x0000000084d00000, 0x0000000084dffff8, 0x0000000084e00000| 99%| O|  |TAMS 0x0000000084d00000| PB 0x0000000084d00000| Untracked 
|  14|0x0000000084e00000, 0x0000000084efec68, 0x0000000084f00000| 99%| O|  |TAMS 0x0000000084e00000| PB 0x0000000084e00000| Untracked 
|  15|0x0000000084f00000, 0x0000000085000000, 0x0000000085000000|100%| O|  |TAMS 0x0000000084f00000| PB 0x0000000084f00000| Untracked 
|  16|0x0000000085000000, 0x00000000850fffe0, 0x0000000085100000| 99%| O|  |TAMS 0x0000000085000000| PB 0x0000000085000000| Untracked 
|  17|0x0000000085100000, 0x00000000851fffc0, 0x0000000085200000| 99%| O|  |TAMS 0x0000000085100000| PB 0x0000000085100000| Untracked 
|  18|0x0000000085200000, 0x00000000852618e0, 0x0000000085300000| 38%| O|  |TAMS 0x0000000085200000| PB 0x0000000085200000| Untracked 
|  19|0x0000000085300000, 0x0000000085393700, 0x0000000085400000| 57%| O|  |TAMS 0x0000000085300000| PB 0x0000000085300000| Untracked 
|  20|0x0000000085400000, 0x0000000085500000, 0x0000000085500000|100%| O|  |TAMS 0x0000000085400000| PB 0x0000000085400000| Untracked 
|  21|0x0000000085500000, 0x0000000085600000, 0x0000000085600000|100%| O|  |TAMS 0x0000000085500000| PB 0x0000000085500000| Untracked 
|  22|0x0000000085600000, 0x0000000085700000, 0x0000000085700000|100%| O|  |TAMS 0x0000000085600000| PB 0x0000000085600000| Untracked 
|  23|0x0000000085700000, 0x0000000085800000, 0x0000000085800000|100%| O|  |TAMS 0x0000000085700000| PB 0x0000000085700000| Untracked 
|  24|0x0000000085800000, 0x0000000085900000, 0x0000000085900000|100%| O|  |TAMS 0x0000000085800000| PB 0x0000000085800000| Untracked 
|  25|0x0000000085900000, 0x0000000085a00000, 0x0000000085a00000|100%| O|  |TAMS 0x0000000085900000| PB 0x0000000085900000| Untracked 
|  26|0x0000000085a00000, 0x0000000085b00000, 0x0000000085b00000|100%| O|  |TAMS 0x0000000085a00000| PB 0x0000000085a00000| Untracked 
|  27|0x0000000085b00000, 0x0000000085c00000, 0x0000000085c00000|100%| O|  |TAMS 0x0000000085b00000| PB 0x0000000085b00000| Untracked 
|  28|0x0000000085c00000, 0x0000000085d00000, 0x0000000085d00000|100%| O|  |TAMS 0x0000000085c00000| PB 0x0000000085c00000| Untracked 
|  29|0x0000000085d00000, 0x0000000085df8ab8, 0x0000000085e00000| 97%| O|  |TAMS 0x0000000085d00000| PB 0x0000000085d00000| Untracked 
|  30|0x0000000085e00000, 0x0000000085e00000, 0x0000000085f00000|  0%| F|  |TAMS 0x0000000085e00000| PB 0x0000000085e00000| Untracked 
|  31|0x0000000085f00000, 0x0000000086000000, 0x0000000086000000|100%| O|  |TAMS 0x0000000085f00000| PB 0x0000000085f00000| Untracked 
|  32|0x0000000086000000, 0x0000000086100000, 0x0000000086100000|100%| O|  |TAMS 0x0000000086000000| PB 0x0000000086000000| Untracked 
|  33|0x0000000086100000, 0x0000000086200000, 0x0000000086200000|100%| O|  |TAMS 0x0000000086100000| PB 0x0000000086100000| Untracked 
|  34|0x0000000086200000, 0x0000000086200000, 0x0000000086300000|  0%| F|  |TAMS 0x0000000086200000| PB 0x0000000086200000| Untracked 
|  35|0x0000000086300000, 0x0000000086300000, 0x0000000086400000|  0%| F|  |TAMS 0x0000000086300000| PB 0x0000000086300000| Untracked 
|  36|0x0000000086400000, 0x0000000086400000, 0x0000000086500000|  0%| F|  |TAMS 0x0000000086400000| PB 0x0000000086400000| Untracked 
|  37|0x0000000086500000, 0x0000000086500000, 0x0000000086600000|  0%| F|  |TAMS 0x0000000086500000| PB 0x0000000086500000| Untracked 
|  38|0x0000000086600000, 0x0000000086600000, 0x0000000086700000|  0%| F|  |TAMS 0x0000000086600000| PB 0x0000000086600000| Untracked 
|  39|0x0000000086700000, 0x0000000086700000, 0x0000000086800000|  0%| F|  |TAMS 0x0000000086700000| PB 0x0000000086700000| Untracked 
|  40|0x0000000086800000, 0x0000000086800000, 0x0000000086900000|  0%| F|  |TAMS 0x0000000086800000| PB 0x0000000086800000| Untracked 
|  41|0x0000000086900000, 0x0000000086900000, 0x0000000086a00000|  0%| F|  |TAMS 0x0000000086900000| PB 0x0000000086900000| Untracked 
|  42|0x0000000086a00000, 0x0000000086a00000, 0x0000000086b00000|  0%| F|  |TAMS 0x0000000086a00000| PB 0x0000000086a00000| Untracked 
|  43|0x0000000086b00000, 0x0000000086b00000, 0x0000000086c00000|  0%| F|  |TAMS 0x0000000086b00000| PB 0x0000000086b00000| Untracked 
|  44|0x0000000086c00000, 0x0000000086c00000, 0x0000000086d00000|  0%| F|  |TAMS 0x0000000086c00000| PB 0x0000000086c00000| Untracked 
|  45|0x0000000086d00000, 0x0000000086d00000, 0x0000000086e00000|  0%| F|  |TAMS 0x0000000086d00000| PB 0x0000000086d00000| Untracked 
|  46|0x0000000086e00000, 0x0000000086e00000, 0x0000000086f00000|  0%| F|  |TAMS 0x0000000086e00000| PB 0x0000000086e00000| Untracked 
|  47|0x0000000086f00000, 0x0000000086f00000, 0x0000000087000000|  0%| F|  |TAMS 0x0000000086f00000| PB 0x0000000086f00000| Untracked 
|  48|0x0000000087000000, 0x0000000087000000, 0x0000000087100000|  0%| F|  |TAMS 0x0000000087000000| PB 0x0000000087000000| Untracked 
|  49|0x0000000087100000, 0x0000000087100000, 0x0000000087200000|  0%| F|  |TAMS 0x0000000087100000| PB 0x0000000087100000| Untracked 
|  50|0x0000000087200000, 0x0000000087200000, 0x0000000087300000|  0%| F|  |TAMS 0x0000000087200000| PB 0x0000000087200000| Untracked 
|  51|0x0000000087300000, 0x0000000087300000, 0x0000000087400000|  0%| F|  |TAMS 0x0000000087300000| PB 0x0000000087300000| Untracked 
|  52|0x0000000087400000, 0x0000000087400000, 0x0000000087500000|  0%| F|  |TAMS 0x0000000087400000| PB 0x0000000087400000| Untracked 
|  53|0x0000000087500000, 0x0000000087500000, 0x0000000087600000|  0%| F|  |TAMS 0x0000000087500000| PB 0x0000000087500000| Untracked 
|  54|0x0000000087600000, 0x0000000087600000, 0x0000000087700000|  0%| F|  |TAMS 0x0000000087600000| PB 0x0000000087600000| Untracked 
|  55|0x0000000087700000, 0x0000000087700000, 0x0000000087800000|  0%| F|  |TAMS 0x0000000087700000| PB 0x0000000087700000| Untracked 
|  56|0x0000000087800000, 0x0000000087800000, 0x0000000087900000|  0%| F|  |TAMS 0x0000000087800000| PB 0x0000000087800000| Untracked 
|  57|0x0000000087900000, 0x0000000087900000, 0x0000000087a00000|  0%| F|  |TAMS 0x0000000087900000| PB 0x0000000087900000| Untracked 
|  58|0x0000000087a00000, 0x0000000087a00000, 0x0000000087b00000|  0%| F|  |TAMS 0x0000000087a00000| PB 0x0000000087a00000| Untracked 
|  59|0x0000000087b00000, 0x0000000087b00000, 0x0000000087c00000|  0%| F|  |TAMS 0x0000000087b00000| PB 0x0000000087b00000| Untracked 
|  60|0x0000000087c00000, 0x0000000087c00000, 0x0000000087d00000|  0%| F|  |TAMS 0x0000000087c00000| PB 0x0000000087c00000| Untracked 
|  61|0x0000000087d00000, 0x0000000087d00000, 0x0000000087e00000|  0%| F|  |TAMS 0x0000000087d00000| PB 0x0000000087d00000| Untracked 
|  62|0x0000000087e00000, 0x0000000087e00000, 0x0000000087f00000|  0%| F|  |TAMS 0x0000000087e00000| PB 0x0000000087e00000| Untracked 
|  63|0x0000000087f00000, 0x0000000087f00000, 0x0000000088000000|  0%| F|  |TAMS 0x0000000087f00000| PB 0x0000000087f00000| Untracked 
|  64|0x0000000088000000, 0x0000000088000000, 0x0000000088100000|  0%| F|  |TAMS 0x0000000088000000| PB 0x0000000088000000| Untracked 
|  65|0x0000000088100000, 0x0000000088100000, 0x0000000088200000|  0%| F|  |TAMS 0x0000000088100000| PB 0x0000000088100000| Untracked 
|  66|0x0000000088200000, 0x0000000088200000, 0x0000000088300000|  0%| F|  |TAMS 0x0000000088200000| PB 0x0000000088200000| Untracked 
|  67|0x0000000088300000, 0x0000000088300000, 0x0000000088400000|  0%| F|  |TAMS 0x0000000088300000| PB 0x0000000088300000| Untracked 
|  68|0x0000000088400000, 0x0000000088400000, 0x0000000088500000|  0%| F|  |TAMS 0x0000000088400000| PB 0x0000000088400000| Untracked 
|  69|0x0000000088500000, 0x0000000088500000, 0x0000000088600000|  0%| F|  |TAMS 0x0000000088500000| PB 0x0000000088500000| Untracked 
|  70|0x0000000088600000, 0x0000000088600000, 0x0000000088700000|  0%| F|  |TAMS 0x0000000088600000| PB 0x0000000088600000| Untracked 
|  71|0x0000000088700000, 0x0000000088700000, 0x0000000088800000|  0%| F|  |TAMS 0x0000000088700000| PB 0x0000000088700000| Untracked 
|  72|0x0000000088800000, 0x0000000088800000, 0x0000000088900000|  0%| F|  |TAMS 0x0000000088800000| PB 0x0000000088800000| Untracked 
|  73|0x0000000088900000, 0x0000000088900000, 0x0000000088a00000|  0%| F|  |TAMS 0x0000000088900000| PB 0x0000000088900000| Untracked 
|  74|0x0000000088a00000, 0x0000000088a00000, 0x0000000088b00000|  0%| F|  |TAMS 0x0000000088a00000| PB 0x0000000088a00000| Untracked 
|  75|0x0000000088b00000, 0x0000000088b00000, 0x0000000088c00000|  0%| F|  |TAMS 0x0000000088b00000| PB 0x0000000088b00000| Untracked 
|  76|0x0000000088c00000, 0x0000000088c00000, 0x0000000088d00000|  0%| F|  |TAMS 0x0000000088c00000| PB 0x0000000088c00000| Untracked 
|  77|0x0000000088d00000, 0x0000000088d00000, 0x0000000088e00000|  0%| F|  |TAMS 0x0000000088d00000| PB 0x0000000088d00000| Untracked 
|  78|0x0000000088e00000, 0x0000000088e00000, 0x0000000088f00000|  0%| F|  |TAMS 0x0000000088e00000| PB 0x0000000088e00000| Untracked 
|  79|0x0000000088f00000, 0x0000000088f00000, 0x0000000089000000|  0%| F|  |TAMS 0x0000000088f00000| PB 0x0000000088f00000| Untracked 
|  80|0x0000000089000000, 0x0000000089000000, 0x0000000089100000|  0%| F|  |TAMS 0x0000000089000000| PB 0x0000000089000000| Untracked 
|  81|0x0000000089100000, 0x0000000089100000, 0x0000000089200000|  0%| F|  |TAMS 0x0000000089100000| PB 0x0000000089100000| Untracked 
|  82|0x0000000089200000, 0x0000000089200000, 0x0000000089300000|  0%| F|  |TAMS 0x0000000089200000| PB 0x0000000089200000| Untracked 
|  83|0x0000000089300000, 0x0000000089300000, 0x0000000089400000|  0%| F|  |TAMS 0x0000000089300000| PB 0x0000000089300000| Untracked 
|  84|0x0000000089400000, 0x0000000089400000, 0x0000000089500000|  0%| F|  |TAMS 0x0000000089400000| PB 0x0000000089400000| Untracked 
|  85|0x0000000089500000, 0x0000000089500000, 0x0000000089600000|  0%| F|  |TAMS 0x0000000089500000| PB 0x0000000089500000| Untracked 
|  86|0x0000000089600000, 0x0000000089600000, 0x0000000089700000|  0%| F|  |TAMS 0x0000000089600000| PB 0x0000000089600000| Untracked 
|  87|0x0000000089700000, 0x0000000089700000, 0x0000000089800000|  0%| F|  |TAMS 0x0000000089700000| PB 0x0000000089700000| Untracked 
|  88|0x0000000089800000, 0x0000000089800000, 0x0000000089900000|  0%| F|  |TAMS 0x0000000089800000| PB 0x0000000089800000| Untracked 
|  89|0x0000000089900000, 0x0000000089900000, 0x0000000089a00000|  0%| F|  |TAMS 0x0000000089900000| PB 0x0000000089900000| Untracked 
|  90|0x0000000089a00000, 0x0000000089a00000, 0x0000000089b00000|  0%| F|  |TAMS 0x0000000089a00000| PB 0x0000000089a00000| Untracked 
|  91|0x0000000089b00000, 0x0000000089b00000, 0x0000000089c00000|  0%| F|  |TAMS 0x0000000089b00000| PB 0x0000000089b00000| Untracked 
|  92|0x0000000089c00000, 0x0000000089c00000, 0x0000000089d00000|  0%| F|  |TAMS 0x0000000089c00000| PB 0x0000000089c00000| Untracked 
|  93|0x0000000089d00000, 0x0000000089d00000, 0x0000000089e00000|  0%| F|  |TAMS 0x0000000089d00000| PB 0x0000000089d00000| Untracked 
|  94|0x0000000089e00000, 0x0000000089e00000, 0x0000000089f00000|  0%| F|  |TAMS 0x0000000089e00000| PB 0x0000000089e00000| Untracked 
|  95|0x0000000089f00000, 0x0000000089f00000, 0x000000008a000000|  0%| F|  |TAMS 0x0000000089f00000| PB 0x0000000089f00000| Untracked 
|  96|0x000000008a000000, 0x000000008a000000, 0x000000008a100000|  0%| F|  |TAMS 0x000000008a000000| PB 0x000000008a000000| Untracked 
|  97|0x000000008a100000, 0x000000008a100000, 0x000000008a200000|  0%| F|  |TAMS 0x000000008a100000| PB 0x000000008a100000| Untracked 
|  98|0x000000008a200000, 0x000000008a200000, 0x000000008a300000|  0%| F|  |TAMS 0x000000008a200000| PB 0x000000008a200000| Untracked 
|  99|0x000000008a300000, 0x000000008a300000, 0x000000008a400000|  0%| F|  |TAMS 0x000000008a300000| PB 0x000000008a300000| Untracked 
| 100|0x000000008a400000, 0x000000008a400000, 0x000000008a500000|  0%| F|  |TAMS 0x000000008a400000| PB 0x000000008a400000| Untracked 
| 101|0x000000008a500000, 0x000000008a500000, 0x000000008a600000|  0%| F|  |TAMS 0x000000008a500000| PB 0x000000008a500000| Untracked 
| 102|0x000000008a600000, 0x000000008a600000, 0x000000008a700000|  0%| F|  |TAMS 0x000000008a600000| PB 0x000000008a600000| Untracked 
| 103|0x000000008a700000, 0x000000008a700000, 0x000000008a800000|  0%| F|  |TAMS 0x000000008a700000| PB 0x000000008a700000| Untracked 
| 104|0x000000008a800000, 0x000000008a800000, 0x000000008a900000|  0%| F|  |TAMS 0x000000008a800000| PB 0x000000008a800000| Untracked 
| 105|0x000000008a900000, 0x000000008a900000, 0x000000008aa00000|  0%| F|  |TAMS 0x000000008a900000| PB 0x000000008a900000| Untracked 
| 106|0x000000008aa00000, 0x000000008aa00000, 0x000000008ab00000|  0%| F|  |TAMS 0x000000008aa00000| PB 0x000000008aa00000| Untracked 
| 107|0x000000008ab00000, 0x000000008ab00000, 0x000000008ac00000|  0%| F|  |TAMS 0x000000008ab00000| PB 0x000000008ab00000| Untracked 
| 108|0x000000008ac00000, 0x000000008ac00000, 0x000000008ad00000|  0%| F|  |TAMS 0x000000008ac00000| PB 0x000000008ac00000| Untracked 
| 109|0x000000008ad00000, 0x000000008ad00000, 0x000000008ae00000|  0%| F|  |TAMS 0x000000008ad00000| PB 0x000000008ad00000| Untracked 
| 110|0x000000008ae00000, 0x000000008ae00000, 0x000000008af00000|  0%| F|  |TAMS 0x000000008ae00000| PB 0x000000008ae00000| Untracked 
| 111|0x000000008af00000, 0x000000008af00000, 0x000000008b000000|  0%| F|  |TAMS 0x000000008af00000| PB 0x000000008af00000| Untracked 
| 112|0x000000008b000000, 0x000000008b000000, 0x000000008b100000|  0%| F|  |TAMS 0x000000008b000000| PB 0x000000008b000000| Untracked 
| 113|0x000000008b100000, 0x000000008b100000, 0x000000008b200000|  0%| F|  |TAMS 0x000000008b100000| PB 0x000000008b100000| Untracked 
| 114|0x000000008b200000, 0x000000008b200000, 0x000000008b300000|  0%| F|  |TAMS 0x000000008b200000| PB 0x000000008b200000| Untracked 
| 115|0x000000008b300000, 0x000000008b300000, 0x000000008b400000|  0%| F|  |TAMS 0x000000008b300000| PB 0x000000008b300000| Untracked 
| 116|0x000000008b400000, 0x000000008b400000, 0x000000008b500000|  0%| F|  |TAMS 0x000000008b400000| PB 0x000000008b400000| Untracked 
| 117|0x000000008b500000, 0x000000008b500000, 0x000000008b600000|  0%| F|  |TAMS 0x000000008b500000| PB 0x000000008b500000| Untracked 
| 118|0x000000008b600000, 0x000000008b600000, 0x000000008b700000|  0%| F|  |TAMS 0x000000008b600000| PB 0x000000008b600000| Untracked 
| 119|0x000000008b700000, 0x000000008b700000, 0x000000008b800000|  0%| F|  |TAMS 0x000000008b700000| PB 0x000000008b700000| Untracked 
| 120|0x000000008b800000, 0x000000008b800000, 0x000000008b900000|  0%| F|  |TAMS 0x000000008b800000| PB 0x000000008b800000| Untracked 
| 121|0x000000008b900000, 0x000000008b900000, 0x000000008ba00000|  0%| F|  |TAMS 0x000000008b900000| PB 0x000000008b900000| Untracked 
| 122|0x000000008ba00000, 0x000000008ba00000, 0x000000008bb00000|  0%| F|  |TAMS 0x000000008ba00000| PB 0x000000008ba00000| Untracked 
| 123|0x000000008bb00000, 0x000000008bb00000, 0x000000008bc00000|  0%| F|  |TAMS 0x000000008bb00000| PB 0x000000008bb00000| Untracked 
| 124|0x000000008bc00000, 0x000000008bc00000, 0x000000008bd00000|  0%| F|  |TAMS 0x000000008bc00000| PB 0x000000008bc00000| Untracked 
| 125|0x000000008bd00000, 0x000000008bd00000, 0x000000008be00000|  0%| F|  |TAMS 0x000000008bd00000| PB 0x000000008bd00000| Untracked 
| 126|0x000000008be00000, 0x000000008be00000, 0x000000008bf00000|  0%| F|  |TAMS 0x000000008be00000| PB 0x000000008be00000| Untracked 
| 127|0x000000008bf00000, 0x000000008bf00000, 0x000000008c000000|  0%| F|  |TAMS 0x000000008bf00000| PB 0x000000008bf00000| Untracked 
| 128|0x000000008c000000, 0x000000008c000000, 0x000000008c100000|  0%| F|  |TAMS 0x000000008c000000| PB 0x000000008c000000| Untracked 
| 129|0x000000008c100000, 0x000000008c100000, 0x000000008c200000|  0%| F|  |TAMS 0x000000008c100000| PB 0x000000008c100000| Untracked 
| 130|0x000000008c200000, 0x000000008c200000, 0x000000008c300000|  0%| F|  |TAMS 0x000000008c200000| PB 0x000000008c200000| Untracked 
| 131|0x000000008c300000, 0x000000008c300000, 0x000000008c400000|  0%| F|  |TAMS 0x000000008c300000| PB 0x000000008c300000| Untracked 
| 132|0x000000008c400000, 0x000000008c400000, 0x000000008c500000|  0%| F|  |TAMS 0x000000008c400000| PB 0x000000008c400000| Untracked 
| 133|0x000000008c500000, 0x000000008c500000, 0x000000008c600000|  0%| F|  |TAMS 0x000000008c500000| PB 0x000000008c500000| Untracked 
| 134|0x000000008c600000, 0x000000008c600000, 0x000000008c700000|  0%| F|  |TAMS 0x000000008c600000| PB 0x000000008c600000| Untracked 
| 135|0x000000008c700000, 0x000000008c700000, 0x000000008c800000|  0%| F|  |TAMS 0x000000008c700000| PB 0x000000008c700000| Untracked 
| 136|0x000000008c800000, 0x000000008c800000, 0x000000008c900000|  0%| F|  |TAMS 0x000000008c800000| PB 0x000000008c800000| Untracked 
| 137|0x000000008c900000, 0x000000008c900000, 0x000000008ca00000|  0%| F|  |TAMS 0x000000008c900000| PB 0x000000008c900000| Untracked 
| 138|0x000000008ca00000, 0x000000008ca00000, 0x000000008cb00000|  0%| F|  |TAMS 0x000000008ca00000| PB 0x000000008ca00000| Untracked 
| 139|0x000000008cb00000, 0x000000008cb00000, 0x000000008cc00000|  0%| F|  |TAMS 0x000000008cb00000| PB 0x000000008cb00000| Untracked 
| 140|0x000000008cc00000, 0x000000008cc00000, 0x000000008cd00000|  0%| F|  |TAMS 0x000000008cc00000| PB 0x000000008cc00000| Untracked 
| 141|0x000000008cd00000, 0x000000008cd00000, 0x000000008ce00000|  0%| F|  |TAMS 0x000000008cd00000| PB 0x000000008cd00000| Untracked 
| 142|0x000000008ce00000, 0x000000008ce00000, 0x000000008cf00000|  0%| F|  |TAMS 0x000000008ce00000| PB 0x000000008ce00000| Untracked 
| 143|0x000000008cf00000, 0x000000008cf00000, 0x000000008d000000|  0%| F|  |TAMS 0x000000008cf00000| PB 0x000000008cf00000| Untracked 
| 144|0x000000008d000000, 0x000000008d000000, 0x000000008d100000|  0%| F|  |TAMS 0x000000008d000000| PB 0x000000008d000000| Untracked 
| 145|0x000000008d100000, 0x000000008d100000, 0x000000008d200000|  0%| F|  |TAMS 0x000000008d100000| PB 0x000000008d100000| Untracked 
| 146|0x000000008d200000, 0x000000008d200000, 0x000000008d300000|  0%| F|  |TAMS 0x000000008d200000| PB 0x000000008d200000| Untracked 
| 147|0x000000008d300000, 0x000000008d300000, 0x000000008d400000|  0%| F|  |TAMS 0x000000008d300000| PB 0x000000008d300000| Untracked 
| 148|0x000000008d400000, 0x000000008d400000, 0x000000008d500000|  0%| F|  |TAMS 0x000000008d400000| PB 0x000000008d400000| Untracked 
| 149|0x000000008d500000, 0x000000008d500000, 0x000000008d600000|  0%| F|  |TAMS 0x000000008d500000| PB 0x000000008d500000| Untracked 
| 150|0x000000008d600000, 0x000000008d600000, 0x000000008d700000|  0%| F|  |TAMS 0x000000008d600000| PB 0x000000008d600000| Untracked 
| 151|0x000000008d700000, 0x000000008d700000, 0x000000008d800000|  0%| F|  |TAMS 0x000000008d700000| PB 0x000000008d700000| Untracked 
| 152|0x000000008d800000, 0x000000008d800000, 0x000000008d900000|  0%| F|  |TAMS 0x000000008d800000| PB 0x000000008d800000| Untracked 
| 153|0x000000008d900000, 0x000000008d900000, 0x000000008da00000|  0%| F|  |TAMS 0x000000008d900000| PB 0x000000008d900000| Untracked 
| 154|0x000000008da00000, 0x000000008da00000, 0x000000008db00000|  0%| F|  |TAMS 0x000000008da00000| PB 0x000000008da00000| Untracked 
| 155|0x000000008db00000, 0x000000008db00000, 0x000000008dc00000|  0%| F|  |TAMS 0x000000008db00000| PB 0x000000008db00000| Untracked 
| 156|0x000000008dc00000, 0x000000008dc00000, 0x000000008dd00000|  0%| F|  |TAMS 0x000000008dc00000| PB 0x000000008dc00000| Untracked 
| 157|0x000000008dd00000, 0x000000008dd00000, 0x000000008de00000|  0%| F|  |TAMS 0x000000008dd00000| PB 0x000000008dd00000| Untracked 
| 158|0x000000008de00000, 0x000000008de00000, 0x000000008df00000|  0%| F|  |TAMS 0x000000008de00000| PB 0x000000008de00000| Untracked 
| 159|0x000000008df00000, 0x000000008df00000, 0x000000008e000000|  0%| F|  |TAMS 0x000000008df00000| PB 0x000000008df00000| Untracked 
| 160|0x000000008e000000, 0x000000008e000000, 0x000000008e100000|  0%| F|  |TAMS 0x000000008e000000| PB 0x000000008e000000| Untracked 
| 161|0x000000008e100000, 0x000000008e100000, 0x000000008e200000|  0%| F|  |TAMS 0x000000008e100000| PB 0x000000008e100000| Untracked 
| 162|0x000000008e200000, 0x000000008e200000, 0x000000008e300000|  0%| F|  |TAMS 0x000000008e200000| PB 0x000000008e200000| Untracked 
| 163|0x000000008e300000, 0x000000008e300000, 0x000000008e400000|  0%| F|  |TAMS 0x000000008e300000| PB 0x000000008e300000| Untracked 
| 164|0x000000008e400000, 0x000000008e400000, 0x000000008e500000|  0%| F|  |TAMS 0x000000008e400000| PB 0x000000008e400000| Untracked 
| 165|0x000000008e500000, 0x000000008e500000, 0x000000008e600000|  0%| F|  |TAMS 0x000000008e500000| PB 0x000000008e500000| Untracked 
| 166|0x000000008e600000, 0x000000008e600000, 0x000000008e700000|  0%| F|  |TAMS 0x000000008e600000| PB 0x000000008e600000| Untracked 
| 167|0x000000008e700000, 0x000000008e700000, 0x000000008e800000|  0%| F|  |TAMS 0x000000008e700000| PB 0x000000008e700000| Untracked 
| 168|0x000000008e800000, 0x000000008e800000, 0x000000008e900000|  0%| F|  |TAMS 0x000000008e800000| PB 0x000000008e800000| Untracked 
| 169|0x000000008e900000, 0x000000008e900000, 0x000000008ea00000|  0%| F|  |TAMS 0x000000008e900000| PB 0x000000008e900000| Untracked 
| 170|0x000000008ea00000, 0x000000008ea00000, 0x000000008eb00000|  0%| F|  |TAMS 0x000000008ea00000| PB 0x000000008ea00000| Untracked 
| 171|0x000000008eb00000, 0x000000008eb00000, 0x000000008ec00000|  0%| F|  |TAMS 0x000000008eb00000| PB 0x000000008eb00000| Untracked 
| 172|0x000000008ec00000, 0x000000008ec00000, 0x000000008ed00000|  0%| F|  |TAMS 0x000000008ec00000| PB 0x000000008ec00000| Untracked 
| 173|0x000000008ed00000, 0x000000008ed00000, 0x000000008ee00000|  0%| F|  |TAMS 0x000000008ed00000| PB 0x000000008ed00000| Untracked 
| 174|0x000000008ee00000, 0x000000008ee00000, 0x000000008ef00000|  0%| F|  |TAMS 0x000000008ee00000| PB 0x000000008ee00000| Untracked 
| 175|0x000000008ef00000, 0x000000008ef00000, 0x000000008f000000|  0%| F|  |TAMS 0x000000008ef00000| PB 0x000000008ef00000| Untracked 
| 176|0x000000008f000000, 0x000000008f000000, 0x000000008f100000|  0%| F|  |TAMS 0x000000008f000000| PB 0x000000008f000000| Untracked 
| 177|0x000000008f100000, 0x000000008f100000, 0x000000008f200000|  0%| F|  |TAMS 0x000000008f100000| PB 0x000000008f100000| Untracked 
| 178|0x000000008f200000, 0x000000008f200000, 0x000000008f300000|  0%| F|  |TAMS 0x000000008f200000| PB 0x000000008f200000| Untracked 
| 179|0x000000008f300000, 0x000000008f300000, 0x000000008f400000|  0%| F|  |TAMS 0x000000008f300000| PB 0x000000008f300000| Untracked 
| 180|0x000000008f400000, 0x000000008f400000, 0x000000008f500000|  0%| F|  |TAMS 0x000000008f400000| PB 0x000000008f400000| Untracked 
| 181|0x000000008f500000, 0x000000008f500000, 0x000000008f600000|  0%| F|  |TAMS 0x000000008f500000| PB 0x000000008f500000| Untracked 
| 182|0x000000008f600000, 0x000000008f600000, 0x000000008f700000|  0%| F|  |TAMS 0x000000008f600000| PB 0x000000008f600000| Untracked 
| 183|0x000000008f700000, 0x000000008f700000, 0x000000008f800000|  0%| F|  |TAMS 0x000000008f700000| PB 0x000000008f700000| Untracked 
| 184|0x000000008f800000, 0x000000008f800000, 0x000000008f900000|  0%| F|  |TAMS 0x000000008f800000| PB 0x000000008f800000| Untracked 
| 185|0x000000008f900000, 0x000000008f900000, 0x000000008fa00000|  0%| F|  |TAMS 0x000000008f900000| PB 0x000000008f900000| Untracked 
| 186|0x000000008fa00000, 0x000000008fa00000, 0x000000008fb00000|  0%| F|  |TAMS 0x000000008fa00000| PB 0x000000008fa00000| Untracked 
| 187|0x000000008fb00000, 0x000000008fb00000, 0x000000008fc00000|  0%| F|  |TAMS 0x000000008fb00000| PB 0x000000008fb00000| Untracked 
| 188|0x000000008fc00000, 0x000000008fc00000, 0x000000008fd00000|  0%| F|  |TAMS 0x000000008fc00000| PB 0x000000008fc00000| Untracked 
| 189|0x000000008fd00000, 0x000000008fd00000, 0x000000008fe00000|  0%| F|  |TAMS 0x000000008fd00000| PB 0x000000008fd00000| Untracked 
| 190|0x000000008fe00000, 0x000000008fe00000, 0x000000008ff00000|  0%| F|  |TAMS 0x000000008fe00000| PB 0x000000008fe00000| Untracked 
| 191|0x000000008ff00000, 0x000000008ff00000, 0x0000000090000000|  0%| F|  |TAMS 0x000000008ff00000| PB 0x000000008ff00000| Untracked 
| 192|0x0000000090000000, 0x0000000090000000, 0x0000000090100000|  0%| F|  |TAMS 0x0000000090000000| PB 0x0000000090000000| Untracked 
| 193|0x0000000090100000, 0x0000000090100000, 0x0000000090200000|  0%| F|  |TAMS 0x0000000090100000| PB 0x0000000090100000| Untracked 
| 194|0x0000000090200000, 0x0000000090200000, 0x0000000090300000|  0%| F|  |TAMS 0x0000000090200000| PB 0x0000000090200000| Untracked 
| 195|0x0000000090300000, 0x0000000090300000, 0x0000000090400000|  0%| F|  |TAMS 0x0000000090300000| PB 0x0000000090300000| Untracked 
| 196|0x0000000090400000, 0x0000000090400000, 0x0000000090500000|  0%| F|  |TAMS 0x0000000090400000| PB 0x0000000090400000| Untracked 
| 197|0x0000000090500000, 0x0000000090500000, 0x0000000090600000|  0%| F|  |TAMS 0x0000000090500000| PB 0x0000000090500000| Untracked 
| 198|0x0000000090600000, 0x0000000090600000, 0x0000000090700000|  0%| F|  |TAMS 0x0000000090600000| PB 0x0000000090600000| Untracked 
| 199|0x0000000090700000, 0x0000000090700000, 0x0000000090800000|  0%| F|  |TAMS 0x0000000090700000| PB 0x0000000090700000| Untracked 
| 200|0x0000000090800000, 0x0000000090800000, 0x0000000090900000|  0%| F|  |TAMS 0x0000000090800000| PB 0x0000000090800000| Untracked 
| 201|0x0000000090900000, 0x0000000090900000, 0x0000000090a00000|  0%| F|  |TAMS 0x0000000090900000| PB 0x0000000090900000| Untracked 
| 202|0x0000000090a00000, 0x0000000090a00000, 0x0000000090b00000|  0%| F|  |TAMS 0x0000000090a00000| PB 0x0000000090a00000| Untracked 
| 203|0x0000000090b00000, 0x0000000090b00000, 0x0000000090c00000|  0%| F|  |TAMS 0x0000000090b00000| PB 0x0000000090b00000| Untracked 
| 204|0x0000000090c00000, 0x0000000090c00000, 0x0000000090d00000|  0%| F|  |TAMS 0x0000000090c00000| PB 0x0000000090c00000| Untracked 
| 205|0x0000000090d00000, 0x0000000090d00000, 0x0000000090e00000|  0%| F|  |TAMS 0x0000000090d00000| PB 0x0000000090d00000| Untracked 
| 206|0x0000000090e00000, 0x0000000090e00000, 0x0000000090f00000|  0%| F|  |TAMS 0x0000000090e00000| PB 0x0000000090e00000| Untracked 
| 207|0x0000000090f00000, 0x0000000090f00000, 0x0000000091000000|  0%| F|  |TAMS 0x0000000090f00000| PB 0x0000000090f00000| Untracked 
| 208|0x0000000091000000, 0x0000000091000000, 0x0000000091100000|  0%| F|  |TAMS 0x0000000091000000| PB 0x0000000091000000| Untracked 
| 209|0x0000000091100000, 0x0000000091100000, 0x0000000091200000|  0%| F|  |TAMS 0x0000000091100000| PB 0x0000000091100000| Untracked 
| 210|0x0000000091200000, 0x0000000091200000, 0x0000000091300000|  0%| F|  |TAMS 0x0000000091200000| PB 0x0000000091200000| Untracked 
| 211|0x0000000091300000, 0x0000000091300000, 0x0000000091400000|  0%| F|  |TAMS 0x0000000091300000| PB 0x0000000091300000| Untracked 
| 212|0x0000000091400000, 0x0000000091400000, 0x0000000091500000|  0%| F|  |TAMS 0x0000000091400000| PB 0x0000000091400000| Untracked 
| 213|0x0000000091500000, 0x0000000091500000, 0x0000000091600000|  0%| F|  |TAMS 0x0000000091500000| PB 0x0000000091500000| Untracked 
| 214|0x0000000091600000, 0x0000000091600000, 0x0000000091700000|  0%| F|  |TAMS 0x0000000091600000| PB 0x0000000091600000| Untracked 
| 215|0x0000000091700000, 0x0000000091700000, 0x0000000091800000|  0%| F|  |TAMS 0x0000000091700000| PB 0x0000000091700000| Untracked 
| 216|0x0000000091800000, 0x0000000091800000, 0x0000000091900000|  0%| F|  |TAMS 0x0000000091800000| PB 0x0000000091800000| Untracked 
| 217|0x0000000091900000, 0x0000000091900000, 0x0000000091a00000|  0%| F|  |TAMS 0x0000000091900000| PB 0x0000000091900000| Untracked 
| 218|0x0000000091a00000, 0x0000000091a00000, 0x0000000091b00000|  0%| F|  |TAMS 0x0000000091a00000| PB 0x0000000091a00000| Untracked 
| 219|0x0000000091b00000, 0x0000000091b00000, 0x0000000091c00000|  0%| F|  |TAMS 0x0000000091b00000| PB 0x0000000091b00000| Untracked 
| 220|0x0000000091c00000, 0x0000000091c00000, 0x0000000091d00000|  0%| F|  |TAMS 0x0000000091c00000| PB 0x0000000091c00000| Untracked 
| 221|0x0000000091d00000, 0x0000000091d00000, 0x0000000091e00000|  0%| F|  |TAMS 0x0000000091d00000| PB 0x0000000091d00000| Untracked 
| 222|0x0000000091e00000, 0x0000000091e00000, 0x0000000091f00000|  0%| F|  |TAMS 0x0000000091e00000| PB 0x0000000091e00000| Untracked 
| 223|0x0000000091f00000, 0x0000000091f00000, 0x0000000092000000|  0%| F|  |TAMS 0x0000000091f00000| PB 0x0000000091f00000| Untracked 
| 224|0x0000000092000000, 0x0000000092000000, 0x0000000092100000|  0%| F|  |TAMS 0x0000000092000000| PB 0x0000000092000000| Untracked 
| 225|0x0000000092100000, 0x0000000092100000, 0x0000000092200000|  0%| F|  |TAMS 0x0000000092100000| PB 0x0000000092100000| Untracked 
| 226|0x0000000092200000, 0x0000000092200000, 0x0000000092300000|  0%| F|  |TAMS 0x0000000092200000| PB 0x0000000092200000| Untracked 
| 227|0x0000000092300000, 0x0000000092300000, 0x0000000092400000|  0%| F|  |TAMS 0x0000000092300000| PB 0x0000000092300000| Untracked 
| 228|0x0000000092400000, 0x0000000092400000, 0x0000000092500000|  0%| F|  |TAMS 0x0000000092400000| PB 0x0000000092400000| Untracked 
| 229|0x0000000092500000, 0x0000000092500000, 0x0000000092600000|  0%| F|  |TAMS 0x0000000092500000| PB 0x0000000092500000| Untracked 
| 230|0x0000000092600000, 0x0000000092600000, 0x0000000092700000|  0%| F|  |TAMS 0x0000000092600000| PB 0x0000000092600000| Untracked 
| 231|0x0000000092700000, 0x0000000092700000, 0x0000000092800000|  0%| F|  |TAMS 0x0000000092700000| PB 0x0000000092700000| Untracked 
| 232|0x0000000092800000, 0x0000000092800000, 0x0000000092900000|  0%| F|  |TAMS 0x0000000092800000| PB 0x0000000092800000| Untracked 
| 233|0x0000000092900000, 0x0000000092900000, 0x0000000092a00000|  0%| F|  |TAMS 0x0000000092900000| PB 0x0000000092900000| Untracked 
| 234|0x0000000092a00000, 0x0000000092a00000, 0x0000000092b00000|  0%| F|  |TAMS 0x0000000092a00000| PB 0x0000000092a00000| Untracked 
| 235|0x0000000092b00000, 0x0000000092b00000, 0x0000000092c00000|  0%| F|  |TAMS 0x0000000092b00000| PB 0x0000000092b00000| Untracked 
| 236|0x0000000092c00000, 0x0000000092c00000, 0x0000000092d00000|  0%| F|  |TAMS 0x0000000092c00000| PB 0x0000000092c00000| Untracked 
| 237|0x0000000092d00000, 0x0000000092d00000, 0x0000000092e00000|  0%| F|  |TAMS 0x0000000092d00000| PB 0x0000000092d00000| Untracked 
| 238|0x0000000092e00000, 0x0000000092e00000, 0x0000000092f00000|  0%| F|  |TAMS 0x0000000092e00000| PB 0x0000000092e00000| Untracked 
| 239|0x0000000092f00000, 0x0000000092f00000, 0x0000000093000000|  0%| F|  |TAMS 0x0000000092f00000| PB 0x0000000092f00000| Untracked 
| 240|0x0000000093000000, 0x0000000093000000, 0x0000000093100000|  0%| F|  |TAMS 0x0000000093000000| PB 0x0000000093000000| Untracked 
| 241|0x0000000093100000, 0x0000000093100000, 0x0000000093200000|  0%| F|  |TAMS 0x0000000093100000| PB 0x0000000093100000| Untracked 
| 242|0x0000000093200000, 0x0000000093200000, 0x0000000093300000|  0%| F|  |TAMS 0x0000000093200000| PB 0x0000000093200000| Untracked 
| 243|0x0000000093300000, 0x0000000093300000, 0x0000000093400000|  0%| F|  |TAMS 0x0000000093300000| PB 0x0000000093300000| Untracked 
| 244|0x0000000093400000, 0x00000000934230a0, 0x0000000093500000| 13%| S|CS|TAMS 0x0000000093400000| PB 0x0000000093400000| Complete 
| 245|0x0000000093500000, 0x0000000093500000, 0x0000000093600000|  0%| F|  |TAMS 0x0000000093500000| PB 0x0000000093500000| Untracked 
| 246|0x0000000093600000, 0x0000000093600000, 0x0000000093700000|  0%| F|  |TAMS 0x0000000093600000| PB 0x0000000093600000| Untracked 
| 247|0x0000000093700000, 0x0000000093700000, 0x0000000093800000|  0%| F|  |TAMS 0x0000000093700000| PB 0x0000000093700000| Untracked 
| 248|0x0000000093800000, 0x0000000093800000, 0x0000000093900000|  0%| F|  |TAMS 0x0000000093800000| PB 0x0000000093800000| Untracked 
| 249|0x0000000093900000, 0x0000000093900000, 0x0000000093a00000|  0%| F|  |TAMS 0x0000000093900000| PB 0x0000000093900000| Untracked 
| 250|0x0000000093a00000, 0x0000000093a00000, 0x0000000093b00000|  0%| F|  |TAMS 0x0000000093a00000| PB 0x0000000093a00000| Untracked 
| 251|0x0000000093b00000, 0x0000000093b00000, 0x0000000093c00000|  0%| F|  |TAMS 0x0000000093b00000| PB 0x0000000093b00000| Untracked 
| 252|0x0000000093c00000, 0x0000000093c00000, 0x0000000093d00000|  0%| F|  |TAMS 0x0000000093c00000| PB 0x0000000093c00000| Untracked 
| 253|0x0000000093d00000, 0x0000000093d00000, 0x0000000093e00000|  0%| F|  |TAMS 0x0000000093d00000| PB 0x0000000093d00000| Untracked 
| 254|0x0000000093e00000, 0x0000000093e00000, 0x0000000093f00000|  0%| F|  |TAMS 0x0000000093e00000| PB 0x0000000093e00000| Untracked 
| 255|0x0000000093f00000, 0x0000000093f00000, 0x0000000094000000|  0%| F|  |TAMS 0x0000000093f00000| PB 0x0000000093f00000| Untracked 

Card table byte_map: [0x00000273f06d0000,0x00000273f0ab0000] _byte_map_base: 0x00000273f02b0000

Marking Bits: (CMBitMap*) 0x00000273e2ab3d50
 Bits: [0x00000273f0ab0000, 0x00000273f29b0000)

Polling page: 0x00000273e29d0000

Metaspace:

Usage:
  Non-class:     42.45 MB used.
      Class:      6.16 MB used.
       Both:     48.61 MB used.

Virtual space:
  Non-class space:       64.00 MB reserved,      43.00 MB ( 67%) committed,  1 nodes.
      Class space:        1.00 GB reserved,       6.44 MB ( <1%) committed,  1 nodes.
             Both:        1.06 GB reserved,      49.44 MB (  5%) committed. 

Chunk freelists:
   Non-Class:  4.54 MB
       Class:  9.59 MB
        Both:  14.13 MB

MaxMetaspaceSize: unlimited
CompressedClassSpaceSize: 1.00 GB
Initial GC threshold: 21.00 MB
Current GC threshold: 82.44 MB
CDS: on
 - commit_granule_bytes: 65536.
 - commit_granule_words: 8192.
 - virtual_space_node_default_size: 8388608.
 - enlarge_chunks_in_place: 1.
 - use_allocation_guard: 0.


Internal statistics:

num_allocs_failed_limit: 6.
num_arena_births: 1892.
num_arena_deaths: 1106.
num_vsnodes_births: 2.
num_vsnodes_deaths: 0.
num_space_committed: 791.
num_space_uncommitted: 0.
num_chunks_returned_to_freelist: 1554.
num_chunks_taken_from_freelist: 4514.
num_chunk_merges: 278.
num_chunk_splits: 2279.
num_chunks_enlarged: 1475.
num_inconsistent_stats: 0.

CodeCache: size=49152Kb used=17910Kb max_used=19466Kb free=31241Kb
 bounds [0x00000273eca10000, 0x00000273edd60000, 0x00000273efa10000]
 total_blobs=9001, nmethods=8342, adapters=582, full_count=0
Compilation: enabled, stopped_count=0, restarted_count=0

Compilation events (20 events):
Event: 10528.921 Thread 0x00000273f5492b30 15196       1       com.sun.jersey.spi.service.ServiceFinder::toClassArray (66 bytes)
Event: 10528.942 Thread 0x00000273f5492b30 nmethod 15196 0x00000273edbb1810 code [0x00000273edbb1a40, 0x00000273edbb1f88]
Event: 10529.352 Thread 0x00000273f5492b30 15197       1       sun.net.www.protocol.http.HttpURLConnection::streaming (33 bytes)
Event: 10529.353 Thread 0x00000273f5492b30 nmethod 15197 0x00000273edbb1510 code [0x00000273edbb16a0, 0x00000273edbb17a8]
Event: 10531.512 Thread 0x00000273f5492b30 15198       1       sun.nio.ch.SelectionKeyImpl::nioReadyOps (5 bytes)
Event: 10531.512 Thread 0x00000273f5492b30 nmethod 15198 0x00000273edbb1210 code [0x00000273edbb13a0, 0x00000273edbb1468]
Event: 10531.512 Thread 0x00000273f5492b30 15199       1       sun.nio.ch.SelectionKeyImpl::nioInterestOps (5 bytes)
Event: 10531.512 Thread 0x00000273f5492b30 nmethod 15199 0x00000273edbb0f10 code [0x00000273edbb10a0, 0x00000273edbb1168]
Event: 10541.646 Thread 0x00000273f5492b30 15200       1       org.springframework.http.MediaType::copyQualityValue (61 bytes)
Event: 10541.651 Thread 0x00000273f5492b30 nmethod 15200 0x00000273edbb0710 code [0x00000273edbb0920, 0x00000273edbb0ce8]
Event: 10541.653 Thread 0x00000273f5492b30 15201       1       sun.nio.ch.SelectionKeyImpl::channel (8 bytes)
Event: 10541.653 Thread 0x00000273f5492b30 nmethod 15201 0x00000273edbb0410 code [0x00000273edbb05a0, 0x00000273edbb06a8]
Event: 10547.487 Thread 0x00000273f5492b30 15202       1       org.apache.coyote.http11.Http11InputBuffer$HeaderParseData::recycle (26 bytes)
Event: 10547.491 Thread 0x00000273f5492b30 nmethod 15202 0x00000273edbb0110 code [0x00000273edbb02a0, 0x00000273edbb03a8]
Event: 10616.098 Thread 0x00000273f5492b30 15203       1       org.apache.coyote.Request::getContentType (32 bytes)
Event: 10616.127 Thread 0x00000273f5492b30 nmethod 15203 0x00000273edbafc10 code [0x00000273edbafde0, 0x00000273edbaffe0]
Event: 10616.128 Thread 0x00000273f5492b30 15204       1       org.apache.coyote.Request::contentType (26 bytes)
Event: 10616.128 Thread 0x00000273f5492b30 nmethod 15204 0x00000273edbaf810 code [0x00000273edbaf9c0, 0x00000273edbafb30]
Event: 10616.249 Thread 0x00000273f5492b30 15205       1       org.springframework.web.method.support.HandlerMethodArgumentResolverComposite::supportsParameter (14 bytes)
Event: 10616.253 Thread 0x00000273f5492b30 nmethod 15205 0x00000273edbaf490 code [0x00000273edbaf640, 0x00000273edbaf738]

GC Heap History (20 events):
Event: 10330.519 GC heap after
{Heap after GC invocations=241 (full 4):
 garbage-first heap   total 262144K, used 34080K [0x0000000084000000, 0x0000000100000000)
  region size 1024K, 2 young (2048K), 2 survivors (2048K)
 Metaspace       used 49695K, committed 50624K, reserved 1114112K
  class space    used 6297K, committed 6592K, reserved 1048576K
}
Event: 10334.150 GC heap before
{Heap before GC invocations=241 (full 4):
 garbage-first heap   total 262144K, used 44320K [0x0000000084000000, 0x0000000100000000)
  region size 1024K, 12 young (12288K), 2 survivors (2048K)
 Metaspace       used 49695K, committed 50624K, reserved 1114112K
  class space    used 6297K, committed 6592K, reserved 1048576K
}
Event: 10334.670 GC heap after
{Heap after GC invocations=242 (full 4):
 garbage-first heap   total 262144K, used 33176K [0x0000000084000000, 0x0000000100000000)
  region size 1024K, 1 young (1024K), 1 survivors (1024K)
 Metaspace       used 49695K, committed 50624K, reserved 1114112K
  class space    used 6297K, committed 6592K, reserved 1048576K
}
Event: 10338.897 GC heap before
{Heap before GC invocations=242 (full 4):
 garbage-first heap   total 262144K, used 44440K [0x0000000084000000, 0x0000000100000000)
  region size 1024K, 12 young (12288K), 1 survivors (1024K)
 Metaspace       used 49695K, committed 50624K, reserved 1114112K
  class space    used 6297K, committed 6592K, reserved 1048576K
}
Event: 10339.122 GC heap after
{Heap after GC invocations=243 (full 4):
 garbage-first heap   total 262144K, used 32375K [0x0000000084000000, 0x0000000100000000)
  region size 1024K, 1 young (1024K), 1 survivors (1024K)
 Metaspace       used 49695K, committed 50624K, reserved 1114112K
  class space    used 6297K, committed 6592K, reserved 1048576K
}
Event: 10343.570 GC heap before
{Heap before GC invocations=243 (full 4):
 garbage-first heap   total 262144K, used 43639K [0x0000000084000000, 0x0000000100000000)
  region size 1024K, 12 young (12288K), 1 survivors (1024K)
 Metaspace       used 49695K, committed 50624K, reserved 1114112K
  class space    used 6297K, committed 6592K, reserved 1048576K
}
Event: 10343.579 GC heap after
{Heap after GC invocations=244 (full 4):
 garbage-first heap   total 262144K, used 34007K [0x0000000084000000, 0x0000000100000000)
  region size 1024K, 2 young (2048K), 2 survivors (2048K)
 Metaspace       used 49695K, committed 50624K, reserved 1114112K
  class space    used 6297K, committed 6592K, reserved 1048576K
}
Event: 10347.337 GC heap before
{Heap before GC invocations=244 (full 4):
 garbage-first heap   total 262144K, used 44247K [0x0000000084000000, 0x0000000100000000)
  region size 1024K, 12 young (12288K), 2 survivors (2048K)
 Metaspace       used 49695K, committed 50624K, reserved 1114112K
  class space    used 6297K, committed 6592K, reserved 1048576K
}
Event: 10347.350 GC heap after
{Heap after GC invocations=245 (full 4):
 garbage-first heap   total 262144K, used 32943K [0x0000000084000000, 0x0000000100000000)
  region size 1024K, 1 young (1024K), 1 survivors (1024K)
 Metaspace       used 49695K, committed 50624K, reserved 1114112K
  class space    used 6297K, committed 6592K, reserved 1048576K
}
Event: 10403.550 GC heap before
{Heap before GC invocations=245 (full 4):
 garbage-first heap   total 262144K, used 188591K [0x0000000084000000, 0x0000000100000000)
  region size 1024K, 153 young (156672K), 1 survivors (1024K)
 Metaspace       used 49695K, committed 50624K, reserved 1114112K
  class space    used 6297K, committed 6592K, reserved 1048576K
}
Event: 10403.557 GC heap after
{Heap after GC invocations=246 (full 4):
 garbage-first heap   total 262144K, used 34054K [0x0000000084000000, 0x0000000100000000)
  region size 1024K, 2 young (2048K), 2 survivors (2048K)
 Metaspace       used 49695K, committed 50624K, reserved 1114112K
  class space    used 6297K, committed 6592K, reserved 1048576K
}
Event: 10462.765 GC heap before
{Heap before GC invocations=246 (full 4):
 garbage-first heap   total 262144K, used 187654K [0x0000000084000000, 0x0000000100000000)
  region size 1024K, 153 young (156672K), 2 survivors (2048K)
 Metaspace       used 49774K, committed 50624K, reserved 1114112K
  class space    used 6310K, committed 6592K, reserved 1048576K
}
Event: 10462.829 GC heap after
{Heap after GC invocations=247 (full 4):
 garbage-first heap   total 262144K, used 33503K [0x0000000084000000, 0x0000000100000000)
  region size 1024K, 2 young (2048K), 2 survivors (2048K)
 Metaspace       used 49774K, committed 50624K, reserved 1114112K
  class space    used 6310K, committed 6592K, reserved 1048576K
}
Event: 10600.733 GC heap before
{Heap before GC invocations=247 (full 4):
 garbage-first heap   total 262144K, used 188127K [0x0000000084000000, 0x0000000100000000)
  region size 1024K, 153 young (156672K), 2 survivors (2048K)
 Metaspace       used 49776K, committed 50624K, reserved 1114112K
  class space    used 6310K, committed 6592K, reserved 1048576K
}
Event: 10601.805 GC heap after
{Heap after GC invocations=248 (full 4):
 garbage-first heap   total 262144K, used 33461K [0x0000000084000000, 0x0000000100000000)
  region size 1024K, 2 young (2048K), 2 survivors (2048K)
 Metaspace       used 49776K, committed 50624K, reserved 1114112K
  class space    used 6310K, committed 6592K, reserved 1048576K
}
Event: 10606.640 GC heap before
{Heap before GC invocations=248 (full 4):
 garbage-first heap   total 262144K, used 43701K [0x0000000084000000, 0x0000000100000000)
  region size 1024K, 12 young (12288K), 2 survivors (2048K)
 Metaspace       used 49776K, committed 50624K, reserved 1114112K
  class space    used 6310K, committed 6592K, reserved 1048576K
}
Event: 10607.802 GC heap after
{Heap after GC invocations=249 (full 4):
 garbage-first heap   total 262144K, used 34467K [0x0000000084000000, 0x0000000100000000)
  region size 1024K, 2 young (2048K), 2 survivors (2048K)
 Metaspace       used 49776K, committed 50624K, reserved 1114112K
  class space    used 6310K, committed 6592K, reserved 1048576K
}
Event: 10611.853 GC heap before
{Heap before GC invocations=249 (full 4):
 garbage-first heap   total 262144K, used 44707K [0x0000000084000000, 0x0000000100000000)
  region size 1024K, 12 young (12288K), 2 survivors (2048K)
 Metaspace       used 49776K, committed 50624K, reserved 1114112K
  class space    used 6310K, committed 6592K, reserved 1048576K
}
Event: 10612.096 GC heap after
{Heap after GC invocations=250 (full 4):
 garbage-first heap   total 262144K, used 33712K [0x0000000084000000, 0x0000000100000000)
  region size 1024K, 1 young (1024K), 1 survivors (1024K)
 Metaspace       used 49776K, committed 50624K, reserved 1114112K
  class space    used 6310K, committed 6592K, reserved 1048576K
}
Event: 10616.352 GC heap before
{Heap before GC invocations=250 (full 4):
 garbage-first heap   total 262144K, used 44976K [0x0000000084000000, 0x0000000100000000)
  region size 1024K, 12 young (12288K), 1 survivors (1024K)
 Metaspace       used 49776K, committed 50624K, reserved 1114112K
  class space    used 6310K, committed 6592K, reserved 1048576K
}

Dll operation events (10 events):
Event: 0.009 Loaded shared library C:\Users\Glymin Terra Selasi\AppData\Roaming\Trae\User\globalStorage\pleiades.java-extension-pack-jdk\java\21\bin\java.dll
Event: 0.114 Loaded shared library C:\Users\Glymin Terra Selasi\AppData\Roaming\Trae\User\globalStorage\pleiades.java-extension-pack-jdk\java\21\bin\net.dll
Event: 0.117 Loaded shared library C:\Users\Glymin Terra Selasi\AppData\Roaming\Trae\User\globalStorage\pleiades.java-extension-pack-jdk\java\21\bin\nio.dll
Event: 0.122 Loaded shared library C:\Users\Glymin Terra Selasi\AppData\Roaming\Trae\User\globalStorage\pleiades.java-extension-pack-jdk\java\21\bin\zip.dll
Event: 0.222 Loaded shared library C:\Users\Glymin Terra Selasi\AppData\Roaming\Trae\User\globalStorage\pleiades.java-extension-pack-jdk\java\21\bin\jimage.dll
Event: 0.523 Loaded shared library C:\Users\Glymin Terra Selasi\AppData\Roaming\Trae\User\globalStorage\pleiades.java-extension-pack-jdk\java\21\bin\management.dll
Event: 0.532 Loaded shared library C:\Users\Glymin Terra Selasi\AppData\Roaming\Trae\User\globalStorage\pleiades.java-extension-pack-jdk\java\21\bin\management_ext.dll
Event: 1.579 Loaded shared library C:\Users\Glymin Terra Selasi\AppData\Roaming\Trae\User\globalStorage\pleiades.java-extension-pack-jdk\java\21\bin\sunmscapi.dll
Event: 30.403 Loaded shared library C:\Users\Glymin Terra Selasi\AppData\Roaming\Trae\User\globalStorage\pleiades.java-extension-pack-jdk\java\21\bin\extnet.dll
Event: 57.998 Loaded shared library C:\Users\Glymin Terra Selasi\AppData\Roaming\Trae\User\globalStorage\pleiades.java-extension-pack-jdk\java\21\bin\verify.dll

Deoptimization events (10 events):
Event: 26.570 Thread 0x00000273fa4694b0 DEOPT PACKING pc=0x00000273ed017ab9 sp=0x0000008b86ffda70
Event: 26.570 Thread 0x00000273fa4694b0 DEOPT UNPACKING pc=0x00000273eca686e2 sp=0x0000008b86ffcf78 mode 3
Event: 26.571 Thread 0x00000273fa4694b0 DEOPT PACKING pc=0x00000273ecfef002 sp=0x0000008b86ffda30
Event: 26.571 Thread 0x00000273fa4694b0 DEOPT UNPACKING pc=0x00000273eca686e2 sp=0x0000008b86ffcf78 mode 3
Event: 36.780 Thread 0x00000273fb602e60 DEOPT PACKING pc=0x00000273ed58fbec sp=0x0000008b86afb650
Event: 36.780 Thread 0x00000273fb602e60 DEOPT UNPACKING pc=0x00000273eca686e2 sp=0x0000008b86afabd0 mode 0
Event: 36.780 Thread 0x00000273fb602e60 DEOPT PACKING pc=0x00000273ed58fa9c sp=0x0000008b86afb7b0
Event: 36.780 Thread 0x00000273fb602e60 DEOPT UNPACKING pc=0x00000273eca686e2 sp=0x0000008b86afad20 mode 0
Event: 1537.792 Thread 0x00000273fb600d90 DEOPT PACKING pc=0x00000273ecb765b0 sp=0x0000008b880fe540
Event: 1537.795 Thread 0x00000273fb600d90 DEOPT UNPACKING pc=0x00000273eca686e2 sp=0x0000008b880fdaf0 mode 3

Classes loaded (20 events):
Event: 9561.754 Loading class java/lang/userInfo
Event: 9561.758 Loading class java/lang/userInfo done
Event: 9561.817 Loading class java/lang/userInfo
Event: 9561.817 Loading class java/lang/userInfo done
Event: 9561.840 Loading class java/lang/userInfo
Event: 9561.840 Loading class java/lang/userInfo done
Event: 9671.524 Loading class java/lang/userInfo
Event: 9671.533 Loading class java/lang/userInfo done
Event: 9671.641 Loading class java/lang/userInfo
Event: 9671.641 Loading class java/lang/userInfo done
Event: 9671.664 Loading class java/lang/userInfo
Event: 9671.665 Loading class java/lang/userInfo done
Event: 10440.212 Loading class java/io/SerializableBeanInfo
Event: 10440.217 Loading class java/io/SerializableBeanInfo done
Event: 10440.218 Loading class java/io/SerializableBeanInfo
Event: 10440.218 Loading class java/io/SerializableBeanInfo done
Event: 10440.220 Loading class java/io/SerializableCustomizer
Event: 10440.222 Loading class java/io/SerializableCustomizer done
Event: 10440.224 Loading class java/io/SerializableCustomizer
Event: 10440.224 Loading class java/io/SerializableCustomizer done

Classes unloaded (20 events):
Event: 9510.062 Thread 0x00000273f545d0b0 Unloading class 0x0000027381664dc8 'com/mit/ticket_mgt_app/exceptions/GlobalExceptionHandler'
Event: 9510.062 Thread 0x00000273f545d0b0 Unloading class 0x0000027381662370 'com/mit/ticket_mgt_app/controllers/rest/UserRest'
Event: 9510.062 Thread 0x00000273f545d0b0 Unloading class 0x0000027381662000 'com/mit/ticket_mgt_app/controllers/rest/TicketRest'
Event: 9510.062 Thread 0x00000273f545d0b0 Unloading class 0x0000027381664b98 'com/mit/ticket_mgt_app/controllers/rest/ProductRest'
Event: 9510.062 Thread 0x00000273f545d0b0 Unloading class 0x0000027381664948 'com/mit/ticket_mgt_app/controllers/rest/OrganizationRest'
Event: 9510.063 Thread 0x00000273f545d0b0 Unloading class 0x0000027381664730 'com/mit/ticket_mgt_app/controllers/rest/CategoryRest'
Event: 9510.063 Thread 0x00000273f545d0b0 Unloading class 0x00000273816644c0 'com/mit/ticket_mgt_app/controllers/rest/AppointmentRest'
Event: 9510.063 Thread 0x00000273f545d0b0 Unloading class 0x0000027381664218 'com/mit/ticket_mgt_app/controllers/PageController'
Event: 9510.063 Thread 0x00000273f545d0b0 Unloading class 0x0000027381664000 'com/mit/ticket_mgt_app/controllers/MailController'
Event: 9510.063 Thread 0x00000273f545d0b0 Unloading class 0x0000027381658d80 'com/mit/ticket_mgt_app/controllers/AuthController'
Event: 9510.063 Thread 0x00000273f545d0b0 Unloading class 0x0000027381658b38 'com/mit/ticket_mgt_app/config/WebServiceURLConfig'
Event: 9510.063 Thread 0x00000273f545d0b0 Unloading class 0x0000027381658800 'com/mit/ticket_mgt_app/config/WebMvcConfig'
Event: 9510.063 Thread 0x00000273f545d0b0 Unloading class 0x0000027381668c20 'com/mit/ticket_mgt_app/config/SecurityConfig'
Event: 9510.063 Thread 0x00000273f545d0b0 Unloading class 0x0000027381668a08 'com/mit/ticket_mgt_app/config/MailConfig'
Event: 9510.063 Thread 0x00000273f545d0b0 Unloading class 0x0000027381668800 'com/mit/ticket_mgt_app/TicketMgtAppApplication'
Event: 9510.063 Thread 0x00000273f545d0b0 Unloading class 0x0000027381653800 'jdk/internal/reflect/GeneratedSerializationConstructorAccessor13'
Event: 9510.063 Thread 0x00000273f545d0b0 Unloading class 0x000002738165a800 'jdk/internal/reflect/GeneratedSerializationConstructorAccessor12'
Event: 9510.063 Thread 0x00000273f545d0b0 Unloading class 0x000002738165b800 'jdk/internal/reflect/GeneratedSerializationConstructorAccessor11'
Event: 9510.063 Thread 0x00000273f545d0b0 Unloading class 0x000002738165d400 'jdk/internal/reflect/GeneratedSerializationConstructorAccessor10'
Event: 9510.063 Thread 0x00000273f545d0b0 Unloading class 0x0000027381549800 'java/lang/invoke/LambdaForm$MH+0x0000027381549800'

Classes redefined (0 events):
No events

Internal exceptions (20 events):
Event: 10528.752 Thread 0x00000273fb870450 Exception <a 'java/lang/NoClassDefFoundError'{0x0000000090597448}: javax/xml/bind/JAXBException> (0x0000000090597448) 
thrown [s\src\hotspot\share\classfile\systemDictionary.cpp, line 301]
Event: 10528.756 Thread 0x00000273fb870450 Exception <a 'java/lang/NoClassDefFoundError'{0x00000000905a0c80}: javax/xml/bind/JAXBException> (0x00000000905a0c80) 
thrown [s\src\hotspot\share\classfile\systemDictionary.cpp, line 301]
Event: 10528.761 Thread 0x00000273fb870450 Exception <a 'java/lang/NoClassDefFoundError'{0x00000000905aa490}: javax/xml/bind/JAXBException> (0x00000000905aa490) 
thrown [s\src\hotspot\share\classfile\systemDictionary.cpp, line 301]
Event: 10528.768 Thread 0x00000273fb870450 Exception <a 'java/lang/NoClassDefFoundError'{0x00000000905b3cb8}: javax/xml/bind/JAXBException> (0x00000000905b3cb8) 
thrown [s\src\hotspot\share\classfile\systemDictionary.cpp, line 301]
Event: 10528.772 Thread 0x00000273fb870450 Exception <a 'java/lang/NoClassDefFoundError'{0x00000000905bd4f0}: javax/xml/bind/JAXBException> (0x00000000905bd4f0) 
thrown [s\src\hotspot\share\classfile\systemDictionary.cpp, line 301]
Event: 10528.775 Thread 0x00000273fb870450 Exception <a 'java/lang/NoClassDefFoundError'{0x00000000905c6cf0}: javax/xml/bind/JAXBException> (0x00000000905c6cf0) 
thrown [s\src\hotspot\share\classfile\systemDictionary.cpp, line 301]
Event: 10528.873 Thread 0x00000273fb870450 Exception <a 'java/lang/NoClassDefFoundError'{0x0000000090440d70}: javax/xml/bind/JAXBException> (0x0000000090440d70) 
thrown [s\src\hotspot\share\classfile\systemDictionary.cpp, line 301]
Event: 10528.876 Thread 0x00000273fb870450 Exception <a 'java/lang/NoClassDefFoundError'{0x000000009044a578}: javax/xml/bind/JAXBException> (0x000000009044a578) 
thrown [s\src\hotspot\share\classfile\systemDictionary.cpp, line 301]
Event: 10528.879 Thread 0x00000273fb870450 Exception <a 'java/lang/NoClassDefFoundError'{0x0000000090453d98}: javax/xml/bind/JAXBException> (0x0000000090453d98) 
thrown [s\src\hotspot\share\classfile\systemDictionary.cpp, line 301]
Event: 10528.938 Thread 0x00000273fb870450 Exception <a 'java/lang/NoClassDefFoundError'{0x0000000090487aa8}: javax/activation/DataSource> (0x0000000090487aa8) 
thrown [s\src\hotspot\share\classfile\systemDictionary.cpp, line 301]
Event: 10528.942 Thread 0x00000273fb870450 Exception <a 'java/lang/NoClassDefFoundError'{0x00000000904912c0}: javax/mail/MessagingException> (0x00000000904912c0) 
thrown [s\src\hotspot\share\classfile\systemDictionary.cpp, line 301]
Event: 10528.946 Thread 0x00000273fb870450 Exception <a 'java/lang/NoClassDefFoundError'{0x000000009049ab10}: javax/xml/bind/JAXBException> (0x000000009049ab10) 
thrown [s\src\hotspot\share\classfile\systemDictionary.cpp, line 301]
Event: 10528.955 Thread 0x00000273fb870450 Exception <a 'java/lang/NoClassDefFoundError'{0x00000000904a4388}: javax/xml/bind/JAXBException> (0x00000000904a4388) 
thrown [s\src\hotspot\share\classfile\systemDictionary.cpp, line 301]
Event: 10528.975 Thread 0x00000273fb870450 Exception <a 'java/lang/NoClassDefFoundError'{0x00000000904adbb0}: javax/xml/bind/JAXBException> (0x00000000904adbb0) 
thrown [s\src\hotspot\share\classfile\systemDictionary.cpp, line 301]
Event: 10528.980 Thread 0x00000273fb870450 Exception <a 'java/lang/NoClassDefFoundError'{0x00000000904b73c8}: javax/xml/bind/JAXBException> (0x00000000904b73c8) 
thrown [s\src\hotspot\share\classfile\systemDictionary.cpp, line 301]
Event: 10528.992 Thread 0x00000273fb870450 Exception <a 'java/lang/NoClassDefFoundError'{0x00000000904c0bc8}: javax/xml/bind/JAXBException> (0x00000000904c0bc8) 
thrown [s\src\hotspot\share\classfile\systemDictionary.cpp, line 301]
Event: 10529.000 Thread 0x00000273fb870450 Exception <a 'java/lang/NoClassDefFoundError'{0x0000000090308210}: javax/xml/bind/JAXBException> (0x0000000090308210) 
thrown [s\src\hotspot\share\classfile\systemDictionary.cpp, line 301]
Event: 10529.003 Thread 0x00000273fb870450 Exception <a 'java/lang/NoClassDefFoundError'{0x0000000090311a30}: javax/xml/bind/JAXBException> (0x0000000090311a30) 
thrown [s\src\hotspot\share\classfile\systemDictionary.cpp, line 301]
Event: 10529.005 Thread 0x00000273fb870450 Exception <a 'java/lang/NoClassDefFoundError'{0x000000009031b248}: javax/xml/bind/JAXBException> (0x000000009031b248) 
thrown [s\src\hotspot\share\classfile\systemDictionary.cpp, line 301]
Event: 10529.007 Thread 0x00000273fb870450 Exception <a 'java/lang/NoClassDefFoundError'{0x0000000090324a70}: javax/xml/bind/JAXBException> (0x0000000090324a70) 
thrown [s\src\hotspot\share\classfile\systemDictionary.cpp, line 301]

ZGC Phase Switch (0 events):
No events

VM Operations (20 events):
Event: 10485.660 Executing VM operation: RendezvousGCThreads done
Event: 10518.931 Executing VM operation: Cleanup
Event: 10518.977 Executing VM operation: Cleanup done
Event: 10526.049 Executing VM operation: Cleanup
Event: 10526.064 Executing VM operation: Cleanup done
Event: 10528.076 Executing VM operation: Cleanup
Event: 10528.113 Executing VM operation: Cleanup done
Event: 10529.119 Executing VM operation: Cleanup
Event: 10529.136 Executing VM operation: Cleanup done
Event: 10545.902 Executing VM operation: HandshakeAllThreads (HandshakeForDeflation)
Event: 10545.916 Executing VM operation: HandshakeAllThreads (HandshakeForDeflation) done
Event: 10545.916 Executing VM operation: RendezvousGCThreads
Event: 10545.916 Executing VM operation: RendezvousGCThreads done
Event: 10599.788 Executing VM operation: G1CollectForAllocation (G1 Evacuation Pause)
Event: 10601.809 Executing VM operation: G1CollectForAllocation (G1 Evacuation Pause) done
Event: 10606.640 Executing VM operation: G1CollectForAllocation (G1 Evacuation Pause)
Event: 10607.802 Executing VM operation: G1CollectForAllocation (G1 Evacuation Pause) done
Event: 10611.853 Executing VM operation: G1CollectForAllocation (G1 Evacuation Pause)
Event: 10612.096 Executing VM operation: G1CollectForAllocation (G1 Evacuation Pause) done
Event: 10616.352 Executing VM operation: G1CollectForAllocation (G1 Evacuation Pause)

Memory protections (0 events):
No events

Nmethod flushes (20 events):
Event: 9510.181 Thread 0x00000273f545d0b0 flushing  nmethod 0x00000273ecd5e190
Event: 9510.181 Thread 0x00000273f545d0b0 flushing  nmethod 0x00000273ecd60690
Event: 9510.181 Thread 0x00000273f545d0b0 flushing  nmethod 0x00000273ecd87110
Event: 9510.181 Thread 0x00000273f545d0b0 flushing  nmethod 0x00000273ecd9c510
Event: 9510.181 Thread 0x00000273f545d0b0 flushing  nmethod 0x00000273ecdbbc10
Event: 9510.181 Thread 0x00000273f545d0b0 flushing  nmethod 0x00000273ed12a410
Event: 9510.181 Thread 0x00000273f545d0b0 flushing  nmethod 0x00000273ed68af90
Event: 9510.181 Thread 0x00000273f545d0b0 flushing  nmethod 0x00000273ecc08290
Event: 9510.181 Thread 0x00000273f545d0b0 flushing  nmethod 0x00000273ecc0af90
Event: 9510.181 Thread 0x00000273f545d0b0 flushing  nmethod 0x00000273ece53b10
Event: 9510.181 Thread 0x00000273f545d0b0 flushing  nmethod 0x00000273ed526590
Event: 9510.181 Thread 0x00000273f545d0b0 flushing  nmethod 0x00000273ecc70310
Event: 9510.181 Thread 0x00000273f545d0b0 flushing  nmethod 0x00000273ecd59510
Event: 9510.181 Thread 0x00000273f545d0b0 flushing  nmethod 0x00000273ecf23310
Event: 9510.181 Thread 0x00000273f545d0b0 flushing  nmethod 0x00000273ecdf2c10
Event: 9510.181 Thread 0x00000273f545d0b0 flushing  nmethod 0x00000273ecdf9e10
Event: 9510.181 Thread 0x00000273f545d0b0 flushing  nmethod 0x00000273ece0fc90
Event: 9510.181 Thread 0x00000273f545d0b0 flushing  nmethod 0x00000273ece2a190
Event: 9510.181 Thread 0x00000273f545d0b0 flushing  nmethod 0x00000273ed43a610
Event: 9510.181 Thread 0x00000273f545d0b0 flushing  nmethod 0x00000273ed534e10

Events (20 events):
Event: 9682.226 Thread 0x00000273fb5f32c0 Thread exited: 0x00000273fb5f32c0
Event: 9742.341 Thread 0x00000273fb603b80 Thread exited: 0x00000273fb603b80
Event: 10061.292 Thread 0x00000273fb86bc20 Thread added: 0x00000273fb603b80
Event: 10063.929 Thread 0x00000273f5492b30 Thread added: 0x00000273fb5f4730
Event: 10068.999 Thread 0x00000273fb5f4730 Thread exited: 0x00000273fb5f4730
Event: 10127.131 Thread 0x00000273fb603b80 Thread exited: 0x00000273fb603b80
Event: 10439.656 Thread 0x00000273fb871800 Thread added: 0x00000273fb603b80
Event: 10439.753 Thread 0x00000273f5492b30 Thread added: 0x00000273fb5f4730
Event: 10439.754 Thread 0x00000273f5492b30 Thread added: 0x00000273fb5f10b0
Event: 10439.754 Thread 0x00000273f5492b30 Thread added: 0x00000273fb5f1780
Event: 10441.279 Thread 0x00000273fb5f1780 Thread exited: 0x00000273fb5f1780
Event: 10441.439 Thread 0x00000273fb5f10b0 Thread exited: 0x00000273fb5f10b0
Event: 10447.391 Thread 0x00000273fb5f4730 Thread exited: 0x00000273fb5f4730
Event: 10509.942 Thread 0x00000273f5492b30 Thread added: 0x00000273fb5f10b0
Event: 10509.994 Thread 0x00000273f5492b30 Thread added: 0x00000273fb5f32c0
Event: 10509.994 Thread 0x00000273f5492b30 Thread added: 0x00000273fb5f1e50
Event: 10516.899 Thread 0x00000273fb5f1e50 Thread exited: 0x00000273fb5f1e50
Event: 10517.346 Thread 0x00000273fb5f32c0 Thread exited: 0x00000273fb5f32c0
Event: 10523.376 Thread 0x00000273fb5f10b0 Thread exited: 0x00000273fb5f10b0
Event: 10608.319 Thread 0x00000273fb603b80 Thread exited: 0x00000273fb603b80


Dynamic libraries:
0x00007ff706070000 - 0x00007ff70607e000 	C:\Users\Glymin Terra Selasi\AppData\Roaming\Trae\User\globalStorage\pleiades.java-extension-pack-jdk\java\21\bin\java.exe
0x00007ffdd3e20000 - 0x00007ffdd4088000 	C:\WINDOWS\SYSTEM32\ntdll.dll
0x00007ffdd2bb0000 - 0x00007ffdd2c79000 	C:\WINDOWS\System32\KERNEL32.DLL
0x00007ffdd0fe0000 - 0x00007ffdd13d2000 	C:\WINDOWS\System32\KERNELBASE.dll
0x00007ffdd1940000 - 0x00007ffdd1a8b000 	C:\WINDOWS\System32\ucrtbase.dll
0x00007ffdb3eb0000 - 0x00007ffdb3ece000 	C:\Users\Glymin Terra Selasi\AppData\Roaming\Trae\User\globalStorage\pleiades.java-extension-pack-jdk\java\21\bin\VCRUNTIME140.dll
0x00007ffdba5d0000 - 0x00007ffdba5e8000 	C:\Users\Glymin Terra Selasi\AppData\Roaming\Trae\User\globalStorage\pleiades.java-extension-pack-jdk\java\21\bin\jli.dll
0x00007ffdd3b90000 - 0x00007ffdd3d55000 	C:\WINDOWS\System32\USER32.dll
0x00007ffdd0fb0000 - 0x00007ffdd0fd7000 	C:\WINDOWS\System32\win32u.dll
0x00007ffdb7600000 - 0x00007ffdb7893000 	C:\WINDOWS\WinSxS\amd64_microsoft.windows.common-controls_6595b64144ccf1df_6.0.26100.6899_none_3e0efeeae32e88c1\COMCTL32.dll
0x00007ffdd2a80000 - 0x00007ffdd2aab000 	C:\WINDOWS\System32\GDI32.dll
0x00007ffdd2340000 - 0x00007ffdd23e9000 	C:\WINDOWS\System32\msvcrt.dll
0x00007ffdd16d0000 - 0x00007ffdd17fd000 	C:\WINDOWS\System32\gdi32full.dll
0x00007ffdd1800000 - 0x00007ffdd18a3000 	C:\WINDOWS\System32\msvcp_win.dll
0x00007ffdd2510000 - 0x00007ffdd253f000 	C:\WINDOWS\System32\IMM32.DLL
0x00007ffdbb700000 - 0x00007ffdbb70c000 	C:\Users\Glymin Terra Selasi\AppData\Roaming\Trae\User\globalStorage\pleiades.java-extension-pack-jdk\java\21\bin\vcruntime140_1.dll
0x00007ffd5dbe0000 - 0x00007ffd5dc6d000 	C:\Users\Glymin Terra Selasi\AppData\Roaming\Trae\User\globalStorage\pleiades.java-extension-pack-jdk\java\21\bin\msvcp140.dll
0x00007ffd02c60000 - 0x00007ffd03a00000 	C:\Users\Glymin Terra Selasi\AppData\Roaming\Trae\User\globalStorage\pleiades.java-extension-pack-jdk\java\21\bin\server\jvm.dll
0x00007ffdd3150000 - 0x00007ffdd3204000 	C:\WINDOWS\System32\ADVAPI32.dll
0x00007ffdd3430000 - 0x00007ffdd34d6000 	C:\WINDOWS\System32\sechost.dll
0x00007ffdd23f0000 - 0x00007ffdd2508000 	C:\WINDOWS\System32\RPCRT4.dll
0x00007ffdd3d60000 - 0x00007ffdd3dd4000 	C:\WINDOWS\System32\WS2_32.dll
0x00007ffdd0e10000 - 0x00007ffdd0e6e000 	C:\WINDOWS\SYSTEM32\POWRPROF.dll
0x00007ffdc95f0000 - 0x00007ffdc9625000 	C:\WINDOWS\SYSTEM32\WINMM.dll
0x00007ffdc1250000 - 0x00007ffdc125b000 	C:\WINDOWS\SYSTEM32\VERSION.dll
0x00007ffdd0df0000 - 0x00007ffdd0e04000 	C:\WINDOWS\SYSTEM32\UMPDC.dll
0x00007ffdcfd80000 - 0x00007ffdcfd9b000 	C:\WINDOWS\SYSTEM32\kernel.appcore.dll
0x00007ffdba770000 - 0x00007ffdba77a000 	C:\Users\Glymin Terra Selasi\AppData\Roaming\Trae\User\globalStorage\pleiades.java-extension-pack-jdk\java\21\bin\jimage.dll
0x00007ffdce7d0000 - 0x00007ffdcea12000 	C:\WINDOWS\SYSTEM32\DBGHELP.DLL
0x00007ffdd2c80000 - 0x00007ffdd2ffb000 	C:\WINDOWS\System32\combase.dll
0x00007ffdd3010000 - 0x00007ffdd30e7000 	C:\WINDOWS\System32\OLEAUT32.dll
0x00007ffd9a130000 - 0x00007ffd9a16c000 	C:\WINDOWS\SYSTEM32\dbgcore.DLL
0x00007ffdd1a90000 - 0x00007ffdd1b28000 	C:\WINDOWS\System32\bcryptPrimitives.dll
0x00007ffd97a20000 - 0x00007ffd97a40000 	C:\Users\Glymin Terra Selasi\AppData\Roaming\Trae\User\globalStorage\pleiades.java-extension-pack-jdk\java\21\bin\java.dll
0x00007ffdd1bf0000 - 0x00007ffdd233d000 	C:\WINDOWS\System32\SHELL32.dll
0x00007ffdd1560000 - 0x00007ffdd16cb000 	C:\WINDOWS\System32\wintypes.dll
0x00007ffdcebd0000 - 0x00007ffdcf42d000 	C:\WINDOWS\SYSTEM32\windows.storage.dll
0x00007ffdd3750000 - 0x00007ffdd3842000 	C:\WINDOWS\System32\SHCORE.dll
0x00007ffdd34f0000 - 0x00007ffdd3552000 	C:\WINDOWS\System32\shlwapi.dll
0x00007ffdd0ed0000 - 0x00007ffdd0ef9000 	C:\WINDOWS\SYSTEM32\profapi.dll
0x00007ffdba730000 - 0x00007ffdba740000 	C:\Users\Glymin Terra Selasi\AppData\Roaming\Trae\User\globalStorage\pleiades.java-extension-pack-jdk\java\21\bin\net.dll
0x00007ffdc3530000 - 0x00007ffdc364f000 	C:\WINDOWS\SYSTEM32\WINHTTP.dll
0x00007ffdd02f0000 - 0x00007ffdd035b000 	C:\WINDOWS\system32\mswsock.dll
0x00007ffd97a00000 - 0x00007ffd97a16000 	C:\Users\Glymin Terra Selasi\AppData\Roaming\Trae\User\globalStorage\pleiades.java-extension-pack-jdk\java\21\bin\nio.dll
0x00007ffd979e0000 - 0x00007ffd979f8000 	C:\Users\Glymin Terra Selasi\AppData\Roaming\Trae\User\globalStorage\pleiades.java-extension-pack-jdk\java\21\bin\zip.dll
0x00007ffdbb750000 - 0x00007ffdbb75a000 	C:\Users\Glymin Terra Selasi\AppData\Roaming\Trae\User\globalStorage\pleiades.java-extension-pack-jdk\java\21\bin\management.dll
0x00007ffdbb450000 - 0x00007ffdbb45c000 	C:\Users\Glymin Terra Selasi\AppData\Roaming\Trae\User\globalStorage\pleiades.java-extension-pack-jdk\java\21\bin\management_ext.dll
0x00007ffdd3000000 - 0x00007ffdd3008000 	C:\WINDOWS\System32\PSAPI.DLL
0x00007ffdcba90000 - 0x00007ffdcba9e000 	C:\Users\Glymin Terra Selasi\AppData\Roaming\Trae\User\globalStorage\pleiades.java-extension-pack-jdk\java\21\bin\sunmscapi.dll
0x00007ffdd13e0000 - 0x00007ffdd1557000 	C:\WINDOWS\System32\CRYPT32.dll
0x00007ffdd07c0000 - 0x00007ffdd07f0000 	C:\WINDOWS\SYSTEM32\ncrypt.dll
0x00007ffdd0770000 - 0x00007ffdd07af000 	C:\WINDOWS\SYSTEM32\NTASN1.dll
0x00007ffdd05a0000 - 0x00007ffdd05bb000 	C:\WINDOWS\SYSTEM32\CRYPTSP.dll
0x00007ffdcfce0000 - 0x00007ffdcfd1b000 	C:\WINDOWS\system32\rsaenh.dll
0x00007ffdd0390000 - 0x00007ffdd03bb000 	C:\WINDOWS\SYSTEM32\USERENV.dll
0x00007ffdd0ea0000 - 0x00007ffdd0ec6000 	C:\WINDOWS\SYSTEM32\bcrypt.dll
0x00007ffdd05c0000 - 0x00007ffdd05cc000 	C:\WINDOWS\SYSTEM32\CRYPTBASE.dll
0x00007ffdcf760000 - 0x00007ffdcf794000 	C:\WINDOWS\SYSTEM32\IPHLPAPI.DLL
0x00007ffdd34e0000 - 0x00007ffdd34ea000 	C:\WINDOWS\System32\NSI.dll
0x00007ffdbb440000 - 0x00007ffdbb449000 	C:\Users\Glymin Terra Selasi\AppData\Roaming\Trae\User\globalStorage\pleiades.java-extension-pack-jdk\java\21\bin\extnet.dll
0x00007ffdcb9f0000 - 0x00007ffdcb9f8000 	C:\WINDOWS\system32\wshunix.dll
0x00007ffdbb760000 - 0x00007ffdbb770000 	C:\Users\Glymin Terra Selasi\AppData\Roaming\Trae\User\globalStorage\pleiades.java-extension-pack-jdk\java\21\bin\verify.dll
0x00007ffdcf7a0000 - 0x00007ffdcf8c6000 	C:\WINDOWS\SYSTEM32\DNSAPI.dll
0x00007ffdc1900000 - 0x00007ffdc190b000 	C:\Windows\System32\rasadhlp.dll
0x00007ffdcb4d0000 - 0x00007ffdcb556000 	C:\WINDOWS\System32\fwpuclnt.dll

JVMTI agents: none

dbghelp: loaded successfully - version: 4.0.5 - missing functions: none
symbol engine: initialized successfully - sym options: 0x614 - pdb path: .;C:\Users\Glymin Terra Selasi\AppData\Roaming\Trae\User\globalStorage\pleiades.java-extension-pack-jdk\java\21\bin;C:\WINDOWS\SYSTEM32;C:\WINDOWS\WinSxS\amd64_microsoft.windows.common-controls_6595b64144ccf1df_6.0.26100.6899_none_3e0efeeae32e88c1;C:\Users\Glymin Terra Selasi\AppData\Roaming\Trae\User\globalStorage\pleiades.java-extension-pack-jdk\java\21\bin\server

VM Arguments:
jvm_args: -Dstdout.encoding=UTF-8 -Dstderr.encoding=UTF-8 -XX:TieredStopAtLevel=1 
java_command: com.mit.ticket_mgt_app.TicketMgtAppApplication
java_class_path (initial): C:\Users\Glymin Terra Selasi\tickets_main\ticket_mgt\target\classes;C:\Users\Glymin Terra Selasi\.m2\repository\ch\qos\logback\logback-classic\1.4.14\logback-classic-1.4.14.jar;C:\Users\Glymin Terra Selasi\.m2\repository\ch\qos\logback\logback-core\1.4.14\logback-core-1.4.14.jar;C:\Users\Glymin Terra Selasi\.m2\repository\org\apache\logging\log4j\log4j-to-slf4j\2.21.1\log4j-to-slf4j-2.21.1.jar;C:\Users\Glymin Terra Selasi\.m2\repository\org\apache\logging\log4j\log4j-api\2.21.1\log4j-api-2.21.1.jar;C:\Users\Glymin Terra Selasi\.m2\repository\org\slf4j\jul-to-slf4j\2.0.11\jul-to-slf4j-2.0.11.jar;C:\Users\Glymin Terra Selasi\.m2\repository\jakarta\annotation\jakarta.annotation-api\2.1.1\jakarta.annotation-api-2.1.1.jar;C:\Users\Glymin Terra Selasi\.m2\repository\org\yaml\snakeyaml\2.2\snakeyaml-2.2.jar;C:\Users\Glymin Terra Selasi\.m2\repository\org\apache\tomcat\embed\tomcat-embed-websocket\10.1.18\tomcat-embed-websocket-10.1.18.jar;C:\Users\Glymin Terra Selasi\.m2\repository\org\springframework\spring-web\6.1.3\spring-web-6.1.3.jar;C:\Users\Glymin Terra Selasi\.m2\repository\org\springframework\spring-beans\6.1.3\spring-beans-6.1.3.jar;C:\Users\Glymin Terra Selasi\.m2\repository\io\micrometer\micrometer-observation\1.12.2\micrometer-observation-1.12.2.jar;C:\Users\Glymin Terra Selasi\.m2\repository\io\micrometer\micrometer-commons\1.12.2\micrometer-commons-1.12.2.jar;C:\Users\Glymin Terra Selasi\.m2\repository\org\springframework\spring-webmvc\6.1.3\spring-webmvc-6.1.3.jar;C:\Users\Glymin Terra Selasi\.m2\repository\org\springframework\spring-aop\6.1.3\spring-aop-6.1.3.jar;C:\Users\Glymin Terra Selasi\.m2\repository\org\springframework\spring-context\6.1.3\spring-context-6.1.3.jar;C:\Users\Glymin Terra Selasi\.m2\repository\org\springframework\spring-expression\6.1.3\spring-expression-6.1.3.jar;C:\Users\Glymin Terra Selasi\.m2\repository\jakarta\activation\jakarta.activation-api\2.1.2\jakarta.activation-api-2.1.2.jar;C:\Users\Glymin Terra Selasi\.m2\repository\org\springframework\spring-core\6.1.3\spring-core-6.1.3.jar;C:\Users\Glymin Terra Selasi\.m2\repository\org\springframework\spring-jcl\6.1.3\spring-jcl-6.1.3.jar;C:\Users\Glymin Terra Selasi\.m2\repository\org\springframework\boot\spring-boot-devtools\3.2.2\spring-boot-devtools-3.2.2.jar;C:\Users\Glymin Terra Selasi\.m2\repository\org\springframework\boot\spring-boot\3.2.2\spring-boot-3.2.2.jar;C:\Users\Glymin Terra Selasi\.m2\repository\org\springframework\boot\spring-boot-autoconfigure\3.2.2\spring-boot-autoconfigure-3.2.2.jar;C:\Users\Glymin Terra Selasi\.m2\repository\com\fasterxml\jackson\datatype\jackson-datatype-jdk8\2.15.3\jackson-datatype-jdk8-2.15.3.jar;C:\Users\Glymin Terra Selasi\.m2\repository\com\fasterxml\jackson\datatype\jackson-datatype-jsr310\2.15.3\jackson-datatype-jsr310-2.15.3.jar;C:\Users\Glymin Terra Selasi\.m2\repository\com\fasterxml\jackson\module\jackson-module-parameter-names\2.15.3\jackson-module-parameter-names-2.15.3.jar;C:\Users\Glymin Terra Selasi\.m2\repository\com\fasterxml\jackson\core\jackson-databind\2.15.3\jackson-databind-2.15.3.jar;C:\Users\Glymin Terra Selasi\.m2\repository\com\fasterxml\jackson\core\jackson-annotations\2.15.3\jackson-annotations-2.15.3.jar;C:\Users\Glymin Terra Selasi\.m2\repository\com\fasterxml\jackson\core\jackson-core\2.15.3\jackson-core-2.15.3.jar;C:\Users\Glymin Terra Selasi\.m2\repository\jakarta\servlet\jsp\jstl\jakarta.servlet.jsp.jstl-api\3.0.0\jakarta.servlet.jsp.jstl-api-3.0.0.jar;C:\Users\Glymin Terra Selasi\.m2\repository\jakarta\servlet\jakarta.servlet-api\6.0.0\jakarta.servlet-api-6.0.0.jar;C:\Users\Glymin Terra Selasi\.m2\repository\jakarta\el\jakarta.el-api\5.0.0\jakarta.el-api-5.0.0.jar;C:\Users\Glymin Terra Selasi\.m2\repository\org\glassfish\web\jakarta.servlet.jsp.jstl\3.0.1\jakarta.servlet.jsp.jstl-3.0.1.jar;C:\Users\Glymin Terra Selasi\.m2\repository\org\apache\tomcat\embed\tomcat-embed-jasper\10.1.18\tomcat-embed-jasper-10.1.18.jar;C:\Users\Glymin Terra Selasi\.m2\repository\org\apache\tomcat\embed\tomcat-embed-core\10.1.18\tomcat-embed-core-10.1.18.jar;C:\Users\Glymin Terra Selasi\.m2\repository\org\apache\tomcat\tomcat-annotations-api\10.1.18\tomcat-annotations-api-10.1.18.jar;C:\Users\Glymin Terra Selasi\.m2\repository\org\apache\tomcat\embed\tomcat-embed-el\10.1.18\tomcat-embed-el-10.1.18.jar;C:\Users\Glymin Terra Selasi\.m2\repository\org\eclipse\jdt\ecj\3.33.0\ecj-3.33.0.jar;C:\Users\Glymin Terra Selasi\.m2\repository\org\codehaus\jettison\jettison\1.5.4\jettison-1.5.4.jar;C:\Users\Glymin Terra Selasi\.m2\repository\com\sun\jersey\jersey-client\1.19.4\jersey-client-1.19.4.jar;C:\Users\Glymin Terra Selasi\.m2\repository\com\sun\jersey\jersey-core\1.19.4\jersey-core-1.19.4.jar;C:\Users\Glymin Terra Selasi\.m2\repository\javax\ws\rs\jsr311-api\1.1.1\jsr311-api-1.1.1.jar;C:\Users\Glymin Terra Selasi\.m2\repository\org\apache\httpcomponents\httpclient\4.5.13\httpclient-4.5.13.jar;C:\Users\Glymin Terra Selasi\.m2\repository\org\apache\httpcomponents\httpcore\4.4.16\httpcore-4.4.16.jar;C:\Users\Glymin Terra Selasi\.m2\repository\commons-logging\commons-logging\1.2\commons-logging-1.2.jar;C:\Users\Glymin Terra Selasi\.m2\repository\commons-codec\commons-codec\1.16.0\commons-codec-1.16.0.jar;C:\Users\Glymin Terra Selasi\.m2\repository\org\apache\httpcomponents\httpmime\4.5.13\httpmime-4.5.13.jar;C:\Users\Glymin Terra Selasi\.m2\repository\com\google\code\gson\gson\2.10.1\gson-2.10.1.jar;C:\Users\Glymin Terra Selasi\.m2\repository\com\vividsolutions\jts-core\1.14.0\jts-core-1.14.0.jar;C:\Users\Glymin Terra Selasi\.m2\repository\com\vividsolutions\jts-io\1.14.0\jts-io-1.14.0.jar;C:\Users\Glymin Terra Selasi\.m2\repository\com\googlecode\json-simple\json-simple\1.1\json-simple-1.1.jar;C:\Users\Glymin Terra Selasi\.m2\repository\org\slf4j\slf4j-api\2.0.7\slf4j-api-2.0.7.jar;C:\Users\Glymin Terra Selasi\.m2\repository\io\github\cdimascio\dotenv-java\3.0.0\dotenv-java-3.0.0.jar;C:\Users\Glymin Terra Selasi\.m2\repository\org\springframework\spring-context-support\6.1.3\spring-context-support-6.1.3.jar;C:\Users\Glymin Terra Selasi\.m2\repository\org\eclipse\angus\jakarta.mail\2.0.2\jakarta.mail-2.0.2.jar;C:\Users\Glymin Terra Selasi\.m2\repository\org\eclipse\angus\angus-activation\2.0.1\angus-activation-2.0.1.jar;C:\Users\Glymin Terra Selasi\.m2\repository\com\zaxxer\HikariCP\5.0.1\HikariCP-5.0.1.jar;C:\Users\Glymin Terra Selasi\.m2\repository\org\springframework\spring-jdbc\6.1.3\spring-jdbc-6.1.3.jar;C:\Users\Glymin Terra Selasi\.m2\repository\org\springframework\spring-tx\6.1.3\spring-tx-6.1.3.jar;C:\Users\Glymin Terra Selasi\.m2\repository\com\h2database\h2\2.2.224\h2-2.2.224.jar
Launcher Type: SUN_STANDARD

[Global flags]
     intx CICompilerCount                          = 4                                         {product} {ergonomic}
     uint ConcGCThreads                            = 2                                         {product} {ergonomic}
     uint G1ConcRefinementThreads                  = 8                                         {product} {ergonomic}
   size_t G1HeapRegionSize                         = 1048576                                   {product} {ergonomic}
    uintx GCDrainStackTargetSize                   = 64                                        {product} {ergonomic}
   size_t InitialHeapSize                          = 130023424                                 {product} {ergonomic}
   size_t MarkStackSize                            = 4194304                                   {product} {ergonomic}
   size_t MaxHeapSize                              = 2080374784                                {product} {ergonomic}
   size_t MaxNewSize                               = 1247805440                                {product} {ergonomic}
   size_t MinHeapDeltaBytes                        = 1048576                                   {product} {ergonomic}
   size_t MinHeapSize                              = 8388608                                   {product} {ergonomic}
    uintx NonNMethodCodeHeapSize                   = 4096                                   {pd product} {ergonomic}
    uintx NonProfiledCodeHeapSize                  = 0                                      {pd product} {ergonomic}
     bool ProfileInterpreter                       = false                                  {pd product} {command line}
    uintx ProfiledCodeHeapSize                     = 0                                      {pd product} {ergonomic}
   size_t SoftMaxHeapSize                          = 2080374784                             {manageable} {ergonomic}
     intx TieredStopAtLevel                        = 1                                         {product} {command line}
     bool UseCompressedOops                        = true                           {product lp64_product} {ergonomic}
     bool UseG1GC                                  = true                                      {product} {ergonomic}
     bool UseLargePagesIndividualAllocation        = false                                  {pd product} {ergonomic}

Logging:
Log output configuration:
 #0: stdout all=warning uptime,level,tags foldmultilines=false
 #1: stderr all=off uptime,level,tags foldmultilines=false

Release file:
IMPLEMENTOR="Eclipse Adoptium" 
IMPLEMENTOR_VERSION="Temurin-21.0.10+7" 
JAVA_RUNTIME_VERSION="21.0.10+7-LTS" 
JAVA_VERSION="21.0.10" 
JAVA_VERSION_DATE="2026-01-20" 
LIBC="default" 
MODULES="java.base java.compiler java.datatransfer java.xml java.prefs java.desktop java.instrument java.logging java.management java.security.sasl java.naming java.rmi java.management.rmi java.net.http java.scripting java.security.jgss java.transaction.xa java.sql java.sql.rowset java.xml.crypto java.se java.smartcardio jdk.accessibility jdk.internal.jvmstat jdk.attach jdk.charsets jdk.internal.opt jdk.zipfs jdk.compiler jdk.crypto.ec jdk.crypto.cryptoki jdk.crypto.mscapi jdk.dynalink jdk.internal.ed jdk.editpad jdk.hotspot.agent jdk.httpserver jdk.incubator.vector jdk.internal.le jdk.internal.vm.ci jdk.internal.vm.compiler jdk.internal.vm.compiler.management jdk.jartool jdk.javadoc jdk.jcmd jdk.management jdk.management.agent jdk.jconsole jdk.jdeps jdk.jdwp.agent jdk.jdi jdk.jfr jdk.jlink jdk.jpackage jdk.jshell jdk.jsobject jdk.jstatd jdk.localedata jdk.management.jfr jdk.naming.dns jdk.naming.rmi jdk.net jdk.nio.mapmode jdk.random jdk.sctp jdk.security.auth jdk.security.jgss jdk.unsupported jdk.unsupported.desktop jdk.xml.dom" 
OS_ARCH="x86_64" 
OS_NAME="Windows" 
SOURCE=".:git:a633eafe0fcc" 
BUILD_SOURCE="git:458965074606f027bd5afce2cfd5c1055dea0438"
BUILD_SOURCE_REPO="https://github.com/adoptium/temurin-build.git"
SOURCE_REPO="https://github.com/adoptium/jdk21u.git"
FULL_VERSION="21.0.10+7-LTS"
SEMANTIC_VERSION="21.0.10+7"
BUILD_INFO="OS: Windows Server 2022 Version: 10.0"
JVM_VARIANT="Hotspot"
JVM_VERSION="21.0.10+7-LTS"
IMAGE_TYPE="JDK"

Environment Variables:
JAVA_HOME=C:\Users\Glymin Terra Selasi\AppData\Roaming\Trae\User\globalStorage\pleiades.java-extension-pack-jdk\java\21
JAVA_TOOL_OPTIONS=-Dstdout.encoding=UTF-8 -Dstderr.encoding=UTF-8
PATH=C:\Users\Glymin Terra Selasi\AppData\Roaming\Trae\User\globalStorage\pleiades.java-extension-pack-jdk\gradle\latest\bin;C:\Users\Glymin Terra Selasi\AppData\Roaming\Trae\User\globalStorage\pleiades.java-extension-pack-jdk\maven\latest\bin;C:\Users\Glymin Terra Selasi\AppData\Roaming\Trae\User\globalStorage\pleiades.java-extension-pack-jdk\java\21\bin;C:\Python312\Scripts\;C:\Python312\;C:\WINDOWS\system32;C:\WINDOWS;C:\WINDOWS\System32\Wbem;C:\WINDOWS\System32\WindowsPowerShell\v1.0\;C:\WINDOWS\System32\OpenSSH\;C:\Program Files\dotnet\;C:\ProgramData\chocolatey\bin;C:\Program Files (x86)\Microsoft SQL Server\160\Tools\Binn\;C:\Program Files\Microsoft SQL Server\160\Tools\Binn\;C:\Program Files\Microsoft SQL Server\Client SDK\ODBC\170\Tools\Binn\;C:\Program Files\Microsoft SQL Server\160\DTS\Binn\;C:\Program Files\php-8.3.12;C:\Program Files\php-8.3.12\php;C:\xampp\php;C:\Users\Glymin Terra Selasi\AppData\Local\Yarn\bin;C:\Program Files\PostgreSQL\15\bin;C:\Program Files\Git\cmd;C:\Program Files\jdk-23.0.1\bin;C:\Program Files\PostgreSQL\12\bin;C:\Program Files (x86)\cloudflared\;C:\Windows\System32;C:\composer;C:\Users\Glymin Terra Selasi\AppData\Roaming\npm;C:\Users\Glymin Terra Selasi\AppData\Roaming\nvm;C:\Program Files\nodejs;C:\xampp\mysql\bin;C:\Program Files\apache-maven-3.9.11\bin;C:\Python312\Scripts\;C:\Python312\;C:\WINDOWS\system32;C:\WINDOWS;C:\WINDOWS\System32\Wbem;C:\WINDOWS\System32\WindowsPowerShell\v1.0\;C:\WINDOWS\System32\OpenSSH\;C:\Program Files\dotnet\;C:\ProgramData\chocolatey\bin;C:\Program Files (x86)\Microsoft SQL Server\160\Tools\Binn\;C:\Program Files\Microsoft SQL Server\160\Tools\Binn\;C:\Program Files\Microsoft SQL Server\Client SDK\ODBC\170\Tools\Binn\;C:\Program Files\Microsoft SQL Server\160\DTS\Binn\;C:\Program Files (x86)\Microsoft SQL Server\160\DTS\Binn\;C:\Program Files\php-8.3.12;C:\Program Files\php-8.3.12\php;C:\xampp\php;C:\Users\Glymin Terra Selasi\AppData\Local\Yarn\bin;C:\Program Files\PostgreSQL\15\bin;C:\Program Files\Git\cmd;C:\Program Files\jdk-23.0.1\bin;C:\Program Files\PostgreSQL\12\bin;C:\Program Files (x86)\cloudflared\;C:\Windows\System32;C:\composer;C:\Users\Glymin Terra Selasi\AppData\Local\Microsoft\WindowsApps;C:\Users\Glymin Terra Selasi\AppData\Local\Programs\Microsoft VS Code\bin;C:\Users\Glymin Terra Sela;C:\Users\Glymin Terra Selasi\AppData\Roaming\npm;C:\Users\Glymin Terra Selasi\AppData\Roaming\nvm;C:\Program Files\nodejs;C:\Users\Glymin Terra Selasi\AppData\Local\Microsoft\WindowsApps;C:\Users\Glymin Terra Selasi\AppData\Local\Programs\Antigravity\bin;c:\Users\Glymin Terra Selasi\.trae\extensions\vscjava.vscode-java-debug-0.58.5-universal\bundled\scripts\noConfigScripts
USERNAME=Glymin Terra Selasi
LANG=en_US.UTF-8
OS=Windows_NT
PROCESSOR_IDENTIFIER=Intel64 Family 6 Model 140 Stepping 1, GenuineIntel
TMP=C:\Users\GLYMIN~1\AppData\Local\Temp
TEMP=C:\Users\GLYMIN~1\AppData\Local\Temp




Periodic native trim disabled

---------------  S Y S T E M  ---------------

OS:
 Windows 11 , 64 bit Build 26100 (10.0.26100.6725)
OS uptime: 0 days 10:18 hours
Hyper-V role detected

CPU: total 8 (initial active 8) (4 cores per cpu, 2 threads per core) family 6 model 140 stepping 1 microcode 0xbe, cx8, cmov, fxsr, ht, mmx, 3dnowpref, sse, sse2, sse3, ssse3, sse4.1, sse4.2, popcnt, lzcnt, tsc, tscinvbit, avx, avx2, aes, erms, clmul, bmi1, bmi2, adx, avx512f, avx512dq, avx512cd, avx512bw, avx512vl, sha, fma, vzeroupper, avx512_vpopcntdq, avx512_vpclmulqdq, avx512_vaes, avx512_vnni, clflush, clflushopt, clwb, avx512_vbmi2, avx512_vbmi, hv, rdtscp, rdpid, fsrm, gfni, avx512_bitalg, f16c, cet_ibt, cet_ss, avx512_ifma
Processor Information for the first 8 processors :
  Max Mhz: 2419, Current Mhz: 2419, Mhz Limit: 2419

Memory: 4k page, system-wide physical 7934M (542M free)
TotalPageFile size 29130M (AvailPageFile size 28M)
current process WorkingSet (physical memory assigned to process): 73M, peak: 593M
current process commit charge ("private bytes"): 441M, peak: 1156M

vm_info: OpenJDK 64-Bit Server VM (21.0.9+10-LTS) for windows-amd64 JRE (21.0.9+10-LTS), built on 2025-10-21T00:00:00Z by "admin" with unknown MS VC++:1942

END.
